copying Registry/Registry.wrfchemvar to Registry/Registry
  
Will compile with CRTM library
  
  
Compiling with HDF5 libraries in:
/glade/u/apps/ch/modulefiles/default/intel/17.0.1/hdf5/1.8.18.lua
  
 
============================================================================================== 
 
V3.9.1    
 
Compiling: WRF_DA_CORE WRF_EM_CORE  
WRFIO_NCD_LARGE_FILE_SUPPORT=1
 
Linux cheyenne4 3.12.62-60.64.8-default #1 SMP Tue Oct 18 12:21:38 UTC 2016 (42e0a66) x86_64 x86_64 x86_64 GNU/Linux
 
GNU Fortran (GCC) 6.3.0
Copyright (C) 2016 Free Software Foundation, Inc.
This is free software; see the source for copying conditions.  There is NO
warranty; not even for MERCHANTABILITY or FITNESS FOR A PARTICULAR PURPOSE.

 
============================================================================================== 
 
setting parallel make -j 10
make -i -r MODULE_DIRS=" -I/gpfs/fs1/work/weisun/2019/github/WRFV4-myfork/external/esmf_time_f90  -I/gpfs/fs1/work/weisun/2019/github/WRFV4-myfork/main -I/gpfs/fs1/work/weisun/2019/github/WRFV4-myfork/external/io_netcdf -I/gpfs/fs1/work/weisun/2019/github/WRFV4-myfork/external/io_int -I/gpfs/fs1/work/weisun/2019/github/WRFV4-myfork/frame -I/gpfs/fs1/work/weisun/2019/github/WRFV4-myfork/share -I/gpfs/fs1/work/weisun/2019/github/WRFV4-myfork/phys -I/gpfs/fs1/work/weisun/2019/github/WRFV4-myfork/chem -I/gpfs/fs1/work/weisun/2019/github/WRFV4-myfork/inc -I/glade/u/apps/ch/opt/netcdf/4.6.1/gnu/6.3.0//include " ext
make[1]: Entering directory '/gpfs/fs1/work/weisun/2019/github/WRFV4-myfork'
--------------------------------------
( cd frame ; make -i -r externals )
make[2]: Entering directory '/gpfs/fs1/work/weisun/2019/github/WRFV4-myfork/frame'
( cd /gpfs/fs1/work/weisun/2019/github/WRFV4-myfork/external/esmf_time_f90 ; \
          make -j 10 FC="gfortran -fdefault-real-8  -w -ffree-form -ffree-line-length-none -fconvert=big-endian -frecord-marker=4 " RANLIB="ranlib" \
          CPP="/lib/cpp -P -nostdinc -I/gpfs/fs1/work/weisun/2019/github/WRFV4-myfork/inc -I. -DEM_CORE=1 -DNMM_CORE=0 -DNMM_MAX_DIM=2600 -DCOAMPS_CORE=0 -DDA_CORE=1 -DEXP_CORE=0 -DIWORDSIZE=4 -DDWORDSIZE=8 -DRWORDSIZE=8 -DLWORDSIZE=4 -DNONSTANDARD_SYSTEM_SUBR  -DWRF_USE_CLM -DBUFR   -DFFTPACK -DNORESHAPE -DDM_PARALLEL -DNETCDF -DCRTM -DHDF5 -DUSE_ALLOCATABLES -DGRIB1 -DINTIO -DKEEP_INT_AROUND -DLIMIT_ARGS -DCONFIG_BUF_LEN=65536 -DMAX_DOMAINS_F=21 -DMAX_HISTORY=25 -DNMM_NEST=0 -traditional-cpp" AR="ar" ARFLAGS="ru" )
make[3]: Entering directory '/gpfs/fs1/work/weisun/2019/github/WRFV4-myfork/external/esmf_time_f90'
/bin/rm -f ESMF_Base.o
/bin/rm -f ESMF_Fraction.o
sed -e "/\!.*'/s/'//g" ESMF_Base.F90 > ESMF_Base.b
sed -e "/\!.*'/s/'//g" ESMF_Fraction.F90 > ESMF_Fraction.b
/lib/cpp -P -nostdinc -I/gpfs/fs1/work/weisun/2019/github/WRFV4-myfork/inc -I. -DEM_CORE=1 -DNMM_CORE=0 -DNMM_MAX_DIM=2600 -DCOAMPS_CORE=0 -DDA_CORE=1 -DEXP_CORE=0 -DIWORDSIZE=4 -DDWORDSIZE=8 -DRWORDSIZE=8 -DLWORDSIZE=4 -DNONSTANDARD_SYSTEM_SUBR  -DWRF_USE_CLM -DBUFR   -DFFTPACK -DNORESHAPE -DDM_PARALLEL -DNETCDF -DCRTM -DHDF5 -DUSE_ALLOCATABLES -DGRIB1 -DINTIO -DKEEP_INT_AROUND -DLIMIT_ARGS -DCONFIG_BUF_LEN=65536 -DMAX_DOMAINS_F=21 -DMAX_HISTORY=25 -DNMM_NEST=0 -traditional-cpp -I. ESMF_Fraction.b > ESMF_Fraction.f
/lib/cpp -P -nostdinc -I/gpfs/fs1/work/weisun/2019/github/WRFV4-myfork/inc -I. -DEM_CORE=1 -DNMM_CORE=0 -DNMM_MAX_DIM=2600 -DCOAMPS_CORE=0 -DDA_CORE=1 -DEXP_CORE=0 -DIWORDSIZE=4 -DDWORDSIZE=8 -DRWORDSIZE=8 -DLWORDSIZE=4 -DNONSTANDARD_SYSTEM_SUBR  -DWRF_USE_CLM -DBUFR   -DFFTPACK -DNORESHAPE -DDM_PARALLEL -DNETCDF -DCRTM -DHDF5 -DUSE_ALLOCATABLES -DGRIB1 -DINTIO -DKEEP_INT_AROUND -DLIMIT_ARGS -DCONFIG_BUF_LEN=65536 -DMAX_DOMAINS_F=21 -DMAX_HISTORY=25 -DNMM_NEST=0 -traditional-cpp -I. ESMF_Base.b > ESMF_Base.f
/bin/rm -f ESMF_Fraction.b
/bin/rm -f ESMF_Base.b
gfortran -fdefault-real-8  -w -ffree-form -ffree-line-length-none -fconvert=big-endian -frecord-marker=4  -o ESMF_Fraction.o -c ESMF_Fraction.f
gfortran -fdefault-real-8  -w -ffree-form -ffree-line-length-none -fconvert=big-endian -frecord-marker=4  -o ESMF_Base.o -c ESMF_Base.f
/bin/rm -f ESMF_BaseTime.o
sed -e "/\!.*'/s/'//g" ESMF_BaseTime.F90 > ESMF_BaseTime.b
/lib/cpp -P -nostdinc -I/gpfs/fs1/work/weisun/2019/github/WRFV4-myfork/inc -I. -DEM_CORE=1 -DNMM_CORE=0 -DNMM_MAX_DIM=2600 -DCOAMPS_CORE=0 -DDA_CORE=1 -DEXP_CORE=0 -DIWORDSIZE=4 -DDWORDSIZE=8 -DRWORDSIZE=8 -DLWORDSIZE=4 -DNONSTANDARD_SYSTEM_SUBR  -DWRF_USE_CLM -DBUFR   -DFFTPACK -DNORESHAPE -DDM_PARALLEL -DNETCDF -DCRTM -DHDF5 -DUSE_ALLOCATABLES -DGRIB1 -DINTIO -DKEEP_INT_AROUND -DLIMIT_ARGS -DCONFIG_BUF_LEN=65536 -DMAX_DOMAINS_F=21 -DMAX_HISTORY=25 -DNMM_NEST=0 -traditional-cpp -I. ESMF_BaseTime.b > ESMF_BaseTime.f
/bin/rm -f ESMF_BaseTime.b
gfortran -fdefault-real-8  -w -ffree-form -ffree-line-length-none -fconvert=big-endian -frecord-marker=4  -o ESMF_BaseTime.o -c ESMF_BaseTime.f
/bin/rm -f ESMF_Calendar.o
sed -e "/\!.*'/s/'//g" ESMF_Calendar.F90 > ESMF_Calendar.b
/lib/cpp -P -nostdinc -I/gpfs/fs1/work/weisun/2019/github/WRFV4-myfork/inc -I. -DEM_CORE=1 -DNMM_CORE=0 -DNMM_MAX_DIM=2600 -DCOAMPS_CORE=0 -DDA_CORE=1 -DEXP_CORE=0 -DIWORDSIZE=4 -DDWORDSIZE=8 -DRWORDSIZE=8 -DLWORDSIZE=4 -DNONSTANDARD_SYSTEM_SUBR  -DWRF_USE_CLM -DBUFR   -DFFTPACK -DNORESHAPE -DDM_PARALLEL -DNETCDF -DCRTM -DHDF5 -DUSE_ALLOCATABLES -DGRIB1 -DINTIO -DKEEP_INT_AROUND -DLIMIT_ARGS -DCONFIG_BUF_LEN=65536 -DMAX_DOMAINS_F=21 -DMAX_HISTORY=25 -DNMM_NEST=0 -traditional-cpp -I. ESMF_Calendar.b > ESMF_Calendar.f
/bin/rm -f ESMF_Calendar.b
gfortran -fdefault-real-8  -w -ffree-form -ffree-line-length-none -fconvert=big-endian -frecord-marker=4  -o ESMF_Calendar.o -c ESMF_Calendar.f
/bin/rm -f ESMF_TimeInterval.o
/bin/rm -f ESMF_Stubs.o
sed -e "/\!.*'/s/'//g" ESMF_TimeInterval.F90 > ESMF_TimeInterval.b
sed -e "/\!.*'/s/'//g" ESMF_Stubs.F90 > ESMF_Stubs.b
/lib/cpp -P -nostdinc -I/gpfs/fs1/work/weisun/2019/github/WRFV4-myfork/inc -I. -DEM_CORE=1 -DNMM_CORE=0 -DNMM_MAX_DIM=2600 -DCOAMPS_CORE=0 -DDA_CORE=1 -DEXP_CORE=0 -DIWORDSIZE=4 -DDWORDSIZE=8 -DRWORDSIZE=8 -DLWORDSIZE=4 -DNONSTANDARD_SYSTEM_SUBR  -DWRF_USE_CLM -DBUFR   -DFFTPACK -DNORESHAPE -DDM_PARALLEL -DNETCDF -DCRTM -DHDF5 -DUSE_ALLOCATABLES -DGRIB1 -DINTIO -DKEEP_INT_AROUND -DLIMIT_ARGS -DCONFIG_BUF_LEN=65536 -DMAX_DOMAINS_F=21 -DMAX_HISTORY=25 -DNMM_NEST=0 -traditional-cpp -I. ESMF_Stubs.b > ESMF_Stubs.f
/lib/cpp -P -nostdinc -I/gpfs/fs1/work/weisun/2019/github/WRFV4-myfork/inc -I. -DEM_CORE=1 -DNMM_CORE=0 -DNMM_MAX_DIM=2600 -DCOAMPS_CORE=0 -DDA_CORE=1 -DEXP_CORE=0 -DIWORDSIZE=4 -DDWORDSIZE=8 -DRWORDSIZE=8 -DLWORDSIZE=4 -DNONSTANDARD_SYSTEM_SUBR  -DWRF_USE_CLM -DBUFR   -DFFTPACK -DNORESHAPE -DDM_PARALLEL -DNETCDF -DCRTM -DHDF5 -DUSE_ALLOCATABLES -DGRIB1 -DINTIO -DKEEP_INT_AROUND -DLIMIT_ARGS -DCONFIG_BUF_LEN=65536 -DMAX_DOMAINS_F=21 -DMAX_HISTORY=25 -DNMM_NEST=0 -traditional-cpp -I. ESMF_TimeInterval.b > ESMF_TimeInterval.f
/bin/rm -f ESMF_Stubs.b
/bin/rm -f ESMF_TimeInterval.b
gfortran -fdefault-real-8  -w -ffree-form -ffree-line-length-none -fconvert=big-endian -frecord-marker=4  -o ESMF_Stubs.o -c ESMF_Stubs.f
gfortran -fdefault-real-8  -w -ffree-form -ffree-line-length-none -fconvert=big-endian -frecord-marker=4  -o ESMF_TimeInterval.o -c ESMF_TimeInterval.f
/bin/rm -f ESMF_Time.o
sed -e "/\!.*'/s/'//g" ESMF_Time.F90 > ESMF_Time.b
/lib/cpp -P -nostdinc -I/gpfs/fs1/work/weisun/2019/github/WRFV4-myfork/inc -I. -DEM_CORE=1 -DNMM_CORE=0 -DNMM_MAX_DIM=2600 -DCOAMPS_CORE=0 -DDA_CORE=1 -DEXP_CORE=0 -DIWORDSIZE=4 -DDWORDSIZE=8 -DRWORDSIZE=8 -DLWORDSIZE=4 -DNONSTANDARD_SYSTEM_SUBR  -DWRF_USE_CLM -DBUFR   -DFFTPACK -DNORESHAPE -DDM_PARALLEL -DNETCDF -DCRTM -DHDF5 -DUSE_ALLOCATABLES -DGRIB1 -DINTIO -DKEEP_INT_AROUND -DLIMIT_ARGS -DCONFIG_BUF_LEN=65536 -DMAX_DOMAINS_F=21 -DMAX_HISTORY=25 -DNMM_NEST=0 -traditional-cpp -I. ESMF_Time.b > ESMF_Time.f
/bin/rm -f ESMF_Time.b
gfortran -fdefault-real-8  -w -ffree-form -ffree-line-length-none -fconvert=big-endian -frecord-marker=4  -o ESMF_Time.o -c ESMF_Time.f
/bin/rm -f ESMF_Alarm.o
sed -e "/\!.*'/s/'//g" ESMF_Alarm.F90 > ESMF_Alarm.b
/lib/cpp -P -nostdinc -I/gpfs/fs1/work/weisun/2019/github/WRFV4-myfork/inc -I. -DEM_CORE=1 -DNMM_CORE=0 -DNMM_MAX_DIM=2600 -DCOAMPS_CORE=0 -DDA_CORE=1 -DEXP_CORE=0 -DIWORDSIZE=4 -DDWORDSIZE=8 -DRWORDSIZE=8 -DLWORDSIZE=4 -DNONSTANDARD_SYSTEM_SUBR  -DWRF_USE_CLM -DBUFR   -DFFTPACK -DNORESHAPE -DDM_PARALLEL -DNETCDF -DCRTM -DHDF5 -DUSE_ALLOCATABLES -DGRIB1 -DINTIO -DKEEP_INT_AROUND -DLIMIT_ARGS -DCONFIG_BUF_LEN=65536 -DMAX_DOMAINS_F=21 -DMAX_HISTORY=25 -DNMM_NEST=0 -traditional-cpp -I. ESMF_Alarm.b > ESMF_Alarm.f
/bin/rm -f ESMF_Alarm.b
gfortran -fdefault-real-8  -w -ffree-form -ffree-line-length-none -fconvert=big-endian -frecord-marker=4  -o ESMF_Alarm.o -c ESMF_Alarm.f
/bin/rm -f ESMF_Clock.o
sed -e "/\!.*'/s/'//g" ESMF_Clock.F90 > ESMF_Clock.b
/lib/cpp -P -nostdinc -I/gpfs/fs1/work/weisun/2019/github/WRFV4-myfork/inc -I. -DEM_CORE=1 -DNMM_CORE=0 -DNMM_MAX_DIM=2600 -DCOAMPS_CORE=0 -DDA_CORE=1 -DEXP_CORE=0 -DIWORDSIZE=4 -DDWORDSIZE=8 -DRWORDSIZE=8 -DLWORDSIZE=4 -DNONSTANDARD_SYSTEM_SUBR  -DWRF_USE_CLM -DBUFR   -DFFTPACK -DNORESHAPE -DDM_PARALLEL -DNETCDF -DCRTM -DHDF5 -DUSE_ALLOCATABLES -DGRIB1 -DINTIO -DKEEP_INT_AROUND -DLIMIT_ARGS -DCONFIG_BUF_LEN=65536 -DMAX_DOMAINS_F=21 -DMAX_HISTORY=25 -DNMM_NEST=0 -traditional-cpp -I. ESMF_Clock.b > ESMF_Clock.f
/bin/rm -f ESMF_Clock.b
gfortran -fdefault-real-8  -w -ffree-form -ffree-line-length-none -fconvert=big-endian -frecord-marker=4  -o ESMF_Clock.o -c ESMF_Clock.f
/bin/rm -f Meat.o
/bin/rm -f ESMF_AlarmClock.o
sed -e "/\!.*'/s/'//g" Meat.F90 > Meat.b
sed -e "/\!.*'/s/'//g" ESMF_AlarmClock.F90 > ESMF_AlarmClock.b
/lib/cpp -P -nostdinc -I/gpfs/fs1/work/weisun/2019/github/WRFV4-myfork/inc -I. -DEM_CORE=1 -DNMM_CORE=0 -DNMM_MAX_DIM=2600 -DCOAMPS_CORE=0 -DDA_CORE=1 -DEXP_CORE=0 -DIWORDSIZE=4 -DDWORDSIZE=8 -DRWORDSIZE=8 -DLWORDSIZE=4 -DNONSTANDARD_SYSTEM_SUBR  -DWRF_USE_CLM -DBUFR   -DFFTPACK -DNORESHAPE -DDM_PARALLEL -DNETCDF -DCRTM -DHDF5 -DUSE_ALLOCATABLES -DGRIB1 -DINTIO -DKEEP_INT_AROUND -DLIMIT_ARGS -DCONFIG_BUF_LEN=65536 -DMAX_DOMAINS_F=21 -DMAX_HISTORY=25 -DNMM_NEST=0 -traditional-cpp -I. ESMF_AlarmClock.b > ESMF_AlarmClock.f
/lib/cpp -P -nostdinc -I/gpfs/fs1/work/weisun/2019/github/WRFV4-myfork/inc -I. -DEM_CORE=1 -DNMM_CORE=0 -DNMM_MAX_DIM=2600 -DCOAMPS_CORE=0 -DDA_CORE=1 -DEXP_CORE=0 -DIWORDSIZE=4 -DDWORDSIZE=8 -DRWORDSIZE=8 -DLWORDSIZE=4 -DNONSTANDARD_SYSTEM_SUBR  -DWRF_USE_CLM -DBUFR   -DFFTPACK -DNORESHAPE -DDM_PARALLEL -DNETCDF -DCRTM -DHDF5 -DUSE_ALLOCATABLES -DGRIB1 -DINTIO -DKEEP_INT_AROUND -DLIMIT_ARGS -DCONFIG_BUF_LEN=65536 -DMAX_DOMAINS_F=21 -DMAX_HISTORY=25 -DNMM_NEST=0 -traditional-cpp -I. Meat.b > Meat.f
/bin/rm -f ESMF_AlarmClock.b
/bin/rm -f Meat.b
gfortran -fdefault-real-8  -w -ffree-form -ffree-line-length-none -fconvert=big-endian -frecord-marker=4  -o ESMF_AlarmClock.o -c ESMF_AlarmClock.f
gfortran -fdefault-real-8  -w -ffree-form -ffree-line-length-none -fconvert=big-endian -frecord-marker=4  -o Meat.o -c Meat.f
/bin/rm -f ESMF_Mod.o
sed -e "/\!.*'/s/'//g" ESMF_Mod.F90 > ESMF_Mod.b
/lib/cpp -P -nostdinc -I/gpfs/fs1/work/weisun/2019/github/WRFV4-myfork/inc -I. -DEM_CORE=1 -DNMM_CORE=0 -DNMM_MAX_DIM=2600 -DCOAMPS_CORE=0 -DDA_CORE=1 -DEXP_CORE=0 -DIWORDSIZE=4 -DDWORDSIZE=8 -DRWORDSIZE=8 -DLWORDSIZE=4 -DNONSTANDARD_SYSTEM_SUBR  -DWRF_USE_CLM -DBUFR   -DFFTPACK -DNORESHAPE -DDM_PARALLEL -DNETCDF -DCRTM -DHDF5 -DUSE_ALLOCATABLES -DGRIB1 -DINTIO -DKEEP_INT_AROUND -DLIMIT_ARGS -DCONFIG_BUF_LEN=65536 -DMAX_DOMAINS_F=21 -DMAX_HISTORY=25 -DNMM_NEST=0 -traditional-cpp -I. ESMF_Mod.b > ESMF_Mod.f
/bin/rm -f ESMF_Mod.b
gfortran -fdefault-real-8  -w -ffree-form -ffree-line-length-none -fconvert=big-endian -frecord-marker=4  -o ESMF_Mod.o -c ESMF_Mod.f
/bin/rm -f module_symbols_util.o
sed -e "/\!.*'/s/'//g" module_symbols_util.F90 > module_symbols_util.b
/lib/cpp -P -nostdinc -I/gpfs/fs1/work/weisun/2019/github/WRFV4-myfork/inc -I. -DEM_CORE=1 -DNMM_CORE=0 -DNMM_MAX_DIM=2600 -DCOAMPS_CORE=0 -DDA_CORE=1 -DEXP_CORE=0 -DIWORDSIZE=4 -DDWORDSIZE=8 -DRWORDSIZE=8 -DLWORDSIZE=4 -DNONSTANDARD_SYSTEM_SUBR  -DWRF_USE_CLM -DBUFR   -DFFTPACK -DNORESHAPE -DDM_PARALLEL -DNETCDF -DCRTM -DHDF5 -DUSE_ALLOCATABLES -DGRIB1 -DINTIO -DKEEP_INT_AROUND -DLIMIT_ARGS -DCONFIG_BUF_LEN=65536 -DMAX_DOMAINS_F=21 -DMAX_HISTORY=25 -DNMM_NEST=0 -traditional-cpp -I. module_symbols_util.b > module_symbols_util.f
/bin/rm -f module_symbols_util.b
gfortran -fdefault-real-8  -w -ffree-form -ffree-line-length-none -fconvert=big-endian -frecord-marker=4  -o module_symbols_util.o -c module_symbols_util.f
/bin/rm -f module_utility.o
sed -e "/\!.*'/s/'//g" module_utility.F90 > module_utility.b
/lib/cpp -P -nostdinc -I/gpfs/fs1/work/weisun/2019/github/WRFV4-myfork/inc -I. -DEM_CORE=1 -DNMM_CORE=0 -DNMM_MAX_DIM=2600 -DCOAMPS_CORE=0 -DDA_CORE=1 -DEXP_CORE=0 -DIWORDSIZE=4 -DDWORDSIZE=8 -DRWORDSIZE=8 -DLWORDSIZE=4 -DNONSTANDARD_SYSTEM_SUBR  -DWRF_USE_CLM -DBUFR   -DFFTPACK -DNORESHAPE -DDM_PARALLEL -DNETCDF -DCRTM -DHDF5 -DUSE_ALLOCATABLES -DGRIB1 -DINTIO -DKEEP_INT_AROUND -DLIMIT_ARGS -DCONFIG_BUF_LEN=65536 -DMAX_DOMAINS_F=21 -DMAX_HISTORY=25 -DNMM_NEST=0 -traditional-cpp -I. module_utility.b > module_utility.f
/bin/rm -f module_utility.b
gfortran -fdefault-real-8  -w -ffree-form -ffree-line-length-none -fconvert=big-endian -frecord-marker=4  -o module_utility.o -c module_utility.f
/bin/rm -f libesmf_time.a
if [ "ar" != "lib.exe" ] ; then \
          ar ru libesmf_time.a ESMF_Alarm.o ESMF_BaseTime.o ESMF_Clock.o ESMF_Time.o Meat.o ESMF_Base.o ESMF_Calendar.o ESMF_Fraction.o ESMF_TimeInterval.o ESMF_Stubs.o ESMF_Mod.o module_symbols_util.o module_utility.o ESMF_AlarmClock.o ; \
        else \
          ar /out:libesmf_time.a ESMF_Alarm.o ESMF_BaseTime.o ESMF_Clock.o ESMF_Time.o Meat.o ESMF_Base.o ESMF_Calendar.o ESMF_Fraction.o ESMF_TimeInterval.o ESMF_Stubs.o ESMF_Mod.o module_symbols_util.o module_utility.o ESMF_AlarmClock.o ; \
        fi
ar: creating libesmf_time.a
ranlib libesmf_time.a
make[3]: Leaving directory '/gpfs/fs1/work/weisun/2019/github/WRFV4-myfork/external/esmf_time_f90'
( cd /gpfs/fs1/work/weisun/2019/github/WRFV4-myfork/external/io_netcdf ; \
          make -j 10 NETCDFPATH="/glade/u/apps/ch/opt/netcdf/4.6.1/gnu/6.3.0/" RANLIB="ranlib" CPP="/lib/cpp -P -nostdinc" \
          CC="gcc" CFLAGS="-w -O3 -c  -DDM_PARALLEL -DMAX_HISTORY=25 -DNMM_CORE=0" \
          FC="gfortran -fdefault-real-8  -O2 -ftree-vectorize -funroll-loops -w -ffree-form -ffree-line-length-none -fconvert=big-endian -frecord-marker=4 " TRADFLAG="-traditional-cpp" AR="ar" ARFLAGS="ru" )
make[3]: Entering directory '/gpfs/fs1/work/weisun/2019/github/WRFV4-myfork/external/io_netcdf'
grep nf_format_64bit /glade/u/apps/ch/opt/netcdf/4.6.1/gnu/6.3.0//include/netcdf.inc ;\
                        a=$? ; export a ; \
		if [ $a -a "$WRFIO_NCD_LARGE_FILE_SUPPORT" = "1" ] ; then \
                          /lib/cpp -P -nostdinc -P -traditional-cpp -DWRFIO_NCD_LARGE_FILE_SUPPORT -I../ioapi_share wrf_io.F90 | m4 -Uinclude -Uindex -Ulen - > wrf_io.f ; \
                        else \
                          /lib/cpp -P -nostdinc -P -traditional-cpp -I../ioapi_share wrf_io.F90 | m4 -Uinclude -Uindex -Ulen - > wrf_io.f ; \
                        fi
/lib/cpp -P -nostdinc -P -traditional-cpp -I../ioapi_share module_wrfsi_static.F90 > module_wrfsi_static.f
      integer nf_format_64bit
      parameter (nf_format_64bit = 2)
gfortran -fdefault-real-8  -O2 -ftree-vectorize -funroll-loops -w -ffree-form -ffree-line-length-none -fconvert=big-endian -frecord-marker=4  -o module_wrfsi_static.o  -I/glade/u/apps/ch/opt/netcdf/4.6.1/gnu/6.3.0//include -I../ioapi_share -c module_wrfsi_static.f
gfortran -fdefault-real-8  -O2 -ftree-vectorize -funroll-loops -w -ffree-form -ffree-line-length-none -fconvert=big-endian -frecord-marker=4  -o wrf_io.o  -I/glade/u/apps/ch/opt/netcdf/4.6.1/gnu/6.3.0//include -I../ioapi_share -c wrf_io.f
/lib/cpp -P -nostdinc -P -traditional-cpp -I../ioapi_share field_routines.F90 > field_routines.f
gfortran -fdefault-real-8  -O2 -ftree-vectorize -funroll-loops -w -ffree-form -ffree-line-length-none -fconvert=big-endian -frecord-marker=4  -o field_routines.o  -I/glade/u/apps/ch/opt/netcdf/4.6.1/gnu/6.3.0//include -I../ioapi_share -c field_routines.f
/bin/rm -f libwrfio_nf.a
if [ "ar" != "lib.exe" ] ; then \
                          ar cr libwrfio_nf.a wrf_io.o field_routines.o module_wrfsi_static.o ; \
                        else \
                          ar /out:libwrfio_nf.a wrf_io.o field_routines.o module_wrfsi_static.o ; \
                        fi
ranlib libwrfio_nf.a
make[3]: Leaving directory '/gpfs/fs1/work/weisun/2019/github/WRFV4-myfork/external/io_netcdf'
( cd /gpfs/fs1/work/weisun/2019/github/WRFV4-myfork/external/ioapi_share ; \
          make -i -r NATIVE_RWORDSIZE="4" RWORDSIZE="8" AR="ar" ARFLAGS="ru" )
make[3]: Entering directory '/gpfs/fs1/work/weisun/2019/github/WRFV4-myfork/external/ioapi_share'
( /bin/rm -f ../../inc/wrf_io_flags.h foo_io_flags.h; \
/bin/cp wrf_io_flags.h foo_io_flags.h; \
if [ 8 -ne 4 ] ; then \
  /bin/rm -f foo_io_flags.h; \
  sed -e 's/104/105/' wrf_io_flags.h > foo_io_flags.h ;\
fi ; \
/bin/mv foo_io_flags.h ../../inc/wrf_io_flags.h )
/bin/rm -f ../../inc/wrf_status_codes.h
/bin/cp wrf_status_codes.h ../../inc
make[3]: Leaving directory '/gpfs/fs1/work/weisun/2019/github/WRFV4-myfork/external/ioapi_share'
( cd /gpfs/fs1/work/weisun/2019/github/WRFV4-myfork/external/io_grib_share ; \
          make -j 10 CC="gcc" CFLAGS="-w -O3 -c  -DDM_PARALLEL -DMAX_HISTORY=25 -DNMM_CORE=0" RM="rm -f" RANLIB="ranlib" CPP="/lib/cpp -P -nostdinc" \
          FC="gfortran -fdefault-real-8 -I.  -w -ffree-form -ffree-line-length-none -fconvert=big-endian -frecord-marker=4  " TRADFLAG="-traditional-cpp" AR="ar" ARFLAGS="ru" archive) 
make[3]: Entering directory '/gpfs/fs1/work/weisun/2019/github/WRFV4-myfork/external/io_grib_share'
make[4]: Entering directory '/gpfs/fs1/work/weisun/2019/github/WRFV4-myfork/external/io_grib_share'
rm -f io_grib_share.o
gcc  -I. -w -O3 -c  -DDM_PARALLEL -DMAX_HISTORY=25 -DNMM_CORE=0   -c get_region_center.c
gcc  -I. -w -O3 -c  -DDM_PARALLEL -DMAX_HISTORY=25 -DNMM_CORE=0   -c gridnav.c
gcc  -I. -w -O3 -c  -DDM_PARALLEL -DMAX_HISTORY=25 -DNMM_CORE=0   -c open_file.c
/lib/cpp -P -nostdinc  -traditional-cpp  -I. io_grib_share.F > io_grib_share.f90
gfortran -fdefault-real-8 -I.  -w -ffree-form -ffree-line-length-none -fconvert=big-endian -frecord-marker=4     -I.     -c io_grib_share.f90
ar ru ./libio_grib_share.a io_grib_share.o get_region_center.o gridnav.o open_file.o
ar: creating ./libio_grib_share.a
ranlib ./libio_grib_share.a
make[4]: Leaving directory '/gpfs/fs1/work/weisun/2019/github/WRFV4-myfork/external/io_grib_share'
make[3]: Leaving directory '/gpfs/fs1/work/weisun/2019/github/WRFV4-myfork/external/io_grib_share'
( cd /gpfs/fs1/work/weisun/2019/github/WRFV4-myfork/external/io_grib1 ; \
          make -j 10 CC="gcc" CFLAGS="-w -O3 -c  -DDM_PARALLEL -DMAX_HISTORY=25 -DNMM_CORE=0" RM="rm -f" RANLIB="ranlib" CPP="/lib/cpp -P -nostdinc" \
          FC="gfortran -fdefault-real-8 -I.  -w -ffree-form -ffree-line-length-none -fconvert=big-endian -frecord-marker=4  " TRADFLAG="-traditional-cpp" AR="ar" ARFLAGS="ru" archive)
make[3]: Entering directory '/gpfs/fs1/work/weisun/2019/github/WRFV4-myfork/external/io_grib1'
        Doing make archive on library subdirectory MEL_grib1
make[4]: Entering directory '/gpfs/fs1/work/weisun/2019/github/WRFV4-myfork/external/io_grib1/MEL_grib1'
make[5]: Entering directory '/gpfs/fs1/work/weisun/2019/github/WRFV4-myfork/external/io_grib1/MEL_grib1'
gcc  -I. -w -O3 -c  -DDM_PARALLEL -DMAX_HISTORY=25 -DNMM_CORE=0   -c FTP_getfile.c
gcc  -I. -w -O3 -c  -DDM_PARALLEL -DMAX_HISTORY=25 -DNMM_CORE=0   -c apply_bitmap.c
gcc  -I. -w -O3 -c  -DDM_PARALLEL -DMAX_HISTORY=25 -DNMM_CORE=0   -c display_gribhdr.c
gcc  -I. -w -O3 -c  -DDM_PARALLEL -DMAX_HISTORY=25 -DNMM_CORE=0   -c gbyte.c
gcc  -I. -w -O3 -c  -DDM_PARALLEL -DMAX_HISTORY=25 -DNMM_CORE=0   -c grib_dec.c
gcc  -I. -w -O3 -c  -DDM_PARALLEL -DMAX_HISTORY=25 -DNMM_CORE=0   -c grib_enc.c
gcc  -I. -w -O3 -c  -DDM_PARALLEL -DMAX_HISTORY=25 -DNMM_CORE=0   -c grib_seek.c
gcc  -I. -w -O3 -c  -DDM_PARALLEL -DMAX_HISTORY=25 -DNMM_CORE=0   -c gribgetbds.c
gcc  -I. -w -O3 -c  -DDM_PARALLEL -DMAX_HISTORY=25 -DNMM_CORE=0   -c gribgetbms.c
gcc  -I. -w -O3 -c  -DDM_PARALLEL -DMAX_HISTORY=25 -DNMM_CORE=0   -c gribgetgds.c
gcc  -I. -w -O3 -c  -DDM_PARALLEL -DMAX_HISTORY=25 -DNMM_CORE=0   -c gribgetpds.c
gcc  -I. -w -O3 -c  -DDM_PARALLEL -DMAX_HISTORY=25 -DNMM_CORE=0   -c gribhdr2file.c
gcc  -I. -w -O3 -c  -DDM_PARALLEL -DMAX_HISTORY=25 -DNMM_CORE=0   -c gribputbds.c
gcc  -I. -w -O3 -c  -DDM_PARALLEL -DMAX_HISTORY=25 -DNMM_CORE=0   -c gribputgds.c
gcc  -I. -w -O3 -c  -DDM_PARALLEL -DMAX_HISTORY=25 -DNMM_CORE=0   -c gribputpds.c
gcc  -I. -w -O3 -c  -DDM_PARALLEL -DMAX_HISTORY=25 -DNMM_CORE=0   -c hdr_print.c
gcc  -I. -w -O3 -c  -DDM_PARALLEL -DMAX_HISTORY=25 -DNMM_CORE=0   -c init_dec_struct.c
gcc  -I. -w -O3 -c  -DDM_PARALLEL -DMAX_HISTORY=25 -DNMM_CORE=0   -c init_enc_struct.c
gcc  -I. -w -O3 -c  -DDM_PARALLEL -DMAX_HISTORY=25 -DNMM_CORE=0   -c init_gribhdr.c
gcc  -I. -w -O3 -c  -DDM_PARALLEL -DMAX_HISTORY=25 -DNMM_CORE=0   -c init_struct.c
gcc  -I. -w -O3 -c  -DDM_PARALLEL -DMAX_HISTORY=25 -DNMM_CORE=0   -c ld_dec_lookup.c
gcc  -I. -w -O3 -c  -DDM_PARALLEL -DMAX_HISTORY=25 -DNMM_CORE=0   -c ld_enc_input.c
gcc  -I. -w -O3 -c  -DDM_PARALLEL -DMAX_HISTORY=25 -DNMM_CORE=0   -c ld_enc_lookup.c
gcc  -I. -w -O3 -c  -DDM_PARALLEL -DMAX_HISTORY=25 -DNMM_CORE=0   -c ld_grib_origctrs.c
gcc  -I. -w -O3 -c  -DDM_PARALLEL -DMAX_HISTORY=25 -DNMM_CORE=0   -c make_default_grbfn.c
gcc  -I. -w -O3 -c  -DDM_PARALLEL -DMAX_HISTORY=25 -DNMM_CORE=0   -c make_grib_log.c
gcc  -I. -w -O3 -c  -DDM_PARALLEL -DMAX_HISTORY=25 -DNMM_CORE=0   -c map_lvl.c
gcc  -I. -w -O3 -c  -DDM_PARALLEL -DMAX_HISTORY=25 -DNMM_CORE=0   -c map_parm.c
gcc  -I. -w -O3 -c  -DDM_PARALLEL -DMAX_HISTORY=25 -DNMM_CORE=0   -c pack_spatial.c
gcc  -I. -w -O3 -c  -DDM_PARALLEL -DMAX_HISTORY=25 -DNMM_CORE=0   -c prt_inp_struct.c
gcc  -I. -w -O3 -c  -DDM_PARALLEL -DMAX_HISTORY=25 -DNMM_CORE=0   -c upd_child_errmsg.c
gcc  -I. -w -O3 -c  -DDM_PARALLEL -DMAX_HISTORY=25 -DNMM_CORE=0   -c prt_badmsg.c
gcc  -I. -w -O3 -c  -DDM_PARALLEL -DMAX_HISTORY=25 -DNMM_CORE=0   -c swap.c
gcc  -I. -w -O3 -c  -DDM_PARALLEL -DMAX_HISTORY=25 -DNMM_CORE=0   -c grib_uthin.c
gcc  -I. -w -O3 -c  -DDM_PARALLEL -DMAX_HISTORY=25 -DNMM_CORE=0   -c set_bytes.c
ar ru ../libio_grib1.a FTP_getfile.o apply_bitmap.o display_gribhdr.o gbyte.o grib_dec.o grib_enc.o grib_seek.o gribgetbds.o gribgetbms.o gribgetgds.o gribgetpds.o gribhdr2file.o gribputbds.o gribputgds.o gribputpds.o hdr_print.o init_dec_struct.o init_enc_struct.o init_gribhdr.o init_struct.o ld_dec_lookup.o ld_enc_input.o ld_enc_lookup.o ld_grib_origctrs.o make_default_grbfn.o make_grib_log.o map_lvl.o map_parm.o pack_spatial.o prt_inp_struct.o upd_child_errmsg.o prt_badmsg.o swap.o grib_uthin.o set_bytes.o
ar: creating ../libio_grib1.a
ranlib ../libio_grib1.a
make[5]: Leaving directory '/gpfs/fs1/work/weisun/2019/github/WRFV4-myfork/external/io_grib1/MEL_grib1'
make[4]: Leaving directory '/gpfs/fs1/work/weisun/2019/github/WRFV4-myfork/external/io_grib1/MEL_grib1'
        Doing make archive on library subdirectory grib1_util
make[4]: Entering directory '/gpfs/fs1/work/weisun/2019/github/WRFV4-myfork/external/io_grib1/grib1_util'
make[5]: Entering directory '/gpfs/fs1/work/weisun/2019/github/WRFV4-myfork/external/io_grib1/grib1_util'
gcc  -I. -I../MEL_grib1 -w -O3 -c  -DDM_PARALLEL -DMAX_HISTORY=25 -DNMM_CORE=0   -c alloc_2d.c
gcc  -I. -I../MEL_grib1 -w -O3 -c  -DDM_PARALLEL -DMAX_HISTORY=25 -DNMM_CORE=0   -c read_grib.c
gcc  -I. -I../MEL_grib1 -w -O3 -c  -DDM_PARALLEL -DMAX_HISTORY=25 -DNMM_CORE=0   -c write_grib.c
ar ru ../libio_grib1.a alloc_2d.o read_grib.o write_grib.o
ranlib ../libio_grib1.a
make[5]: Leaving directory '/gpfs/fs1/work/weisun/2019/github/WRFV4-myfork/external/io_grib1/grib1_util'
make[4]: Leaving directory '/gpfs/fs1/work/weisun/2019/github/WRFV4-myfork/external/io_grib1/grib1_util'
        Doing make archive on library subdirectory WGRIB
make[4]: Entering directory '/gpfs/fs1/work/weisun/2019/github/WRFV4-myfork/external/io_grib1/WGRIB'
gcc -c -O wgrib_main.c
gcc -c -O seekgrib.c
gcc -c -O ibm2flt.c
gcc -c -O readgrib.c
gcc -c -O intpower.c
gcc -c -O cnames.c
gcc -c -O BDSunpk.c
gcc -c -O flt2ieee.c
gcc -c -O wrtieee.c
gcc -c -O levels.c
gcc -c -O PDStimes.c
gcc -c -O missing.c
gcc -c -O nceptable_reanal.c
gcc -c -O nceptable_opn.c
gcc -c -O ensemble.c
gcc -c -O ombtable.c
gcc -c -O ec_ext.c
gcc -c -O gribtable.c
gcc -c -O gds_grid.c
gcc -c -O PDS_date.c
gcc -c -O ectable_128.c
gcc -c -O ectable_129.c
gcc -c -O ectable_130.c
gcc -c -O ectable_131.c
gcc -c -O ectable_140.c
gcc -c -O ectable_150.c
gcc -c -O ectable_151.c
gcc -c -O ectable_160.c
gcc -c -O ectable_170.c
gcc -c -O ectable_180.c
gcc -c -O nceptab_129.c
gcc -c -O dwdtable_002.c
gcc -c -O dwdtable_201.c
gcc -c -O dwdtable_202.c
gcc -c -O dwdtable_203.c
gcc -c -O cptectable_254.c
gcc -c -O nceptab_130.c
gcc -c -O nceptab_131.c
gcc -o wgrib.exe wgrib_main.o seekgrib.o ibm2flt.o readgrib.o intpower.o cnames.o BDSunpk.o flt2ieee.o wrtieee.o levels.o PDStimes.o missing.o nceptable_reanal.o nceptable_opn.o ensemble.o ombtable.o ec_ext.o gribtable.o gds_grid.o PDS_date.o ectable_128.o ectable_129.o ectable_130.o ectable_131.o ectable_140.o ectable_150.o ectable_151.o ectable_160.o ectable_170.o ectable_180.o nceptab_129.o dwdtable_002.o dwdtable_201.o dwdtable_202.o dwdtable_203.o cptectable_254.o nceptab_130.o nceptab_131.o #-lm
( cd .. ; \rm -f wgrib.exe ; \ln -sf WGRIB/wgrib.exe wgrib.exe ; cd WGRIB )
make[4]: Leaving directory '/gpfs/fs1/work/weisun/2019/github/WRFV4-myfork/external/io_grib1/WGRIB'
make[4]: Entering directory '/gpfs/fs1/work/weisun/2019/github/WRFV4-myfork/external/io_grib1'
gcc  -I. -I./MEL_grib1 -Igrib1_util -I../io_grib_share -I../ -w -O3 -c  -DDM_PARALLEL -DMAX_HISTORY=25 -DNMM_CORE=0   -c grib1_routines.c
gcc  -I. -I./MEL_grib1 -Igrib1_util -I../io_grib_share -I../ -w -O3 -c  -DDM_PARALLEL -DMAX_HISTORY=25 -DNMM_CORE=0   -c gribmap.c
rm -f io_grib1.o
gcc  -I. -I./MEL_grib1 -Igrib1_util -I../io_grib_share -I../ -w -O3 -c  -DDM_PARALLEL -DMAX_HISTORY=25 -DNMM_CORE=0   -c trim.c
/lib/cpp -P -nostdinc  -traditional-cpp  -I. -I./MEL_grib1 -Igrib1_util -I../io_grib_share -I../ io_grib1.F > io_grib1.f90
gfortran -fdefault-real-8 -I.  -w -ffree-form -ffree-line-length-none -fconvert=big-endian -frecord-marker=4     -I. -I./MEL_grib1 -Igrib1_util -I../io_grib_share -I../     -c io_grib1.f90
ar ru ./libio_grib1.a grib1_routines.o gribmap.o io_grib1.o trim.o
ranlib ./libio_grib1.a
make[4]: Leaving directory '/gpfs/fs1/work/weisun/2019/github/WRFV4-myfork/external/io_grib1'
make[3]: Leaving directory '/gpfs/fs1/work/weisun/2019/github/WRFV4-myfork/external/io_grib1'
( cd /gpfs/fs1/work/weisun/2019/github/WRFV4-myfork/external/io_int ; \
          make -j 10 CC="mpicc -cc=gcc -DMPI2_SUPPORT -DFSEEKO64_OK " CFLAGS_LOCAL="-w -O3 -c " RM="rm -f" RANLIB="ranlib" CPP="/lib/cpp -P -nostdinc" \
          FC="time mpif90 -f90=gfortran -fdefault-real-8  -w -ffree-form -ffree-line-length-none -fconvert=big-endian -frecord-marker=4  " FGREP="fgrep -iq" \
          TRADFLAG="-traditional-cpp" AR="ar" ARFLAGS="ru" ARCHFLAGS="-DEM_CORE=1 -DNMM_CORE=0 -DNMM_MAX_DIM=2600 -DCOAMPS_CORE=0 -DDA_CORE=1 -DEXP_CORE=0 -DIWORDSIZE=4 -DDWORDSIZE=8 -DRWORDSIZE=8 -DLWORDSIZE=4 -DNONSTANDARD_SYSTEM_SUBR  -DWRF_USE_CLM -DBUFR   -DFFTPACK -DNORESHAPE -DDM_PARALLEL -DNETCDF -DCRTM -DHDF5 -DUSE_ALLOCATABLES -DGRIB1 -DINTIO -DKEEP_INT_AROUND -DLIMIT_ARGS -DCONFIG_BUF_LEN=65536 -DMAX_DOMAINS_F=21 -DMAX_HISTORY=25 -DNMM_NEST=0" all )
make[3]: Entering directory '/gpfs/fs1/work/weisun/2019/github/WRFV4-myfork/external/io_int'
rm -f module_internal_header_util.f
awk '{print "#define", toupper($4), $6}' < ../../inc/intio_tags.h > io_int_idx_tags.h
/lib/cpp -P -nostdinc -traditional-cpp -DEM_CORE=1 -DNMM_CORE=0 -DNMM_MAX_DIM=2600 -DCOAMPS_CORE=0 -DDA_CORE=1 -DEXP_CORE=0 -DIWORDSIZE=4 -DDWORDSIZE=8 -DRWORDSIZE=8 -DLWORDSIZE=4 -DNONSTANDARD_SYSTEM_SUBR  -DWRF_USE_CLM -DBUFR   -DFFTPACK -DNORESHAPE -DDM_PARALLEL -DNETCDF -DCRTM -DHDF5 -DUSE_ALLOCATABLES -DGRIB1 -DINTIO -DKEEP_INT_AROUND -DLIMIT_ARGS -DCONFIG_BUF_LEN=65536 -DMAX_DOMAINS_F=21 -DMAX_HISTORY=25 -DNMM_NEST=0 module_io_int_idx.F90 > module_io_int_idx.f
/lib/cpp -P -nostdinc -traditional-cpp -DEM_CORE=1 -DNMM_CORE=0 -DNMM_MAX_DIM=2600 -DCOAMPS_CORE=0 -DDA_CORE=1 -DEXP_CORE=0 -DIWORDSIZE=4 -DDWORDSIZE=8 -DRWORDSIZE=8 -DLWORDSIZE=4 -DNONSTANDARD_SYSTEM_SUBR  -DWRF_USE_CLM -DBUFR   -DFFTPACK -DNORESHAPE -DDM_PARALLEL -DNETCDF -DCRTM -DHDF5 -DUSE_ALLOCATABLES -DGRIB1 -DINTIO -DKEEP_INT_AROUND -DLIMIT_ARGS -DCONFIG_BUF_LEN=65536 -DMAX_DOMAINS_F=21 -DMAX_HISTORY=25 -DNMM_NEST=0 -DEM_CORE=1 -DNMM_CORE=0 -DNMM_MAX_DIM=2600 -DCOAMPS_CORE=0 -DDA_CORE=1 -DEXP_CORE=0 -DIWORDSIZE=4 -DDWORDSIZE=8 -DRWORDSIZE=8 -DLWORDSIZE=4 -DNONSTANDARD_SYSTEM_SUBR  -DWRF_USE_CLM -DBUFR   -DFFTPACK -DNORESHAPE -DDM_PARALLEL -DNETCDF -DCRTM -DHDF5 -DUSE_ALLOCATABLES -DGRIB1 -DINTIO -DKEEP_INT_AROUND -DLIMIT_ARGS -DCONFIG_BUF_LEN=65536 -DMAX_DOMAINS_F=21 -DMAX_HISTORY=25 -DNMM_NEST=0 module_io_int_read.F90 > module_io_int_read.f
cp ../../frame/module_internal_header_util.F mod_int_hdr_util.b
Diffwrf io_int will be built later on in this compile. No need to rerun compile. 
/lib/cpp -P -nostdinc -traditional-cpp -DEM_CORE=1 -DNMM_CORE=0 -DNMM_MAX_DIM=2600 -DCOAMPS_CORE=0 -DDA_CORE=1 -DEXP_CORE=0 -DIWORDSIZE=4 -DDWORDSIZE=8 -DRWORDSIZE=8 -DLWORDSIZE=4 -DNONSTANDARD_SYSTEM_SUBR  -DWRF_USE_CLM -DBUFR   -DFFTPACK -DNORESHAPE -DDM_PARALLEL -DNETCDF -DCRTM -DHDF5 -DUSE_ALLOCATABLES -DGRIB1 -DINTIO -DKEEP_INT_AROUND -DLIMIT_ARGS -DCONFIG_BUF_LEN=65536 -DMAX_DOMAINS_F=21 -DMAX_HISTORY=25 -DNMM_NEST=0 test_io_idx.F90 > test_io_idx.f
/lib/cpp -P -nostdinc -traditional-cpp -DEM_CORE=1 -DNMM_CORE=0 -DNMM_MAX_DIM=2600 -DCOAMPS_CORE=0 -DDA_CORE=1 -DEXP_CORE=0 -DIWORDSIZE=4 -DDWORDSIZE=8 -DRWORDSIZE=8 -DLWORDSIZE=4 -DNONSTANDARD_SYSTEM_SUBR  -DWRF_USE_CLM -DBUFR   -DFFTPACK -DNORESHAPE -DDM_PARALLEL -DNETCDF -DCRTM -DHDF5 -DUSE_ALLOCATABLES -DGRIB1 -DINTIO -DKEEP_INT_AROUND -DLIMIT_ARGS -DCONFIG_BUF_LEN=65536 -DMAX_DOMAINS_F=21 -DMAX_HISTORY=25 -DNMM_NEST=0 -I../../inc -I../ioapi_share mod_int_hdr_util.b > module_internal_header_util.f
Diffwrf io_int will be built later on in this compile. No need to rerun compile. 
Diffwrf io_int will be built later on in this compile. No need to rerun compile. 
Diffwrf io_int will be built later on in this compile. No need to rerun compile. 
Diffwrf io_int will be built later on in this compile. No need to rerun compile. 
Diffwrf io_int will be built later on in this compile. No need to rerun compile. 
mpicc -cc=gcc -DMPI2_SUPPORT -DFSEEKO64_OK  -o io_int_idx.o -c -w -O3 -c  io_int_idx.c
time mpif90 -f90=gfortran -fdefault-real-8  -w -ffree-form -ffree-line-length-none -fconvert=big-endian -frecord-marker=4    -o module_io_int_idx.o -c module_io_int_idx.f
rm -f mod_int_hdr_util.b
time mpif90 -f90=gfortran -fdefault-real-8  -w -ffree-form -ffree-line-length-none -fconvert=big-endian -frecord-marker=4    -o module_internal_header_util.o -c module_internal_header_util.f
0.05user 0.02system 0:00.09elapsed 79%CPU (0avgtext+0avgdata 17256maxresident)k
0inputs+0outputs (0major+13209minor)pagefaults 0swaps
time mpif90 -f90=gfortran -fdefault-real-8  -w -ffree-form -ffree-line-length-none -fconvert=big-endian -frecord-marker=4    -I../../frame -o module_io_int_read.o -c module_io_int_read.f
0.12user 0.03system 0:00.17elapsed 85%CPU (0avgtext+0avgdata 20080maxresident)k
0inputs+0outputs (0major+14050minor)pagefaults 0swaps
/lib/cpp -P -nostdinc -traditional-cpp -DEM_CORE=1 -DNMM_CORE=0 -DNMM_MAX_DIM=2600 -DCOAMPS_CORE=0 -DDA_CORE=1 -DEXP_CORE=0 -DIWORDSIZE=4 -DDWORDSIZE=8 -DRWORDSIZE=8 -DLWORDSIZE=4 -DNONSTANDARD_SYSTEM_SUBR  -DWRF_USE_CLM -DBUFR   -DFFTPACK -DNORESHAPE -DDM_PARALLEL -DNETCDF -DCRTM -DHDF5 -DUSE_ALLOCATABLES -DGRIB1 -DINTIO -DKEEP_INT_AROUND -DLIMIT_ARGS -DCONFIG_BUF_LEN=65536 -DMAX_DOMAINS_F=21 -DMAX_HISTORY=25 -DNMM_NEST=0  -I../../inc -I../ioapi_share io_int.F90 | m4 -Uinclude -Uindex -Ulen - > io_int.f
time mpif90 -f90=gfortran -fdefault-real-8  -w -ffree-form -ffree-line-length-none -fconvert=big-endian -frecord-marker=4    -I../../inc -I../ioapi_share -o io_int.o -c io_int.f
0.14user 0.03system 0:00.19elapsed 90%CPU (0avgtext+0avgdata 21532maxresident)k
0inputs+0outputs (0major+14419minor)pagefaults 0swaps
0.27user 0.03system 0:00.33elapsed 92%CPU (0avgtext+0avgdata 31820maxresident)k
0inputs+0outputs (0major+17330minor)pagefaults 0swaps
rm -f libwrfio_int.a
if [ `echo "time mpif90 -f90=gfortran -fdefault-real-8  -w -ffree-form -ffree-line-length-none -fconvert=big-endian -frecord-marker=4  " | awk '{print $1}'` = "gfortran" ] ; then \
	echo removing external declaration of iargc for gfortran ; \
	/lib/cpp -P -nostdinc -traditional-cpp -DEM_CORE=1 -DNMM_CORE=0 -DNMM_MAX_DIM=2600 -DCOAMPS_CORE=0 -DDA_CORE=1 -DEXP_CORE=0 -DIWORDSIZE=4 -DDWORDSIZE=8 -DRWORDSIZE=8 -DLWORDSIZE=4 -DNONSTANDARD_SYSTEM_SUBR  -DWRF_USE_CLM -DBUFR   -DFFTPACK -DNORESHAPE -DDM_PARALLEL -DNETCDF -DCRTM -DHDF5 -DUSE_ALLOCATABLES -DGRIB1 -DINTIO -DKEEP_INT_AROUND -DLIMIT_ARGS -DCONFIG_BUF_LEN=65536 -DMAX_DOMAINS_F=21 -DMAX_HISTORY=25 -DNMM_NEST=0  -I../ioapi_share diffwrf.F90 | \
	sed '/integer *, *external.*iargc/d' > diffwrf.f  ; \
else \
	/lib/cpp -P -nostdinc -traditional-cpp -DEM_CORE=1 -DNMM_CORE=0 -DNMM_MAX_DIM=2600 -DCOAMPS_CORE=0 -DDA_CORE=1 -DEXP_CORE=0 -DIWORDSIZE=4 -DDWORDSIZE=8 -DRWORDSIZE=8 -DLWORDSIZE=4 -DNONSTANDARD_SYSTEM_SUBR  -DWRF_USE_CLM -DBUFR   -DFFTPACK -DNORESHAPE -DDM_PARALLEL -DNETCDF -DCRTM -DHDF5 -DUSE_ALLOCATABLES -DGRIB1 -DINTIO -DKEEP_INT_AROUND -DLIMIT_ARGS -DCONFIG_BUF_LEN=65536 -DMAX_DOMAINS_F=21 -DMAX_HISTORY=25 -DNMM_NEST=0  -I../ioapi_share diffwrf.F90 > diffwrf.f  ; \
fi ; \
time mpif90 -f90=gfortran -fdefault-real-8  -w -ffree-form -ffree-line-length-none -fconvert=big-endian -frecord-marker=4   -c  -I../ioapi_share diffwrf.f ; \

ar ru libwrfio_int.a io_int.o io_int_idx.o module_io_int_idx.o module_io_int_read.o
ar: creating libwrfio_int.a
ranlib libwrfio_int.a
time mpif90 -f90=gfortran -fdefault-real-8  -w -ffree-form -ffree-line-length-none -fconvert=big-endian -frecord-marker=4     -o test_io_idx test_io_idx.f -L. -lwrfio_int

real	0m0.164s
user	0m0.112s
sys	0m0.036s
if [ -f ../../frame/pack_utils.o -a -f ../../frame/clog.o ] ; then \
  time mpif90 -f90=gfortran -fdefault-real-8  -w -ffree-form -ffree-line-length-none -fconvert=big-endian -frecord-marker=4     -I../ioapi_share -o diffwrf diffwrf.f \
	../../frame/pack_utils.o ../../frame/module_internal_header_util.o ../../frame/module_driver_constants.o ../../frame/module_machine.o ../../frame/module_wrf_error.o ../../frame/wrf_debug.o  libwrfio_int.a ; \
fi
0.11user 0.06system 0:00.21elapsed 84%CPU (0avgtext+0avgdata 45952maxresident)k
0inputs+0outputs (0major+23492minor)pagefaults 0swaps
make[3]: Leaving directory '/gpfs/fs1/work/weisun/2019/github/WRFV4-myfork/external/io_int'
( cd /gpfs/fs1/work/weisun/2019/github/WRFV4-myfork/external/fftpack/fftpack5 ; \
          make -j 10 FC="gfortran" FFLAGS="-fdefault-real-8  -w -ffree-form -ffree-line-length-none -fconvert=big-endian -frecord-marker=4 " RANLIB="ranlib" AR="ar" \
          ARFLAGS="ru" CPP="/lib/cpp -P -nostdinc" CPPFLAGS="-DEM_CORE=1 -DNMM_CORE=0 -DNMM_MAX_DIM=2600 -DCOAMPS_CORE=0 -DDA_CORE=1 -DEXP_CORE=0 -DIWORDSIZE=4 -DDWORDSIZE=8 -DRWORDSIZE=8 -DLWORDSIZE=4 -DNONSTANDARD_SYSTEM_SUBR  -DWRF_USE_CLM -DBUFR   -DFFTPACK -DNORESHAPE -DDM_PARALLEL -DNETCDF -DCRTM -DHDF5 -DUSE_ALLOCATABLES -DGRIB1 -DINTIO -DKEEP_INT_AROUND -DLIMIT_ARGS -DCONFIG_BUF_LEN=65536 -DMAX_DOMAINS_F=21 -DMAX_HISTORY=25 -DNMM_NEST=0 -DWRF_CHEM -DBUILD_CHEM=1 -I. -traditional-cpp " RM="rm -f" )
make[3]: Entering directory '/gpfs/fs1/work/weisun/2019/github/WRFV4-myfork/external/fftpack/fftpack5'
/lib/cpp -P -nostdinc -DEM_CORE=1 -DNMM_CORE=0 -DNMM_MAX_DIM=2600 -DCOAMPS_CORE=0 -DDA_CORE=1 -DEXP_CORE=0 -DIWORDSIZE=4 -DDWORDSIZE=8 -DRWORDSIZE=8 -DLWORDSIZE=4 -DNONSTANDARD_SYSTEM_SUBR  -DWRF_USE_CLM -DBUFR   -DFFTPACK -DNORESHAPE -DDM_PARALLEL -DNETCDF -DCRTM -DHDF5 -DUSE_ALLOCATABLES -DGRIB1 -DINTIO -DKEEP_INT_AROUND -DLIMIT_ARGS -DCONFIG_BUF_LEN=65536 -DMAX_DOMAINS_F=21 -DMAX_HISTORY=25 -DNMM_NEST=0 -DWRF_CHEM -DBUILD_CHEM=1 -I. -traditional-cpp  c1f2kb.F  > c1f2kb.f90
/lib/cpp -P -nostdinc -DEM_CORE=1 -DNMM_CORE=0 -DNMM_MAX_DIM=2600 -DCOAMPS_CORE=0 -DDA_CORE=1 -DEXP_CORE=0 -DIWORDSIZE=4 -DDWORDSIZE=8 -DRWORDSIZE=8 -DLWORDSIZE=4 -DNONSTANDARD_SYSTEM_SUBR  -DWRF_USE_CLM -DBUFR   -DFFTPACK -DNORESHAPE -DDM_PARALLEL -DNETCDF -DCRTM -DHDF5 -DUSE_ALLOCATABLES -DGRIB1 -DINTIO -DKEEP_INT_AROUND -DLIMIT_ARGS -DCONFIG_BUF_LEN=65536 -DMAX_DOMAINS_F=21 -DMAX_HISTORY=25 -DNMM_NEST=0 -DWRF_CHEM -DBUILD_CHEM=1 -I. -traditional-cpp  cfft1b.F  > cfft1b.f90
/lib/cpp -P -nostdinc -DEM_CORE=1 -DNMM_CORE=0 -DNMM_MAX_DIM=2600 -DCOAMPS_CORE=0 -DDA_CORE=1 -DEXP_CORE=0 -DIWORDSIZE=4 -DDWORDSIZE=8 -DRWORDSIZE=8 -DLWORDSIZE=4 -DNONSTANDARD_SYSTEM_SUBR  -DWRF_USE_CLM -DBUFR   -DFFTPACK -DNORESHAPE -DDM_PARALLEL -DNETCDF -DCRTM -DHDF5 -DUSE_ALLOCATABLES -DGRIB1 -DINTIO -DKEEP_INT_AROUND -DLIMIT_ARGS -DCONFIG_BUF_LEN=65536 -DMAX_DOMAINS_F=21 -DMAX_HISTORY=25 -DNMM_NEST=0 -DWRF_CHEM -DBUILD_CHEM=1 -I. -traditional-cpp  cmf3kf.F  > cmf3kf.f90
/lib/cpp -P -nostdinc -DEM_CORE=1 -DNMM_CORE=0 -DNMM_MAX_DIM=2600 -DCOAMPS_CORE=0 -DDA_CORE=1 -DEXP_CORE=0 -DIWORDSIZE=4 -DDWORDSIZE=8 -DRWORDSIZE=8 -DLWORDSIZE=4 -DNONSTANDARD_SYSTEM_SUBR  -DWRF_USE_CLM -DBUFR   -DFFTPACK -DNORESHAPE -DDM_PARALLEL -DNETCDF -DCRTM -DHDF5 -DUSE_ALLOCATABLES -DGRIB1 -DINTIO -DKEEP_INT_AROUND -DLIMIT_ARGS -DCONFIG_BUF_LEN=65536 -DMAX_DOMAINS_F=21 -DMAX_HISTORY=25 -DNMM_NEST=0 -DWRF_CHEM -DBUILD_CHEM=1 -I. -traditional-cpp  cosqb1.F  > cosqb1.f90
/lib/cpp -P -nostdinc -DEM_CORE=1 -DNMM_CORE=0 -DNMM_MAX_DIM=2600 -DCOAMPS_CORE=0 -DDA_CORE=1 -DEXP_CORE=0 -DIWORDSIZE=4 -DDWORDSIZE=8 -DRWORDSIZE=8 -DLWORDSIZE=4 -DNONSTANDARD_SYSTEM_SUBR  -DWRF_USE_CLM -DBUFR   -DFFTPACK -DNORESHAPE -DDM_PARALLEL -DNETCDF -DCRTM -DHDF5 -DUSE_ALLOCATABLES -DGRIB1 -DINTIO -DKEEP_INT_AROUND -DLIMIT_ARGS -DCONFIG_BUF_LEN=65536 -DMAX_DOMAINS_F=21 -DMAX_HISTORY=25 -DNMM_NEST=0 -DWRF_CHEM -DBUILD_CHEM=1 -I. -traditional-cpp  costmi.F  > costmi.f90
/lib/cpp -P -nostdinc -DEM_CORE=1 -DNMM_CORE=0 -DNMM_MAX_DIM=2600 -DCOAMPS_CORE=0 -DDA_CORE=1 -DEXP_CORE=0 -DIWORDSIZE=4 -DDWORDSIZE=8 -DRWORDSIZE=8 -DLWORDSIZE=4 -DNONSTANDARD_SYSTEM_SUBR  -DWRF_USE_CLM -DBUFR   -DFFTPACK -DNORESHAPE -DDM_PARALLEL -DNETCDF -DCRTM -DHDF5 -DUSE_ALLOCATABLES -DGRIB1 -DINTIO -DKEEP_INT_AROUND -DLIMIT_ARGS -DCONFIG_BUF_LEN=65536 -DMAX_DOMAINS_F=21 -DMAX_HISTORY=25 -DNMM_NEST=0 -DWRF_CHEM -DBUILD_CHEM=1 -I. -traditional-cpp  dcosq1f.F  > dcosq1f.f90
/lib/cpp -P -nostdinc -DEM_CORE=1 -DNMM_CORE=0 -DNMM_MAX_DIM=2600 -DCOAMPS_CORE=0 -DDA_CORE=1 -DEXP_CORE=0 -DIWORDSIZE=4 -DDWORDSIZE=8 -DRWORDSIZE=8 -DLWORDSIZE=4 -DNONSTANDARD_SYSTEM_SUBR  -DWRF_USE_CLM -DBUFR   -DFFTPACK -DNORESHAPE -DDM_PARALLEL -DNETCDF -DCRTM -DHDF5 -DUSE_ALLOCATABLES -DGRIB1 -DINTIO -DKEEP_INT_AROUND -DLIMIT_ARGS -DCONFIG_BUF_LEN=65536 -DMAX_DOMAINS_F=21 -DMAX_HISTORY=25 -DNMM_NEST=0 -DWRF_CHEM -DBUILD_CHEM=1 -I. -traditional-cpp  dfftb1.F  > dfftb1.f90
/lib/cpp -P -nostdinc -DEM_CORE=1 -DNMM_CORE=0 -DNMM_MAX_DIM=2600 -DCOAMPS_CORE=0 -DDA_CORE=1 -DEXP_CORE=0 -DIWORDSIZE=4 -DDWORDSIZE=8 -DRWORDSIZE=8 -DLWORDSIZE=4 -DNONSTANDARD_SYSTEM_SUBR  -DWRF_USE_CLM -DBUFR   -DFFTPACK -DNORESHAPE -DDM_PARALLEL -DNETCDF -DCRTM -DHDF5 -DUSE_ALLOCATABLES -DGRIB1 -DINTIO -DKEEP_INT_AROUND -DLIMIT_ARGS -DCONFIG_BUF_LEN=65536 -DMAX_DOMAINS_F=21 -DMAX_HISTORY=25 -DNMM_NEST=0 -DWRF_CHEM -DBUILD_CHEM=1 -I. -traditional-cpp  mradb2.F  > mradb2.f90
/lib/cpp -P -nostdinc -DEM_CORE=1 -DNMM_CORE=0 -DNMM_MAX_DIM=2600 -DCOAMPS_CORE=0 -DDA_CORE=1 -DEXP_CORE=0 -DIWORDSIZE=4 -DDWORDSIZE=8 -DRWORDSIZE=8 -DLWORDSIZE=4 -DNONSTANDARD_SYSTEM_SUBR  -DWRF_USE_CLM -DBUFR   -DFFTPACK -DNORESHAPE -DDM_PARALLEL -DNETCDF -DCRTM -DHDF5 -DUSE_ALLOCATABLES -DGRIB1 -DINTIO -DKEEP_INT_AROUND -DLIMIT_ARGS -DCONFIG_BUF_LEN=65536 -DMAX_DOMAINS_F=21 -DMAX_HISTORY=25 -DNMM_NEST=0 -DWRF_CHEM -DBUILD_CHEM=1 -I. -traditional-cpp  mrfti1.F  > mrfti1.f90
/lib/cpp -P -nostdinc -DEM_CORE=1 -DNMM_CORE=0 -DNMM_MAX_DIM=2600 -DCOAMPS_CORE=0 -DDA_CORE=1 -DEXP_CORE=0 -DIWORDSIZE=4 -DDWORDSIZE=8 -DRWORDSIZE=8 -DLWORDSIZE=4 -DNONSTANDARD_SYSTEM_SUBR  -DWRF_USE_CLM -DBUFR   -DFFTPACK -DNORESHAPE -DDM_PARALLEL -DNETCDF -DCRTM -DHDF5 -DUSE_ALLOCATABLES -DGRIB1 -DINTIO -DKEEP_INT_AROUND -DLIMIT_ARGS -DCONFIG_BUF_LEN=65536 -DMAX_DOMAINS_F=21 -DMAX_HISTORY=25 -DNMM_NEST=0 -DWRF_CHEM -DBUILD_CHEM=1 -I. -traditional-cpp  r1fgkf.F  > r1fgkf.f90
gfortran -c -fdefault-real-8  -w -ffree-form -ffree-line-length-none -fconvert=big-endian -frecord-marker=4  dfftb1.f90
gfortran -c -fdefault-real-8  -w -ffree-form -ffree-line-length-none -fconvert=big-endian -frecord-marker=4  c1f2kb.f90
gfortran -c -fdefault-real-8  -w -ffree-form -ffree-line-length-none -fconvert=big-endian -frecord-marker=4  mradb2.f90
gfortran -c -fdefault-real-8  -w -ffree-form -ffree-line-length-none -fconvert=big-endian -frecord-marker=4  costmi.f90
gfortran -c -fdefault-real-8  -w -ffree-form -ffree-line-length-none -fconvert=big-endian -frecord-marker=4  cosqb1.f90
gfortran -c -fdefault-real-8  -w -ffree-form -ffree-line-length-none -fconvert=big-endian -frecord-marker=4  cfft1b.f90
gfortran -c -fdefault-real-8  -w -ffree-form -ffree-line-length-none -fconvert=big-endian -frecord-marker=4  r1fgkf.f90
gfortran -c -fdefault-real-8  -w -ffree-form -ffree-line-length-none -fconvert=big-endian -frecord-marker=4  cmf3kf.f90
gfortran -c -fdefault-real-8  -w -ffree-form -ffree-line-length-none -fconvert=big-endian -frecord-marker=4  dcosq1f.f90
gfortran -c -fdefault-real-8  -w -ffree-form -ffree-line-length-none -fconvert=big-endian -frecord-marker=4  mrfti1.f90
rm -f -f cfft1b.f90
/lib/cpp -P -nostdinc -DEM_CORE=1 -DNMM_CORE=0 -DNMM_MAX_DIM=2600 -DCOAMPS_CORE=0 -DDA_CORE=1 -DEXP_CORE=0 -DIWORDSIZE=4 -DDWORDSIZE=8 -DRWORDSIZE=8 -DLWORDSIZE=4 -DNONSTANDARD_SYSTEM_SUBR  -DWRF_USE_CLM -DBUFR   -DFFTPACK -DNORESHAPE -DDM_PARALLEL -DNETCDF -DCRTM -DHDF5 -DUSE_ALLOCATABLES -DGRIB1 -DINTIO -DKEEP_INT_AROUND -DLIMIT_ARGS -DCONFIG_BUF_LEN=65536 -DMAX_DOMAINS_F=21 -DMAX_HISTORY=25 -DNMM_NEST=0 -DWRF_CHEM -DBUILD_CHEM=1 -I. -traditional-cpp  rfft2i.F  > rfft2i.f90
rm -f -f dcosq1f.f90
/lib/cpp -P -nostdinc -DEM_CORE=1 -DNMM_CORE=0 -DNMM_MAX_DIM=2600 -DCOAMPS_CORE=0 -DDA_CORE=1 -DEXP_CORE=0 -DIWORDSIZE=4 -DDWORDSIZE=8 -DRWORDSIZE=8 -DLWORDSIZE=4 -DNONSTANDARD_SYSTEM_SUBR  -DWRF_USE_CLM -DBUFR   -DFFTPACK -DNORESHAPE -DDM_PARALLEL -DNETCDF -DCRTM -DHDF5 -DUSE_ALLOCATABLES -DGRIB1 -DINTIO -DKEEP_INT_AROUND -DLIMIT_ARGS -DCONFIG_BUF_LEN=65536 -DMAX_DOMAINS_F=21 -DMAX_HISTORY=25 -DNMM_NEST=0 -DWRF_CHEM -DBUILD_CHEM=1 -I. -traditional-cpp  sinqmi.F  > sinqmi.f90
rm -f -f cosqb1.f90
/lib/cpp -P -nostdinc -DEM_CORE=1 -DNMM_CORE=0 -DNMM_MAX_DIM=2600 -DCOAMPS_CORE=0 -DDA_CORE=1 -DEXP_CORE=0 -DIWORDSIZE=4 -DDWORDSIZE=8 -DRWORDSIZE=8 -DLWORDSIZE=4 -DNONSTANDARD_SYSTEM_SUBR  -DWRF_USE_CLM -DBUFR   -DFFTPACK -DNORESHAPE -DDM_PARALLEL -DNETCDF -DCRTM -DHDF5 -DUSE_ALLOCATABLES -DGRIB1 -DINTIO -DKEEP_INT_AROUND -DLIMIT_ARGS -DCONFIG_BUF_LEN=65536 -DMAX_DOMAINS_F=21 -DMAX_HISTORY=25 -DNMM_NEST=0 -DWRF_CHEM -DBUILD_CHEM=1 -I. -traditional-cpp  z1f2kf.F  > z1f2kf.f90
rm -f -f c1f2kb.f90
rm -f -f costmi.f90
/lib/cpp -P -nostdinc -DEM_CORE=1 -DNMM_CORE=0 -DNMM_MAX_DIM=2600 -DCOAMPS_CORE=0 -DDA_CORE=1 -DEXP_CORE=0 -DIWORDSIZE=4 -DDWORDSIZE=8 -DRWORDSIZE=8 -DLWORDSIZE=4 -DNONSTANDARD_SYSTEM_SUBR  -DWRF_USE_CLM -DBUFR   -DFFTPACK -DNORESHAPE -DDM_PARALLEL -DNETCDF -DCRTM -DHDF5 -DUSE_ALLOCATABLES -DGRIB1 -DINTIO -DKEEP_INT_AROUND -DLIMIT_ARGS -DCONFIG_BUF_LEN=65536 -DMAX_DOMAINS_F=21 -DMAX_HISTORY=25 -DNMM_NEST=0 -DWRF_CHEM -DBUILD_CHEM=1 -I. -traditional-cpp  zfft1f.F  > zfft1f.f90
rm -f -f mrfti1.f90
/lib/cpp -P -nostdinc -DEM_CORE=1 -DNMM_CORE=0 -DNMM_MAX_DIM=2600 -DCOAMPS_CORE=0 -DDA_CORE=1 -DEXP_CORE=0 -DIWORDSIZE=4 -DDWORDSIZE=8 -DRWORDSIZE=8 -DLWORDSIZE=4 -DNONSTANDARD_SYSTEM_SUBR  -DWRF_USE_CLM -DBUFR   -DFFTPACK -DNORESHAPE -DDM_PARALLEL -DNETCDF -DCRTM -DHDF5 -DUSE_ALLOCATABLES -DGRIB1 -DINTIO -DKEEP_INT_AROUND -DLIMIT_ARGS -DCONFIG_BUF_LEN=65536 -DMAX_DOMAINS_F=21 -DMAX_HISTORY=25 -DNMM_NEST=0 -DWRF_CHEM -DBUILD_CHEM=1 -I. -traditional-cpp  zmf4kb.F  > zmf4kb.f90
/lib/cpp -P -nostdinc -DEM_CORE=1 -DNMM_CORE=0 -DNMM_MAX_DIM=2600 -DCOAMPS_CORE=0 -DDA_CORE=1 -DEXP_CORE=0 -DIWORDSIZE=4 -DDWORDSIZE=8 -DRWORDSIZE=8 -DLWORDSIZE=4 -DNONSTANDARD_SYSTEM_SUBR  -DWRF_USE_CLM -DBUFR   -DFFTPACK -DNORESHAPE -DDM_PARALLEL -DNETCDF -DCRTM -DHDF5 -DUSE_ALLOCATABLES -DGRIB1 -DINTIO -DKEEP_INT_AROUND -DLIMIT_ARGS -DCONFIG_BUF_LEN=65536 -DMAX_DOMAINS_F=21 -DMAX_HISTORY=25 -DNMM_NEST=0 -DWRF_CHEM -DBUILD_CHEM=1 -I. -traditional-cpp  c1f2kf.F  > c1f2kf.f90
rm -f -f dfftb1.f90
/lib/cpp -P -nostdinc -DEM_CORE=1 -DNMM_CORE=0 -DNMM_MAX_DIM=2600 -DCOAMPS_CORE=0 -DDA_CORE=1 -DEXP_CORE=0 -DIWORDSIZE=4 -DDWORDSIZE=8 -DRWORDSIZE=8 -DLWORDSIZE=4 -DNONSTANDARD_SYSTEM_SUBR  -DWRF_USE_CLM -DBUFR   -DFFTPACK -DNORESHAPE -DDM_PARALLEL -DNETCDF -DCRTM -DHDF5 -DUSE_ALLOCATABLES -DGRIB1 -DINTIO -DKEEP_INT_AROUND -DLIMIT_ARGS -DCONFIG_BUF_LEN=65536 -DMAX_DOMAINS_F=21 -DMAX_HISTORY=25 -DNMM_NEST=0 -DWRF_CHEM -DBUILD_CHEM=1 -I. -traditional-cpp  cfft1f.F  > cfft1f.f90
rm -f -f mradb2.f90
gfortran -c -fdefault-real-8  -w -ffree-form -ffree-line-length-none -fconvert=big-endian -frecord-marker=4  sinqmi.f90
/lib/cpp -P -nostdinc -DEM_CORE=1 -DNMM_CORE=0 -DNMM_MAX_DIM=2600 -DCOAMPS_CORE=0 -DDA_CORE=1 -DEXP_CORE=0 -DIWORDSIZE=4 -DDWORDSIZE=8 -DRWORDSIZE=8 -DLWORDSIZE=4 -DNONSTANDARD_SYSTEM_SUBR  -DWRF_USE_CLM -DBUFR   -DFFTPACK -DNORESHAPE -DDM_PARALLEL -DNETCDF -DCRTM -DHDF5 -DUSE_ALLOCATABLES -DGRIB1 -DINTIO -DKEEP_INT_AROUND -DLIMIT_ARGS -DCONFIG_BUF_LEN=65536 -DMAX_DOMAINS_F=21 -DMAX_HISTORY=25 -DNMM_NEST=0 -DWRF_CHEM -DBUILD_CHEM=1 -I. -traditional-cpp  cmf4kb.F  > cmf4kb.f90
gfortran -c -fdefault-real-8  -w -ffree-form -ffree-line-length-none -fconvert=big-endian -frecord-marker=4  rfft2i.f90
gfortran -c -fdefault-real-8  -w -ffree-form -ffree-line-length-none -fconvert=big-endian -frecord-marker=4  z1f2kf.f90
gfortran -c -fdefault-real-8  -w -ffree-form -ffree-line-length-none -fconvert=big-endian -frecord-marker=4  zfft1f.f90
gfortran -c -fdefault-real-8  -w -ffree-form -ffree-line-length-none -fconvert=big-endian -frecord-marker=4  cfft1f.f90
gfortran -c -fdefault-real-8  -w -ffree-form -ffree-line-length-none -fconvert=big-endian -frecord-marker=4  c1f2kf.f90
gfortran -c -fdefault-real-8  -w -ffree-form -ffree-line-length-none -fconvert=big-endian -frecord-marker=4  zmf4kb.f90
gfortran -c -fdefault-real-8  -w -ffree-form -ffree-line-length-none -fconvert=big-endian -frecord-marker=4  cmf4kb.f90
rm -f -f cmf3kf.f90
rm -f -f r1fgkf.f90
/lib/cpp -P -nostdinc -DEM_CORE=1 -DNMM_CORE=0 -DNMM_MAX_DIM=2600 -DCOAMPS_CORE=0 -DDA_CORE=1 -DEXP_CORE=0 -DIWORDSIZE=4 -DDWORDSIZE=8 -DRWORDSIZE=8 -DLWORDSIZE=4 -DNONSTANDARD_SYSTEM_SUBR  -DWRF_USE_CLM -DBUFR   -DFFTPACK -DNORESHAPE -DDM_PARALLEL -DNETCDF -DCRTM -DHDF5 -DUSE_ALLOCATABLES -DGRIB1 -DINTIO -DKEEP_INT_AROUND -DLIMIT_ARGS -DCONFIG_BUF_LEN=65536 -DMAX_DOMAINS_F=21 -DMAX_HISTORY=25 -DNMM_NEST=0 -DWRF_CHEM -DBUILD_CHEM=1 -I. -traditional-cpp  cosqf1.F  > cosqf1.f90
/lib/cpp -P -nostdinc -DEM_CORE=1 -DNMM_CORE=0 -DNMM_MAX_DIM=2600 -DCOAMPS_CORE=0 -DDA_CORE=1 -DEXP_CORE=0 -DIWORDSIZE=4 -DDWORDSIZE=8 -DRWORDSIZE=8 -DLWORDSIZE=4 -DNONSTANDARD_SYSTEM_SUBR  -DWRF_USE_CLM -DBUFR   -DFFTPACK -DNORESHAPE -DDM_PARALLEL -DNETCDF -DCRTM -DHDF5 -DUSE_ALLOCATABLES -DGRIB1 -DINTIO -DKEEP_INT_AROUND -DLIMIT_ARGS -DCONFIG_BUF_LEN=65536 -DMAX_DOMAINS_F=21 -DMAX_HISTORY=25 -DNMM_NEST=0 -DWRF_CHEM -DBUILD_CHEM=1 -I. -traditional-cpp  d1f2kb.F  > d1f2kb.f90
gfortran -c -fdefault-real-8  -w -ffree-form -ffree-line-length-none -fconvert=big-endian -frecord-marker=4  d1f2kb.f90
gfortran -c -fdefault-real-8  -w -ffree-form -ffree-line-length-none -fconvert=big-endian -frecord-marker=4  cosqf1.f90
rm -f -f rfft2i.f90
rm -f -f sinqmi.f90
/lib/cpp -P -nostdinc -DEM_CORE=1 -DNMM_CORE=0 -DNMM_MAX_DIM=2600 -DCOAMPS_CORE=0 -DDA_CORE=1 -DEXP_CORE=0 -DIWORDSIZE=4 -DDWORDSIZE=8 -DRWORDSIZE=8 -DLWORDSIZE=4 -DNONSTANDARD_SYSTEM_SUBR  -DWRF_USE_CLM -DBUFR   -DFFTPACK -DNORESHAPE -DDM_PARALLEL -DNETCDF -DCRTM -DHDF5 -DUSE_ALLOCATABLES -DGRIB1 -DINTIO -DKEEP_INT_AROUND -DLIMIT_ARGS -DCONFIG_BUF_LEN=65536 -DMAX_DOMAINS_F=21 -DMAX_HISTORY=25 -DNMM_NEST=0 -DWRF_CHEM -DBUILD_CHEM=1 -I. -traditional-cpp  dcosq1i.F  > dcosq1i.f90
rm -f -f cfft1f.f90
/lib/cpp -P -nostdinc -DEM_CORE=1 -DNMM_CORE=0 -DNMM_MAX_DIM=2600 -DCOAMPS_CORE=0 -DDA_CORE=1 -DEXP_CORE=0 -DIWORDSIZE=4 -DDWORDSIZE=8 -DRWORDSIZE=8 -DLWORDSIZE=4 -DNONSTANDARD_SYSTEM_SUBR  -DWRF_USE_CLM -DBUFR   -DFFTPACK -DNORESHAPE -DDM_PARALLEL -DNETCDF -DCRTM -DHDF5 -DUSE_ALLOCATABLES -DGRIB1 -DINTIO -DKEEP_INT_AROUND -DLIMIT_ARGS -DCONFIG_BUF_LEN=65536 -DMAX_DOMAINS_F=21 -DMAX_HISTORY=25 -DNMM_NEST=0 -DWRF_CHEM -DBUILD_CHEM=1 -I. -traditional-cpp  dfftf1.F  > dfftf1.f90
/lib/cpp -P -nostdinc -DEM_CORE=1 -DNMM_CORE=0 -DNMM_MAX_DIM=2600 -DCOAMPS_CORE=0 -DDA_CORE=1 -DEXP_CORE=0 -DIWORDSIZE=4 -DDWORDSIZE=8 -DRWORDSIZE=8 -DLWORDSIZE=4 -DNONSTANDARD_SYSTEM_SUBR  -DWRF_USE_CLM -DBUFR   -DFFTPACK -DNORESHAPE -DDM_PARALLEL -DNETCDF -DCRTM -DHDF5 -DUSE_ALLOCATABLES -DGRIB1 -DINTIO -DKEEP_INT_AROUND -DLIMIT_ARGS -DCONFIG_BUF_LEN=65536 -DMAX_DOMAINS_F=21 -DMAX_HISTORY=25 -DNMM_NEST=0 -DWRF_CHEM -DBUILD_CHEM=1 -I. -traditional-cpp  mradb3.F  > mradb3.f90
rm -f -f z1f2kf.f90
/lib/cpp -P -nostdinc -DEM_CORE=1 -DNMM_CORE=0 -DNMM_MAX_DIM=2600 -DCOAMPS_CORE=0 -DDA_CORE=1 -DEXP_CORE=0 -DIWORDSIZE=4 -DDWORDSIZE=8 -DRWORDSIZE=8 -DLWORDSIZE=4 -DNONSTANDARD_SYSTEM_SUBR  -DWRF_USE_CLM -DBUFR   -DFFTPACK -DNORESHAPE -DDM_PARALLEL -DNETCDF -DCRTM -DHDF5 -DUSE_ALLOCATABLES -DGRIB1 -DINTIO -DKEEP_INT_AROUND -DLIMIT_ARGS -DCONFIG_BUF_LEN=65536 -DMAX_DOMAINS_F=21 -DMAX_HISTORY=25 -DNMM_NEST=0 -DWRF_CHEM -DBUILD_CHEM=1 -I. -traditional-cpp  msntb1.F  > msntb1.f90
gfortran -c -fdefault-real-8  -w -ffree-form -ffree-line-length-none -fconvert=big-endian -frecord-marker=4  dcosq1i.f90
gfortran -c -fdefault-real-8  -w -ffree-form -ffree-line-length-none -fconvert=big-endian -frecord-marker=4  mradb3.f90
gfortran -c -fdefault-real-8  -w -ffree-form -ffree-line-length-none -fconvert=big-endian -frecord-marker=4  dfftf1.f90
rm -f -f zfft1f.f90
/lib/cpp -P -nostdinc -DEM_CORE=1 -DNMM_CORE=0 -DNMM_MAX_DIM=2600 -DCOAMPS_CORE=0 -DDA_CORE=1 -DEXP_CORE=0 -DIWORDSIZE=4 -DDWORDSIZE=8 -DRWORDSIZE=8 -DLWORDSIZE=4 -DNONSTANDARD_SYSTEM_SUBR  -DWRF_USE_CLM -DBUFR   -DFFTPACK -DNORESHAPE -DDM_PARALLEL -DNETCDF -DCRTM -DHDF5 -DUSE_ALLOCATABLES -DGRIB1 -DINTIO -DKEEP_INT_AROUND -DLIMIT_ARGS -DCONFIG_BUF_LEN=65536 -DMAX_DOMAINS_F=21 -DMAX_HISTORY=25 -DNMM_NEST=0 -DWRF_CHEM -DBUILD_CHEM=1 -I. -traditional-cpp  r4_factor.F  > r4_factor.f90
gfortran -c -fdefault-real-8  -w -ffree-form -ffree-line-length-none -fconvert=big-endian -frecord-marker=4  msntb1.f90
rm -f -f zmf4kb.f90
rm -f -f c1f2kf.f90
gfortran -c -fdefault-real-8  -w -ffree-form -ffree-line-length-none -fconvert=big-endian -frecord-marker=4  r4_factor.f90
/lib/cpp -P -nostdinc -DEM_CORE=1 -DNMM_CORE=0 -DNMM_MAX_DIM=2600 -DCOAMPS_CORE=0 -DDA_CORE=1 -DEXP_CORE=0 -DIWORDSIZE=4 -DDWORDSIZE=8 -DRWORDSIZE=8 -DLWORDSIZE=4 -DNONSTANDARD_SYSTEM_SUBR  -DWRF_USE_CLM -DBUFR   -DFFTPACK -DNORESHAPE -DDM_PARALLEL -DNETCDF -DCRTM -DHDF5 -DUSE_ALLOCATABLES -DGRIB1 -DINTIO -DKEEP_INT_AROUND -DLIMIT_ARGS -DCONFIG_BUF_LEN=65536 -DMAX_DOMAINS_F=21 -DMAX_HISTORY=25 -DNMM_NEST=0 -DWRF_CHEM -DBUILD_CHEM=1 -I. -traditional-cpp  rfftb1.F  > rfftb1.f90
/lib/cpp -P -nostdinc -DEM_CORE=1 -DNMM_CORE=0 -DNMM_MAX_DIM=2600 -DCOAMPS_CORE=0 -DDA_CORE=1 -DEXP_CORE=0 -DIWORDSIZE=4 -DDWORDSIZE=8 -DRWORDSIZE=8 -DLWORDSIZE=4 -DNONSTANDARD_SYSTEM_SUBR  -DWRF_USE_CLM -DBUFR   -DFFTPACK -DNORESHAPE -DDM_PARALLEL -DNETCDF -DCRTM -DHDF5 -DUSE_ALLOCATABLES -DGRIB1 -DINTIO -DKEEP_INT_AROUND -DLIMIT_ARGS -DCONFIG_BUF_LEN=65536 -DMAX_DOMAINS_F=21 -DMAX_HISTORY=25 -DNMM_NEST=0 -DWRF_CHEM -DBUILD_CHEM=1 -I. -traditional-cpp  sint1b.F  > sint1b.f90
rm -f -f cmf4kb.f90
/lib/cpp -P -nostdinc -DEM_CORE=1 -DNMM_CORE=0 -DNMM_MAX_DIM=2600 -DCOAMPS_CORE=0 -DDA_CORE=1 -DEXP_CORE=0 -DIWORDSIZE=4 -DDWORDSIZE=8 -DRWORDSIZE=8 -DLWORDSIZE=4 -DNONSTANDARD_SYSTEM_SUBR  -DWRF_USE_CLM -DBUFR   -DFFTPACK -DNORESHAPE -DDM_PARALLEL -DNETCDF -DCRTM -DHDF5 -DUSE_ALLOCATABLES -DGRIB1 -DINTIO -DKEEP_INT_AROUND -DLIMIT_ARGS -DCONFIG_BUF_LEN=65536 -DMAX_DOMAINS_F=21 -DMAX_HISTORY=25 -DNMM_NEST=0 -DWRF_CHEM -DBUILD_CHEM=1 -I. -traditional-cpp  z1f3kb.F  > z1f3kb.f90
rm -f -f d1f2kb.f90
/lib/cpp -P -nostdinc -DEM_CORE=1 -DNMM_CORE=0 -DNMM_MAX_DIM=2600 -DCOAMPS_CORE=0 -DDA_CORE=1 -DEXP_CORE=0 -DIWORDSIZE=4 -DDWORDSIZE=8 -DRWORDSIZE=8 -DLWORDSIZE=4 -DNONSTANDARD_SYSTEM_SUBR  -DWRF_USE_CLM -DBUFR   -DFFTPACK -DNORESHAPE -DDM_PARALLEL -DNETCDF -DCRTM -DHDF5 -DUSE_ALLOCATABLES -DGRIB1 -DINTIO -DKEEP_INT_AROUND -DLIMIT_ARGS -DCONFIG_BUF_LEN=65536 -DMAX_DOMAINS_F=21 -DMAX_HISTORY=25 -DNMM_NEST=0 -DWRF_CHEM -DBUILD_CHEM=1 -I. -traditional-cpp  zfft1i.F  > zfft1i.f90
gfortran -c -fdefault-real-8  -w -ffree-form -ffree-line-length-none -fconvert=big-endian -frecord-marker=4  sint1b.f90
rm -f -f cosqf1.f90
gfortran -c -fdefault-real-8  -w -ffree-form -ffree-line-length-none -fconvert=big-endian -frecord-marker=4  rfftb1.f90
gfortran -c -fdefault-real-8  -w -ffree-form -ffree-line-length-none -fconvert=big-endian -frecord-marker=4  z1f3kb.f90
/lib/cpp -P -nostdinc -DEM_CORE=1 -DNMM_CORE=0 -DNMM_MAX_DIM=2600 -DCOAMPS_CORE=0 -DDA_CORE=1 -DEXP_CORE=0 -DIWORDSIZE=4 -DDWORDSIZE=8 -DRWORDSIZE=8 -DLWORDSIZE=4 -DNONSTANDARD_SYSTEM_SUBR  -DWRF_USE_CLM -DBUFR   -DFFTPACK -DNORESHAPE -DDM_PARALLEL -DNETCDF -DCRTM -DHDF5 -DUSE_ALLOCATABLES -DGRIB1 -DINTIO -DKEEP_INT_AROUND -DLIMIT_ARGS -DCONFIG_BUF_LEN=65536 -DMAX_DOMAINS_F=21 -DMAX_HISTORY=25 -DNMM_NEST=0 -DWRF_CHEM -DBUILD_CHEM=1 -I. -traditional-cpp  zmf4kf.F  > zmf4kf.f90
gfortran -c -fdefault-real-8  -w -ffree-form -ffree-line-length-none -fconvert=big-endian -frecord-marker=4  zfft1i.f90
gfortran -c -fdefault-real-8  -w -ffree-form -ffree-line-length-none -fconvert=big-endian -frecord-marker=4  zmf4kf.f90
rm -f -f dcosq1i.f90
/lib/cpp -P -nostdinc -DEM_CORE=1 -DNMM_CORE=0 -DNMM_MAX_DIM=2600 -DCOAMPS_CORE=0 -DDA_CORE=1 -DEXP_CORE=0 -DIWORDSIZE=4 -DDWORDSIZE=8 -DRWORDSIZE=8 -DLWORDSIZE=4 -DNONSTANDARD_SYSTEM_SUBR  -DWRF_USE_CLM -DBUFR   -DFFTPACK -DNORESHAPE -DDM_PARALLEL -DNETCDF -DCRTM -DHDF5 -DUSE_ALLOCATABLES -DGRIB1 -DINTIO -DKEEP_INT_AROUND -DLIMIT_ARGS -DCONFIG_BUF_LEN=65536 -DMAX_DOMAINS_F=21 -DMAX_HISTORY=25 -DNMM_NEST=0 -DWRF_CHEM -DBUILD_CHEM=1 -I. -traditional-cpp  c1f3kb.F  > c1f3kb.f90
gfortran -c -fdefault-real-8  -w -ffree-form -ffree-line-length-none -fconvert=big-endian -frecord-marker=4  c1f3kb.f90
rm -f -f dfftf1.f90
/lib/cpp -P -nostdinc -DEM_CORE=1 -DNMM_CORE=0 -DNMM_MAX_DIM=2600 -DCOAMPS_CORE=0 -DDA_CORE=1 -DEXP_CORE=0 -DIWORDSIZE=4 -DDWORDSIZE=8 -DRWORDSIZE=8 -DLWORDSIZE=4 -DNONSTANDARD_SYSTEM_SUBR  -DWRF_USE_CLM -DBUFR   -DFFTPACK -DNORESHAPE -DDM_PARALLEL -DNETCDF -DCRTM -DHDF5 -DUSE_ALLOCATABLES -DGRIB1 -DINTIO -DKEEP_INT_AROUND -DLIMIT_ARGS -DCONFIG_BUF_LEN=65536 -DMAX_DOMAINS_F=21 -DMAX_HISTORY=25 -DNMM_NEST=0 -DWRF_CHEM -DBUILD_CHEM=1 -I. -traditional-cpp  cfft1i.F  > cfft1i.f90
rm -f -f r4_factor.f90
/lib/cpp -P -nostdinc -DEM_CORE=1 -DNMM_CORE=0 -DNMM_MAX_DIM=2600 -DCOAMPS_CORE=0 -DDA_CORE=1 -DEXP_CORE=0 -DIWORDSIZE=4 -DDWORDSIZE=8 -DRWORDSIZE=8 -DLWORDSIZE=4 -DNONSTANDARD_SYSTEM_SUBR  -DWRF_USE_CLM -DBUFR   -DFFTPACK -DNORESHAPE -DDM_PARALLEL -DNETCDF -DCRTM -DHDF5 -DUSE_ALLOCATABLES -DGRIB1 -DINTIO -DKEEP_INT_AROUND -DLIMIT_ARGS -DCONFIG_BUF_LEN=65536 -DMAX_DOMAINS_F=21 -DMAX_HISTORY=25 -DNMM_NEST=0 -DWRF_CHEM -DBUILD_CHEM=1 -I. -traditional-cpp  cmf4kf.F  > cmf4kf.f90
rm -f -f msntb1.f90
rm -f -f mradb3.f90
/lib/cpp -P -nostdinc -DEM_CORE=1 -DNMM_CORE=0 -DNMM_MAX_DIM=2600 -DCOAMPS_CORE=0 -DDA_CORE=1 -DEXP_CORE=0 -DIWORDSIZE=4 -DDWORDSIZE=8 -DRWORDSIZE=8 -DLWORDSIZE=4 -DNONSTANDARD_SYSTEM_SUBR  -DWRF_USE_CLM -DBUFR   -DFFTPACK -DNORESHAPE -DDM_PARALLEL -DNETCDF -DCRTM -DHDF5 -DUSE_ALLOCATABLES -DGRIB1 -DINTIO -DKEEP_INT_AROUND -DLIMIT_ARGS -DCONFIG_BUF_LEN=65536 -DMAX_DOMAINS_F=21 -DMAX_HISTORY=25 -DNMM_NEST=0 -DWRF_CHEM -DBUILD_CHEM=1 -I. -traditional-cpp  cosqmb.F  > cosqmb.f90
/lib/cpp -P -nostdinc -DEM_CORE=1 -DNMM_CORE=0 -DNMM_MAX_DIM=2600 -DCOAMPS_CORE=0 -DDA_CORE=1 -DEXP_CORE=0 -DIWORDSIZE=4 -DDWORDSIZE=8 -DRWORDSIZE=8 -DLWORDSIZE=4 -DNONSTANDARD_SYSTEM_SUBR  -DWRF_USE_CLM -DBUFR   -DFFTPACK -DNORESHAPE -DDM_PARALLEL -DNETCDF -DCRTM -DHDF5 -DUSE_ALLOCATABLES -DGRIB1 -DINTIO -DKEEP_INT_AROUND -DLIMIT_ARGS -DCONFIG_BUF_LEN=65536 -DMAX_DOMAINS_F=21 -DMAX_HISTORY=25 -DNMM_NEST=0 -DWRF_CHEM -DBUILD_CHEM=1 -I. -traditional-cpp  d1f2kf.F  > d1f2kf.f90
gfortran -c -fdefault-real-8  -w -ffree-form -ffree-line-length-none -fconvert=big-endian -frecord-marker=4  cfft1i.f90
rm -f -f sint1b.f90
rm -f -f zfft1i.f90
/lib/cpp -P -nostdinc -DEM_CORE=1 -DNMM_CORE=0 -DNMM_MAX_DIM=2600 -DCOAMPS_CORE=0 -DDA_CORE=1 -DEXP_CORE=0 -DIWORDSIZE=4 -DDWORDSIZE=8 -DRWORDSIZE=8 -DLWORDSIZE=4 -DNONSTANDARD_SYSTEM_SUBR  -DWRF_USE_CLM -DBUFR   -DFFTPACK -DNORESHAPE -DDM_PARALLEL -DNETCDF -DCRTM -DHDF5 -DUSE_ALLOCATABLES -DGRIB1 -DINTIO -DKEEP_INT_AROUND -DLIMIT_ARGS -DCONFIG_BUF_LEN=65536 -DMAX_DOMAINS_F=21 -DMAX_HISTORY=25 -DNMM_NEST=0 -DWRF_CHEM -DBUILD_CHEM=1 -I. -traditional-cpp  dcosqb1.F  > dcosqb1.f90
gfortran -c -fdefault-real-8  -w -ffree-form -ffree-line-length-none -fconvert=big-endian -frecord-marker=4  cmf4kf.f90
/lib/cpp -P -nostdinc -DEM_CORE=1 -DNMM_CORE=0 -DNMM_MAX_DIM=2600 -DCOAMPS_CORE=0 -DDA_CORE=1 -DEXP_CORE=0 -DIWORDSIZE=4 -DDWORDSIZE=8 -DRWORDSIZE=8 -DLWORDSIZE=4 -DNONSTANDARD_SYSTEM_SUBR  -DWRF_USE_CLM -DBUFR   -DFFTPACK -DNORESHAPE -DDM_PARALLEL -DNETCDF -DCRTM -DHDF5 -DUSE_ALLOCATABLES -DGRIB1 -DINTIO -DKEEP_INT_AROUND -DLIMIT_ARGS -DCONFIG_BUF_LEN=65536 -DMAX_DOMAINS_F=21 -DMAX_HISTORY=25 -DNMM_NEST=0 -DWRF_CHEM -DBUILD_CHEM=1 -I. -traditional-cpp  dffti1.F  > dffti1.f90
gfortran -c -fdefault-real-8  -w -ffree-form -ffree-line-length-none -fconvert=big-endian -frecord-marker=4  cosqmb.f90
rm -f -f z1f3kb.f90
rm -f -f rfftb1.f90
/lib/cpp -P -nostdinc -DEM_CORE=1 -DNMM_CORE=0 -DNMM_MAX_DIM=2600 -DCOAMPS_CORE=0 -DDA_CORE=1 -DEXP_CORE=0 -DIWORDSIZE=4 -DDWORDSIZE=8 -DRWORDSIZE=8 -DLWORDSIZE=4 -DNONSTANDARD_SYSTEM_SUBR  -DWRF_USE_CLM -DBUFR   -DFFTPACK -DNORESHAPE -DDM_PARALLEL -DNETCDF -DCRTM -DHDF5 -DUSE_ALLOCATABLES -DGRIB1 -DINTIO -DKEEP_INT_AROUND -DLIMIT_ARGS -DCONFIG_BUF_LEN=65536 -DMAX_DOMAINS_F=21 -DMAX_HISTORY=25 -DNMM_NEST=0 -DWRF_CHEM -DBUILD_CHEM=1 -I. -traditional-cpp  mradb4.F  > mradb4.f90
/lib/cpp -P -nostdinc -DEM_CORE=1 -DNMM_CORE=0 -DNMM_MAX_DIM=2600 -DCOAMPS_CORE=0 -DDA_CORE=1 -DEXP_CORE=0 -DIWORDSIZE=4 -DDWORDSIZE=8 -DRWORDSIZE=8 -DLWORDSIZE=4 -DNONSTANDARD_SYSTEM_SUBR  -DWRF_USE_CLM -DBUFR   -DFFTPACK -DNORESHAPE -DDM_PARALLEL -DNETCDF -DCRTM -DHDF5 -DUSE_ALLOCATABLES -DGRIB1 -DINTIO -DKEEP_INT_AROUND -DLIMIT_ARGS -DCONFIG_BUF_LEN=65536 -DMAX_DOMAINS_F=21 -DMAX_HISTORY=25 -DNMM_NEST=0 -DWRF_CHEM -DBUILD_CHEM=1 -I. -traditional-cpp  msntf1.F  > msntf1.f90
gfortran -c -fdefault-real-8  -w -ffree-form -ffree-line-length-none -fconvert=big-endian -frecord-marker=4  d1f2kf.f90
gfortran -c -fdefault-real-8  -w -ffree-form -ffree-line-length-none -fconvert=big-endian -frecord-marker=4  dcosqb1.f90
gfortran -c -fdefault-real-8  -w -ffree-form -ffree-line-length-none -fconvert=big-endian -frecord-marker=4  dffti1.f90
gfortran -c -fdefault-real-8  -w -ffree-form -ffree-line-length-none -fconvert=big-endian -frecord-marker=4  mradb4.f90
gfortran -c -fdefault-real-8  -w -ffree-form -ffree-line-length-none -fconvert=big-endian -frecord-marker=4  msntf1.f90
rm -f -f zmf4kf.f90
/lib/cpp -P -nostdinc -DEM_CORE=1 -DNMM_CORE=0 -DNMM_MAX_DIM=2600 -DCOAMPS_CORE=0 -DDA_CORE=1 -DEXP_CORE=0 -DIWORDSIZE=4 -DDWORDSIZE=8 -DRWORDSIZE=8 -DLWORDSIZE=4 -DNONSTANDARD_SYSTEM_SUBR  -DWRF_USE_CLM -DBUFR   -DFFTPACK -DNORESHAPE -DDM_PARALLEL -DNETCDF -DCRTM -DHDF5 -DUSE_ALLOCATABLES -DGRIB1 -DINTIO -DKEEP_INT_AROUND -DLIMIT_ARGS -DCONFIG_BUF_LEN=65536 -DMAX_DOMAINS_F=21 -DMAX_HISTORY=25 -DNMM_NEST=0 -DWRF_CHEM -DBUILD_CHEM=1 -I. -traditional-cpp  r4_mcfti1.F  > r4_mcfti1.f90
rm -f -f c1f3kb.f90
/lib/cpp -P -nostdinc -DEM_CORE=1 -DNMM_CORE=0 -DNMM_MAX_DIM=2600 -DCOAMPS_CORE=0 -DDA_CORE=1 -DEXP_CORE=0 -DIWORDSIZE=4 -DDWORDSIZE=8 -DRWORDSIZE=8 -DLWORDSIZE=4 -DNONSTANDARD_SYSTEM_SUBR  -DWRF_USE_CLM -DBUFR   -DFFTPACK -DNORESHAPE -DDM_PARALLEL -DNETCDF -DCRTM -DHDF5 -DUSE_ALLOCATABLES -DGRIB1 -DINTIO -DKEEP_INT_AROUND -DLIMIT_ARGS -DCONFIG_BUF_LEN=65536 -DMAX_DOMAINS_F=21 -DMAX_HISTORY=25 -DNMM_NEST=0 -DWRF_CHEM -DBUILD_CHEM=1 -I. -traditional-cpp  rfftf1.F  > rfftf1.f90
rm -f -f cfft1i.f90
/lib/cpp -P -nostdinc -DEM_CORE=1 -DNMM_CORE=0 -DNMM_MAX_DIM=2600 -DCOAMPS_CORE=0 -DDA_CORE=1 -DEXP_CORE=0 -DIWORDSIZE=4 -DDWORDSIZE=8 -DRWORDSIZE=8 -DLWORDSIZE=4 -DNONSTANDARD_SYSTEM_SUBR  -DWRF_USE_CLM -DBUFR   -DFFTPACK -DNORESHAPE -DDM_PARALLEL -DNETCDF -DCRTM -DHDF5 -DUSE_ALLOCATABLES -DGRIB1 -DINTIO -DKEEP_INT_AROUND -DLIMIT_ARGS -DCONFIG_BUF_LEN=65536 -DMAX_DOMAINS_F=21 -DMAX_HISTORY=25 -DNMM_NEST=0 -DWRF_CHEM -DBUILD_CHEM=1 -I. -traditional-cpp  sint1f.F  > sint1f.f90
gfortran -c -fdefault-real-8  -w -ffree-form -ffree-line-length-none -fconvert=big-endian -frecord-marker=4  r4_mcfti1.f90
rm -f -f cosqmb.f90
gfortran -c -fdefault-real-8  -w -ffree-form -ffree-line-length-none -fconvert=big-endian -frecord-marker=4  rfftf1.f90
/lib/cpp -P -nostdinc -DEM_CORE=1 -DNMM_CORE=0 -DNMM_MAX_DIM=2600 -DCOAMPS_CORE=0 -DDA_CORE=1 -DEXP_CORE=0 -DIWORDSIZE=4 -DDWORDSIZE=8 -DRWORDSIZE=8 -DLWORDSIZE=4 -DNONSTANDARD_SYSTEM_SUBR  -DWRF_USE_CLM -DBUFR   -DFFTPACK -DNORESHAPE -DDM_PARALLEL -DNETCDF -DCRTM -DHDF5 -DUSE_ALLOCATABLES -DGRIB1 -DINTIO -DKEEP_INT_AROUND -DLIMIT_ARGS -DCONFIG_BUF_LEN=65536 -DMAX_DOMAINS_F=21 -DMAX_HISTORY=25 -DNMM_NEST=0 -DWRF_CHEM -DBUILD_CHEM=1 -I. -traditional-cpp  z1f3kf.F  > z1f3kf.f90
gfortran -c -fdefault-real-8  -w -ffree-form -ffree-line-length-none -fconvert=big-endian -frecord-marker=4  sint1f.f90
rm -f -f dcosqb1.f90
rm -f -f d1f2kf.f90
rm -f -f dffti1.f90
/lib/cpp -P -nostdinc -DEM_CORE=1 -DNMM_CORE=0 -DNMM_MAX_DIM=2600 -DCOAMPS_CORE=0 -DDA_CORE=1 -DEXP_CORE=0 -DIWORDSIZE=4 -DDWORDSIZE=8 -DRWORDSIZE=8 -DLWORDSIZE=4 -DNONSTANDARD_SYSTEM_SUBR  -DWRF_USE_CLM -DBUFR   -DFFTPACK -DNORESHAPE -DDM_PARALLEL -DNETCDF -DCRTM -DHDF5 -DUSE_ALLOCATABLES -DGRIB1 -DINTIO -DKEEP_INT_AROUND -DLIMIT_ARGS -DCONFIG_BUF_LEN=65536 -DMAX_DOMAINS_F=21 -DMAX_HISTORY=25 -DNMM_NEST=0 -DWRF_CHEM -DBUILD_CHEM=1 -I. -traditional-cpp  zfft2b.F  > zfft2b.f90
/lib/cpp -P -nostdinc -DEM_CORE=1 -DNMM_CORE=0 -DNMM_MAX_DIM=2600 -DCOAMPS_CORE=0 -DDA_CORE=1 -DEXP_CORE=0 -DIWORDSIZE=4 -DDWORDSIZE=8 -DRWORDSIZE=8 -DLWORDSIZE=4 -DNONSTANDARD_SYSTEM_SUBR  -DWRF_USE_CLM -DBUFR   -DFFTPACK -DNORESHAPE -DDM_PARALLEL -DNETCDF -DCRTM -DHDF5 -DUSE_ALLOCATABLES -DGRIB1 -DINTIO -DKEEP_INT_AROUND -DLIMIT_ARGS -DCONFIG_BUF_LEN=65536 -DMAX_DOMAINS_F=21 -DMAX_HISTORY=25 -DNMM_NEST=0 -DWRF_CHEM -DBUILD_CHEM=1 -I. -traditional-cpp  zmf5kb.F  > zmf5kb.f90
/lib/cpp -P -nostdinc -DEM_CORE=1 -DNMM_CORE=0 -DNMM_MAX_DIM=2600 -DCOAMPS_CORE=0 -DDA_CORE=1 -DEXP_CORE=0 -DIWORDSIZE=4 -DDWORDSIZE=8 -DRWORDSIZE=8 -DLWORDSIZE=4 -DNONSTANDARD_SYSTEM_SUBR  -DWRF_USE_CLM -DBUFR   -DFFTPACK -DNORESHAPE -DDM_PARALLEL -DNETCDF -DCRTM -DHDF5 -DUSE_ALLOCATABLES -DGRIB1 -DINTIO -DKEEP_INT_AROUND -DLIMIT_ARGS -DCONFIG_BUF_LEN=65536 -DMAX_DOMAINS_F=21 -DMAX_HISTORY=25 -DNMM_NEST=0 -DWRF_CHEM -DBUILD_CHEM=1 -I. -traditional-cpp  c1f3kf.F  > c1f3kf.f90
gfortran -c -fdefault-real-8  -w -ffree-form -ffree-line-length-none -fconvert=big-endian -frecord-marker=4  z1f3kf.f90
rm -f -f msntf1.f90
/lib/cpp -P -nostdinc -DEM_CORE=1 -DNMM_CORE=0 -DNMM_MAX_DIM=2600 -DCOAMPS_CORE=0 -DDA_CORE=1 -DEXP_CORE=0 -DIWORDSIZE=4 -DDWORDSIZE=8 -DRWORDSIZE=8 -DLWORDSIZE=4 -DNONSTANDARD_SYSTEM_SUBR  -DWRF_USE_CLM -DBUFR   -DFFTPACK -DNORESHAPE -DDM_PARALLEL -DNETCDF -DCRTM -DHDF5 -DUSE_ALLOCATABLES -DGRIB1 -DINTIO -DKEEP_INT_AROUND -DLIMIT_ARGS -DCONFIG_BUF_LEN=65536 -DMAX_DOMAINS_F=21 -DMAX_HISTORY=25 -DNMM_NEST=0 -DWRF_CHEM -DBUILD_CHEM=1 -I. -traditional-cpp  cfft2b.F  > cfft2b.f90
gfortran -c -fdefault-real-8  -w -ffree-form -ffree-line-length-none -fconvert=big-endian -frecord-marker=4  zfft2b.f90
rm -f -f cmf4kf.f90
gfortran -c -fdefault-real-8  -w -ffree-form -ffree-line-length-none -fconvert=big-endian -frecord-marker=4  zmf5kb.f90
gfortran -c -fdefault-real-8  -w -ffree-form -ffree-line-length-none -fconvert=big-endian -frecord-marker=4  c1f3kf.f90
/lib/cpp -P -nostdinc -DEM_CORE=1 -DNMM_CORE=0 -DNMM_MAX_DIM=2600 -DCOAMPS_CORE=0 -DDA_CORE=1 -DEXP_CORE=0 -DIWORDSIZE=4 -DDWORDSIZE=8 -DRWORDSIZE=8 -DLWORDSIZE=4 -DNONSTANDARD_SYSTEM_SUBR  -DWRF_USE_CLM -DBUFR   -DFFTPACK -DNORESHAPE -DDM_PARALLEL -DNETCDF -DCRTM -DHDF5 -DUSE_ALLOCATABLES -DGRIB1 -DINTIO -DKEEP_INT_AROUND -DLIMIT_ARGS -DCONFIG_BUF_LEN=65536 -DMAX_DOMAINS_F=21 -DMAX_HISTORY=25 -DNMM_NEST=0 -DWRF_CHEM -DBUILD_CHEM=1 -I. -traditional-cpp  cmf5kb.F  > cmf5kb.f90
gfortran -c -fdefault-real-8  -w -ffree-form -ffree-line-length-none -fconvert=big-endian -frecord-marker=4  cfft2b.f90
rm -f -f mradb4.f90
/lib/cpp -P -nostdinc -DEM_CORE=1 -DNMM_CORE=0 -DNMM_MAX_DIM=2600 -DCOAMPS_CORE=0 -DDA_CORE=1 -DEXP_CORE=0 -DIWORDSIZE=4 -DDWORDSIZE=8 -DRWORDSIZE=8 -DLWORDSIZE=4 -DNONSTANDARD_SYSTEM_SUBR  -DWRF_USE_CLM -DBUFR   -DFFTPACK -DNORESHAPE -DDM_PARALLEL -DNETCDF -DCRTM -DHDF5 -DUSE_ALLOCATABLES -DGRIB1 -DINTIO -DKEEP_INT_AROUND -DLIMIT_ARGS -DCONFIG_BUF_LEN=65536 -DMAX_DOMAINS_F=21 -DMAX_HISTORY=25 -DNMM_NEST=0 -DWRF_CHEM -DBUILD_CHEM=1 -I. -traditional-cpp  cosqmf.F  > cosqmf.f90
gfortran -c -fdefault-real-8  -w -ffree-form -ffree-line-length-none -fconvert=big-endian -frecord-marker=4  cmf5kb.f90
rm -f -f r4_mcfti1.f90
/lib/cpp -P -nostdinc -DEM_CORE=1 -DNMM_CORE=0 -DNMM_MAX_DIM=2600 -DCOAMPS_CORE=0 -DDA_CORE=1 -DEXP_CORE=0 -DIWORDSIZE=4 -DDWORDSIZE=8 -DRWORDSIZE=8 -DLWORDSIZE=4 -DNONSTANDARD_SYSTEM_SUBR  -DWRF_USE_CLM -DBUFR   -DFFTPACK -DNORESHAPE -DDM_PARALLEL -DNETCDF -DCRTM -DHDF5 -DUSE_ALLOCATABLES -DGRIB1 -DINTIO -DKEEP_INT_AROUND -DLIMIT_ARGS -DCONFIG_BUF_LEN=65536 -DMAX_DOMAINS_F=21 -DMAX_HISTORY=25 -DNMM_NEST=0 -DWRF_CHEM -DBUILD_CHEM=1 -I. -traditional-cpp  d1f3kb.F  > d1f3kb.f90
gfortran -c -fdefault-real-8  -w -ffree-form -ffree-line-length-none -fconvert=big-endian -frecord-marker=4  cosqmf.f90
rm -f -f sint1f.f90
gfortran -c -fdefault-real-8  -w -ffree-form -ffree-line-length-none -fconvert=big-endian -frecord-marker=4  d1f3kb.f90
/lib/cpp -P -nostdinc -DEM_CORE=1 -DNMM_CORE=0 -DNMM_MAX_DIM=2600 -DCOAMPS_CORE=0 -DDA_CORE=1 -DEXP_CORE=0 -DIWORDSIZE=4 -DDWORDSIZE=8 -DRWORDSIZE=8 -DLWORDSIZE=4 -DNONSTANDARD_SYSTEM_SUBR  -DWRF_USE_CLM -DBUFR   -DFFTPACK -DNORESHAPE -DDM_PARALLEL -DNETCDF -DCRTM -DHDF5 -DUSE_ALLOCATABLES -DGRIB1 -DINTIO -DKEEP_INT_AROUND -DLIMIT_ARGS -DCONFIG_BUF_LEN=65536 -DMAX_DOMAINS_F=21 -DMAX_HISTORY=25 -DNMM_NEST=0 -DWRF_CHEM -DBUILD_CHEM=1 -I. -traditional-cpp  dcosqf1.F  > dcosqf1.f90
rm -f -f rfftf1.f90
/lib/cpp -P -nostdinc -DEM_CORE=1 -DNMM_CORE=0 -DNMM_MAX_DIM=2600 -DCOAMPS_CORE=0 -DDA_CORE=1 -DEXP_CORE=0 -DIWORDSIZE=4 -DDWORDSIZE=8 -DRWORDSIZE=8 -DLWORDSIZE=4 -DNONSTANDARD_SYSTEM_SUBR  -DWRF_USE_CLM -DBUFR   -DFFTPACK -DNORESHAPE -DDM_PARALLEL -DNETCDF -DCRTM -DHDF5 -DUSE_ALLOCATABLES -DGRIB1 -DINTIO -DKEEP_INT_AROUND -DLIMIT_ARGS -DCONFIG_BUF_LEN=65536 -DMAX_DOMAINS_F=21 -DMAX_HISTORY=25 -DNMM_NEST=0 -DWRF_CHEM -DBUILD_CHEM=1 -I. -traditional-cpp  dsint1b.F  > dsint1b.f90
gfortran -c -fdefault-real-8  -w -ffree-form -ffree-line-length-none -fconvert=big-endian -frecord-marker=4  dcosqf1.f90
gfortran -c -fdefault-real-8  -w -ffree-form -ffree-line-length-none -fconvert=big-endian -frecord-marker=4  dsint1b.f90
rm -f -f zfft2b.f90
/lib/cpp -P -nostdinc -DEM_CORE=1 -DNMM_CORE=0 -DNMM_MAX_DIM=2600 -DCOAMPS_CORE=0 -DDA_CORE=1 -DEXP_CORE=0 -DIWORDSIZE=4 -DDWORDSIZE=8 -DRWORDSIZE=8 -DLWORDSIZE=4 -DNONSTANDARD_SYSTEM_SUBR  -DWRF_USE_CLM -DBUFR   -DFFTPACK -DNORESHAPE -DDM_PARALLEL -DNETCDF -DCRTM -DHDF5 -DUSE_ALLOCATABLES -DGRIB1 -DINTIO -DKEEP_INT_AROUND -DLIMIT_ARGS -DCONFIG_BUF_LEN=65536 -DMAX_DOMAINS_F=21 -DMAX_HISTORY=25 -DNMM_NEST=0 -DWRF_CHEM -DBUILD_CHEM=1 -I. -traditional-cpp  mradb5.F  > mradb5.f90
rm -f -f z1f3kf.f90
rm -f -f cfft2b.f90
/lib/cpp -P -nostdinc -DEM_CORE=1 -DNMM_CORE=0 -DNMM_MAX_DIM=2600 -DCOAMPS_CORE=0 -DDA_CORE=1 -DEXP_CORE=0 -DIWORDSIZE=4 -DDWORDSIZE=8 -DRWORDSIZE=8 -DLWORDSIZE=4 -DNONSTANDARD_SYSTEM_SUBR  -DWRF_USE_CLM -DBUFR   -DFFTPACK -DNORESHAPE -DDM_PARALLEL -DNETCDF -DCRTM -DHDF5 -DUSE_ALLOCATABLES -DGRIB1 -DINTIO -DKEEP_INT_AROUND -DLIMIT_ARGS -DCONFIG_BUF_LEN=65536 -DMAX_DOMAINS_F=21 -DMAX_HISTORY=25 -DNMM_NEST=0 -DWRF_CHEM -DBUILD_CHEM=1 -I. -traditional-cpp  r1f2kb.F  > r1f2kb.f90
/lib/cpp -P -nostdinc -DEM_CORE=1 -DNMM_CORE=0 -DNMM_MAX_DIM=2600 -DCOAMPS_CORE=0 -DDA_CORE=1 -DEXP_CORE=0 -DIWORDSIZE=4 -DDWORDSIZE=8 -DRWORDSIZE=8 -DLWORDSIZE=4 -DNONSTANDARD_SYSTEM_SUBR  -DWRF_USE_CLM -DBUFR   -DFFTPACK -DNORESHAPE -DDM_PARALLEL -DNETCDF -DCRTM -DHDF5 -DUSE_ALLOCATABLES -DGRIB1 -DINTIO -DKEEP_INT_AROUND -DLIMIT_ARGS -DCONFIG_BUF_LEN=65536 -DMAX_DOMAINS_F=21 -DMAX_HISTORY=25 -DNMM_NEST=0 -DWRF_CHEM -DBUILD_CHEM=1 -I. -traditional-cpp  r4_tables.F  > r4_tables.f90
gfortran -c -fdefault-real-8  -w -ffree-form -ffree-line-length-none -fconvert=big-endian -frecord-marker=4  mradb5.f90
gfortran -c -fdefault-real-8  -w -ffree-form -ffree-line-length-none -fconvert=big-endian -frecord-marker=4  r1f2kb.f90
rm -f -f cosqmf.f90
rm -f -f c1f3kf.f90
/lib/cpp -P -nostdinc -DEM_CORE=1 -DNMM_CORE=0 -DNMM_MAX_DIM=2600 -DCOAMPS_CORE=0 -DDA_CORE=1 -DEXP_CORE=0 -DIWORDSIZE=4 -DDWORDSIZE=8 -DRWORDSIZE=8 -DLWORDSIZE=4 -DNONSTANDARD_SYSTEM_SUBR  -DWRF_USE_CLM -DBUFR   -DFFTPACK -DNORESHAPE -DDM_PARALLEL -DNETCDF -DCRTM -DHDF5 -DUSE_ALLOCATABLES -DGRIB1 -DINTIO -DKEEP_INT_AROUND -DLIMIT_ARGS -DCONFIG_BUF_LEN=65536 -DMAX_DOMAINS_F=21 -DMAX_HISTORY=25 -DNMM_NEST=0 -DWRF_CHEM -DBUILD_CHEM=1 -I. -traditional-cpp  rffti1.F  > rffti1.f90
/lib/cpp -P -nostdinc -DEM_CORE=1 -DNMM_CORE=0 -DNMM_MAX_DIM=2600 -DCOAMPS_CORE=0 -DDA_CORE=1 -DEXP_CORE=0 -DIWORDSIZE=4 -DDWORDSIZE=8 -DRWORDSIZE=8 -DLWORDSIZE=4 -DNONSTANDARD_SYSTEM_SUBR  -DWRF_USE_CLM -DBUFR   -DFFTPACK -DNORESHAPE -DDM_PARALLEL -DNETCDF -DCRTM -DHDF5 -DUSE_ALLOCATABLES -DGRIB1 -DINTIO -DKEEP_INT_AROUND -DLIMIT_ARGS -DCONFIG_BUF_LEN=65536 -DMAX_DOMAINS_F=21 -DMAX_HISTORY=25 -DNMM_NEST=0 -DWRF_CHEM -DBUILD_CHEM=1 -I. -traditional-cpp  sint1i.F  > sint1i.f90
gfortran -c -fdefault-real-8  -w -ffree-form -ffree-line-length-none -fconvert=big-endian -frecord-marker=4  r4_tables.f90
rm -f -f zmf5kb.f90
/lib/cpp -P -nostdinc -DEM_CORE=1 -DNMM_CORE=0 -DNMM_MAX_DIM=2600 -DCOAMPS_CORE=0 -DDA_CORE=1 -DEXP_CORE=0 -DIWORDSIZE=4 -DDWORDSIZE=8 -DRWORDSIZE=8 -DLWORDSIZE=4 -DNONSTANDARD_SYSTEM_SUBR  -DWRF_USE_CLM -DBUFR   -DFFTPACK -DNORESHAPE -DDM_PARALLEL -DNETCDF -DCRTM -DHDF5 -DUSE_ALLOCATABLES -DGRIB1 -DINTIO -DKEEP_INT_AROUND -DLIMIT_ARGS -DCONFIG_BUF_LEN=65536 -DMAX_DOMAINS_F=21 -DMAX_HISTORY=25 -DNMM_NEST=0 -DWRF_CHEM -DBUILD_CHEM=1 -I. -traditional-cpp  z1f4kb.F  > z1f4kb.f90
gfortran -c -fdefault-real-8  -w -ffree-form -ffree-line-length-none -fconvert=big-endian -frecord-marker=4  rffti1.f90
gfortran -c -fdefault-real-8  -w -ffree-form -ffree-line-length-none -fconvert=big-endian -frecord-marker=4  sint1i.f90
gfortran -c -fdefault-real-8  -w -ffree-form -ffree-line-length-none -fconvert=big-endian -frecord-marker=4  z1f4kb.f90
rm -f -f d1f3kb.f90
rm -f -f cmf5kb.f90
/lib/cpp -P -nostdinc -DEM_CORE=1 -DNMM_CORE=0 -DNMM_MAX_DIM=2600 -DCOAMPS_CORE=0 -DDA_CORE=1 -DEXP_CORE=0 -DIWORDSIZE=4 -DDWORDSIZE=8 -DRWORDSIZE=8 -DLWORDSIZE=4 -DNONSTANDARD_SYSTEM_SUBR  -DWRF_USE_CLM -DBUFR   -DFFTPACK -DNORESHAPE -DDM_PARALLEL -DNETCDF -DCRTM -DHDF5 -DUSE_ALLOCATABLES -DGRIB1 -DINTIO -DKEEP_INT_AROUND -DLIMIT_ARGS -DCONFIG_BUF_LEN=65536 -DMAX_DOMAINS_F=21 -DMAX_HISTORY=25 -DNMM_NEST=0 -DWRF_CHEM -DBUILD_CHEM=1 -I. -traditional-cpp  zfft2f.F  > zfft2f.f90
/lib/cpp -P -nostdinc -DEM_CORE=1 -DNMM_CORE=0 -DNMM_MAX_DIM=2600 -DCOAMPS_CORE=0 -DDA_CORE=1 -DEXP_CORE=0 -DIWORDSIZE=4 -DDWORDSIZE=8 -DRWORDSIZE=8 -DLWORDSIZE=4 -DNONSTANDARD_SYSTEM_SUBR  -DWRF_USE_CLM -DBUFR   -DFFTPACK -DNORESHAPE -DDM_PARALLEL -DNETCDF -DCRTM -DHDF5 -DUSE_ALLOCATABLES -DGRIB1 -DINTIO -DKEEP_INT_AROUND -DLIMIT_ARGS -DCONFIG_BUF_LEN=65536 -DMAX_DOMAINS_F=21 -DMAX_HISTORY=25 -DNMM_NEST=0 -DWRF_CHEM -DBUILD_CHEM=1 -I. -traditional-cpp  zmf5kf.F  > zmf5kf.f90
rm -f -f dcosqf1.f90
/lib/cpp -P -nostdinc -DEM_CORE=1 -DNMM_CORE=0 -DNMM_MAX_DIM=2600 -DCOAMPS_CORE=0 -DDA_CORE=1 -DEXP_CORE=0 -DIWORDSIZE=4 -DDWORDSIZE=8 -DRWORDSIZE=8 -DLWORDSIZE=4 -DNONSTANDARD_SYSTEM_SUBR  -DWRF_USE_CLM -DBUFR   -DFFTPACK -DNORESHAPE -DDM_PARALLEL -DNETCDF -DCRTM -DHDF5 -DUSE_ALLOCATABLES -DGRIB1 -DINTIO -DKEEP_INT_AROUND -DLIMIT_ARGS -DCONFIG_BUF_LEN=65536 -DMAX_DOMAINS_F=21 -DMAX_HISTORY=25 -DNMM_NEST=0 -DWRF_CHEM -DBUILD_CHEM=1 -I. -traditional-cpp  c1f4kb.F  > c1f4kb.f90
rm -f -f dsint1b.f90
/lib/cpp -P -nostdinc -DEM_CORE=1 -DNMM_CORE=0 -DNMM_MAX_DIM=2600 -DCOAMPS_CORE=0 -DDA_CORE=1 -DEXP_CORE=0 -DIWORDSIZE=4 -DDWORDSIZE=8 -DRWORDSIZE=8 -DLWORDSIZE=4 -DNONSTANDARD_SYSTEM_SUBR  -DWRF_USE_CLM -DBUFR   -DFFTPACK -DNORESHAPE -DDM_PARALLEL -DNETCDF -DCRTM -DHDF5 -DUSE_ALLOCATABLES -DGRIB1 -DINTIO -DKEEP_INT_AROUND -DLIMIT_ARGS -DCONFIG_BUF_LEN=65536 -DMAX_DOMAINS_F=21 -DMAX_HISTORY=25 -DNMM_NEST=0 -DWRF_CHEM -DBUILD_CHEM=1 -I. -traditional-cpp  cfft2f.F  > cfft2f.f90
gfortran -c -fdefault-real-8  -w -ffree-form -ffree-line-length-none -fconvert=big-endian -frecord-marker=4  zmf5kf.f90
gfortran -c -fdefault-real-8  -w -ffree-form -ffree-line-length-none -fconvert=big-endian -frecord-marker=4  zfft2f.f90
gfortran -c -fdefault-real-8  -w -ffree-form -ffree-line-length-none -fconvert=big-endian -frecord-marker=4  c1f4kb.f90
gfortran -c -fdefault-real-8  -w -ffree-form -ffree-line-length-none -fconvert=big-endian -frecord-marker=4  cfft2f.f90
rm -f -f r1f2kb.f90
/lib/cpp -P -nostdinc -DEM_CORE=1 -DNMM_CORE=0 -DNMM_MAX_DIM=2600 -DCOAMPS_CORE=0 -DDA_CORE=1 -DEXP_CORE=0 -DIWORDSIZE=4 -DDWORDSIZE=8 -DRWORDSIZE=8 -DLWORDSIZE=4 -DNONSTANDARD_SYSTEM_SUBR  -DWRF_USE_CLM -DBUFR   -DFFTPACK -DNORESHAPE -DDM_PARALLEL -DNETCDF -DCRTM -DHDF5 -DUSE_ALLOCATABLES -DGRIB1 -DINTIO -DKEEP_INT_AROUND -DLIMIT_ARGS -DCONFIG_BUF_LEN=65536 -DMAX_DOMAINS_F=21 -DMAX_HISTORY=25 -DNMM_NEST=0 -DWRF_CHEM -DBUILD_CHEM=1 -I. -traditional-cpp  cmf5kf.F  > cmf5kf.f90
rm -f -f r4_tables.f90
/lib/cpp -P -nostdinc -DEM_CORE=1 -DNMM_CORE=0 -DNMM_MAX_DIM=2600 -DCOAMPS_CORE=0 -DDA_CORE=1 -DEXP_CORE=0 -DIWORDSIZE=4 -DDWORDSIZE=8 -DRWORDSIZE=8 -DLWORDSIZE=4 -DNONSTANDARD_SYSTEM_SUBR  -DWRF_USE_CLM -DBUFR   -DFFTPACK -DNORESHAPE -DDM_PARALLEL -DNETCDF -DCRTM -DHDF5 -DUSE_ALLOCATABLES -DGRIB1 -DINTIO -DKEEP_INT_AROUND -DLIMIT_ARGS -DCONFIG_BUF_LEN=65536 -DMAX_DOMAINS_F=21 -DMAX_HISTORY=25 -DNMM_NEST=0 -DWRF_CHEM -DBUILD_CHEM=1 -I. -traditional-cpp  cosqmi.F  > cosqmi.f90
rm -f -f sint1i.f90
/lib/cpp -P -nostdinc -DEM_CORE=1 -DNMM_CORE=0 -DNMM_MAX_DIM=2600 -DCOAMPS_CORE=0 -DDA_CORE=1 -DEXP_CORE=0 -DIWORDSIZE=4 -DDWORDSIZE=8 -DRWORDSIZE=8 -DLWORDSIZE=4 -DNONSTANDARD_SYSTEM_SUBR  -DWRF_USE_CLM -DBUFR   -DFFTPACK -DNORESHAPE -DDM_PARALLEL -DNETCDF -DCRTM -DHDF5 -DUSE_ALLOCATABLES -DGRIB1 -DINTIO -DKEEP_INT_AROUND -DLIMIT_ARGS -DCONFIG_BUF_LEN=65536 -DMAX_DOMAINS_F=21 -DMAX_HISTORY=25 -DNMM_NEST=0 -DWRF_CHEM -DBUILD_CHEM=1 -I. -traditional-cpp  d1f3kf.F  > d1f3kf.f90
gfortran -c -fdefault-real-8  -w -ffree-form -ffree-line-length-none -fconvert=big-endian -frecord-marker=4  cmf5kf.f90
rm -f -f rffti1.f90
/lib/cpp -P -nostdinc -DEM_CORE=1 -DNMM_CORE=0 -DNMM_MAX_DIM=2600 -DCOAMPS_CORE=0 -DDA_CORE=1 -DEXP_CORE=0 -DIWORDSIZE=4 -DDWORDSIZE=8 -DRWORDSIZE=8 -DLWORDSIZE=4 -DNONSTANDARD_SYSTEM_SUBR  -DWRF_USE_CLM -DBUFR   -DFFTPACK -DNORESHAPE -DDM_PARALLEL -DNETCDF -DCRTM -DHDF5 -DUSE_ALLOCATABLES -DGRIB1 -DINTIO -DKEEP_INT_AROUND -DLIMIT_ARGS -DCONFIG_BUF_LEN=65536 -DMAX_DOMAINS_F=21 -DMAX_HISTORY=25 -DNMM_NEST=0 -DWRF_CHEM -DBUILD_CHEM=1 -I. -traditional-cpp  dcost1b.F  > dcost1b.f90
gfortran -c -fdefault-real-8  -w -ffree-form -ffree-line-length-none -fconvert=big-endian -frecord-marker=4  cosqmi.f90
gfortran -c -fdefault-real-8  -w -ffree-form -ffree-line-length-none -fconvert=big-endian -frecord-marker=4  d1f3kf.f90
gfortran -c -fdefault-real-8  -w -ffree-form -ffree-line-length-none -fconvert=big-endian -frecord-marker=4  dcost1b.f90
rm -f -f z1f4kb.f90
/lib/cpp -P -nostdinc -DEM_CORE=1 -DNMM_CORE=0 -DNMM_MAX_DIM=2600 -DCOAMPS_CORE=0 -DDA_CORE=1 -DEXP_CORE=0 -DIWORDSIZE=4 -DDWORDSIZE=8 -DRWORDSIZE=8 -DLWORDSIZE=4 -DNONSTANDARD_SYSTEM_SUBR  -DWRF_USE_CLM -DBUFR   -DFFTPACK -DNORESHAPE -DDM_PARALLEL -DNETCDF -DCRTM -DHDF5 -DUSE_ALLOCATABLES -DGRIB1 -DINTIO -DKEEP_INT_AROUND -DLIMIT_ARGS -DCONFIG_BUF_LEN=65536 -DMAX_DOMAINS_F=21 -DMAX_HISTORY=25 -DNMM_NEST=0 -DWRF_CHEM -DBUILD_CHEM=1 -I. -traditional-cpp  dsint1f.F  > dsint1f.f90
rm -f -f cfft2f.f90
rm -f -f zfft2f.f90
/lib/cpp -P -nostdinc -DEM_CORE=1 -DNMM_CORE=0 -DNMM_MAX_DIM=2600 -DCOAMPS_CORE=0 -DDA_CORE=1 -DEXP_CORE=0 -DIWORDSIZE=4 -DDWORDSIZE=8 -DRWORDSIZE=8 -DLWORDSIZE=4 -DNONSTANDARD_SYSTEM_SUBR  -DWRF_USE_CLM -DBUFR   -DFFTPACK -DNORESHAPE -DDM_PARALLEL -DNETCDF -DCRTM -DHDF5 -DUSE_ALLOCATABLES -DGRIB1 -DINTIO -DKEEP_INT_AROUND -DLIMIT_ARGS -DCONFIG_BUF_LEN=65536 -DMAX_DOMAINS_F=21 -DMAX_HISTORY=25 -DNMM_NEST=0 -DWRF_CHEM -DBUILD_CHEM=1 -I. -traditional-cpp  mradbg.F  > mradbg.f90
/lib/cpp -P -nostdinc -DEM_CORE=1 -DNMM_CORE=0 -DNMM_MAX_DIM=2600 -DCOAMPS_CORE=0 -DDA_CORE=1 -DEXP_CORE=0 -DIWORDSIZE=4 -DDWORDSIZE=8 -DRWORDSIZE=8 -DLWORDSIZE=4 -DNONSTANDARD_SYSTEM_SUBR  -DWRF_USE_CLM -DBUFR   -DFFTPACK -DNORESHAPE -DDM_PARALLEL -DNETCDF -DCRTM -DHDF5 -DUSE_ALLOCATABLES -DGRIB1 -DINTIO -DKEEP_INT_AROUND -DLIMIT_ARGS -DCONFIG_BUF_LEN=65536 -DMAX_DOMAINS_F=21 -DMAX_HISTORY=25 -DNMM_NEST=0 -DWRF_CHEM -DBUILD_CHEM=1 -I. -traditional-cpp  r1f2kf.F  > r1f2kf.f90
gfortran -c -fdefault-real-8  -w -ffree-form -ffree-line-length-none -fconvert=big-endian -frecord-marker=4  dsint1f.f90
rm -f -f mradb5.f90
/lib/cpp -P -nostdinc -DEM_CORE=1 -DNMM_CORE=0 -DNMM_MAX_DIM=2600 -DCOAMPS_CORE=0 -DDA_CORE=1 -DEXP_CORE=0 -DIWORDSIZE=4 -DDWORDSIZE=8 -DRWORDSIZE=8 -DLWORDSIZE=4 -DNONSTANDARD_SYSTEM_SUBR  -DWRF_USE_CLM -DBUFR   -DFFTPACK -DNORESHAPE -DDM_PARALLEL -DNETCDF -DCRTM -DHDF5 -DUSE_ALLOCATABLES -DGRIB1 -DINTIO -DKEEP_INT_AROUND -DLIMIT_ARGS -DCONFIG_BUF_LEN=65536 -DMAX_DOMAINS_F=21 -DMAX_HISTORY=25 -DNMM_NEST=0 -DWRF_CHEM -DBUILD_CHEM=1 -I. -traditional-cpp  r8_factor.F  > r8_factor.f90
rm -f -f c1f4kb.f90
/lib/cpp -P -nostdinc -DEM_CORE=1 -DNMM_CORE=0 -DNMM_MAX_DIM=2600 -DCOAMPS_CORE=0 -DDA_CORE=1 -DEXP_CORE=0 -DIWORDSIZE=4 -DDWORDSIZE=8 -DRWORDSIZE=8 -DLWORDSIZE=4 -DNONSTANDARD_SYSTEM_SUBR  -DWRF_USE_CLM -DBUFR   -DFFTPACK -DNORESHAPE -DDM_PARALLEL -DNETCDF -DCRTM -DHDF5 -DUSE_ALLOCATABLES -DGRIB1 -DINTIO -DKEEP_INT_AROUND -DLIMIT_ARGS -DCONFIG_BUF_LEN=65536 -DMAX_DOMAINS_F=21 -DMAX_HISTORY=25 -DNMM_NEST=0 -DWRF_CHEM -DBUILD_CHEM=1 -I. -traditional-cpp  rfftmb.F  > rfftmb.f90
gfortran -c -fdefault-real-8  -w -ffree-form -ffree-line-length-none -fconvert=big-endian -frecord-marker=4  mradbg.f90
gfortran -c -fdefault-real-8  -w -ffree-form -ffree-line-length-none -fconvert=big-endian -frecord-marker=4  r1f2kf.f90
gfortran -c -fdefault-real-8  -w -ffree-form -ffree-line-length-none -fconvert=big-endian -frecord-marker=4  r8_factor.f90
gfortran -c -fdefault-real-8  -w -ffree-form -ffree-line-length-none -fconvert=big-endian -frecord-marker=4  rfftmb.f90
rm -f -f cosqmi.f90
rm -f -f dcost1b.f90
/lib/cpp -P -nostdinc -DEM_CORE=1 -DNMM_CORE=0 -DNMM_MAX_DIM=2600 -DCOAMPS_CORE=0 -DDA_CORE=1 -DEXP_CORE=0 -DIWORDSIZE=4 -DDWORDSIZE=8 -DRWORDSIZE=8 -DLWORDSIZE=4 -DNONSTANDARD_SYSTEM_SUBR  -DWRF_USE_CLM -DBUFR   -DFFTPACK -DNORESHAPE -DDM_PARALLEL -DNETCDF -DCRTM -DHDF5 -DUSE_ALLOCATABLES -DGRIB1 -DINTIO -DKEEP_INT_AROUND -DLIMIT_ARGS -DCONFIG_BUF_LEN=65536 -DMAX_DOMAINS_F=21 -DMAX_HISTORY=25 -DNMM_NEST=0 -DWRF_CHEM -DBUILD_CHEM=1 -I. -traditional-cpp  sintb1.F  > sintb1.f90
/lib/cpp -P -nostdinc -DEM_CORE=1 -DNMM_CORE=0 -DNMM_MAX_DIM=2600 -DCOAMPS_CORE=0 -DDA_CORE=1 -DEXP_CORE=0 -DIWORDSIZE=4 -DDWORDSIZE=8 -DRWORDSIZE=8 -DLWORDSIZE=4 -DNONSTANDARD_SYSTEM_SUBR  -DWRF_USE_CLM -DBUFR   -DFFTPACK -DNORESHAPE -DDM_PARALLEL -DNETCDF -DCRTM -DHDF5 -DUSE_ALLOCATABLES -DGRIB1 -DINTIO -DKEEP_INT_AROUND -DLIMIT_ARGS -DCONFIG_BUF_LEN=65536 -DMAX_DOMAINS_F=21 -DMAX_HISTORY=25 -DNMM_NEST=0 -DWRF_CHEM -DBUILD_CHEM=1 -I. -traditional-cpp  z1f4kf.F  > z1f4kf.f90
rm -f -f zmf5kf.f90
/lib/cpp -P -nostdinc -DEM_CORE=1 -DNMM_CORE=0 -DNMM_MAX_DIM=2600 -DCOAMPS_CORE=0 -DDA_CORE=1 -DEXP_CORE=0 -DIWORDSIZE=4 -DDWORDSIZE=8 -DRWORDSIZE=8 -DLWORDSIZE=4 -DNONSTANDARD_SYSTEM_SUBR  -DWRF_USE_CLM -DBUFR   -DFFTPACK -DNORESHAPE -DDM_PARALLEL -DNETCDF -DCRTM -DHDF5 -DUSE_ALLOCATABLES -DGRIB1 -DINTIO -DKEEP_INT_AROUND -DLIMIT_ARGS -DCONFIG_BUF_LEN=65536 -DMAX_DOMAINS_F=21 -DMAX_HISTORY=25 -DNMM_NEST=0 -DWRF_CHEM -DBUILD_CHEM=1 -I. -traditional-cpp  zfft2i.F  > zfft2i.f90
rm -f -f d1f3kf.f90
/lib/cpp -P -nostdinc -DEM_CORE=1 -DNMM_CORE=0 -DNMM_MAX_DIM=2600 -DCOAMPS_CORE=0 -DDA_CORE=1 -DEXP_CORE=0 -DIWORDSIZE=4 -DDWORDSIZE=8 -DRWORDSIZE=8 -DLWORDSIZE=4 -DNONSTANDARD_SYSTEM_SUBR  -DWRF_USE_CLM -DBUFR   -DFFTPACK -DNORESHAPE -DDM_PARALLEL -DNETCDF -DCRTM -DHDF5 -DUSE_ALLOCATABLES -DGRIB1 -DINTIO -DKEEP_INT_AROUND -DLIMIT_ARGS -DCONFIG_BUF_LEN=65536 -DMAX_DOMAINS_F=21 -DMAX_HISTORY=25 -DNMM_NEST=0 -DWRF_CHEM -DBUILD_CHEM=1 -I. -traditional-cpp  zmfgkb.F  > zmfgkb.f90
gfortran -c -fdefault-real-8  -w -ffree-form -ffree-line-length-none -fconvert=big-endian -frecord-marker=4  z1f4kf.f90
gfortran -c -fdefault-real-8  -w -ffree-form -ffree-line-length-none -fconvert=big-endian -frecord-marker=4  sintb1.f90
gfortran -c -fdefault-real-8  -w -ffree-form -ffree-line-length-none -fconvert=big-endian -frecord-marker=4  zfft2i.f90
rm -f -f dsint1f.f90
/lib/cpp -P -nostdinc -DEM_CORE=1 -DNMM_CORE=0 -DNMM_MAX_DIM=2600 -DCOAMPS_CORE=0 -DDA_CORE=1 -DEXP_CORE=0 -DIWORDSIZE=4 -DDWORDSIZE=8 -DRWORDSIZE=8 -DLWORDSIZE=4 -DNONSTANDARD_SYSTEM_SUBR  -DWRF_USE_CLM -DBUFR   -DFFTPACK -DNORESHAPE -DDM_PARALLEL -DNETCDF -DCRTM -DHDF5 -DUSE_ALLOCATABLES -DGRIB1 -DINTIO -DKEEP_INT_AROUND -DLIMIT_ARGS -DCONFIG_BUF_LEN=65536 -DMAX_DOMAINS_F=21 -DMAX_HISTORY=25 -DNMM_NEST=0 -DWRF_CHEM -DBUILD_CHEM=1 -I. -traditional-cpp  c1f4kf.F  > c1f4kf.f90
gfortran -c -fdefault-real-8  -w -ffree-form -ffree-line-length-none -fconvert=big-endian -frecord-marker=4  zmfgkb.f90
rm -f -f cmf5kf.f90
/lib/cpp -P -nostdinc -DEM_CORE=1 -DNMM_CORE=0 -DNMM_MAX_DIM=2600 -DCOAMPS_CORE=0 -DDA_CORE=1 -DEXP_CORE=0 -DIWORDSIZE=4 -DDWORDSIZE=8 -DRWORDSIZE=8 -DLWORDSIZE=4 -DNONSTANDARD_SYSTEM_SUBR  -DWRF_USE_CLM -DBUFR   -DFFTPACK -DNORESHAPE -DDM_PARALLEL -DNETCDF -DCRTM -DHDF5 -DUSE_ALLOCATABLES -DGRIB1 -DINTIO -DKEEP_INT_AROUND -DLIMIT_ARGS -DCONFIG_BUF_LEN=65536 -DMAX_DOMAINS_F=21 -DMAX_HISTORY=25 -DNMM_NEST=0 -DWRF_CHEM -DBUILD_CHEM=1 -I. -traditional-cpp  cfft2i.F  > cfft2i.f90
gfortran -c -fdefault-real-8  -w -ffree-form -ffree-line-length-none -fconvert=big-endian -frecord-marker=4  c1f4kf.f90
rm -f -f r8_factor.f90
rm -f -f rfftmb.f90
/lib/cpp -P -nostdinc -DEM_CORE=1 -DNMM_CORE=0 -DNMM_MAX_DIM=2600 -DCOAMPS_CORE=0 -DDA_CORE=1 -DEXP_CORE=0 -DIWORDSIZE=4 -DDWORDSIZE=8 -DRWORDSIZE=8 -DLWORDSIZE=4 -DNONSTANDARD_SYSTEM_SUBR  -DWRF_USE_CLM -DBUFR   -DFFTPACK -DNORESHAPE -DDM_PARALLEL -DNETCDF -DCRTM -DHDF5 -DUSE_ALLOCATABLES -DGRIB1 -DINTIO -DKEEP_INT_AROUND -DLIMIT_ARGS -DCONFIG_BUF_LEN=65536 -DMAX_DOMAINS_F=21 -DMAX_HISTORY=25 -DNMM_NEST=0 -DWRF_CHEM -DBUILD_CHEM=1 -I. -traditional-cpp  cmfgkb.F  > cmfgkb.f90
/lib/cpp -P -nostdinc -DEM_CORE=1 -DNMM_CORE=0 -DNMM_MAX_DIM=2600 -DCOAMPS_CORE=0 -DDA_CORE=1 -DEXP_CORE=0 -DIWORDSIZE=4 -DDWORDSIZE=8 -DRWORDSIZE=8 -DLWORDSIZE=4 -DNONSTANDARD_SYSTEM_SUBR  -DWRF_USE_CLM -DBUFR   -DFFTPACK -DNORESHAPE -DDM_PARALLEL -DNETCDF -DCRTM -DHDF5 -DUSE_ALLOCATABLES -DGRIB1 -DINTIO -DKEEP_INT_AROUND -DLIMIT_ARGS -DCONFIG_BUF_LEN=65536 -DMAX_DOMAINS_F=21 -DMAX_HISTORY=25 -DNMM_NEST=0 -DWRF_CHEM -DBUILD_CHEM=1 -I. -traditional-cpp  cost1b.F  > cost1b.f90
rm -f -f r1f2kf.f90
/lib/cpp -P -nostdinc -DEM_CORE=1 -DNMM_CORE=0 -DNMM_MAX_DIM=2600 -DCOAMPS_CORE=0 -DDA_CORE=1 -DEXP_CORE=0 -DIWORDSIZE=4 -DDWORDSIZE=8 -DRWORDSIZE=8 -DLWORDSIZE=4 -DNONSTANDARD_SYSTEM_SUBR  -DWRF_USE_CLM -DBUFR   -DFFTPACK -DNORESHAPE -DDM_PARALLEL -DNETCDF -DCRTM -DHDF5 -DUSE_ALLOCATABLES -DGRIB1 -DINTIO -DKEEP_INT_AROUND -DLIMIT_ARGS -DCONFIG_BUF_LEN=65536 -DMAX_DOMAINS_F=21 -DMAX_HISTORY=25 -DNMM_NEST=0 -DWRF_CHEM -DBUILD_CHEM=1 -I. -traditional-cpp  d1f4kb.F  > d1f4kb.f90
gfortran -c -fdefault-real-8  -w -ffree-form -ffree-line-length-none -fconvert=big-endian -frecord-marker=4  cfft2i.f90
gfortran -c -fdefault-real-8  -w -ffree-form -ffree-line-length-none -fconvert=big-endian -frecord-marker=4  cost1b.f90
gfortran -c -fdefault-real-8  -w -ffree-form -ffree-line-length-none -fconvert=big-endian -frecord-marker=4  cmfgkb.f90
gfortran -c -fdefault-real-8  -w -ffree-form -ffree-line-length-none -fconvert=big-endian -frecord-marker=4  d1f4kb.f90
rm -f -f zfft2i.f90
rm -f -f mradbg.f90
rm -f -f sintb1.f90
/lib/cpp -P -nostdinc -DEM_CORE=1 -DNMM_CORE=0 -DNMM_MAX_DIM=2600 -DCOAMPS_CORE=0 -DDA_CORE=1 -DEXP_CORE=0 -DIWORDSIZE=4 -DDWORDSIZE=8 -DRWORDSIZE=8 -DLWORDSIZE=4 -DNONSTANDARD_SYSTEM_SUBR  -DWRF_USE_CLM -DBUFR   -DFFTPACK -DNORESHAPE -DDM_PARALLEL -DNETCDF -DCRTM -DHDF5 -DUSE_ALLOCATABLES -DGRIB1 -DINTIO -DKEEP_INT_AROUND -DLIMIT_ARGS -DCONFIG_BUF_LEN=65536 -DMAX_DOMAINS_F=21 -DMAX_HISTORY=25 -DNMM_NEST=0 -DWRF_CHEM -DBUILD_CHEM=1 -I. -traditional-cpp  dcost1f.F  > dcost1f.f90
/lib/cpp -P -nostdinc -DEM_CORE=1 -DNMM_CORE=0 -DNMM_MAX_DIM=2600 -DCOAMPS_CORE=0 -DDA_CORE=1 -DEXP_CORE=0 -DIWORDSIZE=4 -DDWORDSIZE=8 -DRWORDSIZE=8 -DLWORDSIZE=4 -DNONSTANDARD_SYSTEM_SUBR  -DWRF_USE_CLM -DBUFR   -DFFTPACK -DNORESHAPE -DDM_PARALLEL -DNETCDF -DCRTM -DHDF5 -DUSE_ALLOCATABLES -DGRIB1 -DINTIO -DKEEP_INT_AROUND -DLIMIT_ARGS -DCONFIG_BUF_LEN=65536 -DMAX_DOMAINS_F=21 -DMAX_HISTORY=25 -DNMM_NEST=0 -DWRF_CHEM -DBUILD_CHEM=1 -I. -traditional-cpp  dsint1i.F  > dsint1i.f90
/lib/cpp -P -nostdinc -DEM_CORE=1 -DNMM_CORE=0 -DNMM_MAX_DIM=2600 -DCOAMPS_CORE=0 -DDA_CORE=1 -DEXP_CORE=0 -DIWORDSIZE=4 -DDWORDSIZE=8 -DRWORDSIZE=8 -DLWORDSIZE=4 -DNONSTANDARD_SYSTEM_SUBR  -DWRF_USE_CLM -DBUFR   -DFFTPACK -DNORESHAPE -DDM_PARALLEL -DNETCDF -DCRTM -DHDF5 -DUSE_ALLOCATABLES -DGRIB1 -DINTIO -DKEEP_INT_AROUND -DLIMIT_ARGS -DCONFIG_BUF_LEN=65536 -DMAX_DOMAINS_F=21 -DMAX_HISTORY=25 -DNMM_NEST=0 -DWRF_CHEM -DBUILD_CHEM=1 -I. -traditional-cpp  mradf2.F  > mradf2.f90
rm -f -f z1f4kf.f90
/lib/cpp -P -nostdinc -DEM_CORE=1 -DNMM_CORE=0 -DNMM_MAX_DIM=2600 -DCOAMPS_CORE=0 -DDA_CORE=1 -DEXP_CORE=0 -DIWORDSIZE=4 -DDWORDSIZE=8 -DRWORDSIZE=8 -DLWORDSIZE=4 -DNONSTANDARD_SYSTEM_SUBR  -DWRF_USE_CLM -DBUFR   -DFFTPACK -DNORESHAPE -DDM_PARALLEL -DNETCDF -DCRTM -DHDF5 -DUSE_ALLOCATABLES -DGRIB1 -DINTIO -DKEEP_INT_AROUND -DLIMIT_ARGS -DCONFIG_BUF_LEN=65536 -DMAX_DOMAINS_F=21 -DMAX_HISTORY=25 -DNMM_NEST=0 -DWRF_CHEM -DBUILD_CHEM=1 -I. -traditional-cpp  r1f3kb.F  > r1f3kb.f90
gfortran -c -fdefault-real-8  -w -ffree-form -ffree-line-length-none -fconvert=big-endian -frecord-marker=4  dcost1f.f90
rm -f -f cfft2i.f90
gfortran -c -fdefault-real-8  -w -ffree-form -ffree-line-length-none -fconvert=big-endian -frecord-marker=4  dsint1i.f90
/lib/cpp -P -nostdinc -DEM_CORE=1 -DNMM_CORE=0 -DNMM_MAX_DIM=2600 -DCOAMPS_CORE=0 -DDA_CORE=1 -DEXP_CORE=0 -DIWORDSIZE=4 -DDWORDSIZE=8 -DRWORDSIZE=8 -DLWORDSIZE=4 -DNONSTANDARD_SYSTEM_SUBR  -DWRF_USE_CLM -DBUFR   -DFFTPACK -DNORESHAPE -DDM_PARALLEL -DNETCDF -DCRTM -DHDF5 -DUSE_ALLOCATABLES -DGRIB1 -DINTIO -DKEEP_INT_AROUND -DLIMIT_ARGS -DCONFIG_BUF_LEN=65536 -DMAX_DOMAINS_F=21 -DMAX_HISTORY=25 -DNMM_NEST=0 -DWRF_CHEM -DBUILD_CHEM=1 -I. -traditional-cpp  r8_mcfti1.F  > r8_mcfti1.f90
gfortran -c -fdefault-real-8  -w -ffree-form -ffree-line-length-none -fconvert=big-endian -frecord-marker=4  mradf2.f90
rm -f -f cost1b.f90
/lib/cpp -P -nostdinc -DEM_CORE=1 -DNMM_CORE=0 -DNMM_MAX_DIM=2600 -DCOAMPS_CORE=0 -DDA_CORE=1 -DEXP_CORE=0 -DIWORDSIZE=4 -DDWORDSIZE=8 -DRWORDSIZE=8 -DLWORDSIZE=4 -DNONSTANDARD_SYSTEM_SUBR  -DWRF_USE_CLM -DBUFR   -DFFTPACK -DNORESHAPE -DDM_PARALLEL -DNETCDF -DCRTM -DHDF5 -DUSE_ALLOCATABLES -DGRIB1 -DINTIO -DKEEP_INT_AROUND -DLIMIT_ARGS -DCONFIG_BUF_LEN=65536 -DMAX_DOMAINS_F=21 -DMAX_HISTORY=25 -DNMM_NEST=0 -DWRF_CHEM -DBUILD_CHEM=1 -I. -traditional-cpp  rfftmf.F  > rfftmf.f90
gfortran -c -fdefault-real-8  -w -ffree-form -ffree-line-length-none -fconvert=big-endian -frecord-marker=4  r1f3kb.f90
gfortran -c -fdefault-real-8  -w -ffree-form -ffree-line-length-none -fconvert=big-endian -frecord-marker=4  r8_mcfti1.f90
rm -f -f zmfgkb.f90
/lib/cpp -P -nostdinc -DEM_CORE=1 -DNMM_CORE=0 -DNMM_MAX_DIM=2600 -DCOAMPS_CORE=0 -DDA_CORE=1 -DEXP_CORE=0 -DIWORDSIZE=4 -DDWORDSIZE=8 -DRWORDSIZE=8 -DLWORDSIZE=4 -DNONSTANDARD_SYSTEM_SUBR  -DWRF_USE_CLM -DBUFR   -DFFTPACK -DNORESHAPE -DDM_PARALLEL -DNETCDF -DCRTM -DHDF5 -DUSE_ALLOCATABLES -DGRIB1 -DINTIO -DKEEP_INT_AROUND -DLIMIT_ARGS -DCONFIG_BUF_LEN=65536 -DMAX_DOMAINS_F=21 -DMAX_HISTORY=25 -DNMM_NEST=0 -DWRF_CHEM -DBUILD_CHEM=1 -I. -traditional-cpp  sintf1.F  > sintf1.f90
rm -f -f c1f4kf.f90
/lib/cpp -P -nostdinc -DEM_CORE=1 -DNMM_CORE=0 -DNMM_MAX_DIM=2600 -DCOAMPS_CORE=0 -DDA_CORE=1 -DEXP_CORE=0 -DIWORDSIZE=4 -DDWORDSIZE=8 -DRWORDSIZE=8 -DLWORDSIZE=4 -DNONSTANDARD_SYSTEM_SUBR  -DWRF_USE_CLM -DBUFR   -DFFTPACK -DNORESHAPE -DDM_PARALLEL -DNETCDF -DCRTM -DHDF5 -DUSE_ALLOCATABLES -DGRIB1 -DINTIO -DKEEP_INT_AROUND -DLIMIT_ARGS -DCONFIG_BUF_LEN=65536 -DMAX_DOMAINS_F=21 -DMAX_HISTORY=25 -DNMM_NEST=0 -DWRF_CHEM -DBUILD_CHEM=1 -I. -traditional-cpp  z1f5kb.F  > z1f5kb.f90
gfortran -c -fdefault-real-8  -w -ffree-form -ffree-line-length-none -fconvert=big-endian -frecord-marker=4  rfftmf.f90
gfortran -c -fdefault-real-8  -w -ffree-form -ffree-line-length-none -fconvert=big-endian -frecord-marker=4  sintf1.f90
rm -f -f d1f4kb.f90
/lib/cpp -P -nostdinc -DEM_CORE=1 -DNMM_CORE=0 -DNMM_MAX_DIM=2600 -DCOAMPS_CORE=0 -DDA_CORE=1 -DEXP_CORE=0 -DIWORDSIZE=4 -DDWORDSIZE=8 -DRWORDSIZE=8 -DLWORDSIZE=4 -DNONSTANDARD_SYSTEM_SUBR  -DWRF_USE_CLM -DBUFR   -DFFTPACK -DNORESHAPE -DDM_PARALLEL -DNETCDF -DCRTM -DHDF5 -DUSE_ALLOCATABLES -DGRIB1 -DINTIO -DKEEP_INT_AROUND -DLIMIT_ARGS -DCONFIG_BUF_LEN=65536 -DMAX_DOMAINS_F=21 -DMAX_HISTORY=25 -DNMM_NEST=0 -DWRF_CHEM -DBUILD_CHEM=1 -I. -traditional-cpp  zfftmb.F  > zfftmb.f90
gfortran -c -fdefault-real-8  -w -ffree-form -ffree-line-length-none -fconvert=big-endian -frecord-marker=4  z1f5kb.f90
gfortran -c -fdefault-real-8  -w -ffree-form -ffree-line-length-none -fconvert=big-endian -frecord-marker=4  zfftmb.f90
rm -f -f dsint1i.f90
rm -f -f cmfgkb.f90
rm -f -f dcost1f.f90
/lib/cpp -P -nostdinc -DEM_CORE=1 -DNMM_CORE=0 -DNMM_MAX_DIM=2600 -DCOAMPS_CORE=0 -DDA_CORE=1 -DEXP_CORE=0 -DIWORDSIZE=4 -DDWORDSIZE=8 -DRWORDSIZE=8 -DLWORDSIZE=4 -DNONSTANDARD_SYSTEM_SUBR  -DWRF_USE_CLM -DBUFR   -DFFTPACK -DNORESHAPE -DDM_PARALLEL -DNETCDF -DCRTM -DHDF5 -DUSE_ALLOCATABLES -DGRIB1 -DINTIO -DKEEP_INT_AROUND -DLIMIT_ARGS -DCONFIG_BUF_LEN=65536 -DMAX_DOMAINS_F=21 -DMAX_HISTORY=25 -DNMM_NEST=0 -DWRF_CHEM -DBUILD_CHEM=1 -I. -traditional-cpp  zmfgkf.F  > zmfgkf.f90
/lib/cpp -P -nostdinc -DEM_CORE=1 -DNMM_CORE=0 -DNMM_MAX_DIM=2600 -DCOAMPS_CORE=0 -DDA_CORE=1 -DEXP_CORE=0 -DIWORDSIZE=4 -DDWORDSIZE=8 -DRWORDSIZE=8 -DLWORDSIZE=4 -DNONSTANDARD_SYSTEM_SUBR  -DWRF_USE_CLM -DBUFR   -DFFTPACK -DNORESHAPE -DDM_PARALLEL -DNETCDF -DCRTM -DHDF5 -DUSE_ALLOCATABLES -DGRIB1 -DINTIO -DKEEP_INT_AROUND -DLIMIT_ARGS -DCONFIG_BUF_LEN=65536 -DMAX_DOMAINS_F=21 -DMAX_HISTORY=25 -DNMM_NEST=0 -DWRF_CHEM -DBUILD_CHEM=1 -I. -traditional-cpp  c1f5kb.F  > c1f5kb.f90
/lib/cpp -P -nostdinc -DEM_CORE=1 -DNMM_CORE=0 -DNMM_MAX_DIM=2600 -DCOAMPS_CORE=0 -DDA_CORE=1 -DEXP_CORE=0 -DIWORDSIZE=4 -DDWORDSIZE=8 -DRWORDSIZE=8 -DLWORDSIZE=4 -DNONSTANDARD_SYSTEM_SUBR  -DWRF_USE_CLM -DBUFR   -DFFTPACK -DNORESHAPE -DDM_PARALLEL -DNETCDF -DCRTM -DHDF5 -DUSE_ALLOCATABLES -DGRIB1 -DINTIO -DKEEP_INT_AROUND -DLIMIT_ARGS -DCONFIG_BUF_LEN=65536 -DMAX_DOMAINS_F=21 -DMAX_HISTORY=25 -DNMM_NEST=0 -DWRF_CHEM -DBUILD_CHEM=1 -I. -traditional-cpp  cfftmb.F  > cfftmb.f90
gfortran -c -fdefault-real-8  -w -ffree-form -ffree-line-length-none -fconvert=big-endian -frecord-marker=4  c1f5kb.f90
gfortran -c -fdefault-real-8  -w -ffree-form -ffree-line-length-none -fconvert=big-endian -frecord-marker=4  zmfgkf.f90
gfortran -c -fdefault-real-8  -w -ffree-form -ffree-line-length-none -fconvert=big-endian -frecord-marker=4  cfftmb.f90
rm -f -f r8_mcfti1.f90
rm -f -f mradf2.f90
/lib/cpp -P -nostdinc -DEM_CORE=1 -DNMM_CORE=0 -DNMM_MAX_DIM=2600 -DCOAMPS_CORE=0 -DDA_CORE=1 -DEXP_CORE=0 -DIWORDSIZE=4 -DDWORDSIZE=8 -DRWORDSIZE=8 -DLWORDSIZE=4 -DNONSTANDARD_SYSTEM_SUBR  -DWRF_USE_CLM -DBUFR   -DFFTPACK -DNORESHAPE -DDM_PARALLEL -DNETCDF -DCRTM -DHDF5 -DUSE_ALLOCATABLES -DGRIB1 -DINTIO -DKEEP_INT_AROUND -DLIMIT_ARGS -DCONFIG_BUF_LEN=65536 -DMAX_DOMAINS_F=21 -DMAX_HISTORY=25 -DNMM_NEST=0 -DWRF_CHEM -DBUILD_CHEM=1 -I. -traditional-cpp  cmfgkf.F  > cmfgkf.f90
/lib/cpp -P -nostdinc -DEM_CORE=1 -DNMM_CORE=0 -DNMM_MAX_DIM=2600 -DCOAMPS_CORE=0 -DDA_CORE=1 -DEXP_CORE=0 -DIWORDSIZE=4 -DDWORDSIZE=8 -DRWORDSIZE=8 -DLWORDSIZE=4 -DNONSTANDARD_SYSTEM_SUBR  -DWRF_USE_CLM -DBUFR   -DFFTPACK -DNORESHAPE -DDM_PARALLEL -DNETCDF -DCRTM -DHDF5 -DUSE_ALLOCATABLES -DGRIB1 -DINTIO -DKEEP_INT_AROUND -DLIMIT_ARGS -DCONFIG_BUF_LEN=65536 -DMAX_DOMAINS_F=21 -DMAX_HISTORY=25 -DNMM_NEST=0 -DWRF_CHEM -DBUILD_CHEM=1 -I. -traditional-cpp  cost1f.F  > cost1f.f90
rm -f -f r1f3kb.f90
rm -f -f rfftmf.f90
/lib/cpp -P -nostdinc -DEM_CORE=1 -DNMM_CORE=0 -DNMM_MAX_DIM=2600 -DCOAMPS_CORE=0 -DDA_CORE=1 -DEXP_CORE=0 -DIWORDSIZE=4 -DDWORDSIZE=8 -DRWORDSIZE=8 -DLWORDSIZE=4 -DNONSTANDARD_SYSTEM_SUBR  -DWRF_USE_CLM -DBUFR   -DFFTPACK -DNORESHAPE -DDM_PARALLEL -DNETCDF -DCRTM -DHDF5 -DUSE_ALLOCATABLES -DGRIB1 -DINTIO -DKEEP_INT_AROUND -DLIMIT_ARGS -DCONFIG_BUF_LEN=65536 -DMAX_DOMAINS_F=21 -DMAX_HISTORY=25 -DNMM_NEST=0 -DWRF_CHEM -DBUILD_CHEM=1 -I. -traditional-cpp  d1f4kf.F  > d1f4kf.f90
/lib/cpp -P -nostdinc -DEM_CORE=1 -DNMM_CORE=0 -DNMM_MAX_DIM=2600 -DCOAMPS_CORE=0 -DDA_CORE=1 -DEXP_CORE=0 -DIWORDSIZE=4 -DDWORDSIZE=8 -DRWORDSIZE=8 -DLWORDSIZE=4 -DNONSTANDARD_SYSTEM_SUBR  -DWRF_USE_CLM -DBUFR   -DFFTPACK -DNORESHAPE -DDM_PARALLEL -DNETCDF -DCRTM -DHDF5 -DUSE_ALLOCATABLES -DGRIB1 -DINTIO -DKEEP_INT_AROUND -DLIMIT_ARGS -DCONFIG_BUF_LEN=65536 -DMAX_DOMAINS_F=21 -DMAX_HISTORY=25 -DNMM_NEST=0 -DWRF_CHEM -DBUILD_CHEM=1 -I. -traditional-cpp  dcost1i.F  > dcost1i.f90
gfortran -c -fdefault-real-8  -w -ffree-form -ffree-line-length-none -fconvert=big-endian -frecord-marker=4  cmfgkf.f90
gfortran -c -fdefault-real-8  -w -ffree-form -ffree-line-length-none -fconvert=big-endian -frecord-marker=4  cost1f.f90
rm -f -f sintf1.f90
/lib/cpp -P -nostdinc -DEM_CORE=1 -DNMM_CORE=0 -DNMM_MAX_DIM=2600 -DCOAMPS_CORE=0 -DDA_CORE=1 -DEXP_CORE=0 -DIWORDSIZE=4 -DDWORDSIZE=8 -DRWORDSIZE=8 -DLWORDSIZE=4 -DNONSTANDARD_SYSTEM_SUBR  -DWRF_USE_CLM -DBUFR   -DFFTPACK -DNORESHAPE -DDM_PARALLEL -DNETCDF -DCRTM -DHDF5 -DUSE_ALLOCATABLES -DGRIB1 -DINTIO -DKEEP_INT_AROUND -DLIMIT_ARGS -DCONFIG_BUF_LEN=65536 -DMAX_DOMAINS_F=21 -DMAX_HISTORY=25 -DNMM_NEST=0 -DWRF_CHEM -DBUILD_CHEM=1 -I. -traditional-cpp  dsintb1.F  > dsintb1.f90
gfortran -c -fdefault-real-8  -w -ffree-form -ffree-line-length-none -fconvert=big-endian -frecord-marker=4  d1f4kf.f90
gfortran -c -fdefault-real-8  -w -ffree-form -ffree-line-length-none -fconvert=big-endian -frecord-marker=4  dcost1i.f90
gfortran -c -fdefault-real-8  -w -ffree-form -ffree-line-length-none -fconvert=big-endian -frecord-marker=4  dsintb1.f90
rm -f -f zfftmb.f90
/lib/cpp -P -nostdinc -DEM_CORE=1 -DNMM_CORE=0 -DNMM_MAX_DIM=2600 -DCOAMPS_CORE=0 -DDA_CORE=1 -DEXP_CORE=0 -DIWORDSIZE=4 -DDWORDSIZE=8 -DRWORDSIZE=8 -DLWORDSIZE=4 -DNONSTANDARD_SYSTEM_SUBR  -DWRF_USE_CLM -DBUFR   -DFFTPACK -DNORESHAPE -DDM_PARALLEL -DNETCDF -DCRTM -DHDF5 -DUSE_ALLOCATABLES -DGRIB1 -DINTIO -DKEEP_INT_AROUND -DLIMIT_ARGS -DCONFIG_BUF_LEN=65536 -DMAX_DOMAINS_F=21 -DMAX_HISTORY=25 -DNMM_NEST=0 -DWRF_CHEM -DBUILD_CHEM=1 -I. -traditional-cpp  mradf3.F  > mradf3.f90
rm -f -f z1f5kb.f90
/lib/cpp -P -nostdinc -DEM_CORE=1 -DNMM_CORE=0 -DNMM_MAX_DIM=2600 -DCOAMPS_CORE=0 -DDA_CORE=1 -DEXP_CORE=0 -DIWORDSIZE=4 -DDWORDSIZE=8 -DRWORDSIZE=8 -DLWORDSIZE=4 -DNONSTANDARD_SYSTEM_SUBR  -DWRF_USE_CLM -DBUFR   -DFFTPACK -DNORESHAPE -DDM_PARALLEL -DNETCDF -DCRTM -DHDF5 -DUSE_ALLOCATABLES -DGRIB1 -DINTIO -DKEEP_INT_AROUND -DLIMIT_ARGS -DCONFIG_BUF_LEN=65536 -DMAX_DOMAINS_F=21 -DMAX_HISTORY=25 -DNMM_NEST=0 -DWRF_CHEM -DBUILD_CHEM=1 -I. -traditional-cpp  r1f3kf.F  > r1f3kf.f90
rm -f -f cfftmb.f90
gfortran -c -fdefault-real-8  -w -ffree-form -ffree-line-length-none -fconvert=big-endian -frecord-marker=4  mradf3.f90
/lib/cpp -P -nostdinc -DEM_CORE=1 -DNMM_CORE=0 -DNMM_MAX_DIM=2600 -DCOAMPS_CORE=0 -DDA_CORE=1 -DEXP_CORE=0 -DIWORDSIZE=4 -DDWORDSIZE=8 -DRWORDSIZE=8 -DLWORDSIZE=4 -DNONSTANDARD_SYSTEM_SUBR  -DWRF_USE_CLM -DBUFR   -DFFTPACK -DNORESHAPE -DDM_PARALLEL -DNETCDF -DCRTM -DHDF5 -DUSE_ALLOCATABLES -DGRIB1 -DINTIO -DKEEP_INT_AROUND -DLIMIT_ARGS -DCONFIG_BUF_LEN=65536 -DMAX_DOMAINS_F=21 -DMAX_HISTORY=25 -DNMM_NEST=0 -DWRF_CHEM -DBUILD_CHEM=1 -I. -traditional-cpp  r8_tables.F  > r8_tables.f90
gfortran -c -fdefault-real-8  -w -ffree-form -ffree-line-length-none -fconvert=big-endian -frecord-marker=4  r1f3kf.f90
gfortran -c -fdefault-real-8  -w -ffree-form -ffree-line-length-none -fconvert=big-endian -frecord-marker=4  r8_tables.f90
rm -f -f cost1f.f90
/lib/cpp -P -nostdinc -DEM_CORE=1 -DNMM_CORE=0 -DNMM_MAX_DIM=2600 -DCOAMPS_CORE=0 -DDA_CORE=1 -DEXP_CORE=0 -DIWORDSIZE=4 -DDWORDSIZE=8 -DRWORDSIZE=8 -DLWORDSIZE=4 -DNONSTANDARD_SYSTEM_SUBR  -DWRF_USE_CLM -DBUFR   -DFFTPACK -DNORESHAPE -DDM_PARALLEL -DNETCDF -DCRTM -DHDF5 -DUSE_ALLOCATABLES -DGRIB1 -DINTIO -DKEEP_INT_AROUND -DLIMIT_ARGS -DCONFIG_BUF_LEN=65536 -DMAX_DOMAINS_F=21 -DMAX_HISTORY=25 -DNMM_NEST=0 -DWRF_CHEM -DBUILD_CHEM=1 -I. -traditional-cpp  rfftmi.F  > rfftmi.f90
rm -f -f c1f5kb.f90
/lib/cpp -P -nostdinc -DEM_CORE=1 -DNMM_CORE=0 -DNMM_MAX_DIM=2600 -DCOAMPS_CORE=0 -DDA_CORE=1 -DEXP_CORE=0 -DIWORDSIZE=4 -DDWORDSIZE=8 -DRWORDSIZE=8 -DLWORDSIZE=4 -DNONSTANDARD_SYSTEM_SUBR  -DWRF_USE_CLM -DBUFR   -DFFTPACK -DNORESHAPE -DDM_PARALLEL -DNETCDF -DCRTM -DHDF5 -DUSE_ALLOCATABLES -DGRIB1 -DINTIO -DKEEP_INT_AROUND -DLIMIT_ARGS -DCONFIG_BUF_LEN=65536 -DMAX_DOMAINS_F=21 -DMAX_HISTORY=25 -DNMM_NEST=0 -DWRF_CHEM -DBUILD_CHEM=1 -I. -traditional-cpp  sintmb.F  > sintmb.f90
gfortran -c -fdefault-real-8  -w -ffree-form -ffree-line-length-none -fconvert=big-endian -frecord-marker=4  rfftmi.f90
rm -f -f dcost1i.f90
gfortran -c -fdefault-real-8  -w -ffree-form -ffree-line-length-none -fconvert=big-endian -frecord-marker=4  sintmb.f90
/lib/cpp -P -nostdinc -DEM_CORE=1 -DNMM_CORE=0 -DNMM_MAX_DIM=2600 -DCOAMPS_CORE=0 -DDA_CORE=1 -DEXP_CORE=0 -DIWORDSIZE=4 -DDWORDSIZE=8 -DRWORDSIZE=8 -DLWORDSIZE=4 -DNONSTANDARD_SYSTEM_SUBR  -DWRF_USE_CLM -DBUFR   -DFFTPACK -DNORESHAPE -DDM_PARALLEL -DNETCDF -DCRTM -DHDF5 -DUSE_ALLOCATABLES -DGRIB1 -DINTIO -DKEEP_INT_AROUND -DLIMIT_ARGS -DCONFIG_BUF_LEN=65536 -DMAX_DOMAINS_F=21 -DMAX_HISTORY=25 -DNMM_NEST=0 -DWRF_CHEM -DBUILD_CHEM=1 -I. -traditional-cpp  z1f5kf.F  > z1f5kf.f90
rm -f -f zmfgkf.f90
/lib/cpp -P -nostdinc -DEM_CORE=1 -DNMM_CORE=0 -DNMM_MAX_DIM=2600 -DCOAMPS_CORE=0 -DDA_CORE=1 -DEXP_CORE=0 -DIWORDSIZE=4 -DDWORDSIZE=8 -DRWORDSIZE=8 -DLWORDSIZE=4 -DNONSTANDARD_SYSTEM_SUBR  -DWRF_USE_CLM -DBUFR   -DFFTPACK -DNORESHAPE -DDM_PARALLEL -DNETCDF -DCRTM -DHDF5 -DUSE_ALLOCATABLES -DGRIB1 -DINTIO -DKEEP_INT_AROUND -DLIMIT_ARGS -DCONFIG_BUF_LEN=65536 -DMAX_DOMAINS_F=21 -DMAX_HISTORY=25 -DNMM_NEST=0 -DWRF_CHEM -DBUILD_CHEM=1 -I. -traditional-cpp  zfftmf.F  > zfftmf.f90
rm -f -f dsintb1.f90
/lib/cpp -P -nostdinc -DEM_CORE=1 -DNMM_CORE=0 -DNMM_MAX_DIM=2600 -DCOAMPS_CORE=0 -DDA_CORE=1 -DEXP_CORE=0 -DIWORDSIZE=4 -DDWORDSIZE=8 -DRWORDSIZE=8 -DLWORDSIZE=4 -DNONSTANDARD_SYSTEM_SUBR  -DWRF_USE_CLM -DBUFR   -DFFTPACK -DNORESHAPE -DDM_PARALLEL -DNETCDF -DCRTM -DHDF5 -DUSE_ALLOCATABLES -DGRIB1 -DINTIO -DKEEP_INT_AROUND -DLIMIT_ARGS -DCONFIG_BUF_LEN=65536 -DMAX_DOMAINS_F=21 -DMAX_HISTORY=25 -DNMM_NEST=0 -DWRF_CHEM -DBUILD_CHEM=1 -I. -traditional-cpp  zmfm1b.F  > zmfm1b.f90
gfortran -c -fdefault-real-8  -w -ffree-form -ffree-line-length-none -fconvert=big-endian -frecord-marker=4  z1f5kf.f90
gfortran -c -fdefault-real-8  -w -ffree-form -ffree-line-length-none -fconvert=big-endian -frecord-marker=4  zfftmf.f90
rm -f -f d1f4kf.f90
/lib/cpp -P -nostdinc -DEM_CORE=1 -DNMM_CORE=0 -DNMM_MAX_DIM=2600 -DCOAMPS_CORE=0 -DDA_CORE=1 -DEXP_CORE=0 -DIWORDSIZE=4 -DDWORDSIZE=8 -DRWORDSIZE=8 -DLWORDSIZE=4 -DNONSTANDARD_SYSTEM_SUBR  -DWRF_USE_CLM -DBUFR   -DFFTPACK -DNORESHAPE -DDM_PARALLEL -DNETCDF -DCRTM -DHDF5 -DUSE_ALLOCATABLES -DGRIB1 -DINTIO -DKEEP_INT_AROUND -DLIMIT_ARGS -DCONFIG_BUF_LEN=65536 -DMAX_DOMAINS_F=21 -DMAX_HISTORY=25 -DNMM_NEST=0 -DWRF_CHEM -DBUILD_CHEM=1 -I. -traditional-cpp  c1f5kf.F  > c1f5kf.f90
rm -f -f cmfgkf.f90
gfortran -c -fdefault-real-8  -w -ffree-form -ffree-line-length-none -fconvert=big-endian -frecord-marker=4  zmfm1b.f90
/lib/cpp -P -nostdinc -DEM_CORE=1 -DNMM_CORE=0 -DNMM_MAX_DIM=2600 -DCOAMPS_CORE=0 -DDA_CORE=1 -DEXP_CORE=0 -DIWORDSIZE=4 -DDWORDSIZE=8 -DRWORDSIZE=8 -DLWORDSIZE=4 -DNONSTANDARD_SYSTEM_SUBR  -DWRF_USE_CLM -DBUFR   -DFFTPACK -DNORESHAPE -DDM_PARALLEL -DNETCDF -DCRTM -DHDF5 -DUSE_ALLOCATABLES -DGRIB1 -DINTIO -DKEEP_INT_AROUND -DLIMIT_ARGS -DCONFIG_BUF_LEN=65536 -DMAX_DOMAINS_F=21 -DMAX_HISTORY=25 -DNMM_NEST=0 -DWRF_CHEM -DBUILD_CHEM=1 -I. -traditional-cpp  cfftmf.F  > cfftmf.f90
gfortran -c -fdefault-real-8  -w -ffree-form -ffree-line-length-none -fconvert=big-endian -frecord-marker=4  c1f5kf.f90
rm -f -f r8_tables.f90
gfortran -c -fdefault-real-8  -w -ffree-form -ffree-line-length-none -fconvert=big-endian -frecord-marker=4  cfftmf.f90
/lib/cpp -P -nostdinc -DEM_CORE=1 -DNMM_CORE=0 -DNMM_MAX_DIM=2600 -DCOAMPS_CORE=0 -DDA_CORE=1 -DEXP_CORE=0 -DIWORDSIZE=4 -DDWORDSIZE=8 -DRWORDSIZE=8 -DLWORDSIZE=4 -DNONSTANDARD_SYSTEM_SUBR  -DWRF_USE_CLM -DBUFR   -DFFTPACK -DNORESHAPE -DDM_PARALLEL -DNETCDF -DCRTM -DHDF5 -DUSE_ALLOCATABLES -DGRIB1 -DINTIO -DKEEP_INT_AROUND -DLIMIT_ARGS -DCONFIG_BUF_LEN=65536 -DMAX_DOMAINS_F=21 -DMAX_HISTORY=25 -DNMM_NEST=0 -DWRF_CHEM -DBUILD_CHEM=1 -I. -traditional-cpp  cmfm1b.F  > cmfm1b.f90
rm -f -f r1f3kf.f90
/lib/cpp -P -nostdinc -DEM_CORE=1 -DNMM_CORE=0 -DNMM_MAX_DIM=2600 -DCOAMPS_CORE=0 -DDA_CORE=1 -DEXP_CORE=0 -DIWORDSIZE=4 -DDWORDSIZE=8 -DRWORDSIZE=8 -DLWORDSIZE=4 -DNONSTANDARD_SYSTEM_SUBR  -DWRF_USE_CLM -DBUFR   -DFFTPACK -DNORESHAPE -DDM_PARALLEL -DNETCDF -DCRTM -DHDF5 -DUSE_ALLOCATABLES -DGRIB1 -DINTIO -DKEEP_INT_AROUND -DLIMIT_ARGS -DCONFIG_BUF_LEN=65536 -DMAX_DOMAINS_F=21 -DMAX_HISTORY=25 -DNMM_NEST=0 -DWRF_CHEM -DBUILD_CHEM=1 -I. -traditional-cpp  cost1i.F  > cost1i.f90
rm -f -f rfftmi.f90
rm -f -f sintmb.f90
gfortran -c -fdefault-real-8  -w -ffree-form -ffree-line-length-none -fconvert=big-endian -frecord-marker=4  cmfm1b.f90
/lib/cpp -P -nostdinc -DEM_CORE=1 -DNMM_CORE=0 -DNMM_MAX_DIM=2600 -DCOAMPS_CORE=0 -DDA_CORE=1 -DEXP_CORE=0 -DIWORDSIZE=4 -DDWORDSIZE=8 -DRWORDSIZE=8 -DLWORDSIZE=4 -DNONSTANDARD_SYSTEM_SUBR  -DWRF_USE_CLM -DBUFR   -DFFTPACK -DNORESHAPE -DDM_PARALLEL -DNETCDF -DCRTM -DHDF5 -DUSE_ALLOCATABLES -DGRIB1 -DINTIO -DKEEP_INT_AROUND -DLIMIT_ARGS -DCONFIG_BUF_LEN=65536 -DMAX_DOMAINS_F=21 -DMAX_HISTORY=25 -DNMM_NEST=0 -DWRF_CHEM -DBUILD_CHEM=1 -I. -traditional-cpp  d1f5kb.F  > d1f5kb.f90
/lib/cpp -P -nostdinc -DEM_CORE=1 -DNMM_CORE=0 -DNMM_MAX_DIM=2600 -DCOAMPS_CORE=0 -DDA_CORE=1 -DEXP_CORE=0 -DIWORDSIZE=4 -DDWORDSIZE=8 -DRWORDSIZE=8 -DLWORDSIZE=4 -DNONSTANDARD_SYSTEM_SUBR  -DWRF_USE_CLM -DBUFR   -DFFTPACK -DNORESHAPE -DDM_PARALLEL -DNETCDF -DCRTM -DHDF5 -DUSE_ALLOCATABLES -DGRIB1 -DINTIO -DKEEP_INT_AROUND -DLIMIT_ARGS -DCONFIG_BUF_LEN=65536 -DMAX_DOMAINS_F=21 -DMAX_HISTORY=25 -DNMM_NEST=0 -DWRF_CHEM -DBUILD_CHEM=1 -I. -traditional-cpp  dcostb1.F  > dcostb1.f90
rm -f -f mradf3.f90
/lib/cpp -P -nostdinc -DEM_CORE=1 -DNMM_CORE=0 -DNMM_MAX_DIM=2600 -DCOAMPS_CORE=0 -DDA_CORE=1 -DEXP_CORE=0 -DIWORDSIZE=4 -DDWORDSIZE=8 -DRWORDSIZE=8 -DLWORDSIZE=4 -DNONSTANDARD_SYSTEM_SUBR  -DWRF_USE_CLM -DBUFR   -DFFTPACK -DNORESHAPE -DDM_PARALLEL -DNETCDF -DCRTM -DHDF5 -DUSE_ALLOCATABLES -DGRIB1 -DINTIO -DKEEP_INT_AROUND -DLIMIT_ARGS -DCONFIG_BUF_LEN=65536 -DMAX_DOMAINS_F=21 -DMAX_HISTORY=25 -DNMM_NEST=0 -DWRF_CHEM -DBUILD_CHEM=1 -I. -traditional-cpp  dsintf1.F  > dsintf1.f90
gfortran -c -fdefault-real-8  -w -ffree-form -ffree-line-length-none -fconvert=big-endian -frecord-marker=4  cost1i.f90
gfortran -c -fdefault-real-8  -w -ffree-form -ffree-line-length-none -fconvert=big-endian -frecord-marker=4  d1f5kb.f90
gfortran -c -fdefault-real-8  -w -ffree-form -ffree-line-length-none -fconvert=big-endian -frecord-marker=4  dcostb1.f90
gfortran -c -fdefault-real-8  -w -ffree-form -ffree-line-length-none -fconvert=big-endian -frecord-marker=4  dsintf1.f90
rm -f -f zfftmf.f90
/lib/cpp -P -nostdinc -DEM_CORE=1 -DNMM_CORE=0 -DNMM_MAX_DIM=2600 -DCOAMPS_CORE=0 -DDA_CORE=1 -DEXP_CORE=0 -DIWORDSIZE=4 -DDWORDSIZE=8 -DRWORDSIZE=8 -DLWORDSIZE=4 -DNONSTANDARD_SYSTEM_SUBR  -DWRF_USE_CLM -DBUFR   -DFFTPACK -DNORESHAPE -DDM_PARALLEL -DNETCDF -DCRTM -DHDF5 -DUSE_ALLOCATABLES -DGRIB1 -DINTIO -DKEEP_INT_AROUND -DLIMIT_ARGS -DCONFIG_BUF_LEN=65536 -DMAX_DOMAINS_F=21 -DMAX_HISTORY=25 -DNMM_NEST=0 -DWRF_CHEM -DBUILD_CHEM=1 -I. -traditional-cpp  mradf4.F  > mradf4.f90
rm -f -f zmfm1b.f90
/lib/cpp -P -nostdinc -DEM_CORE=1 -DNMM_CORE=0 -DNMM_MAX_DIM=2600 -DCOAMPS_CORE=0 -DDA_CORE=1 -DEXP_CORE=0 -DIWORDSIZE=4 -DDWORDSIZE=8 -DRWORDSIZE=8 -DLWORDSIZE=4 -DNONSTANDARD_SYSTEM_SUBR  -DWRF_USE_CLM -DBUFR   -DFFTPACK -DNORESHAPE -DDM_PARALLEL -DNETCDF -DCRTM -DHDF5 -DUSE_ALLOCATABLES -DGRIB1 -DINTIO -DKEEP_INT_AROUND -DLIMIT_ARGS -DCONFIG_BUF_LEN=65536 -DMAX_DOMAINS_F=21 -DMAX_HISTORY=25 -DNMM_NEST=0 -DWRF_CHEM -DBUILD_CHEM=1 -I. -traditional-cpp  r1f4kb.F  > r1f4kb.f90
gfortran -c -fdefault-real-8  -w -ffree-form -ffree-line-length-none -fconvert=big-endian -frecord-marker=4  mradf4.f90
gfortran -c -fdefault-real-8  -w -ffree-form -ffree-line-length-none -fconvert=big-endian -frecord-marker=4  r1f4kb.f90
rm -f -f cfftmf.f90
/lib/cpp -P -nostdinc -DEM_CORE=1 -DNMM_CORE=0 -DNMM_MAX_DIM=2600 -DCOAMPS_CORE=0 -DDA_CORE=1 -DEXP_CORE=0 -DIWORDSIZE=4 -DDWORDSIZE=8 -DRWORDSIZE=8 -DLWORDSIZE=4 -DNONSTANDARD_SYSTEM_SUBR  -DWRF_USE_CLM -DBUFR   -DFFTPACK -DNORESHAPE -DDM_PARALLEL -DNETCDF -DCRTM -DHDF5 -DUSE_ALLOCATABLES -DGRIB1 -DINTIO -DKEEP_INT_AROUND -DLIMIT_ARGS -DCONFIG_BUF_LEN=65536 -DMAX_DOMAINS_F=21 -DMAX_HISTORY=25 -DNMM_NEST=0 -DWRF_CHEM -DBUILD_CHEM=1 -I. -traditional-cpp  rfft1b.F  > rfft1b.f90
rm -f -f z1f5kf.f90
/lib/cpp -P -nostdinc -DEM_CORE=1 -DNMM_CORE=0 -DNMM_MAX_DIM=2600 -DCOAMPS_CORE=0 -DDA_CORE=1 -DEXP_CORE=0 -DIWORDSIZE=4 -DDWORDSIZE=8 -DRWORDSIZE=8 -DLWORDSIZE=4 -DNONSTANDARD_SYSTEM_SUBR  -DWRF_USE_CLM -DBUFR   -DFFTPACK -DNORESHAPE -DDM_PARALLEL -DNETCDF -DCRTM -DHDF5 -DUSE_ALLOCATABLES -DGRIB1 -DINTIO -DKEEP_INT_AROUND -DLIMIT_ARGS -DCONFIG_BUF_LEN=65536 -DMAX_DOMAINS_F=21 -DMAX_HISTORY=25 -DNMM_NEST=0 -DWRF_CHEM -DBUILD_CHEM=1 -I. -traditional-cpp  sinq1b.F  > sinq1b.f90
rm -f -f cmfm1b.f90
/lib/cpp -P -nostdinc -DEM_CORE=1 -DNMM_CORE=0 -DNMM_MAX_DIM=2600 -DCOAMPS_CORE=0 -DDA_CORE=1 -DEXP_CORE=0 -DIWORDSIZE=4 -DDWORDSIZE=8 -DRWORDSIZE=8 -DLWORDSIZE=4 -DNONSTANDARD_SYSTEM_SUBR  -DWRF_USE_CLM -DBUFR   -DFFTPACK -DNORESHAPE -DDM_PARALLEL -DNETCDF -DCRTM -DHDF5 -DUSE_ALLOCATABLES -DGRIB1 -DINTIO -DKEEP_INT_AROUND -DLIMIT_ARGS -DCONFIG_BUF_LEN=65536 -DMAX_DOMAINS_F=21 -DMAX_HISTORY=25 -DNMM_NEST=0 -DWRF_CHEM -DBUILD_CHEM=1 -I. -traditional-cpp  sintmf.F  > sintmf.f90
gfortran -c -fdefault-real-8  -w -ffree-form -ffree-line-length-none -fconvert=big-endian -frecord-marker=4  rfft1b.f90
rm -f -f cost1i.f90
/lib/cpp -P -nostdinc -DEM_CORE=1 -DNMM_CORE=0 -DNMM_MAX_DIM=2600 -DCOAMPS_CORE=0 -DDA_CORE=1 -DEXP_CORE=0 -DIWORDSIZE=4 -DDWORDSIZE=8 -DRWORDSIZE=8 -DLWORDSIZE=4 -DNONSTANDARD_SYSTEM_SUBR  -DWRF_USE_CLM -DBUFR   -DFFTPACK -DNORESHAPE -DDM_PARALLEL -DNETCDF -DCRTM -DHDF5 -DUSE_ALLOCATABLES -DGRIB1 -DINTIO -DKEEP_INT_AROUND -DLIMIT_ARGS -DCONFIG_BUF_LEN=65536 -DMAX_DOMAINS_F=21 -DMAX_HISTORY=25 -DNMM_NEST=0 -DWRF_CHEM -DBUILD_CHEM=1 -I. -traditional-cpp  z1fgkb.F  > z1fgkb.f90
rm -f -f c1f5kf.f90
rm -f -f dcostb1.f90
/lib/cpp -P -nostdinc -DEM_CORE=1 -DNMM_CORE=0 -DNMM_MAX_DIM=2600 -DCOAMPS_CORE=0 -DDA_CORE=1 -DEXP_CORE=0 -DIWORDSIZE=4 -DDWORDSIZE=8 -DRWORDSIZE=8 -DLWORDSIZE=4 -DNONSTANDARD_SYSTEM_SUBR  -DWRF_USE_CLM -DBUFR   -DFFTPACK -DNORESHAPE -DDM_PARALLEL -DNETCDF -DCRTM -DHDF5 -DUSE_ALLOCATABLES -DGRIB1 -DINTIO -DKEEP_INT_AROUND -DLIMIT_ARGS -DCONFIG_BUF_LEN=65536 -DMAX_DOMAINS_F=21 -DMAX_HISTORY=25 -DNMM_NEST=0 -DWRF_CHEM -DBUILD_CHEM=1 -I. -traditional-cpp  zfftmi.F  > zfftmi.f90
/lib/cpp -P -nostdinc -DEM_CORE=1 -DNMM_CORE=0 -DNMM_MAX_DIM=2600 -DCOAMPS_CORE=0 -DDA_CORE=1 -DEXP_CORE=0 -DIWORDSIZE=4 -DDWORDSIZE=8 -DRWORDSIZE=8 -DLWORDSIZE=4 -DNONSTANDARD_SYSTEM_SUBR  -DWRF_USE_CLM -DBUFR   -DFFTPACK -DNORESHAPE -DDM_PARALLEL -DNETCDF -DCRTM -DHDF5 -DUSE_ALLOCATABLES -DGRIB1 -DINTIO -DKEEP_INT_AROUND -DLIMIT_ARGS -DCONFIG_BUF_LEN=65536 -DMAX_DOMAINS_F=21 -DMAX_HISTORY=25 -DNMM_NEST=0 -DWRF_CHEM -DBUILD_CHEM=1 -I. -traditional-cpp  zmfm1f.F  > zmfm1f.f90
gfortran -c -fdefault-real-8  -w -ffree-form -ffree-line-length-none -fconvert=big-endian -frecord-marker=4  sinq1b.f90
gfortran -c -fdefault-real-8  -w -ffree-form -ffree-line-length-none -fconvert=big-endian -frecord-marker=4  sintmf.f90
rm -f -f dsintf1.f90
gfortran -c -fdefault-real-8  -w -ffree-form -ffree-line-length-none -fconvert=big-endian -frecord-marker=4  z1fgkb.f90
/lib/cpp -P -nostdinc -DEM_CORE=1 -DNMM_CORE=0 -DNMM_MAX_DIM=2600 -DCOAMPS_CORE=0 -DDA_CORE=1 -DEXP_CORE=0 -DIWORDSIZE=4 -DDWORDSIZE=8 -DRWORDSIZE=8 -DLWORDSIZE=4 -DNONSTANDARD_SYSTEM_SUBR  -DWRF_USE_CLM -DBUFR   -DFFTPACK -DNORESHAPE -DDM_PARALLEL -DNETCDF -DCRTM -DHDF5 -DUSE_ALLOCATABLES -DGRIB1 -DINTIO -DKEEP_INT_AROUND -DLIMIT_ARGS -DCONFIG_BUF_LEN=65536 -DMAX_DOMAINS_F=21 -DMAX_HISTORY=25 -DNMM_NEST=0 -DWRF_CHEM -DBUILD_CHEM=1 -I. -traditional-cpp  c1fgkb.F  > c1fgkb.f90
gfortran -c -fdefault-real-8  -w -ffree-form -ffree-line-length-none -fconvert=big-endian -frecord-marker=4  zfftmi.f90
gfortran -c -fdefault-real-8  -w -ffree-form -ffree-line-length-none -fconvert=big-endian -frecord-marker=4  zmfm1f.f90
gfortran -c -fdefault-real-8  -w -ffree-form -ffree-line-length-none -fconvert=big-endian -frecord-marker=4  c1fgkb.f90
rm -f -f r1f4kb.f90
rm -f -f d1f5kb.f90
/lib/cpp -P -nostdinc -DEM_CORE=1 -DNMM_CORE=0 -DNMM_MAX_DIM=2600 -DCOAMPS_CORE=0 -DDA_CORE=1 -DEXP_CORE=0 -DIWORDSIZE=4 -DDWORDSIZE=8 -DRWORDSIZE=8 -DLWORDSIZE=4 -DNONSTANDARD_SYSTEM_SUBR  -DWRF_USE_CLM -DBUFR   -DFFTPACK -DNORESHAPE -DDM_PARALLEL -DNETCDF -DCRTM -DHDF5 -DUSE_ALLOCATABLES -DGRIB1 -DINTIO -DKEEP_INT_AROUND -DLIMIT_ARGS -DCONFIG_BUF_LEN=65536 -DMAX_DOMAINS_F=21 -DMAX_HISTORY=25 -DNMM_NEST=0 -DWRF_CHEM -DBUILD_CHEM=1 -I. -traditional-cpp  cfftmi.F  > cfftmi.f90
rm -f -f mradf4.f90
/lib/cpp -P -nostdinc -DEM_CORE=1 -DNMM_CORE=0 -DNMM_MAX_DIM=2600 -DCOAMPS_CORE=0 -DDA_CORE=1 -DEXP_CORE=0 -DIWORDSIZE=4 -DDWORDSIZE=8 -DRWORDSIZE=8 -DLWORDSIZE=4 -DNONSTANDARD_SYSTEM_SUBR  -DWRF_USE_CLM -DBUFR   -DFFTPACK -DNORESHAPE -DDM_PARALLEL -DNETCDF -DCRTM -DHDF5 -DUSE_ALLOCATABLES -DGRIB1 -DINTIO -DKEEP_INT_AROUND -DLIMIT_ARGS -DCONFIG_BUF_LEN=65536 -DMAX_DOMAINS_F=21 -DMAX_HISTORY=25 -DNMM_NEST=0 -DWRF_CHEM -DBUILD_CHEM=1 -I. -traditional-cpp  cmfm1f.F  > cmfm1f.f90
/lib/cpp -P -nostdinc -DEM_CORE=1 -DNMM_CORE=0 -DNMM_MAX_DIM=2600 -DCOAMPS_CORE=0 -DDA_CORE=1 -DEXP_CORE=0 -DIWORDSIZE=4 -DDWORDSIZE=8 -DRWORDSIZE=8 -DLWORDSIZE=4 -DNONSTANDARD_SYSTEM_SUBR  -DWRF_USE_CLM -DBUFR   -DFFTPACK -DNORESHAPE -DDM_PARALLEL -DNETCDF -DCRTM -DHDF5 -DUSE_ALLOCATABLES -DGRIB1 -DINTIO -DKEEP_INT_AROUND -DLIMIT_ARGS -DCONFIG_BUF_LEN=65536 -DMAX_DOMAINS_F=21 -DMAX_HISTORY=25 -DNMM_NEST=0 -DWRF_CHEM -DBUILD_CHEM=1 -I. -traditional-cpp  costb1.F  > costb1.f90
rm -f -f rfft1b.f90
/lib/cpp -P -nostdinc -DEM_CORE=1 -DNMM_CORE=0 -DNMM_MAX_DIM=2600 -DCOAMPS_CORE=0 -DDA_CORE=1 -DEXP_CORE=0 -DIWORDSIZE=4 -DDWORDSIZE=8 -DRWORDSIZE=8 -DLWORDSIZE=4 -DNONSTANDARD_SYSTEM_SUBR  -DWRF_USE_CLM -DBUFR   -DFFTPACK -DNORESHAPE -DDM_PARALLEL -DNETCDF -DCRTM -DHDF5 -DUSE_ALLOCATABLES -DGRIB1 -DINTIO -DKEEP_INT_AROUND -DLIMIT_ARGS -DCONFIG_BUF_LEN=65536 -DMAX_DOMAINS_F=21 -DMAX_HISTORY=25 -DNMM_NEST=0 -DWRF_CHEM -DBUILD_CHEM=1 -I. -traditional-cpp  d1f5kf.F  > d1f5kf.f90
gfortran -c -fdefault-real-8  -w -ffree-form -ffree-line-length-none -fconvert=big-endian -frecord-marker=4  cfftmi.f90
gfortran -c -fdefault-real-8  -w -ffree-form -ffree-line-length-none -fconvert=big-endian -frecord-marker=4  costb1.f90
rm -f -f sinq1b.f90
rm -f -f sintmf.f90
/lib/cpp -P -nostdinc -DEM_CORE=1 -DNMM_CORE=0 -DNMM_MAX_DIM=2600 -DCOAMPS_CORE=0 -DDA_CORE=1 -DEXP_CORE=0 -DIWORDSIZE=4 -DDWORDSIZE=8 -DRWORDSIZE=8 -DLWORDSIZE=4 -DNONSTANDARD_SYSTEM_SUBR  -DWRF_USE_CLM -DBUFR   -DFFTPACK -DNORESHAPE -DDM_PARALLEL -DNETCDF -DCRTM -DHDF5 -DUSE_ALLOCATABLES -DGRIB1 -DINTIO -DKEEP_INT_AROUND -DLIMIT_ARGS -DCONFIG_BUF_LEN=65536 -DMAX_DOMAINS_F=21 -DMAX_HISTORY=25 -DNMM_NEST=0 -DWRF_CHEM -DBUILD_CHEM=1 -I. -traditional-cpp  dcostf1.F  > dcostf1.f90
gfortran -c -fdefault-real-8  -w -ffree-form -ffree-line-length-none -fconvert=big-endian -frecord-marker=4  cmfm1f.f90
/lib/cpp -P -nostdinc -DEM_CORE=1 -DNMM_CORE=0 -DNMM_MAX_DIM=2600 -DCOAMPS_CORE=0 -DDA_CORE=1 -DEXP_CORE=0 -DIWORDSIZE=4 -DDWORDSIZE=8 -DRWORDSIZE=8 -DLWORDSIZE=4 -DNONSTANDARD_SYSTEM_SUBR  -DWRF_USE_CLM -DBUFR   -DFFTPACK -DNORESHAPE -DDM_PARALLEL -DNETCDF -DCRTM -DHDF5 -DUSE_ALLOCATABLES -DGRIB1 -DINTIO -DKEEP_INT_AROUND -DLIMIT_ARGS -DCONFIG_BUF_LEN=65536 -DMAX_DOMAINS_F=21 -DMAX_HISTORY=25 -DNMM_NEST=0 -DWRF_CHEM -DBUILD_CHEM=1 -I. -traditional-cpp  mcsqb1.F  > mcsqb1.f90
gfortran -c -fdefault-real-8  -w -ffree-form -ffree-line-length-none -fconvert=big-endian -frecord-marker=4  d1f5kf.f90
rm -f -f zfftmi.f90
/lib/cpp -P -nostdinc -DEM_CORE=1 -DNMM_CORE=0 -DNMM_MAX_DIM=2600 -DCOAMPS_CORE=0 -DDA_CORE=1 -DEXP_CORE=0 -DIWORDSIZE=4 -DDWORDSIZE=8 -DRWORDSIZE=8 -DLWORDSIZE=4 -DNONSTANDARD_SYSTEM_SUBR  -DWRF_USE_CLM -DBUFR   -DFFTPACK -DNORESHAPE -DDM_PARALLEL -DNETCDF -DCRTM -DHDF5 -DUSE_ALLOCATABLES -DGRIB1 -DINTIO -DKEEP_INT_AROUND -DLIMIT_ARGS -DCONFIG_BUF_LEN=65536 -DMAX_DOMAINS_F=21 -DMAX_HISTORY=25 -DNMM_NEST=0 -DWRF_CHEM -DBUILD_CHEM=1 -I. -traditional-cpp  mradf5.F  > mradf5.f90
rm -f -f zmfm1f.f90
/lib/cpp -P -nostdinc -DEM_CORE=1 -DNMM_CORE=0 -DNMM_MAX_DIM=2600 -DCOAMPS_CORE=0 -DDA_CORE=1 -DEXP_CORE=0 -DIWORDSIZE=4 -DDWORDSIZE=8 -DRWORDSIZE=8 -DLWORDSIZE=4 -DNONSTANDARD_SYSTEM_SUBR  -DWRF_USE_CLM -DBUFR   -DFFTPACK -DNORESHAPE -DDM_PARALLEL -DNETCDF -DCRTM -DHDF5 -DUSE_ALLOCATABLES -DGRIB1 -DINTIO -DKEEP_INT_AROUND -DLIMIT_ARGS -DCONFIG_BUF_LEN=65536 -DMAX_DOMAINS_F=21 -DMAX_HISTORY=25 -DNMM_NEST=0 -DWRF_CHEM -DBUILD_CHEM=1 -I. -traditional-cpp  r1f4kf.F  > r1f4kf.f90
gfortran -c -fdefault-real-8  -w -ffree-form -ffree-line-length-none -fconvert=big-endian -frecord-marker=4  mcsqb1.f90
gfortran -c -fdefault-real-8  -w -ffree-form -ffree-line-length-none -fconvert=big-endian -frecord-marker=4  dcostf1.f90
gfortran -c -fdefault-real-8  -w -ffree-form -ffree-line-length-none -fconvert=big-endian -frecord-marker=4  mradf5.f90
rm -f -f z1fgkb.f90
/lib/cpp -P -nostdinc -DEM_CORE=1 -DNMM_CORE=0 -DNMM_MAX_DIM=2600 -DCOAMPS_CORE=0 -DDA_CORE=1 -DEXP_CORE=0 -DIWORDSIZE=4 -DDWORDSIZE=8 -DRWORDSIZE=8 -DLWORDSIZE=4 -DNONSTANDARD_SYSTEM_SUBR  -DWRF_USE_CLM -DBUFR   -DFFTPACK -DNORESHAPE -DDM_PARALLEL -DNETCDF -DCRTM -DHDF5 -DUSE_ALLOCATABLES -DGRIB1 -DINTIO -DKEEP_INT_AROUND -DLIMIT_ARGS -DCONFIG_BUF_LEN=65536 -DMAX_DOMAINS_F=21 -DMAX_HISTORY=25 -DNMM_NEST=0 -DWRF_CHEM -DBUILD_CHEM=1 -I. -traditional-cpp  rfft1f.F  > rfft1f.f90
gfortran -c -fdefault-real-8  -w -ffree-form -ffree-line-length-none -fconvert=big-endian -frecord-marker=4  r1f4kf.f90
rm -f -f c1fgkb.f90
/lib/cpp -P -nostdinc -DEM_CORE=1 -DNMM_CORE=0 -DNMM_MAX_DIM=2600 -DCOAMPS_CORE=0 -DDA_CORE=1 -DEXP_CORE=0 -DIWORDSIZE=4 -DDWORDSIZE=8 -DRWORDSIZE=8 -DLWORDSIZE=4 -DNONSTANDARD_SYSTEM_SUBR  -DWRF_USE_CLM -DBUFR   -DFFTPACK -DNORESHAPE -DDM_PARALLEL -DNETCDF -DCRTM -DHDF5 -DUSE_ALLOCATABLES -DGRIB1 -DINTIO -DKEEP_INT_AROUND -DLIMIT_ARGS -DCONFIG_BUF_LEN=65536 -DMAX_DOMAINS_F=21 -DMAX_HISTORY=25 -DNMM_NEST=0 -DWRF_CHEM -DBUILD_CHEM=1 -I. -traditional-cpp  sinq1f.F  > sinq1f.f90
gfortran -c -fdefault-real-8  -w -ffree-form -ffree-line-length-none -fconvert=big-endian -frecord-marker=4  rfft1f.f90
gfortran -c -fdefault-real-8  -w -ffree-form -ffree-line-length-none -fconvert=big-endian -frecord-marker=4  sinq1f.f90
rm -f -f cfftmi.f90
/lib/cpp -P -nostdinc -DEM_CORE=1 -DNMM_CORE=0 -DNMM_MAX_DIM=2600 -DCOAMPS_CORE=0 -DDA_CORE=1 -DEXP_CORE=0 -DIWORDSIZE=4 -DDWORDSIZE=8 -DRWORDSIZE=8 -DLWORDSIZE=4 -DNONSTANDARD_SYSTEM_SUBR  -DWRF_USE_CLM -DBUFR   -DFFTPACK -DNORESHAPE -DDM_PARALLEL -DNETCDF -DCRTM -DHDF5 -DUSE_ALLOCATABLES -DGRIB1 -DINTIO -DKEEP_INT_AROUND -DLIMIT_ARGS -DCONFIG_BUF_LEN=65536 -DMAX_DOMAINS_F=21 -DMAX_HISTORY=25 -DNMM_NEST=0 -DWRF_CHEM -DBUILD_CHEM=1 -I. -traditional-cpp  sintmi.F  > sintmi.f90
rm -f -f costb1.f90
/lib/cpp -P -nostdinc -DEM_CORE=1 -DNMM_CORE=0 -DNMM_MAX_DIM=2600 -DCOAMPS_CORE=0 -DDA_CORE=1 -DEXP_CORE=0 -DIWORDSIZE=4 -DDWORDSIZE=8 -DRWORDSIZE=8 -DLWORDSIZE=4 -DNONSTANDARD_SYSTEM_SUBR  -DWRF_USE_CLM -DBUFR   -DFFTPACK -DNORESHAPE -DDM_PARALLEL -DNETCDF -DCRTM -DHDF5 -DUSE_ALLOCATABLES -DGRIB1 -DINTIO -DKEEP_INT_AROUND -DLIMIT_ARGS -DCONFIG_BUF_LEN=65536 -DMAX_DOMAINS_F=21 -DMAX_HISTORY=25 -DNMM_NEST=0 -DWRF_CHEM -DBUILD_CHEM=1 -I. -traditional-cpp  z1fgkf.F  > z1fgkf.f90
rm -f -f cmfm1f.f90
gfortran -c -fdefault-real-8  -w -ffree-form -ffree-line-length-none -fconvert=big-endian -frecord-marker=4  sintmi.f90
/lib/cpp -P -nostdinc -DEM_CORE=1 -DNMM_CORE=0 -DNMM_MAX_DIM=2600 -DCOAMPS_CORE=0 -DDA_CORE=1 -DEXP_CORE=0 -DIWORDSIZE=4 -DDWORDSIZE=8 -DRWORDSIZE=8 -DLWORDSIZE=4 -DNONSTANDARD_SYSTEM_SUBR  -DWRF_USE_CLM -DBUFR   -DFFTPACK -DNORESHAPE -DDM_PARALLEL -DNETCDF -DCRTM -DHDF5 -DUSE_ALLOCATABLES -DGRIB1 -DINTIO -DKEEP_INT_AROUND -DLIMIT_ARGS -DCONFIG_BUF_LEN=65536 -DMAX_DOMAINS_F=21 -DMAX_HISTORY=25 -DNMM_NEST=0 -DWRF_CHEM -DBUILD_CHEM=1 -I. -traditional-cpp  zmf2kb.F  > zmf2kb.f90
gfortran -c -fdefault-real-8  -w -ffree-form -ffree-line-length-none -fconvert=big-endian -frecord-marker=4  z1fgkf.f90
rm -f -f mcsqb1.f90
gfortran -c -fdefault-real-8  -w -ffree-form -ffree-line-length-none -fconvert=big-endian -frecord-marker=4  zmf2kb.f90
/lib/cpp -P -nostdinc -DEM_CORE=1 -DNMM_CORE=0 -DNMM_MAX_DIM=2600 -DCOAMPS_CORE=0 -DDA_CORE=1 -DEXP_CORE=0 -DIWORDSIZE=4 -DDWORDSIZE=8 -DRWORDSIZE=8 -DLWORDSIZE=4 -DNONSTANDARD_SYSTEM_SUBR  -DWRF_USE_CLM -DBUFR   -DFFTPACK -DNORESHAPE -DDM_PARALLEL -DNETCDF -DCRTM -DHDF5 -DUSE_ALLOCATABLES -DGRIB1 -DINTIO -DKEEP_INT_AROUND -DLIMIT_ARGS -DCONFIG_BUF_LEN=65536 -DMAX_DOMAINS_F=21 -DMAX_HISTORY=25 -DNMM_NEST=0 -DWRF_CHEM -DBUILD_CHEM=1 -I. -traditional-cpp  c1fgkf.F  > c1fgkf.f90
rm -f -f dcostf1.f90
/lib/cpp -P -nostdinc -DEM_CORE=1 -DNMM_CORE=0 -DNMM_MAX_DIM=2600 -DCOAMPS_CORE=0 -DDA_CORE=1 -DEXP_CORE=0 -DIWORDSIZE=4 -DDWORDSIZE=8 -DRWORDSIZE=8 -DLWORDSIZE=4 -DNONSTANDARD_SYSTEM_SUBR  -DWRF_USE_CLM -DBUFR   -DFFTPACK -DNORESHAPE -DDM_PARALLEL -DNETCDF -DCRTM -DHDF5 -DUSE_ALLOCATABLES -DGRIB1 -DINTIO -DKEEP_INT_AROUND -DLIMIT_ARGS -DCONFIG_BUF_LEN=65536 -DMAX_DOMAINS_F=21 -DMAX_HISTORY=25 -DNMM_NEST=0 -DWRF_CHEM -DBUILD_CHEM=1 -I. -traditional-cpp  cmf2kb.F  > cmf2kb.f90
gfortran -c -fdefault-real-8  -w -ffree-form -ffree-line-length-none -fconvert=big-endian -frecord-marker=4  c1fgkf.f90
rm -f -f rfft1f.f90
gfortran -c -fdefault-real-8  -w -ffree-form -ffree-line-length-none -fconvert=big-endian -frecord-marker=4  cmf2kb.f90
/lib/cpp -P -nostdinc -DEM_CORE=1 -DNMM_CORE=0 -DNMM_MAX_DIM=2600 -DCOAMPS_CORE=0 -DDA_CORE=1 -DEXP_CORE=0 -DIWORDSIZE=4 -DDWORDSIZE=8 -DRWORDSIZE=8 -DLWORDSIZE=4 -DNONSTANDARD_SYSTEM_SUBR  -DWRF_USE_CLM -DBUFR   -DFFTPACK -DNORESHAPE -DDM_PARALLEL -DNETCDF -DCRTM -DHDF5 -DUSE_ALLOCATABLES -DGRIB1 -DINTIO -DKEEP_INT_AROUND -DLIMIT_ARGS -DCONFIG_BUF_LEN=65536 -DMAX_DOMAINS_F=21 -DMAX_HISTORY=25 -DNMM_NEST=0 -DWRF_CHEM -DBUILD_CHEM=1 -I. -traditional-cpp  cosq1b.F  > cosq1b.f90
rm -f -f r1f4kf.f90
/lib/cpp -P -nostdinc -DEM_CORE=1 -DNMM_CORE=0 -DNMM_MAX_DIM=2600 -DCOAMPS_CORE=0 -DDA_CORE=1 -DEXP_CORE=0 -DIWORDSIZE=4 -DDWORDSIZE=8 -DRWORDSIZE=8 -DLWORDSIZE=4 -DNONSTANDARD_SYSTEM_SUBR  -DWRF_USE_CLM -DBUFR   -DFFTPACK -DNORESHAPE -DDM_PARALLEL -DNETCDF -DCRTM -DHDF5 -DUSE_ALLOCATABLES -DGRIB1 -DINTIO -DKEEP_INT_AROUND -DLIMIT_ARGS -DCONFIG_BUF_LEN=65536 -DMAX_DOMAINS_F=21 -DMAX_HISTORY=25 -DNMM_NEST=0 -DWRF_CHEM -DBUILD_CHEM=1 -I. -traditional-cpp  costf1.F  > costf1.f90
rm -f -f sinq1f.f90
/lib/cpp -P -nostdinc -DEM_CORE=1 -DNMM_CORE=0 -DNMM_MAX_DIM=2600 -DCOAMPS_CORE=0 -DDA_CORE=1 -DEXP_CORE=0 -DIWORDSIZE=4 -DDWORDSIZE=8 -DRWORDSIZE=8 -DLWORDSIZE=4 -DNONSTANDARD_SYSTEM_SUBR  -DWRF_USE_CLM -DBUFR   -DFFTPACK -DNORESHAPE -DDM_PARALLEL -DNETCDF -DCRTM -DHDF5 -DUSE_ALLOCATABLES -DGRIB1 -DINTIO -DKEEP_INT_AROUND -DLIMIT_ARGS -DCONFIG_BUF_LEN=65536 -DMAX_DOMAINS_F=21 -DMAX_HISTORY=25 -DNMM_NEST=0 -DWRF_CHEM -DBUILD_CHEM=1 -I. -traditional-cpp  d1fgkb.F  > d1fgkb.f90
gfortran -c -fdefault-real-8  -w -ffree-form -ffree-line-length-none -fconvert=big-endian -frecord-marker=4  cosq1b.f90
rm -f -f d1f5kf.f90
/lib/cpp -P -nostdinc -DEM_CORE=1 -DNMM_CORE=0 -DNMM_MAX_DIM=2600 -DCOAMPS_CORE=0 -DDA_CORE=1 -DEXP_CORE=0 -DIWORDSIZE=4 -DDWORDSIZE=8 -DRWORDSIZE=8 -DLWORDSIZE=4 -DNONSTANDARD_SYSTEM_SUBR  -DWRF_USE_CLM -DBUFR   -DFFTPACK -DNORESHAPE -DDM_PARALLEL -DNETCDF -DCRTM -DHDF5 -DUSE_ALLOCATABLES -DGRIB1 -DINTIO -DKEEP_INT_AROUND -DLIMIT_ARGS -DCONFIG_BUF_LEN=65536 -DMAX_DOMAINS_F=21 -DMAX_HISTORY=25 -DNMM_NEST=0 -DWRF_CHEM -DBUILD_CHEM=1 -I. -traditional-cpp  dfft1b.F  > dfft1b.f90
gfortran -c -fdefault-real-8  -w -ffree-form -ffree-line-length-none -fconvert=big-endian -frecord-marker=4  costf1.f90
gfortran -c -fdefault-real-8  -w -ffree-form -ffree-line-length-none -fconvert=big-endian -frecord-marker=4  d1fgkb.f90
rm -f -f sintmi.f90
/lib/cpp -P -nostdinc -DEM_CORE=1 -DNMM_CORE=0 -DNMM_MAX_DIM=2600 -DCOAMPS_CORE=0 -DDA_CORE=1 -DEXP_CORE=0 -DIWORDSIZE=4 -DDWORDSIZE=8 -DRWORDSIZE=8 -DLWORDSIZE=4 -DNONSTANDARD_SYSTEM_SUBR  -DWRF_USE_CLM -DBUFR   -DFFTPACK -DNORESHAPE -DDM_PARALLEL -DNETCDF -DCRTM -DHDF5 -DUSE_ALLOCATABLES -DGRIB1 -DINTIO -DKEEP_INT_AROUND -DLIMIT_ARGS -DCONFIG_BUF_LEN=65536 -DMAX_DOMAINS_F=21 -DMAX_HISTORY=25 -DNMM_NEST=0 -DWRF_CHEM -DBUILD_CHEM=1 -I. -traditional-cpp  mcsqf1.F  > mcsqf1.f90
gfortran -c -fdefault-real-8  -w -ffree-form -ffree-line-length-none -fconvert=big-endian -frecord-marker=4  dfft1b.f90
gfortran -c -fdefault-real-8  -w -ffree-form -ffree-line-length-none -fconvert=big-endian -frecord-marker=4  mcsqf1.f90
rm -f -f mradf5.f90
/lib/cpp -P -nostdinc -DEM_CORE=1 -DNMM_CORE=0 -DNMM_MAX_DIM=2600 -DCOAMPS_CORE=0 -DDA_CORE=1 -DEXP_CORE=0 -DIWORDSIZE=4 -DDWORDSIZE=8 -DRWORDSIZE=8 -DLWORDSIZE=4 -DNONSTANDARD_SYSTEM_SUBR  -DWRF_USE_CLM -DBUFR   -DFFTPACK -DNORESHAPE -DDM_PARALLEL -DNETCDF -DCRTM -DHDF5 -DUSE_ALLOCATABLES -DGRIB1 -DINTIO -DKEEP_INT_AROUND -DLIMIT_ARGS -DCONFIG_BUF_LEN=65536 -DMAX_DOMAINS_F=21 -DMAX_HISTORY=25 -DNMM_NEST=0 -DWRF_CHEM -DBUILD_CHEM=1 -I. -traditional-cpp  mradfg.F  > mradfg.f90
rm -f -f zmf2kb.f90
/lib/cpp -P -nostdinc -DEM_CORE=1 -DNMM_CORE=0 -DNMM_MAX_DIM=2600 -DCOAMPS_CORE=0 -DDA_CORE=1 -DEXP_CORE=0 -DIWORDSIZE=4 -DDWORDSIZE=8 -DRWORDSIZE=8 -DLWORDSIZE=4 -DNONSTANDARD_SYSTEM_SUBR  -DWRF_USE_CLM -DBUFR   -DFFTPACK -DNORESHAPE -DDM_PARALLEL -DNETCDF -DCRTM -DHDF5 -DUSE_ALLOCATABLES -DGRIB1 -DINTIO -DKEEP_INT_AROUND -DLIMIT_ARGS -DCONFIG_BUF_LEN=65536 -DMAX_DOMAINS_F=21 -DMAX_HISTORY=25 -DNMM_NEST=0 -DWRF_CHEM -DBUILD_CHEM=1 -I. -traditional-cpp  r1f5kb.F  > r1f5kb.f90
gfortran -c -fdefault-real-8  -w -ffree-form -ffree-line-length-none -fconvert=big-endian -frecord-marker=4  mradfg.f90
rm -f -f cmf2kb.f90
rm -f -f z1fgkf.f90
/lib/cpp -P -nostdinc -DEM_CORE=1 -DNMM_CORE=0 -DNMM_MAX_DIM=2600 -DCOAMPS_CORE=0 -DDA_CORE=1 -DEXP_CORE=0 -DIWORDSIZE=4 -DDWORDSIZE=8 -DRWORDSIZE=8 -DLWORDSIZE=4 -DNONSTANDARD_SYSTEM_SUBR  -DWRF_USE_CLM -DBUFR   -DFFTPACK -DNORESHAPE -DDM_PARALLEL -DNETCDF -DCRTM -DHDF5 -DUSE_ALLOCATABLES -DGRIB1 -DINTIO -DKEEP_INT_AROUND -DLIMIT_ARGS -DCONFIG_BUF_LEN=65536 -DMAX_DOMAINS_F=21 -DMAX_HISTORY=25 -DNMM_NEST=0 -DWRF_CHEM -DBUILD_CHEM=1 -I. -traditional-cpp  rfft1i.F  > rfft1i.f90
rm -f -f cosq1b.f90
/lib/cpp -P -nostdinc -DEM_CORE=1 -DNMM_CORE=0 -DNMM_MAX_DIM=2600 -DCOAMPS_CORE=0 -DDA_CORE=1 -DEXP_CORE=0 -DIWORDSIZE=4 -DDWORDSIZE=8 -DRWORDSIZE=8 -DLWORDSIZE=4 -DNONSTANDARD_SYSTEM_SUBR  -DWRF_USE_CLM -DBUFR   -DFFTPACK -DNORESHAPE -DDM_PARALLEL -DNETCDF -DCRTM -DHDF5 -DUSE_ALLOCATABLES -DGRIB1 -DINTIO -DKEEP_INT_AROUND -DLIMIT_ARGS -DCONFIG_BUF_LEN=65536 -DMAX_DOMAINS_F=21 -DMAX_HISTORY=25 -DNMM_NEST=0 -DWRF_CHEM -DBUILD_CHEM=1 -I. -traditional-cpp  sinq1i.F  > sinq1i.f90
gfortran -c -fdefault-real-8  -w -ffree-form -ffree-line-length-none -fconvert=big-endian -frecord-marker=4  r1f5kb.f90
/lib/cpp -P -nostdinc -DEM_CORE=1 -DNMM_CORE=0 -DNMM_MAX_DIM=2600 -DCOAMPS_CORE=0 -DDA_CORE=1 -DEXP_CORE=0 -DIWORDSIZE=4 -DDWORDSIZE=8 -DRWORDSIZE=8 -DLWORDSIZE=4 -DNONSTANDARD_SYSTEM_SUBR  -DWRF_USE_CLM -DBUFR   -DFFTPACK -DNORESHAPE -DDM_PARALLEL -DNETCDF -DCRTM -DHDF5 -DUSE_ALLOCATABLES -DGRIB1 -DINTIO -DKEEP_INT_AROUND -DLIMIT_ARGS -DCONFIG_BUF_LEN=65536 -DMAX_DOMAINS_F=21 -DMAX_HISTORY=25 -DNMM_NEST=0 -DWRF_CHEM -DBUILD_CHEM=1 -I. -traditional-cpp  xercon.F  > xercon.f90
gfortran -c -fdefault-real-8  -w -ffree-form -ffree-line-length-none -fconvert=big-endian -frecord-marker=4  rfft1i.f90
gfortran -c -fdefault-real-8  -w -ffree-form -ffree-line-length-none -fconvert=big-endian -frecord-marker=4  xercon.f90
rm -f -f costf1.f90
gfortran -c -fdefault-real-8  -w -ffree-form -ffree-line-length-none -fconvert=big-endian -frecord-marker=4  sinq1i.f90
/lib/cpp -P -nostdinc -DEM_CORE=1 -DNMM_CORE=0 -DNMM_MAX_DIM=2600 -DCOAMPS_CORE=0 -DDA_CORE=1 -DEXP_CORE=0 -DIWORDSIZE=4 -DDWORDSIZE=8 -DRWORDSIZE=8 -DLWORDSIZE=4 -DNONSTANDARD_SYSTEM_SUBR  -DWRF_USE_CLM -DBUFR   -DFFTPACK -DNORESHAPE -DDM_PARALLEL -DNETCDF -DCRTM -DHDF5 -DUSE_ALLOCATABLES -DGRIB1 -DINTIO -DKEEP_INT_AROUND -DLIMIT_ARGS -DCONFIG_BUF_LEN=65536 -DMAX_DOMAINS_F=21 -DMAX_HISTORY=25 -DNMM_NEST=0 -DWRF_CHEM -DBUILD_CHEM=1 -I. -traditional-cpp  z1fm1b.F  > z1fm1b.f90
rm -f -f c1fgkf.f90
/lib/cpp -P -nostdinc -DEM_CORE=1 -DNMM_CORE=0 -DNMM_MAX_DIM=2600 -DCOAMPS_CORE=0 -DDA_CORE=1 -DEXP_CORE=0 -DIWORDSIZE=4 -DDWORDSIZE=8 -DRWORDSIZE=8 -DLWORDSIZE=4 -DNONSTANDARD_SYSTEM_SUBR  -DWRF_USE_CLM -DBUFR   -DFFTPACK -DNORESHAPE -DDM_PARALLEL -DNETCDF -DCRTM -DHDF5 -DUSE_ALLOCATABLES -DGRIB1 -DINTIO -DKEEP_INT_AROUND -DLIMIT_ARGS -DCONFIG_BUF_LEN=65536 -DMAX_DOMAINS_F=21 -DMAX_HISTORY=25 -DNMM_NEST=0 -DWRF_CHEM -DBUILD_CHEM=1 -I. -traditional-cpp  zmf2kf.F  > zmf2kf.f90
rm -f -f dfft1b.f90
rm -f -f mcsqf1.f90
/lib/cpp -P -nostdinc -DEM_CORE=1 -DNMM_CORE=0 -DNMM_MAX_DIM=2600 -DCOAMPS_CORE=0 -DDA_CORE=1 -DEXP_CORE=0 -DIWORDSIZE=4 -DDWORDSIZE=8 -DRWORDSIZE=8 -DLWORDSIZE=4 -DNONSTANDARD_SYSTEM_SUBR  -DWRF_USE_CLM -DBUFR   -DFFTPACK -DNORESHAPE -DDM_PARALLEL -DNETCDF -DCRTM -DHDF5 -DUSE_ALLOCATABLES -DGRIB1 -DINTIO -DKEEP_INT_AROUND -DLIMIT_ARGS -DCONFIG_BUF_LEN=65536 -DMAX_DOMAINS_F=21 -DMAX_HISTORY=25 -DNMM_NEST=0 -DWRF_CHEM -DBUILD_CHEM=1 -I. -traditional-cpp  c1fm1b.F  > c1fm1b.f90
gfortran -c -fdefault-real-8  -w -ffree-form -ffree-line-length-none -fconvert=big-endian -frecord-marker=4  z1fm1b.f90
/lib/cpp -P -nostdinc -DEM_CORE=1 -DNMM_CORE=0 -DNMM_MAX_DIM=2600 -DCOAMPS_CORE=0 -DDA_CORE=1 -DEXP_CORE=0 -DIWORDSIZE=4 -DDWORDSIZE=8 -DRWORDSIZE=8 -DLWORDSIZE=4 -DNONSTANDARD_SYSTEM_SUBR  -DWRF_USE_CLM -DBUFR   -DFFTPACK -DNORESHAPE -DDM_PARALLEL -DNETCDF -DCRTM -DHDF5 -DUSE_ALLOCATABLES -DGRIB1 -DINTIO -DKEEP_INT_AROUND -DLIMIT_ARGS -DCONFIG_BUF_LEN=65536 -DMAX_DOMAINS_F=21 -DMAX_HISTORY=25 -DNMM_NEST=0 -DWRF_CHEM -DBUILD_CHEM=1 -I. -traditional-cpp  cmf2kf.F  > cmf2kf.f90
gfortran -c -fdefault-real-8  -w -ffree-form -ffree-line-length-none -fconvert=big-endian -frecord-marker=4  zmf2kf.f90
gfortran -c -fdefault-real-8  -w -ffree-form -ffree-line-length-none -fconvert=big-endian -frecord-marker=4  cmf2kf.f90
gfortran -c -fdefault-real-8  -w -ffree-form -ffree-line-length-none -fconvert=big-endian -frecord-marker=4  c1fm1b.f90
rm -f -f rfft1i.f90
/lib/cpp -P -nostdinc -DEM_CORE=1 -DNMM_CORE=0 -DNMM_MAX_DIM=2600 -DCOAMPS_CORE=0 -DDA_CORE=1 -DEXP_CORE=0 -DIWORDSIZE=4 -DDWORDSIZE=8 -DRWORDSIZE=8 -DLWORDSIZE=4 -DNONSTANDARD_SYSTEM_SUBR  -DWRF_USE_CLM -DBUFR   -DFFTPACK -DNORESHAPE -DDM_PARALLEL -DNETCDF -DCRTM -DHDF5 -DUSE_ALLOCATABLES -DGRIB1 -DINTIO -DKEEP_INT_AROUND -DLIMIT_ARGS -DCONFIG_BUF_LEN=65536 -DMAX_DOMAINS_F=21 -DMAX_HISTORY=25 -DNMM_NEST=0 -DWRF_CHEM -DBUILD_CHEM=1 -I. -traditional-cpp  cosq1f.F  > cosq1f.f90
rm -f -f sinq1i.f90
/lib/cpp -P -nostdinc -DEM_CORE=1 -DNMM_CORE=0 -DNMM_MAX_DIM=2600 -DCOAMPS_CORE=0 -DDA_CORE=1 -DEXP_CORE=0 -DIWORDSIZE=4 -DDWORDSIZE=8 -DRWORDSIZE=8 -DLWORDSIZE=4 -DNONSTANDARD_SYSTEM_SUBR  -DWRF_USE_CLM -DBUFR   -DFFTPACK -DNORESHAPE -DDM_PARALLEL -DNETCDF -DCRTM -DHDF5 -DUSE_ALLOCATABLES -DGRIB1 -DINTIO -DKEEP_INT_AROUND -DLIMIT_ARGS -DCONFIG_BUF_LEN=65536 -DMAX_DOMAINS_F=21 -DMAX_HISTORY=25 -DNMM_NEST=0 -DWRF_CHEM -DBUILD_CHEM=1 -I. -traditional-cpp  costmb.F  > costmb.f90
rm -f -f xercon.f90
/lib/cpp -P -nostdinc -DEM_CORE=1 -DNMM_CORE=0 -DNMM_MAX_DIM=2600 -DCOAMPS_CORE=0 -DDA_CORE=1 -DEXP_CORE=0 -DIWORDSIZE=4 -DDWORDSIZE=8 -DRWORDSIZE=8 -DLWORDSIZE=4 -DNONSTANDARD_SYSTEM_SUBR  -DWRF_USE_CLM -DBUFR   -DFFTPACK -DNORESHAPE -DDM_PARALLEL -DNETCDF -DCRTM -DHDF5 -DUSE_ALLOCATABLES -DGRIB1 -DINTIO -DKEEP_INT_AROUND -DLIMIT_ARGS -DCONFIG_BUF_LEN=65536 -DMAX_DOMAINS_F=21 -DMAX_HISTORY=25 -DNMM_NEST=0 -DWRF_CHEM -DBUILD_CHEM=1 -I. -traditional-cpp  d1fgkf.F  > d1fgkf.f90
rm -f -f d1fgkb.f90
/lib/cpp -P -nostdinc -DEM_CORE=1 -DNMM_CORE=0 -DNMM_MAX_DIM=2600 -DCOAMPS_CORE=0 -DDA_CORE=1 -DEXP_CORE=0 -DIWORDSIZE=4 -DDWORDSIZE=8 -DRWORDSIZE=8 -DLWORDSIZE=4 -DNONSTANDARD_SYSTEM_SUBR  -DWRF_USE_CLM -DBUFR   -DFFTPACK -DNORESHAPE -DDM_PARALLEL -DNETCDF -DCRTM -DHDF5 -DUSE_ALLOCATABLES -DGRIB1 -DINTIO -DKEEP_INT_AROUND -DLIMIT_ARGS -DCONFIG_BUF_LEN=65536 -DMAX_DOMAINS_F=21 -DMAX_HISTORY=25 -DNMM_NEST=0 -DWRF_CHEM -DBUILD_CHEM=1 -I. -traditional-cpp  dfft1f.F  > dfft1f.f90
gfortran -c -fdefault-real-8  -w -ffree-form -ffree-line-length-none -fconvert=big-endian -frecord-marker=4  cosq1f.f90
gfortran -c -fdefault-real-8  -w -ffree-form -ffree-line-length-none -fconvert=big-endian -frecord-marker=4  d1fgkf.f90
gfortran -c -fdefault-real-8  -w -ffree-form -ffree-line-length-none -fconvert=big-endian -frecord-marker=4  costmb.f90
rm -f -f z1fm1b.f90
gfortran -c -fdefault-real-8  -w -ffree-form -ffree-line-length-none -fconvert=big-endian -frecord-marker=4  dfft1f.f90
rm -f -f mradfg.f90
/lib/cpp -P -nostdinc -DEM_CORE=1 -DNMM_CORE=0 -DNMM_MAX_DIM=2600 -DCOAMPS_CORE=0 -DDA_CORE=1 -DEXP_CORE=0 -DIWORDSIZE=4 -DDWORDSIZE=8 -DRWORDSIZE=8 -DLWORDSIZE=4 -DNONSTANDARD_SYSTEM_SUBR  -DWRF_USE_CLM -DBUFR   -DFFTPACK -DNORESHAPE -DDM_PARALLEL -DNETCDF -DCRTM -DHDF5 -DUSE_ALLOCATABLES -DGRIB1 -DINTIO -DKEEP_INT_AROUND -DLIMIT_ARGS -DCONFIG_BUF_LEN=65536 -DMAX_DOMAINS_F=21 -DMAX_HISTORY=25 -DNMM_NEST=0 -DWRF_CHEM -DBUILD_CHEM=1 -I. -traditional-cpp  mcstb1.F  > mcstb1.f90
/lib/cpp -P -nostdinc -DEM_CORE=1 -DNMM_CORE=0 -DNMM_MAX_DIM=2600 -DCOAMPS_CORE=0 -DDA_CORE=1 -DEXP_CORE=0 -DIWORDSIZE=4 -DDWORDSIZE=8 -DRWORDSIZE=8 -DLWORDSIZE=4 -DNONSTANDARD_SYSTEM_SUBR  -DWRF_USE_CLM -DBUFR   -DFFTPACK -DNORESHAPE -DDM_PARALLEL -DNETCDF -DCRTM -DHDF5 -DUSE_ALLOCATABLES -DGRIB1 -DINTIO -DKEEP_INT_AROUND -DLIMIT_ARGS -DCONFIG_BUF_LEN=65536 -DMAX_DOMAINS_F=21 -DMAX_HISTORY=25 -DNMM_NEST=0 -DWRF_CHEM -DBUILD_CHEM=1 -I. -traditional-cpp  mrftb1.F  > mrftb1.f90
rm -f -f c1fm1b.f90
/lib/cpp -P -nostdinc -DEM_CORE=1 -DNMM_CORE=0 -DNMM_MAX_DIM=2600 -DCOAMPS_CORE=0 -DDA_CORE=1 -DEXP_CORE=0 -DIWORDSIZE=4 -DDWORDSIZE=8 -DRWORDSIZE=8 -DLWORDSIZE=4 -DNONSTANDARD_SYSTEM_SUBR  -DWRF_USE_CLM -DBUFR   -DFFTPACK -DNORESHAPE -DDM_PARALLEL -DNETCDF -DCRTM -DHDF5 -DUSE_ALLOCATABLES -DGRIB1 -DINTIO -DKEEP_INT_AROUND -DLIMIT_ARGS -DCONFIG_BUF_LEN=65536 -DMAX_DOMAINS_F=21 -DMAX_HISTORY=25 -DNMM_NEST=0 -DWRF_CHEM -DBUILD_CHEM=1 -I. -traditional-cpp  r1f5kf.F  > r1f5kf.f90
rm -f -f r1f5kb.f90
gfortran -c -fdefault-real-8  -w -ffree-form -ffree-line-length-none -fconvert=big-endian -frecord-marker=4  mcstb1.f90
gfortran -c -fdefault-real-8  -w -ffree-form -ffree-line-length-none -fconvert=big-endian -frecord-marker=4  mrftb1.f90
/lib/cpp -P -nostdinc -DEM_CORE=1 -DNMM_CORE=0 -DNMM_MAX_DIM=2600 -DCOAMPS_CORE=0 -DDA_CORE=1 -DEXP_CORE=0 -DIWORDSIZE=4 -DDWORDSIZE=8 -DRWORDSIZE=8 -DLWORDSIZE=4 -DNONSTANDARD_SYSTEM_SUBR  -DWRF_USE_CLM -DBUFR   -DFFTPACK -DNORESHAPE -DDM_PARALLEL -DNETCDF -DCRTM -DHDF5 -DUSE_ALLOCATABLES -DGRIB1 -DINTIO -DKEEP_INT_AROUND -DLIMIT_ARGS -DCONFIG_BUF_LEN=65536 -DMAX_DOMAINS_F=21 -DMAX_HISTORY=25 -DNMM_NEST=0 -DWRF_CHEM -DBUILD_CHEM=1 -I. -traditional-cpp  rfft2b.F  > rfft2b.f90
rm -f -f zmf2kf.f90
/lib/cpp -P -nostdinc -DEM_CORE=1 -DNMM_CORE=0 -DNMM_MAX_DIM=2600 -DCOAMPS_CORE=0 -DDA_CORE=1 -DEXP_CORE=0 -DIWORDSIZE=4 -DDWORDSIZE=8 -DRWORDSIZE=8 -DLWORDSIZE=4 -DNONSTANDARD_SYSTEM_SUBR  -DWRF_USE_CLM -DBUFR   -DFFTPACK -DNORESHAPE -DDM_PARALLEL -DNETCDF -DCRTM -DHDF5 -DUSE_ALLOCATABLES -DGRIB1 -DINTIO -DKEEP_INT_AROUND -DLIMIT_ARGS -DCONFIG_BUF_LEN=65536 -DMAX_DOMAINS_F=21 -DMAX_HISTORY=25 -DNMM_NEST=0 -DWRF_CHEM -DBUILD_CHEM=1 -I. -traditional-cpp  sinqmb.F  > sinqmb.f90
rm -f -f cmf2kf.f90
/lib/cpp -P -nostdinc -DEM_CORE=1 -DNMM_CORE=0 -DNMM_MAX_DIM=2600 -DCOAMPS_CORE=0 -DDA_CORE=1 -DEXP_CORE=0 -DIWORDSIZE=4 -DDWORDSIZE=8 -DRWORDSIZE=8 -DLWORDSIZE=4 -DNONSTANDARD_SYSTEM_SUBR  -DWRF_USE_CLM -DBUFR   -DFFTPACK -DNORESHAPE -DDM_PARALLEL -DNETCDF -DCRTM -DHDF5 -DUSE_ALLOCATABLES -DGRIB1 -DINTIO -DKEEP_INT_AROUND -DLIMIT_ARGS -DCONFIG_BUF_LEN=65536 -DMAX_DOMAINS_F=21 -DMAX_HISTORY=25 -DNMM_NEST=0 -DWRF_CHEM -DBUILD_CHEM=1 -I. -traditional-cpp  xerfft.F  > xerfft.f90
gfortran -c -fdefault-real-8  -w -ffree-form -ffree-line-length-none -fconvert=big-endian -frecord-marker=4  r1f5kf.f90
gfortran -c -fdefault-real-8  -w -ffree-form -ffree-line-length-none -fconvert=big-endian -frecord-marker=4  rfft2b.f90
gfortran -c -fdefault-real-8  -w -ffree-form -ffree-line-length-none -fconvert=big-endian -frecord-marker=4  sinqmb.f90
gfortran -c -fdefault-real-8  -w -ffree-form -ffree-line-length-none -fconvert=big-endian -frecord-marker=4  xerfft.f90
rm -f -f cosq1f.f90
rm -f -f costmb.f90
/lib/cpp -P -nostdinc -DEM_CORE=1 -DNMM_CORE=0 -DNMM_MAX_DIM=2600 -DCOAMPS_CORE=0 -DDA_CORE=1 -DEXP_CORE=0 -DIWORDSIZE=4 -DDWORDSIZE=8 -DRWORDSIZE=8 -DLWORDSIZE=4 -DNONSTANDARD_SYSTEM_SUBR  -DWRF_USE_CLM -DBUFR   -DFFTPACK -DNORESHAPE -DDM_PARALLEL -DNETCDF -DCRTM -DHDF5 -DUSE_ALLOCATABLES -DGRIB1 -DINTIO -DKEEP_INT_AROUND -DLIMIT_ARGS -DCONFIG_BUF_LEN=65536 -DMAX_DOMAINS_F=21 -DMAX_HISTORY=25 -DNMM_NEST=0 -DWRF_CHEM -DBUILD_CHEM=1 -I. -traditional-cpp  z1fm1f.F  > z1fm1f.f90
/lib/cpp -P -nostdinc -DEM_CORE=1 -DNMM_CORE=0 -DNMM_MAX_DIM=2600 -DCOAMPS_CORE=0 -DDA_CORE=1 -DEXP_CORE=0 -DIWORDSIZE=4 -DDWORDSIZE=8 -DRWORDSIZE=8 -DLWORDSIZE=4 -DNONSTANDARD_SYSTEM_SUBR  -DWRF_USE_CLM -DBUFR   -DFFTPACK -DNORESHAPE -DDM_PARALLEL -DNETCDF -DCRTM -DHDF5 -DUSE_ALLOCATABLES -DGRIB1 -DINTIO -DKEEP_INT_AROUND -DLIMIT_ARGS -DCONFIG_BUF_LEN=65536 -DMAX_DOMAINS_F=21 -DMAX_HISTORY=25 -DNMM_NEST=0 -DWRF_CHEM -DBUILD_CHEM=1 -I. -traditional-cpp  zmf3kb.F  > zmf3kb.f90
rm -f -f dfft1f.f90
/lib/cpp -P -nostdinc -DEM_CORE=1 -DNMM_CORE=0 -DNMM_MAX_DIM=2600 -DCOAMPS_CORE=0 -DDA_CORE=1 -DEXP_CORE=0 -DIWORDSIZE=4 -DDWORDSIZE=8 -DRWORDSIZE=8 -DLWORDSIZE=4 -DNONSTANDARD_SYSTEM_SUBR  -DWRF_USE_CLM -DBUFR   -DFFTPACK -DNORESHAPE -DDM_PARALLEL -DNETCDF -DCRTM -DHDF5 -DUSE_ALLOCATABLES -DGRIB1 -DINTIO -DKEEP_INT_AROUND -DLIMIT_ARGS -DCONFIG_BUF_LEN=65536 -DMAX_DOMAINS_F=21 -DMAX_HISTORY=25 -DNMM_NEST=0 -DWRF_CHEM -DBUILD_CHEM=1 -I. -traditional-cpp  c1fm1f.F  > c1fm1f.f90
gfortran -c -fdefault-real-8  -w -ffree-form -ffree-line-length-none -fconvert=big-endian -frecord-marker=4  z1fm1f.f90
gfortran -c -fdefault-real-8  -w -ffree-form -ffree-line-length-none -fconvert=big-endian -frecord-marker=4  zmf3kb.f90
gfortran -c -fdefault-real-8  -w -ffree-form -ffree-line-length-none -fconvert=big-endian -frecord-marker=4  c1fm1f.f90
rm -f -f d1fgkf.f90
rm -f -f mrftb1.f90
rm -f -f rfft2b.f90
/lib/cpp -P -nostdinc -DEM_CORE=1 -DNMM_CORE=0 -DNMM_MAX_DIM=2600 -DCOAMPS_CORE=0 -DDA_CORE=1 -DEXP_CORE=0 -DIWORDSIZE=4 -DDWORDSIZE=8 -DRWORDSIZE=8 -DLWORDSIZE=4 -DNONSTANDARD_SYSTEM_SUBR  -DWRF_USE_CLM -DBUFR   -DFFTPACK -DNORESHAPE -DDM_PARALLEL -DNETCDF -DCRTM -DHDF5 -DUSE_ALLOCATABLES -DGRIB1 -DINTIO -DKEEP_INT_AROUND -DLIMIT_ARGS -DCONFIG_BUF_LEN=65536 -DMAX_DOMAINS_F=21 -DMAX_HISTORY=25 -DNMM_NEST=0 -DWRF_CHEM -DBUILD_CHEM=1 -I. -traditional-cpp  cmf3kb.F  > cmf3kb.f90
/lib/cpp -P -nostdinc -DEM_CORE=1 -DNMM_CORE=0 -DNMM_MAX_DIM=2600 -DCOAMPS_CORE=0 -DDA_CORE=1 -DEXP_CORE=0 -DIWORDSIZE=4 -DDWORDSIZE=8 -DRWORDSIZE=8 -DLWORDSIZE=4 -DNONSTANDARD_SYSTEM_SUBR  -DWRF_USE_CLM -DBUFR   -DFFTPACK -DNORESHAPE -DDM_PARALLEL -DNETCDF -DCRTM -DHDF5 -DUSE_ALLOCATABLES -DGRIB1 -DINTIO -DKEEP_INT_AROUND -DLIMIT_ARGS -DCONFIG_BUF_LEN=65536 -DMAX_DOMAINS_F=21 -DMAX_HISTORY=25 -DNMM_NEST=0 -DWRF_CHEM -DBUILD_CHEM=1 -I. -traditional-cpp  cosq1i.F  > cosq1i.f90
rm -f -f mcstb1.f90
/lib/cpp -P -nostdinc -DEM_CORE=1 -DNMM_CORE=0 -DNMM_MAX_DIM=2600 -DCOAMPS_CORE=0 -DDA_CORE=1 -DEXP_CORE=0 -DIWORDSIZE=4 -DDWORDSIZE=8 -DRWORDSIZE=8 -DLWORDSIZE=4 -DNONSTANDARD_SYSTEM_SUBR  -DWRF_USE_CLM -DBUFR   -DFFTPACK -DNORESHAPE -DDM_PARALLEL -DNETCDF -DCRTM -DHDF5 -DUSE_ALLOCATABLES -DGRIB1 -DINTIO -DKEEP_INT_AROUND -DLIMIT_ARGS -DCONFIG_BUF_LEN=65536 -DMAX_DOMAINS_F=21 -DMAX_HISTORY=25 -DNMM_NEST=0 -DWRF_CHEM -DBUILD_CHEM=1 -I. -traditional-cpp  costmf.F  > costmf.f90
/lib/cpp -P -nostdinc -DEM_CORE=1 -DNMM_CORE=0 -DNMM_MAX_DIM=2600 -DCOAMPS_CORE=0 -DDA_CORE=1 -DEXP_CORE=0 -DIWORDSIZE=4 -DDWORDSIZE=8 -DRWORDSIZE=8 -DLWORDSIZE=4 -DNONSTANDARD_SYSTEM_SUBR  -DWRF_USE_CLM -DBUFR   -DFFTPACK -DNORESHAPE -DDM_PARALLEL -DNETCDF -DCRTM -DHDF5 -DUSE_ALLOCATABLES -DGRIB1 -DINTIO -DKEEP_INT_AROUND -DLIMIT_ARGS -DCONFIG_BUF_LEN=65536 -DMAX_DOMAINS_F=21 -DMAX_HISTORY=25 -DNMM_NEST=0 -DWRF_CHEM -DBUILD_CHEM=1 -I. -traditional-cpp  dcosq1b.F  > dcosq1b.f90
rm -f -f sinqmb.f90
/lib/cpp -P -nostdinc -DEM_CORE=1 -DNMM_CORE=0 -DNMM_MAX_DIM=2600 -DCOAMPS_CORE=0 -DDA_CORE=1 -DEXP_CORE=0 -DIWORDSIZE=4 -DDWORDSIZE=8 -DRWORDSIZE=8 -DLWORDSIZE=4 -DNONSTANDARD_SYSTEM_SUBR  -DWRF_USE_CLM -DBUFR   -DFFTPACK -DNORESHAPE -DDM_PARALLEL -DNETCDF -DCRTM -DHDF5 -DUSE_ALLOCATABLES -DGRIB1 -DINTIO -DKEEP_INT_AROUND -DLIMIT_ARGS -DCONFIG_BUF_LEN=65536 -DMAX_DOMAINS_F=21 -DMAX_HISTORY=25 -DNMM_NEST=0 -DWRF_CHEM -DBUILD_CHEM=1 -I. -traditional-cpp  dfft1i.F  > dfft1i.f90
gfortran -c -fdefault-real-8  -w -ffree-form -ffree-line-length-none -fconvert=big-endian -frecord-marker=4  cosq1i.f90
gfortran -c -fdefault-real-8  -w -ffree-form -ffree-line-length-none -fconvert=big-endian -frecord-marker=4  cmf3kb.f90
gfortran -c -fdefault-real-8  -w -ffree-form -ffree-line-length-none -fconvert=big-endian -frecord-marker=4  costmf.f90
gfortran -c -fdefault-real-8  -w -ffree-form -ffree-line-length-none -fconvert=big-endian -frecord-marker=4  dcosq1b.f90
rm -f -f xerfft.f90
/lib/cpp -P -nostdinc -DEM_CORE=1 -DNMM_CORE=0 -DNMM_MAX_DIM=2600 -DCOAMPS_CORE=0 -DDA_CORE=1 -DEXP_CORE=0 -DIWORDSIZE=4 -DDWORDSIZE=8 -DRWORDSIZE=8 -DLWORDSIZE=4 -DNONSTANDARD_SYSTEM_SUBR  -DWRF_USE_CLM -DBUFR   -DFFTPACK -DNORESHAPE -DDM_PARALLEL -DNETCDF -DCRTM -DHDF5 -DUSE_ALLOCATABLES -DGRIB1 -DINTIO -DKEEP_INT_AROUND -DLIMIT_ARGS -DCONFIG_BUF_LEN=65536 -DMAX_DOMAINS_F=21 -DMAX_HISTORY=25 -DNMM_NEST=0 -DWRF_CHEM -DBUILD_CHEM=1 -I. -traditional-cpp  mcstf1.F  > mcstf1.f90
gfortran -c -fdefault-real-8  -w -ffree-form -ffree-line-length-none -fconvert=big-endian -frecord-marker=4  dfft1i.f90
gfortran -c -fdefault-real-8  -w -ffree-form -ffree-line-length-none -fconvert=big-endian -frecord-marker=4  mcstf1.f90
rm -f -f c1fm1f.f90
rm -f -f z1fm1f.f90
/lib/cpp -P -nostdinc -DEM_CORE=1 -DNMM_CORE=0 -DNMM_MAX_DIM=2600 -DCOAMPS_CORE=0 -DDA_CORE=1 -DEXP_CORE=0 -DIWORDSIZE=4 -DDWORDSIZE=8 -DRWORDSIZE=8 -DLWORDSIZE=4 -DNONSTANDARD_SYSTEM_SUBR  -DWRF_USE_CLM -DBUFR   -DFFTPACK -DNORESHAPE -DDM_PARALLEL -DNETCDF -DCRTM -DHDF5 -DUSE_ALLOCATABLES -DGRIB1 -DINTIO -DKEEP_INT_AROUND -DLIMIT_ARGS -DCONFIG_BUF_LEN=65536 -DMAX_DOMAINS_F=21 -DMAX_HISTORY=25 -DNMM_NEST=0 -DWRF_CHEM -DBUILD_CHEM=1 -I. -traditional-cpp  mrftf1.F  > mrftf1.f90
/lib/cpp -P -nostdinc -DEM_CORE=1 -DNMM_CORE=0 -DNMM_MAX_DIM=2600 -DCOAMPS_CORE=0 -DDA_CORE=1 -DEXP_CORE=0 -DIWORDSIZE=4 -DDWORDSIZE=8 -DRWORDSIZE=8 -DLWORDSIZE=4 -DNONSTANDARD_SYSTEM_SUBR  -DWRF_USE_CLM -DBUFR   -DFFTPACK -DNORESHAPE -DDM_PARALLEL -DNETCDF -DCRTM -DHDF5 -DUSE_ALLOCATABLES -DGRIB1 -DINTIO -DKEEP_INT_AROUND -DLIMIT_ARGS -DCONFIG_BUF_LEN=65536 -DMAX_DOMAINS_F=21 -DMAX_HISTORY=25 -DNMM_NEST=0 -DWRF_CHEM -DBUILD_CHEM=1 -I. -traditional-cpp  r1fgkb.F  > r1fgkb.f90
rm -f -f r1f5kf.f90
/lib/cpp -P -nostdinc -DEM_CORE=1 -DNMM_CORE=0 -DNMM_MAX_DIM=2600 -DCOAMPS_CORE=0 -DDA_CORE=1 -DEXP_CORE=0 -DIWORDSIZE=4 -DDWORDSIZE=8 -DRWORDSIZE=8 -DLWORDSIZE=4 -DNONSTANDARD_SYSTEM_SUBR  -DWRF_USE_CLM -DBUFR   -DFFTPACK -DNORESHAPE -DDM_PARALLEL -DNETCDF -DCRTM -DHDF5 -DUSE_ALLOCATABLES -DGRIB1 -DINTIO -DKEEP_INT_AROUND -DLIMIT_ARGS -DCONFIG_BUF_LEN=65536 -DMAX_DOMAINS_F=21 -DMAX_HISTORY=25 -DNMM_NEST=0 -DWRF_CHEM -DBUILD_CHEM=1 -I. -traditional-cpp  rfft2f.F  > rfft2f.f90
gfortran -c -fdefault-real-8  -w -ffree-form -ffree-line-length-none -fconvert=big-endian -frecord-marker=4  mrftf1.f90
rm -f -f zmf3kb.f90
/lib/cpp -P -nostdinc -DEM_CORE=1 -DNMM_CORE=0 -DNMM_MAX_DIM=2600 -DCOAMPS_CORE=0 -DDA_CORE=1 -DEXP_CORE=0 -DIWORDSIZE=4 -DDWORDSIZE=8 -DRWORDSIZE=8 -DLWORDSIZE=4 -DNONSTANDARD_SYSTEM_SUBR  -DWRF_USE_CLM -DBUFR   -DFFTPACK -DNORESHAPE -DDM_PARALLEL -DNETCDF -DCRTM -DHDF5 -DUSE_ALLOCATABLES -DGRIB1 -DINTIO -DKEEP_INT_AROUND -DLIMIT_ARGS -DCONFIG_BUF_LEN=65536 -DMAX_DOMAINS_F=21 -DMAX_HISTORY=25 -DNMM_NEST=0 -DWRF_CHEM -DBUILD_CHEM=1 -I. -traditional-cpp  sinqmf.F  > sinqmf.f90
gfortran -c -fdefault-real-8  -w -ffree-form -ffree-line-length-none -fconvert=big-endian -frecord-marker=4  r1fgkb.f90
gfortran -c -fdefault-real-8  -w -ffree-form -ffree-line-length-none -fconvert=big-endian -frecord-marker=4  rfft2f.f90
rm -f -f cosq1i.f90
/lib/cpp -P -nostdinc -DEM_CORE=1 -DNMM_CORE=0 -DNMM_MAX_DIM=2600 -DCOAMPS_CORE=0 -DDA_CORE=1 -DEXP_CORE=0 -DIWORDSIZE=4 -DDWORDSIZE=8 -DRWORDSIZE=8 -DLWORDSIZE=4 -DNONSTANDARD_SYSTEM_SUBR  -DWRF_USE_CLM -DBUFR   -DFFTPACK -DNORESHAPE -DDM_PARALLEL -DNETCDF -DCRTM -DHDF5 -DUSE_ALLOCATABLES -DGRIB1 -DINTIO -DKEEP_INT_AROUND -DLIMIT_ARGS -DCONFIG_BUF_LEN=65536 -DMAX_DOMAINS_F=21 -DMAX_HISTORY=25 -DNMM_NEST=0 -DWRF_CHEM -DBUILD_CHEM=1 -I. -traditional-cpp  z1f2kb.F  > z1f2kb.f90
rm -f -f costmf.f90
rm -f -f dfft1i.f90
/lib/cpp -P -nostdinc -DEM_CORE=1 -DNMM_CORE=0 -DNMM_MAX_DIM=2600 -DCOAMPS_CORE=0 -DDA_CORE=1 -DEXP_CORE=0 -DIWORDSIZE=4 -DDWORDSIZE=8 -DRWORDSIZE=8 -DLWORDSIZE=4 -DNONSTANDARD_SYSTEM_SUBR  -DWRF_USE_CLM -DBUFR   -DFFTPACK -DNORESHAPE -DDM_PARALLEL -DNETCDF -DCRTM -DHDF5 -DUSE_ALLOCATABLES -DGRIB1 -DINTIO -DKEEP_INT_AROUND -DLIMIT_ARGS -DCONFIG_BUF_LEN=65536 -DMAX_DOMAINS_F=21 -DMAX_HISTORY=25 -DNMM_NEST=0 -DWRF_CHEM -DBUILD_CHEM=1 -I. -traditional-cpp  zfft1b.F  > zfft1b.f90
/lib/cpp -P -nostdinc -DEM_CORE=1 -DNMM_CORE=0 -DNMM_MAX_DIM=2600 -DCOAMPS_CORE=0 -DDA_CORE=1 -DEXP_CORE=0 -DIWORDSIZE=4 -DDWORDSIZE=8 -DRWORDSIZE=8 -DLWORDSIZE=4 -DNONSTANDARD_SYSTEM_SUBR  -DWRF_USE_CLM -DBUFR   -DFFTPACK -DNORESHAPE -DDM_PARALLEL -DNETCDF -DCRTM -DHDF5 -DUSE_ALLOCATABLES -DGRIB1 -DINTIO -DKEEP_INT_AROUND -DLIMIT_ARGS -DCONFIG_BUF_LEN=65536 -DMAX_DOMAINS_F=21 -DMAX_HISTORY=25 -DNMM_NEST=0 -DWRF_CHEM -DBUILD_CHEM=1 -I. -traditional-cpp  zmf3kf.F  > zmf3kf.f90
gfortran -c -fdefault-real-8  -w -ffree-form -ffree-line-length-none -fconvert=big-endian -frecord-marker=4  sinqmf.f90
rm -f -f dcosq1b.f90
gfortran -c -fdefault-real-8  -w -ffree-form -ffree-line-length-none -fconvert=big-endian -frecord-marker=4  z1f2kb.f90
rm -f -f cmf3kb.f90
gfortran -c -fdefault-real-8  -w -ffree-form -ffree-line-length-none -fconvert=big-endian -frecord-marker=4  zfft1b.f90
gfortran -c -fdefault-real-8  -w -ffree-form -ffree-line-length-none -fconvert=big-endian -frecord-marker=4  zmf3kf.f90
rm -f -f mcstf1.f90
rm -f -f rfft2f.f90
rm -f -f mrftf1.f90
rm -f -f sinqmf.f90
rm -f -f z1f2kb.f90
rm -f -f zfft1b.f90
rm -f -f r1fgkb.f90
rm -f -f zmf3kf.f90
ar ru libfftpack.a c1f2kb.o  cfft1b.o  cmf3kf.o  cosqb1.o  costmi.o   dcosq1f.o  dfftb1.o   mradb2.o  mrfti1.o  r1fgkf.o     rfft2i.o  sinqmi.o  z1f2kf.o  zfft1f.o  zmf4kb.o c1f2kf.o  cfft1f.o  cmf4kb.o  cosqf1.o  d1f2kb.o   dcosq1i.o  dfftf1.o   mradb3.o  msntb1.o  r4_factor.o  rfftb1.o  sint1b.o  z1f3kb.o  zfft1i.o  zmf4kf.o c1f3kb.o  cfft1i.o  cmf4kf.o  cosqmb.o  d1f2kf.o   dcosqb1.o  dffti1.o   mradb4.o  msntf1.o  r4_mcfti1.o  rfftf1.o  sint1f.o  z1f3kf.o  zfft2b.o  zmf5kb.o c1f3kf.o  cfft2b.o  cmf5kb.o  cosqmf.o  d1f3kb.o   dcosqf1.o  dsint1b.o  mradb5.o  r1f2kb.o  r4_tables.o  rffti1.o  sint1i.o  z1f4kb.o  zfft2f.o  zmf5kf.o c1f4kb.o  cfft2f.o  cmf5kf.o  cosqmi.o  d1f3kf.o   dcost1b.o  dsint1f.o  mradbg.o  r1f2kf.o  r8_factor.o  rfftmb.o  sintb1.o  z1f4kf.o  zfft2i.o  zmfgkb.o c1f4kf.o  cfft2i.o  cmfgkb.o  cost1b.o  d1f4kb.o   dcost1f.o  dsint1i.o  mradf2.o  r1f3kb.o  r8_mcfti1.o  rfftmf.o  sintf1.o  z1f5kb.o  zfftmb.o  zmfgkf.o c1f5kb.o  cfftmb.o  cmfgkf.o  cost1f.o  d1f4kf.o   dcost1i.o  dsintb1.o  mradf3.o  r1f3kf.o  r8_tables.o  rfftmi.o  sintmb.o  z1f5kf.o  zfftmf.o  zmfm1b.o c1f5kf.o  cfftmf.o  cmfm1b.o  cost1i.o  d1f5kb.o   dcostb1.o  dsintf1.o  mradf4.o  r1f4kb.o  rfft1b.o     sinq1b.o  sintmf.o  z1fgkb.o  zfftmi.o  zmfm1f.o c1fgkb.o  cfftmi.o  cmfm1f.o  costb1.o  d1f5kf.o   dcostf1.o  mcsqb1.o   mradf5.o  r1f4kf.o  rfft1f.o     sinq1f.o  sintmi.o  z1fgkf.o  zmf2kb.o c1fgkf.o  cmf2kb.o  cosq1b.o  costf1.o  d1fgkb.o   dfft1b.o   mcsqf1.o   mradfg.o  r1f5kb.o  rfft1i.o     sinq1i.o  xercon.o  z1fm1b.o  zmf2kf.o c1fm1b.o  cmf2kf.o  cosq1f.o  costmb.o  d1fgkf.o   dfft1f.o   mcstb1.o   mrftb1.o  r1f5kf.o  rfft2b.o     sinqmb.o  xerfft.o  z1fm1f.o  zmf3kb.o c1fm1f.o  cmf3kb.o  cosq1i.o  costmf.o  dcosq1b.o  dfft1i.o   mcstf1.o   mrftf1.o  r1fgkb.o  rfft2f.o     sinqmf.o  z1f2kb.o  zfft1b.o  zmf3kf.o 
ar: creating libfftpack.a
ranlib libfftpack.a
make[3]: Leaving directory '/gpfs/fs1/work/weisun/2019/github/WRFV4-myfork/external/fftpack/fftpack5'
( cd /gpfs/fs1/work/weisun/2019/github/WRFV4-myfork/external/RSL_LITE ; make -j 10 CC="mpicc -cc=gcc -DMPI2_SUPPORT -DFSEEKO64_OK  -w -O3 -c  -DDM_PARALLEL -DMAX_HISTORY=25 -DNMM_CORE=0" \
          FC="time mpif90 -f90=gfortran -O2 -ftree-vectorize -funroll-loops -w -ffree-form -ffree-line-length-none -fconvert=big-endian -frecord-marker=4   -fdefault-real-8 -fconvert=big-endian -frecord-marker=4" \
          CPP="/lib/cpp -P -nostdinc -I. -DEM_CORE=1 -DNMM_CORE=0 -DNMM_MAX_DIM=2600 -DCOAMPS_CORE=0 -DDA_CORE=1 -DEXP_CORE=0 -DIWORDSIZE=4 -DDWORDSIZE=8 -DRWORDSIZE=8 -DLWORDSIZE=4 -DNONSTANDARD_SYSTEM_SUBR  -DWRF_USE_CLM -DBUFR   -DFFTPACK -DNORESHAPE -DDM_PARALLEL -DNETCDF -DCRTM -DHDF5 -DUSE_ALLOCATABLES -DGRIB1 -DINTIO -DKEEP_INT_AROUND -DLIMIT_ARGS -DCONFIG_BUF_LEN=65536 -DMAX_DOMAINS_F=21 -DMAX_HISTORY=25 -DNMM_NEST=0  -traditional-cpp" AR="ar" ARFLAGS="ru" ;\
          ranlib /gpfs/fs1/work/weisun/2019/github/WRFV4-myfork/external/RSL_LITE/librsl_lite.a )
make[3]: Entering directory '/gpfs/fs1/work/weisun/2019/github/WRFV4-myfork/external/RSL_LITE'
mpicc -cc=gcc -DMPI2_SUPPORT -DFSEEKO64_OK  -w -O3 -c  -DDM_PARALLEL -DMAX_HISTORY=25 -DNMM_CORE=0  -c c_code.c
mpicc -cc=gcc -DMPI2_SUPPORT -DFSEEKO64_OK  -w -O3 -c  -DDM_PARALLEL -DMAX_HISTORY=25 -DNMM_CORE=0  -c buf_for_proc.c
mpicc -cc=gcc -DMPI2_SUPPORT -DFSEEKO64_OK  -w -O3 -c  -DDM_PARALLEL -DMAX_HISTORY=25 -DNMM_CORE=0  -c rsl_malloc.c
mpicc -cc=gcc -DMPI2_SUPPORT -DFSEEKO64_OK  -w -O3 -c  -DDM_PARALLEL -DMAX_HISTORY=25 -DNMM_CORE=0  -c rsl_bcast.c
mpicc -cc=gcc -DMPI2_SUPPORT -DFSEEKO64_OK  -w -O3 -c  -DDM_PARALLEL -DMAX_HISTORY=25 -DNMM_CORE=0  -c task_for_point.c
mpicc -cc=gcc -DMPI2_SUPPORT -DFSEEKO64_OK  -w -O3 -c  -DDM_PARALLEL -DMAX_HISTORY=25 -DNMM_CORE=0  -c period.c
mpicc -cc=gcc -DMPI2_SUPPORT -DFSEEKO64_OK  -w -O3 -c  -DDM_PARALLEL -DMAX_HISTORY=25 -DNMM_CORE=0  -c swap.c
mpicc -cc=gcc -DMPI2_SUPPORT -DFSEEKO64_OK  -w -O3 -c  -DDM_PARALLEL -DMAX_HISTORY=25 -DNMM_CORE=0  -c cycle.c
/lib/cpp -P -nostdinc -I. -DEM_CORE=1 -DNMM_CORE=0 -DNMM_MAX_DIM=2600 -DCOAMPS_CORE=0 -DDA_CORE=1 -DEXP_CORE=0 -DIWORDSIZE=4 -DDWORDSIZE=8 -DRWORDSIZE=8 -DLWORDSIZE=4 -DNONSTANDARD_SYSTEM_SUBR  -DWRF_USE_CLM -DBUFR   -DFFTPACK -DNORESHAPE -DDM_PARALLEL -DNETCDF -DCRTM -DHDF5 -DUSE_ALLOCATABLES -DGRIB1 -DINTIO -DKEEP_INT_AROUND -DLIMIT_ARGS -DCONFIG_BUF_LEN=65536 -DMAX_DOMAINS_F=21 -DMAX_HISTORY=25 -DNMM_NEST=0  -traditional-cpp  f_pack.F90 > f_pack.f
time mpif90 -f90=gfortran -O2 -ftree-vectorize -funroll-loops -w -ffree-form -ffree-line-length-none -fconvert=big-endian -frecord-marker=4   -fdefault-real-8 -fconvert=big-endian -frecord-marker=4 -o f_pack.o  -c f_pack.f
0.64user 0.03system 0:00.70elapsed 97%CPU (0avgtext+0avgdata 34908maxresident)k
0inputs+0outputs (0major+18074minor)pagefaults 0swaps
/lib/cpp -P -nostdinc -I. -DEM_CORE=1 -DNMM_CORE=0 -DNMM_MAX_DIM=2600 -DCOAMPS_CORE=0 -DDA_CORE=1 -DEXP_CORE=0 -DIWORDSIZE=4 -DDWORDSIZE=8 -DRWORDSIZE=8 -DLWORDSIZE=4 -DNONSTANDARD_SYSTEM_SUBR  -DWRF_USE_CLM -DBUFR   -DFFTPACK -DNORESHAPE -DDM_PARALLEL -DNETCDF -DCRTM -DHDF5 -DUSE_ALLOCATABLES -DGRIB1 -DINTIO -DKEEP_INT_AROUND -DLIMIT_ARGS -DCONFIG_BUF_LEN=65536 -DMAX_DOMAINS_F=21 -DMAX_HISTORY=25 -DNMM_NEST=0  -traditional-cpp f_xpose.F90 > f_xpose.f
time mpif90 -f90=gfortran -O2 -ftree-vectorize -funroll-loops -w -ffree-form -ffree-line-length-none -fconvert=big-endian -frecord-marker=4   -fdefault-real-8 -fconvert=big-endian -frecord-marker=4 -o f_xpose.o  -c f_xpose.f
0.44user 0.03system 0:00.50elapsed 94%CPU (0avgtext+0avgdata 35140maxresident)k
0inputs+0outputs (0major+18405minor)pagefaults 0swaps
/bin/rm -f librsl_lite.a
ar cr librsl_lite.a c_code.o buf_for_proc.o rsl_malloc.o rsl_bcast.o task_for_point.o period.o swap.o cycle.o f_pack.o f_xpose.o
make[3]: Leaving directory '/gpfs/fs1/work/weisun/2019/github/WRFV4-myfork/external/RSL_LITE'
( if [ ! -e /gpfs/fs1/work/weisun/2019/github/WRFV4-myfork/tools/gen_comms.c ] ; then \
          /bin/cp /gpfs/fs1/work/weisun/2019/github/WRFV4-myfork/tools/gen_comms_warning /gpfs/fs1/work/weisun/2019/github/WRFV4-myfork/tools/gen_comms.c ; \
          cat /gpfs/fs1/work/weisun/2019/github/WRFV4-myfork/external/RSL_LITE/gen_comms.c >> /gpfs/fs1/work/weisun/2019/github/WRFV4-myfork/tools/gen_comms.c ; fi )
( if [ ! -e module_dm.F ] ; then /bin/cp module_dm_warning module_dm.F ; \
          cat /gpfs/fs1/work/weisun/2019/github/WRFV4-myfork/external/RSL_LITE/module_dm.F >> module_dm.F ; fi )
make[2]: Leaving directory '/gpfs/fs1/work/weisun/2019/github/WRFV4-myfork/frame'
make[1]: Leaving directory '/gpfs/fs1/work/weisun/2019/github/WRFV4-myfork'
make -i -r MODULE_DIRS=" -I/gpfs/fs1/work/weisun/2019/github/WRFV4-myfork/external/esmf_time_f90  -I/gpfs/fs1/work/weisun/2019/github/WRFV4-myfork/main -I/gpfs/fs1/work/weisun/2019/github/WRFV4-myfork/external/io_netcdf -I/gpfs/fs1/work/weisun/2019/github/WRFV4-myfork/external/io_int -I/gpfs/fs1/work/weisun/2019/github/WRFV4-myfork/frame -I/gpfs/fs1/work/weisun/2019/github/WRFV4-myfork/share -I/gpfs/fs1/work/weisun/2019/github/WRFV4-myfork/phys -I/gpfs/fs1/work/weisun/2019/github/WRFV4-myfork/chem -I/gpfs/fs1/work/weisun/2019/github/WRFV4-myfork/inc -I/glade/u/apps/ch/opt/netcdf/4.6.1/gnu/6.3.0//include " toolsdir
make[1]: Entering directory '/gpfs/fs1/work/weisun/2019/github/WRFV4-myfork'
--------------------------------------
( cd tools ; make -i -r CC_TOOLS_CFLAGS="-DNMM_CORE=0" CC_TOOLS="gcc  -DIWORDSIZE=4 -DMAX_HISTORY=25" )
make[2]: Entering directory '/gpfs/fs1/work/weisun/2019/github/WRFV4-myfork/tools'
gcc  -DIWORDSIZE=4 -DMAX_HISTORY=25 -DNMM_CORE=0  -c -g  registry.c
registry.c: In function ‘main’:
registry.c:60:3: warning: implicit declaration of function ‘sym_forget’ [-Wimplicit-function-declaration]
   sym_forget() ;
   ^~~~~~~~~~
registry.c:132:3: warning: implicit declaration of function ‘gen_io_boilerplate’ [-Wimplicit-function-declaration]
   gen_io_boilerplate() ;  /* 20091213 jm.  Generate the io_boilerplate_temporary.inc file */
   ^~~~~~~~~~~~~~~~~~
registry.c:134:3: warning: implicit declaration of function ‘init_parser’ [-Wimplicit-function-declaration]
   init_parser() ;
   ^~~~~~~~~~~
registry.c:157:8: warning: implicit declaration of function ‘pre_parse’ [-Wimplicit-function-declaration]
   if ( pre_parse( dir, fp_in, fp_tmp ) ) {
        ^~~~~~~~~
registry.c:177:3: warning: implicit declaration of function ‘check_dimspecs’ [-Wimplicit-function-declaration]
   check_dimspecs() ;
   ^~~~~~~~~~~~~~
registry.c:187:3: warning: implicit declaration of function ‘gen_actual_args_new’ [-Wimplicit-function-declaration]
   gen_actual_args_new( "inc" ) ;
   ^~~~~~~~~~~~~~~~~~~
registry.c:189:3: warning: implicit declaration of function ‘gen_dummy_args_new’ [-Wimplicit-function-declaration]
   gen_dummy_args_new( "inc" ) ;
   ^~~~~~~~~~~~~~~~~~
registry.c:191:3: warning: implicit declaration of function ‘gen_dummy_decls_new’ [-Wimplicit-function-declaration]
   gen_dummy_decls_new( "inc" ) ;
   ^~~~~~~~~~~~~~~~~~~
registry.c:193:3: warning: implicit declaration of function ‘gen_namelist_statements’ [-Wimplicit-function-declaration]
   gen_namelist_statements("inc") ;
   ^~~~~~~~~~~~~~~~~~~~~~~
registry.c:203:3: warning: implicit declaration of function ‘gen_nest_interp’ [-Wimplicit-function-declaration]
   gen_nest_interp( "inc" ) ;
   ^~~~~~~~~~~~~~~
registry.c:204:3: warning: implicit declaration of function ‘gen_nest_v_interp’ [-Wimplicit-function-declaration]
   gen_nest_v_interp( "inc") ; /*KAL added this for vertical interpolation*/
   ^~~~~~~~~~~~~~~~~
registry.c:206:3: warning: implicit declaration of function ‘gen_streams’ [-Wimplicit-function-declaration]
   gen_streams("inc") ;
   ^~~~~~~~~~~
registry.c:209:3: warning: implicit declaration of function ‘gen_comms’ [-Wimplicit-function-declaration]
   gen_comms( "inc" ) ;    /* this is either package supplied (by copying a */
   ^~~~~~~~~
gcc  -DIWORDSIZE=4 -DMAX_HISTORY=25 -DNMM_CORE=0  -c -g  my_strtok.c
gcc  -DIWORDSIZE=4 -DMAX_HISTORY=25 -DNMM_CORE=0  -c -g  reg_parse.c
reg_parse.c: In function ‘pre_parse’:
reg_parse.c:229:15: warning: implicit declaration of function ‘tolower’ [-Wimplicit-function-declaration]
           x = tolower(tokens[F_DIMS][i]) ;
               ^~~~~~~
gcc  -DIWORDSIZE=4 -DMAX_HISTORY=25 -DNMM_CORE=0  -c -g  data.c
gcc  -DIWORDSIZE=4 -DMAX_HISTORY=25 -DNMM_CORE=0  -c -g  type.c
gcc  -DIWORDSIZE=4 -DMAX_HISTORY=25 -DNMM_CORE=0  -c -g  misc.c
misc.c: In function ‘make_entries_uniq’:
misc.c:434:32: warning: implicit declaration of function ‘getpid’ [-Wimplicit-function-declaration]
   sprintf(tempfile,"regtmp1%d",getpid()) ;
                                ^~~~~~
misc.c: In function ‘make_upper_case’:
misc.c:467:35: warning: implicit declaration of function ‘toupper’ [-Wimplicit-function-declaration]
   for ( p = str ; *p ; p++ ) *p = toupper(*p) ;
                                   ^~~~~~~
misc.c: In function ‘make_lower_case’:
misc.c:477:35: warning: implicit declaration of function ‘tolower’ [-Wimplicit-function-declaration]
   for ( p = str ; *p ; p++ ) *p = tolower(*p) ;
                                   ^~~~~~~
gcc  -DIWORDSIZE=4 -DMAX_HISTORY=25 -DNMM_CORE=0  -c -g  gen_defs.c
gcc  -DIWORDSIZE=4 -DMAX_HISTORY=25 -DNMM_CORE=0  -c -g  gen_allocs.c
gen_allocs.c: In function ‘gen_alloc2’:
gen_allocs.c:111:5: warning: implicit declaration of function ‘make_upper_case’ [-Wimplicit-function-declaration]
     make_upper_case(dname_tmp) ;
     ^~~~~~~~~~~~~~~
gcc  -DIWORDSIZE=4 -DMAX_HISTORY=25 -DNMM_CORE=0  -c -g  gen_mod_state_descr.c
gcc  -DIWORDSIZE=4 -DMAX_HISTORY=25 -DNMM_CORE=0  -c -g  gen_scalar_indices.c
gen_scalar_indices.c: In function ‘gen_scalar_indices1’:
gen_scalar_indices.c:209:19: warning: implicit declaration of function ‘make_lower_case’ [-Wimplicit-function-declaration]
                   make_lower_case(fname2)  ;
                   ^~~~~~~~~~~~~~~
gcc  -DIWORDSIZE=4 -DMAX_HISTORY=25 -DNMM_CORE=0  -c -g  gen_args.c
gcc  -DIWORDSIZE=4 -DMAX_HISTORY=25 -DNMM_CORE=0  -c -g  gen_config.c
gen_config.c: In function ‘gen_namelist_script’:
gen_config.c:135:3: warning: implicit declaration of function ‘sym_forget’ [-Wimplicit-function-declaration]
   sym_forget() ;
   ^~~~~~~~~~
gen_config.c:167:25: warning: implicit declaration of function ‘toupper’ [-Wimplicit-function-declaration]
                   fputc(toupper(*i),fp);
                         ^~~~~~~
gcc  -DIWORDSIZE=4 -DMAX_HISTORY=25 -DNMM_CORE=0  -c -g  sym.c
sym.c: In function ‘sym_init’:
sym.c:73:5: warning: implicit declaration of function ‘create_ht’ [-Wimplicit-function-declaration]
     create_ht( &symtab ) ;
     ^~~~~~~~~
sym.c:77:2: warning: implicit declaration of function ‘exit’ [-Wimplicit-function-declaration]
  exit(1) ;
  ^~~~
sym.c:77:2: warning: incompatible implicit declaration of built-in function ‘exit’
sym.c:77:2: note: include ‘<stdlib.h>’ or provide a declaration of ‘exit’
sym.c: In function ‘sym_forget’:
sym.c:157:7: warning: incompatible implicit declaration of built-in function ‘exit’
       exit(1) ;
       ^~~~
sym.c:157:7: note: include ‘<stdlib.h>’ or provide a declaration of ‘exit’
gcc  -DIWORDSIZE=4 -DMAX_HISTORY=25 -DNMM_CORE=0  -c -g  symtab_gen.c
symtab_gen.c: In function ‘symget’:
symtab_gen.c:62:13: warning: implicit declaration of function ‘hash’ [-Wimplicit-function-declaration]
     index = hash( name ) ;
             ^~~~
gcc  -DIWORDSIZE=4 -DMAX_HISTORY=25 -DNMM_CORE=0  -c -g  gen_model_data_ord.c
gcc  -DIWORDSIZE=4 -DMAX_HISTORY=25 -DNMM_CORE=0  -c -g  gen_interp.c
gen_interp.c: In function ‘gen_nest_v_interp’:
gen_interp.c:96:5: warning: implicit declaration of function ‘gen_nest_interp2’ [-Wimplicit-function-declaration]
     gen_nest_interp2( fp, Domain.fields, NULL, down_path[ipath], (down_path[ipath]==FORCE_DOWN)?2:2 );
     ^~~~~~~~~~~~~~~~
gcc  -DIWORDSIZE=4 -DMAX_HISTORY=25 -DNMM_CORE=0  -c -g  gen_comms.c
gen_comms.c: In function ‘gen_halos’:
gen_comms.c:255:9: warning: implicit declaration of function ‘make_upper_case’ [-Wimplicit-function-declaration]
         make_upper_case(commname) ;
         ^~~~~~~~~~~~~~~
gen_comms.c: At top level:
gen_comms.c:594:1: warning: return type defaults to ‘int’ [-Wimplicit-int]
 gen_packs_halo ( FILE *fp , node_t *p, char *shw, int xy /* 0=y,1=x */ , int pu /* 0=pack,1=unpack */, char * packname, char * commname, int always_interp_mp )
 ^~~~~~~~~~~~~~
gen_comms.c:808:1: warning: return type defaults to ‘int’ [-Wimplicit-int]
 gen_packs ( FILE *fp , node_t *p, int shw, int xy /* 0=y,1=x */ , int pu /* 0=pack,1=unpack */, char * packname, char * commname )
 ^~~~~~~~~
gcc  -DIWORDSIZE=4 -DMAX_HISTORY=25 -DNMM_CORE=0  -c -g  gen_scalar_derefs.c
gcc  -DIWORDSIZE=4 -DMAX_HISTORY=25 -DNMM_CORE=0  -c -g  set_dim_strs.c
gcc  -DIWORDSIZE=4 -DMAX_HISTORY=25 -DNMM_CORE=0  -c -g  gen_wrf_io.c
gen_wrf_io.c: In function ‘gen_wrf_io’:
gen_wrf_io.c:27:3: warning: implicit declaration of function ‘sym_forget’ [-Wimplicit-function-declaration]
   sym_forget() ;
   ^
gen_wrf_io.c:36:3: note: in expansion of macro ‘OP_F’
   OP_F(fp,"wrf_bdyout.inc") ;
   ^~~~
gen_wrf_io.c: In function ‘gen_wrf_io2’:
gen_wrf_io.c:320:11: warning: implicit declaration of function ‘make_upper_case’ [-Wimplicit-function-declaration]
           make_upper_case(dname) ;
           ^~~~~~~~~~~~~~~
gcc  -DIWORDSIZE=4 -DMAX_HISTORY=25 -DNMM_CORE=0  -c -g  gen_streams.c
gen_streams.c: In function ‘gen_streams’:
gen_streams.c:25:3: warning: implicit declaration of function ‘gen_io_domain_defs’ [-Wimplicit-function-declaration]
   gen_io_domain_defs( fp ) ;
   ^~~~~~~~~~~~~~~~~~
gen_streams.c:33:3: warning: implicit declaration of function ‘gen_set_timekeeping_defs’ [-Wimplicit-function-declaration]
   gen_set_timekeeping_defs( fp ) ;
   ^~~~~~~~~~~~~~~~~~~~~~~~
gen_streams.c:41:3: warning: implicit declaration of function ‘gen_set_timekeeping_alarms’ [-Wimplicit-function-declaration]
   gen_set_timekeeping_alarms( fp ) ;
   ^~~~~~~~~~~~~~~~~~~~~~~~~~
gen_streams.c:49:3: warning: implicit declaration of function ‘gen_io_form_for_dataset’ [-Wimplicit-function-declaration]
   gen_io_form_for_dataset( fp ) ;
   ^~~~~~~~~~~~~~~~~~~~~~~
gen_streams.c:57:3: warning: implicit declaration of function ‘gen_io_form_for_stream’ [-Wimplicit-function-declaration]
   gen_io_form_for_stream( fp ) ;
   ^~~~~~~~~~~~~~~~~~~~~~
gen_streams.c:65:3: warning: implicit declaration of function ‘gen_switches_and_alarms’ [-Wimplicit-function-declaration]
   gen_switches_and_alarms( fp ) ;
   ^~~~~~~~~~~~~~~~~~~~~~~
gen_streams.c:73:3: warning: implicit declaration of function ‘gen_check_auxstream_alarms’ [-Wimplicit-function-declaration]
   gen_check_auxstream_alarms( fp ) ;
   ^~~~~~~~~~~~~~~~~~~~~~~~~~
gen_streams.c:81:3: warning: implicit declaration of function ‘gen_fine_stream_input’ [-Wimplicit-function-declaration]
   gen_fine_stream_input( fp ) ;
   ^~~~~~~~~~~~~~~~~~~~~
gen_streams.c:89:3: warning: implicit declaration of function ‘gen_med_auxinput_in’ [-Wimplicit-function-declaration]
   gen_med_auxinput_in( fp ) ;
   ^~~~~~~~~~~~~~~~~~~
gen_streams.c:97:3: warning: implicit declaration of function ‘gen_med_hist_out_opens’ [-Wimplicit-function-declaration]
   gen_med_hist_out_opens( fp ) ;
   ^~~~~~~~~~~~~~~~~~~~~~
gen_streams.c:105:3: warning: implicit declaration of function ‘gen_med_hist_out_closes’ [-Wimplicit-function-declaration]
   gen_med_hist_out_closes( fp ) ;
   ^~~~~~~~~~~~~~~~~~~~~~~
gen_streams.c:113:3: warning: implicit declaration of function ‘gen_med_auxinput_in_closes’ [-Wimplicit-function-declaration]
   gen_med_auxinput_in_closes( fp ) ;
   ^~~~~~~~~~~~~~~~~~~~~~~~~~
gen_streams.c:121:3: warning: implicit declaration of function ‘gen_med_last_solve_io’ [-Wimplicit-function-declaration]
   gen_med_last_solve_io( fp ) ;
   ^~~~~~~~~~~~~~~~~~~~~
gen_streams.c:129:3: warning: implicit declaration of function ‘gen_med_open_esmf_calls’ [-Wimplicit-function-declaration]
   gen_med_open_esmf_calls( fp ) ;
   ^~~~~~~~~~~~~~~~~~~~~~~
gen_streams.c:137:3: warning: implicit declaration of function ‘gen_med_find_esmf_coupling’ [-Wimplicit-function-declaration]
   gen_med_find_esmf_coupling( fp ) ;
   ^~~~~~~~~~~~~~~~~~~~~~~~~~
gen_streams.c:145:3: warning: implicit declaration of function ‘gen_shutdown_closes’ [-Wimplicit-function-declaration]
   gen_shutdown_closes( fp ) ;
   ^~~~~~~~~~~~~~~~~~~
gen_streams.c: At top level:
gen_streams.c:528:1: warning: return type defaults to ‘int’ [-Wimplicit-int]
 gen_med_open_esmf_calls ( FILE *fp )
 ^~~~~~~~~~~~~~~~~~~~~~~
gen_streams.c:558:1: warning: return type defaults to ‘int’ [-Wimplicit-int]
 gen_med_find_esmf_coupling ( FILE *fp )
 ^~~~~~~~~~~~~~~~~~~~~~~~~~
gcc  -DIWORDSIZE=4 -DMAX_HISTORY=25 -DNMM_CORE=0  -c -g  standard.c
gcc  -DIWORDSIZE=4 -DMAX_HISTORY=25 -o standard.exe -g   standard.o
gcc  -DIWORDSIZE=4 -DMAX_HISTORY=25 -o registry -g   registry.o my_strtok.o reg_parse.o data.o type.o misc.o gen_defs.o gen_allocs.o gen_mod_state_descr.o gen_scalar_indices.o gen_args.o gen_config.o sym.o symtab_gen.o gen_model_data_ord.o gen_interp.o gen_comms.o gen_scalar_derefs.o set_dim_strs.o gen_wrf_io.o gen_streams.o
make[2]: Leaving directory '/gpfs/fs1/work/weisun/2019/github/WRFV4-myfork/tools'
make[1]: Leaving directory '/gpfs/fs1/work/weisun/2019/github/WRFV4-myfork'
if [ 1 -ne 0 ] ; then \
  (cd var/external/crtm_2.2.3; make -i -r -j 10) ; \
fi
make[1]: Entering directory '/gpfs/fs1/work/weisun/2019/github/WRFV4-myfork/var/external/crtm_2.2.3'
cd libsrc && make -i -r all
make[2]: Entering directory '/gpfs/fs1/work/weisun/2019/github/WRFV4-myfork/var/external/crtm_2.2.3/libsrc'
makefile:32: warning: overriding recipe for target '.f90.o'
../../../../configure.wrf:364: warning: ignoring old recipe for target '.f90.o'
gfortran -c -O2 -ftree-vectorize -funroll-loops -w -ffree-form -ffree-line-length-none -fconvert=big-endian -frecord-marker=4   Type_Kinds.f90
gfortran -c -O2 -ftree-vectorize -funroll-loops -w -ffree-form -ffree-line-length-none -fconvert=big-endian -frecord-marker=4   File_Utility.f90
gfortran -c -O2 -ftree-vectorize -funroll-loops -w -ffree-form -ffree-line-length-none -fconvert=big-endian -frecord-marker=4   Date_Utility.f90
gfortran -c -O2 -ftree-vectorize -funroll-loops -w -ffree-form -ffree-line-length-none -fconvert=big-endian -frecord-marker=4   String_Utility.f90
gfortran -c -O2 -ftree-vectorize -funroll-loops -w -ffree-form -ffree-line-length-none -fconvert=big-endian -frecord-marker=4   SensorInfo_Parameters.f90
gfortran -c -O2 -ftree-vectorize -funroll-loops -w -ffree-form -ffree-line-length-none -fconvert=big-endian -frecord-marker=4   Compare_Float_Numbers.f90
gfortran -c -O2 -ftree-vectorize -funroll-loops -w -ffree-form -ffree-line-length-none -fconvert=big-endian -frecord-marker=4   Endian_Utility.f90
x=`echo "gfortran" | awk '{print $1}'` ; export x ; \
        if [ $x = "pgf90" ] ; then \
           gfortran -c -O2 -ftree-vectorize -funroll-loops -w -ffree-form -ffree-line-length-none -fconvert=big-endian -frecord-marker=4   -tp=px Sort_Utility.f90 ; \
        else \
           gfortran -c -O2 -ftree-vectorize -funroll-loops -w -ffree-form -ffree-line-length-none -fconvert=big-endian -frecord-marker=4   Sort_Utility.f90 ; \
        fi
gfortran -c -O2 -ftree-vectorize -funroll-loops -w -ffree-form -ffree-line-length-none -fconvert=big-endian -frecord-marker=4   Fundamental_Constants.f90
gfortran -c -O2 -ftree-vectorize -funroll-loops -w -ffree-form -ffree-line-length-none -fconvert=big-endian -frecord-marker=4   Hyperbolic_Step.f90
gfortran -c -O2 -ftree-vectorize -funroll-loops -w -ffree-form -ffree-line-length-none -fconvert=big-endian -frecord-marker=4   CRTM_Parameters.f90
gfortran -c -O2 -ftree-vectorize -funroll-loops -w -ffree-form -ffree-line-length-none -fconvert=big-endian -frecord-marker=4   CRTM_Interpolation.f90
gfortran -c -O2 -ftree-vectorize -funroll-loops -w -ffree-form -ffree-line-length-none -fconvert=big-endian -frecord-marker=4   NESDIS_SnowEM_Parameters.f90
gfortran -c -O2 -ftree-vectorize -funroll-loops -w -ffree-form -ffree-line-length-none -fconvert=big-endian -frecord-marker=4   NESDIS_SEAICE_PHYEM_MODULE.f90
gfortran -c -O2 -ftree-vectorize -funroll-loops -w -ffree-form -ffree-line-length-none -fconvert=big-endian -frecord-marker=4   Fresnel.f90
gfortran -c -O2 -ftree-vectorize -funroll-loops -w -ffree-form -ffree-line-length-none -fconvert=big-endian -frecord-marker=4   NLTE_Parameters.f90
gfortran -c -O2 -ftree-vectorize -funroll-loops -w -ffree-form -ffree-line-length-none -fconvert=big-endian -frecord-marker=4   ODAS_Predictor_Define.f90
gfortran -c -O2 -ftree-vectorize -funroll-loops -w -ffree-form -ffree-line-length-none -fconvert=big-endian -frecord-marker=4   Message_Handler.f90
gfortran -c -O2 -ftree-vectorize -funroll-loops -w -ffree-form -ffree-line-length-none -fconvert=big-endian -frecord-marker=4   DateTime_Utility.f90
gfortran -c -O2 -ftree-vectorize -funroll-loops -w -ffree-form -ffree-line-length-none -fconvert=big-endian -frecord-marker=4   Spectral_Units_Conversion.f90
gfortran -c -O2 -ftree-vectorize -funroll-loops -w -ffree-form -ffree-line-length-none -fconvert=big-endian -frecord-marker=4   NESDIS_LandEM_Module.f90
gfortran -c -O2 -ftree-vectorize -funroll-loops -w -ffree-form -ffree-line-length-none -fconvert=big-endian -frecord-marker=4   NESDIS_SnowEM_ATMS_Parameters.f90
gfortran -c -O2 -ftree-vectorize -funroll-loops -w -ffree-form -ffree-line-length-none -fconvert=big-endian -frecord-marker=4   Slope_Variance.f90
gfortran -c -O2 -ftree-vectorize -funroll-loops -w -ffree-form -ffree-line-length-none -fconvert=big-endian -frecord-marker=4   Liu.f90
gfortran -c -O2 -ftree-vectorize -funroll-loops -w -ffree-form -ffree-line-length-none -fconvert=big-endian -frecord-marker=4   CRTM_Fastem1.f90
gfortran -c -O2 -ftree-vectorize -funroll-loops -w -ffree-form -ffree-line-length-none -fconvert=big-endian -frecord-marker=4   Ellison.f90
gfortran -c -O2 -ftree-vectorize -funroll-loops -w -ffree-form -ffree-line-length-none -fconvert=big-endian -frecord-marker=4   Guillou.f90
gfortran -c -O2 -ftree-vectorize -funroll-loops -w -ffree-form -ffree-line-length-none -fconvert=big-endian -frecord-marker=4   NLTE_Predictor_Define.f90
gfortran -c -O2 -ftree-vectorize -funroll-loops -w -ffree-form -ffree-line-length-none -fconvert=big-endian -frecord-marker=4   Profile_Utility_Parameters.f90
gfortran -c -O2 -ftree-vectorize -funroll-loops -w -ffree-form -ffree-line-length-none -fconvert=big-endian -frecord-marker=4   Zeeman_Utility.f90
gfortran -c -O2 -ftree-vectorize -funroll-loops -w -ffree-form -ffree-line-length-none -fconvert=big-endian -frecord-marker=4   Timing_Utility.f90
gfortran -c -O2 -ftree-vectorize -funroll-loops -w -ffree-form -ffree-line-length-none -fconvert=big-endian -frecord-marker=4   Binary_File_Utility.f90
gfortran -c -O2 -ftree-vectorize -funroll-loops -w -ffree-form -ffree-line-length-none -fconvert=big-endian -frecord-marker=4   Search_Utility.f90
gfortran -c -O2 -ftree-vectorize -funroll-loops -w -ffree-form -ffree-line-length-none -fconvert=big-endian -frecord-marker=4   UnitTest_Define.f90
gfortran -c -O2 -ftree-vectorize -funroll-loops -w -ffree-form -ffree-line-length-none -fconvert=big-endian -frecord-marker=4   CloudCoeff_Define.f90
gfortran -c -O2 -ftree-vectorize -funroll-loops -w -ffree-form -ffree-line-length-none -fconvert=big-endian -frecord-marker=4   AerosolCoeff_Define.f90
gfortran -c -O2 -ftree-vectorize -funroll-loops -w -ffree-form -ffree-line-length-none -fconvert=big-endian -frecord-marker=4   CRTM_ChannelInfo_Define.f90
gfortran -c -O2 -ftree-vectorize -funroll-loops -w -ffree-form -ffree-line-length-none -fconvert=big-endian -frecord-marker=4   CRTM_Utility.f90
gfortran -c -O2 -ftree-vectorize -funroll-loops -w -ffree-form -ffree-line-length-none -fconvert=big-endian -frecord-marker=4   CRTM_SensorInfo.f90
gfortran -c -O2 -ftree-vectorize -funroll-loops -w -ffree-form -ffree-line-length-none -fconvert=big-endian -frecord-marker=4   ODPS_Define.f90
gfortran -c -O2 -ftree-vectorize -funroll-loops -w -ffree-form -ffree-line-length-none -fconvert=big-endian -frecord-marker=4   ODAS_Define.f90
gfortran -c -O2 -ftree-vectorize -funroll-loops -w -ffree-form -ffree-line-length-none -fconvert=big-endian -frecord-marker=4   iAtm_Define.f90
gfortran -c -O2 -ftree-vectorize -funroll-loops -w -ffree-form -ffree-line-length-none -fconvert=big-endian -frecord-marker=4   CRTM_SfcOptics_Define.f90
gfortran -c -O2 -ftree-vectorize -funroll-loops -w -ffree-form -ffree-line-length-none -fconvert=big-endian -frecord-marker=4   CRTM_LowFrequency_MWSSEM.f90
gfortran -c -O2 -ftree-vectorize -funroll-loops -w -ffree-form -ffree-line-length-none -fconvert=big-endian -frecord-marker=4   AOvar_Define.f90
gfortran -c -O2 -ftree-vectorize -funroll-loops -w -ffree-form -ffree-line-length-none -fconvert=big-endian -frecord-marker=4   PAFV_Define.f90
gfortran -c -O2 -ftree-vectorize -funroll-loops -w -ffree-form -ffree-line-length-none -fconvert=big-endian -frecord-marker=4   NLTE_Predictor_IO.f90
gfortran -c -O2 -ftree-vectorize -funroll-loops -w -ffree-form -ffree-line-length-none -fconvert=big-endian -frecord-marker=4   Subset_Define.f90
gfortran -c -O2 -ftree-vectorize -funroll-loops -w -ffree-form -ffree-line-length-none -fconvert=big-endian -frecord-marker=4   AerosolCoeff_Binary_IO.f90
gfortran -c -O2 -ftree-vectorize -funroll-loops -w -ffree-form -ffree-line-length-none -fconvert=big-endian -frecord-marker=4   Zeeman_Input_Define.f90
gfortran -c -O2 -ftree-vectorize -funroll-loops -w -ffree-form -ffree-line-length-none -fconvert=big-endian -frecord-marker=4   SSU_Input_Define.f90
gfortran -c -O2 -ftree-vectorize -funroll-loops -w -ffree-form -ffree-line-length-none -fconvert=big-endian -frecord-marker=4   ASvar_Define.f90
gfortran -c -O2 -ftree-vectorize -funroll-loops -w -ffree-form -ffree-line-length-none -fconvert=big-endian -frecord-marker=4   CRTM_RTSolution_Define.f90
gfortran -c -O2 -ftree-vectorize -funroll-loops -w -ffree-form -ffree-line-length-none -fconvert=big-endian -frecord-marker=4   CRTM_AtmOptics_Define.f90
gfortran -c -O2 -ftree-vectorize -funroll-loops -w -ffree-form -ffree-line-length-none -fconvert=big-endian -frecord-marker=4   CRTM_Geometry_Define.f90
gfortran -c -O2 -ftree-vectorize -funroll-loops -w -ffree-form -ffree-line-length-none -fconvert=big-endian -frecord-marker=4   CRTM_Aerosol_Define.f90
gfortran -c -O2 -ftree-vectorize -funroll-loops -w -ffree-form -ffree-line-length-none -fconvert=big-endian -frecord-marker=4   CRTM_Cloud_Define.f90
gfortran -c -O2 -ftree-vectorize -funroll-loops -w -ffree-form -ffree-line-length-none -fconvert=big-endian -frecord-marker=4   IRwaterCoeff_Define.f90
gfortran -c -O2 -ftree-vectorize -funroll-loops -w -ffree-form -ffree-line-length-none -fconvert=big-endian -frecord-marker=4   SEcategory_Define.f90
gfortran -c -O2 -ftree-vectorize -funroll-loops -w -ffree-form -ffree-line-length-none -fconvert=big-endian -frecord-marker=4   LSEatlas_Define.f90
gfortran -c -O2 -ftree-vectorize -funroll-loops -w -ffree-form -ffree-line-length-none -fconvert=big-endian -frecord-marker=4   MWwaterLUT_Define.f90
gfortran -c -O2 -ftree-vectorize -funroll-loops -w -ffree-form -ffree-line-length-none -fconvert=big-endian -frecord-marker=4   FitCoeff_Define.f90
gfortran -c -O2 -ftree-vectorize -funroll-loops -w -ffree-form -ffree-line-length-none -fconvert=big-endian -frecord-marker=4   NESDIS_AMSRE_SICEEM_Module.f90
gfortran -c -O2 -ftree-vectorize -funroll-loops -w -ffree-form -ffree-line-length-none -fconvert=big-endian -frecord-marker=4   NESDIS_AMSRE_SNOWEM_Module.f90
gfortran -c -O2 -ftree-vectorize -funroll-loops -w -ffree-form -ffree-line-length-none -fconvert=big-endian -frecord-marker=4   NESDIS_AMSU_SICEEM_Module.f90
gfortran -c -O2 -ftree-vectorize -funroll-loops -w -ffree-form -ffree-line-length-none -fconvert=big-endian -frecord-marker=4   NESDIS_AMSU_SnowEM_Module.f90
gfortran -c -O2 -ftree-vectorize -funroll-loops -w -ffree-form -ffree-line-length-none -fconvert=big-endian -frecord-marker=4   NESDIS_MHS_SICEEM_Module.f90
gfortran -c -O2 -ftree-vectorize -funroll-loops -w -ffree-form -ffree-line-length-none -fconvert=big-endian -frecord-marker=4   NESDIS_MHS_SnowEM_Module.f90
gfortran -c -O2 -ftree-vectorize -funroll-loops -w -ffree-form -ffree-line-length-none -fconvert=big-endian -frecord-marker=4   NESDIS_SSMI_Module.f90
gfortran -c -O2 -ftree-vectorize -funroll-loops -w -ffree-form -ffree-line-length-none -fconvert=big-endian -frecord-marker=4   NESDIS_SSMI_SIceEM_Module.f90
gfortran -c -O2 -ftree-vectorize -funroll-loops -w -ffree-form -ffree-line-length-none -fconvert=big-endian -frecord-marker=4   NESDIS_SSMI_SnowEM_Module.f90
gfortran -c -O2 -ftree-vectorize -funroll-loops -w -ffree-form -ffree-line-length-none -fconvert=big-endian -frecord-marker=4   NESDIS_SSMIS_SeaIceEM_Module.f90
gfortran -c -O2 -ftree-vectorize -funroll-loops -w -ffree-form -ffree-line-length-none -fconvert=big-endian -frecord-marker=4   NESDIS_SSMIS_SnowEM_Module.f90
gfortran -c -O2 -ftree-vectorize -funroll-loops -w -ffree-form -ffree-line-length-none -fconvert=big-endian -frecord-marker=4   NESDIS_ATMS_SnowEM_Module.f90
gfortran -c -O2 -ftree-vectorize -funroll-loops -w -ffree-form -ffree-line-length-none -fconvert=big-endian -frecord-marker=4   ODPS_Binary_IO.f90
gfortran -c -O2 -ftree-vectorize -funroll-loops -w -ffree-form -ffree-line-length-none -fconvert=big-endian -frecord-marker=4   ODSSU_Define.f90
gfortran -c -O2 -ftree-vectorize -funroll-loops -w -ffree-form -ffree-line-length-none -fconvert=big-endian -frecord-marker=4   ODAS_Binary_IO.f90
gfortran -c -O2 -ftree-vectorize -funroll-loops -w -ffree-form -ffree-line-length-none -fconvert=big-endian -frecord-marker=4   CRTM_IRwaterCoeff.f90
gfortran -c -O2 -ftree-vectorize -funroll-loops -w -ffree-form -ffree-line-length-none -fconvert=big-endian -frecord-marker=4   CRTM_IRsnowCoeff.f90
gfortran -c -O2 -ftree-vectorize -funroll-loops -w -ffree-form -ffree-line-length-none -fconvert=big-endian -frecord-marker=4   CRTM_IRiceCoeff.f90
gfortran -c -O2 -ftree-vectorize -funroll-loops -w -ffree-form -ffree-line-length-none -fconvert=big-endian -frecord-marker=4   CRTM_VISlandCoeff.f90
gfortran -c -O2 -ftree-vectorize -funroll-loops -w -ffree-form -ffree-line-length-none -fconvert=big-endian -frecord-marker=4   CRTM_VISwaterCoeff.f90
gfortran -c -O2 -ftree-vectorize -funroll-loops -w -ffree-form -ffree-line-length-none -fconvert=big-endian -frecord-marker=4   CRTM_VISsnowCoeff.f90
gfortran -c -O2 -ftree-vectorize -funroll-loops -w -ffree-form -ffree-line-length-none -fconvert=big-endian -frecord-marker=4   CRTM_VISiceCoeff.f90
gfortran -c -O2 -ftree-vectorize -funroll-loops -w -ffree-form -ffree-line-length-none -fconvert=big-endian -frecord-marker=4   CRTM_SensorData_Define.f90
gfortran -c -O2 -ftree-vectorize -funroll-loops -w -ffree-form -ffree-line-length-none -fconvert=big-endian -frecord-marker=4   CSvar_Define.f90
gfortran -c -O2 -ftree-vectorize -funroll-loops -w -ffree-form -ffree-line-length-none -fconvert=big-endian -frecord-marker=4   CRTM_SEcategory.f90
gfortran -c -O2 -ftree-vectorize -funroll-loops -w -ffree-form -ffree-line-length-none -fconvert=big-endian -frecord-marker=4   CRTM_IRSSEM.f90
gfortran -c -O2 -ftree-vectorize -funroll-loops -w -ffree-form -ffree-line-length-none -fconvert=big-endian -frecord-marker=4   CRTM_AtmOptics.f90
gfortran -c -O2 -ftree-vectorize -funroll-loops -w -ffree-form -ffree-line-length-none -fconvert=big-endian -frecord-marker=4   CRTM_AncillaryInput_Define.f90
gfortran -c -O2 -ftree-vectorize -funroll-loops -w -ffree-form -ffree-line-length-none -fconvert=big-endian -frecord-marker=4   ODPS_Predictor_Define.f90
gfortran -c -O2 -ftree-vectorize -funroll-loops -w -ffree-form -ffree-line-length-none -fconvert=big-endian -frecord-marker=4   NLTECoeff_Define.f90
gfortran -c -O2 -ftree-vectorize -funroll-loops -w -ffree-form -ffree-line-length-none -fconvert=big-endian -frecord-marker=4   ACCoeff_Define.f90
gfortran -c -O2 -ftree-vectorize -funroll-loops -w -ffree-form -ffree-line-length-none -fconvert=big-endian -frecord-marker=4   CloudCoeff_Binary_IO.f90
gfortran -c -O2 -ftree-vectorize -funroll-loops -w -ffree-form -ffree-line-length-none -fconvert=big-endian -frecord-marker=4   CRTM_Options_Define.f90
gfortran -c -O2 -ftree-vectorize -funroll-loops -w -ffree-form -ffree-line-length-none -fconvert=big-endian -frecord-marker=4   CRTM_AerosolCoeff.f90
gfortran -c -O2 -ftree-vectorize -funroll-loops -w -ffree-form -ffree-line-length-none -fconvert=big-endian -frecord-marker=4   CRTM_GeometryInfo_Define.f90
gfortran -c -O2 -ftree-vectorize -funroll-loops -w -ffree-form -ffree-line-length-none -fconvert=big-endian -frecord-marker=4   CRTM_Atmosphere_Define.f90
gfortran -c -O2 -ftree-vectorize -funroll-loops -w -ffree-form -ffree-line-length-none -fconvert=big-endian -frecord-marker=4   MWwaterCoeff_Define.f90
gfortran -c -O2 -ftree-vectorize -funroll-loops -w -ffree-form -ffree-line-length-none -fconvert=big-endian -frecord-marker=4   ODZeeman_TauCoeff.f90
gfortran -c -O2 -ftree-vectorize -funroll-loops -w -ffree-form -ffree-line-length-none -fconvert=big-endian -frecord-marker=4   TauCoeff_Define.f90
gfortran -c -O2 -ftree-vectorize -funroll-loops -w -ffree-form -ffree-line-length-none -fconvert=big-endian -frecord-marker=4   ODSSU_Binary_IO.f90
gfortran -c -O2 -ftree-vectorize -funroll-loops -w -ffree-form -ffree-line-length-none -fconvert=big-endian -frecord-marker=4   ODPS_TauCoeff.f90
gfortran -c -O2 -ftree-vectorize -funroll-loops -w -ffree-form -ffree-line-length-none -fconvert=big-endian -frecord-marker=4   ODAS_TauCoeff.f90
gfortran -c -O2 -ftree-vectorize -funroll-loops -w -ffree-form -ffree-line-length-none -fconvert=big-endian -frecord-marker=4   CRTM_CloudCoeff.f90
gfortran -c -O2 -ftree-vectorize -funroll-loops -w -ffree-form -ffree-line-length-none -fconvert=big-endian -frecord-marker=4   CRTM_IRlandCoeff.f90
gfortran -c -O2 -ftree-vectorize -funroll-loops -w -ffree-form -ffree-line-length-none -fconvert=big-endian -frecord-marker=4   CRTM_Surface_Define.f90
gfortran -c -O2 -ftree-vectorize -funroll-loops -w -ffree-form -ffree-line-length-none -fconvert=big-endian -frecord-marker=4   Azimuth_Emissivity_F6_Module.f90
gfortran -c -O2 -ftree-vectorize -funroll-loops -w -ffree-form -ffree-line-length-none -fconvert=big-endian -frecord-marker=4   Azimuth_Emissivity_Module.f90
gfortran -c -O2 -ftree-vectorize -funroll-loops -w -ffree-form -ffree-line-length-none -fconvert=big-endian -frecord-marker=4   Reflection_Correction_Module.f90
gfortran -c -O2 -ftree-vectorize -funroll-loops -w -ffree-form -ffree-line-length-none -fconvert=big-endian -frecord-marker=4   Large_Scale_Correction_Module.f90
gfortran -c -O2 -ftree-vectorize -funroll-loops -w -ffree-form -ffree-line-length-none -fconvert=big-endian -frecord-marker=4   Small_Scale_Correction_Module.f90
gfortran -c -O2 -ftree-vectorize -funroll-loops -w -ffree-form -ffree-line-length-none -fconvert=big-endian -frecord-marker=4   Foam_Utility_Module.f90
gfortran -c -O2 -ftree-vectorize -funroll-loops -w -ffree-form -ffree-line-length-none -fconvert=big-endian -frecord-marker=4   ODZeeman_Predictor.f90
gfortran -c -O2 -ftree-vectorize -funroll-loops -w -ffree-form -ffree-line-length-none -fconvert=big-endian -frecord-marker=4   ACCoeff_Binary_IO.f90
gfortran -c -O2 -ftree-vectorize -funroll-loops -w -ffree-form -ffree-line-length-none -fconvert=big-endian -frecord-marker=4   ODSSU_TauCoeff.f90
gfortran -c -O2 -ftree-vectorize -funroll-loops -w -ffree-form -ffree-line-length-none -fconvert=big-endian -frecord-marker=4   CRTM_MWwaterCoeff.f90
gfortran -c -O2 -ftree-vectorize -funroll-loops -w -ffree-form -ffree-line-length-none -fconvert=big-endian -frecord-marker=4   CRTM_GeometryInfo.f90
gfortran -c -O2 -ftree-vectorize -funroll-loops -w -ffree-form -ffree-line-length-none -fconvert=big-endian -frecord-marker=4   CRTM_FastemX.f90
gfortran -c -O2 -ftree-vectorize -funroll-loops -w -ffree-form -ffree-line-length-none -fconvert=big-endian -frecord-marker=4   SpcCoeff_Define.f90
gfortran -c -O2 -ftree-vectorize -funroll-loops -w -ffree-form -ffree-line-length-none -fconvert=big-endian -frecord-marker=4   NLTECoeff_Binary_IO.f90
gfortran -c -O2 -ftree-vectorize -funroll-loops -w -ffree-form -ffree-line-length-none -fconvert=big-endian -frecord-marker=4   CRTM_TauCoeff.f90
gfortran -c -O2 -ftree-vectorize -funroll-loops -w -ffree-form -ffree-line-length-none -fconvert=big-endian -frecord-marker=4   SpcCoeff_Binary_IO.f90
gfortran -c -O2 -ftree-vectorize -funroll-loops -w -ffree-form -ffree-line-length-none -fconvert=big-endian -frecord-marker=4   CRTM_Model_Profiles.f90
gfortran -c -O2 -ftree-vectorize -funroll-loops -w -ffree-form -ffree-line-length-none -fconvert=big-endian -frecord-marker=4   CRTM_MoleculeScatter.f90
gfortran -c -O2 -ftree-vectorize -funroll-loops -w -ffree-form -ffree-line-length-none -fconvert=big-endian -frecord-marker=4   CRTM_NLTECorrection.f90
gfortran -c -O2 -ftree-vectorize -funroll-loops -w -ffree-form -ffree-line-length-none -fconvert=big-endian -frecord-marker=4   ODPS_CoordinateMapping.f90
gfortran -c -O2 -ftree-vectorize -funroll-loops -w -ffree-form -ffree-line-length-none -fconvert=big-endian -frecord-marker=4   ODAS_Predictor.f90
gfortran -c -O2 -ftree-vectorize -funroll-loops -w -ffree-form -ffree-line-length-none -fconvert=big-endian -frecord-marker=4   CRTM_Atmosphere.f90
gfortran -c -O2 -ftree-vectorize -funroll-loops -w -ffree-form -ffree-line-length-none -fconvert=big-endian -frecord-marker=4   CRTM_SpcCoeff.f90
gfortran -c -O2 -ftree-vectorize -funroll-loops -w -ffree-form -ffree-line-length-none -fconvert=big-endian -frecord-marker=4   CRTM_AerosolScatter.f90
gfortran -c -O2 -ftree-vectorize -funroll-loops -w -ffree-form -ffree-line-length-none -fconvert=big-endian -frecord-marker=4   CRTM_CloudScatter.f90
gfortran -c -O2 -ftree-vectorize -funroll-loops -w -ffree-form -ffree-line-length-none -fconvert=big-endian -frecord-marker=4   CRTM_VIS_Ice_SfcOptics.f90
gfortran -c -O2 -ftree-vectorize -funroll-loops -w -ffree-form -ffree-line-length-none -fconvert=big-endian -frecord-marker=4   CRTM_VIS_Snow_SfcOptics.f90
gfortran -c -O2 -ftree-vectorize -funroll-loops -w -ffree-form -ffree-line-length-none -fconvert=big-endian -frecord-marker=4   CRTM_VIS_Water_SfcOptics.f90
gfortran -c -O2 -ftree-vectorize -funroll-loops -w -ffree-form -ffree-line-length-none -fconvert=big-endian -frecord-marker=4   CRTM_VIS_Land_SfcOptics.f90
gfortran -c -O2 -ftree-vectorize -funroll-loops -w -ffree-form -ffree-line-length-none -fconvert=big-endian -frecord-marker=4   CRTM_IR_Ice_SfcOptics.f90
gfortran -c -O2 -ftree-vectorize -funroll-loops -w -ffree-form -ffree-line-length-none -fconvert=big-endian -frecord-marker=4   CRTM_IR_Snow_SfcOptics.f90
gfortran -c -O2 -ftree-vectorize -funroll-loops -w -ffree-form -ffree-line-length-none -fconvert=big-endian -frecord-marker=4   CRTM_IR_Water_SfcOptics.f90
gfortran -c -O2 -ftree-vectorize -funroll-loops -w -ffree-form -ffree-line-length-none -fconvert=big-endian -frecord-marker=4   CRTM_IR_Land_SfcOptics.f90
gfortran -c -O2 -ftree-vectorize -funroll-loops -w -ffree-form -ffree-line-length-none -fconvert=big-endian -frecord-marker=4   CRTM_MW_Ice_SfcOptics.f90
gfortran -c -O2 -ftree-vectorize -funroll-loops -w -ffree-form -ffree-line-length-none -fconvert=big-endian -frecord-marker=4   CRTM_MW_Snow_SfcOptics.f90
gfortran -c -O2 -ftree-vectorize -funroll-loops -w -ffree-form -ffree-line-length-none -fconvert=big-endian -frecord-marker=4   CRTM_MW_Water_SfcOptics.f90
gfortran -c -O2 -ftree-vectorize -funroll-loops -w -ffree-form -ffree-line-length-none -fconvert=big-endian -frecord-marker=4   CRTM_MW_Land_SfcOptics.f90
gfortran -c -O2 -ftree-vectorize -funroll-loops -w -ffree-form -ffree-line-length-none -fconvert=big-endian -frecord-marker=4   CRTM_Planck_Functions.f90
gfortran -c -O2 -ftree-vectorize -funroll-loops -w -ffree-form -ffree-line-length-none -fconvert=big-endian -frecord-marker=4   CRTM_AntennaCorrection.f90
gfortran -c -O2 -ftree-vectorize -funroll-loops -w -ffree-form -ffree-line-length-none -fconvert=big-endian -frecord-marker=4   CRTM_LifeCycle.f90
gfortran -c -O2 -ftree-vectorize -funroll-loops -w -ffree-form -ffree-line-length-none -fconvert=big-endian -frecord-marker=4   ODZeeman_AtmAbsorption.f90
gfortran -c -O2 -ftree-vectorize -funroll-loops -w -ffree-form -ffree-line-length-none -fconvert=big-endian -frecord-marker=4   ODPS_AtmAbsorption.f90
gfortran -c -O2 -ftree-vectorize -funroll-loops -w -ffree-form -ffree-line-length-none -fconvert=big-endian -frecord-marker=4   ODAS_AtmAbsorption.f90
gfortran -c -O2 -ftree-vectorize -funroll-loops -w -ffree-form -ffree-line-length-none -fconvert=big-endian -frecord-marker=4   ODPS_Predictor.f90
gfortran -c -O2 -ftree-vectorize -funroll-loops -w -ffree-form -ffree-line-length-none -fconvert=big-endian -frecord-marker=4   CRTM_SfcOptics.f90
gfortran -c -O2 -ftree-vectorize -funroll-loops -w -ffree-form -ffree-line-length-none -fconvert=big-endian -frecord-marker=4   CRTM_AOD_Module.f90
gfortran -c -O2 -ftree-vectorize -funroll-loops -w -ffree-form -ffree-line-length-none -fconvert=big-endian -frecord-marker=4   ODSSU_AtmAbsorption.f90
gfortran -c -O2 -ftree-vectorize -funroll-loops -w -ffree-form -ffree-line-length-none -fconvert=big-endian -frecord-marker=4   CRTM_Predictor_Define.f90
gfortran -c -O2 -ftree-vectorize -funroll-loops -w -ffree-form -ffree-line-length-none -fconvert=big-endian -frecord-marker=4   CRTM_AtmAbsorption.f90
gfortran -c -O2 -ftree-vectorize -funroll-loops -w -ffree-form -ffree-line-length-none -fconvert=big-endian -frecord-marker=4   CRTM_Predictor.f90
gfortran -c -O2 -ftree-vectorize -funroll-loops -w -ffree-form -ffree-line-length-none -fconvert=big-endian -frecord-marker=4   RTV_Define.f90
gfortran -c -O2 -ftree-vectorize -funroll-loops -w -ffree-form -ffree-line-length-none -fconvert=big-endian -frecord-marker=4   SOI_Module.f90
gfortran -c -O2 -ftree-vectorize -funroll-loops -w -ffree-form -ffree-line-length-none -fconvert=big-endian -frecord-marker=4   ADA_Module.f90
gfortran -c -O2 -ftree-vectorize -funroll-loops -w -ffree-form -ffree-line-length-none -fconvert=big-endian -frecord-marker=4   Emission_Module.f90
gfortran -c -O2 -ftree-vectorize -funroll-loops -w -ffree-form -ffree-line-length-none -fconvert=big-endian -frecord-marker=4   Common_RTSolution.f90
gfortran -c -O2 -ftree-vectorize -funroll-loops -w -ffree-form -ffree-line-length-none -fconvert=big-endian -frecord-marker=4   CRTM_RTSolution.f90
gfortran -c -O2 -ftree-vectorize -funroll-loops -w -ffree-form -ffree-line-length-none -fconvert=big-endian -frecord-marker=4   CRTM_Forward_Module.f90
gfortran -c -O2 -ftree-vectorize -funroll-loops -w -ffree-form -ffree-line-length-none -fconvert=big-endian -frecord-marker=4   CRTM_Tangent_Linear_Module.f90
gfortran -c -O2 -ftree-vectorize -funroll-loops -w -ffree-form -ffree-line-length-none -fconvert=big-endian -frecord-marker=4   CRTM_Adjoint_Module.f90
gfortran -c -O2 -ftree-vectorize -funroll-loops -w -ffree-form -ffree-line-length-none -fconvert=big-endian -frecord-marker=4   CRTM_K_Matrix_Module.f90
rm -f CRTM_Module.o CRTM_Module.mod CRTM_Module.f90
/lib/cpp -P -nostdinc  CRTM_Module.fpp > CRTM_Module.f90
gfortran -O2 -ftree-vectorize -funroll-loops -w -ffree-form -ffree-line-length-none -fconvert=big-endian -frecord-marker=4   -c CRTM_Module.f90
rm -f CRTM_Module.f90
ar ru libCRTM.a Type_Kinds.o File_Utility.o Message_Handler.o Date_Utility.o DateTime_Utility.o Timing_Utility.o Compare_Float_Numbers.o Endian_Utility.o Binary_File_Utility.o Sort_Utility.o Search_Utility.o String_Utility.o Fundamental_Constants.o Hyperbolic_Step.o Spectral_Units_Conversion.o UnitTest_Define.o SensorInfo_Parameters.o Subset_Define.o SpcCoeff_Define.o ACCoeff_Define.o NLTECoeff_Define.o SpcCoeff_Binary_IO.o ACCoeff_Binary_IO.o NLTECoeff_Binary_IO.o CloudCoeff_Define.o CloudCoeff_Binary_IO.o AerosolCoeff_Define.o AerosolCoeff_Binary_IO.o CRTM_Options_Define.o CRTM_AOD_Module.o IRwaterCoeff_Define.o SEcategory_Define.o LSEatlas_Define.o MWwaterCoeff_Define.o FitCoeff_Define.o MWwaterLUT_Define.o NESDIS_AMSRE_SICEEM_Module.o NESDIS_AMSRE_SNOWEM_Module.o NESDIS_AMSU_SICEEM_Module.o NESDIS_AMSU_SnowEM_Module.o NESDIS_MHS_SICEEM_Module.o NESDIS_MHS_SnowEM_Module.o NESDIS_LandEM_Module.o NESDIS_SEAICE_PHYEM_MODULE.o NESDIS_SnowEM_Parameters.o NESDIS_SSMI_Module.o NESDIS_SSMI_SIceEM_Module.o NESDIS_SSMI_SnowEM_Module.o NESDIS_SSMIS_SeaIceEM_Module.o NESDIS_SSMIS_SnowEM_Module.o NESDIS_SnowEM_ATMS_Parameters.o NESDIS_ATMS_SnowEM_Module.o CRTM_Utility.o CRTM_Interpolation.o CRTM_SpcCoeff.o CRTM_TauCoeff.o TauCoeff_Define.o CRTM_AerosolCoeff.o CRTM_CloudCoeff.o CRTM_IRlandCoeff.o CRTM_IRwaterCoeff.o CRTM_IRsnowCoeff.o CRTM_IRiceCoeff.o CRTM_VISlandCoeff.o CRTM_VISwaterCoeff.o CRTM_VISsnowCoeff.o CRTM_VISiceCoeff.o CRTM_MWwaterCoeff.o CRTM_Atmosphere_Define.o CRTM_Cloud_Define.o CRTM_Aerosol_Define.o CRTM_Surface_Define.o CRTM_SensorData_Define.o CRTM_SensorInfo.o CRTM_ChannelInfo_Define.o CRTM_Geometry_Define.o CRTM_GeometryInfo_Define.o CRTM_GeometryInfo.o CRTM_Atmosphere.o iAtm_Define.o CRTM_Model_Profiles.o CRTM_AerosolScatter.o ASvar_Define.o CRTM_CloudScatter.o CSvar_Define.o CRTM_MoleculeScatter.o CRTM_SfcOptics_Define.o CRTM_SfcOptics.o CRTM_IR_Land_SfcOptics.o CRTM_IR_Water_SfcOptics.o CRTM_IR_Snow_SfcOptics.o CRTM_IR_Ice_SfcOptics.o CRTM_MW_Land_SfcOptics.o CRTM_MW_Water_SfcOptics.o CRTM_MW_Snow_SfcOptics.o CRTM_MW_Ice_SfcOptics.o CRTM_VIS_Land_SfcOptics.o CRTM_VIS_Water_SfcOptics.o CRTM_VIS_Snow_SfcOptics.o CRTM_VIS_Ice_SfcOptics.o CRTM_SEcategory.o CRTM_LowFrequency_MWSSEM.o CRTM_Fastem1.o CRTM_FastemX.o Reflection_Correction_Module.o Azimuth_Emissivity_Module.o Azimuth_Emissivity_F6_Module.o Small_Scale_Correction_Module.o Large_Scale_Correction_Module.o Foam_Utility_Module.o Slope_Variance.o Guillou.o Ellison.o Liu.o Fresnel.o CRTM_IRSSEM.o CRTM_AtmOptics.o CRTM_AtmOptics_Define.o AOvar_Define.o CRTM_Planck_Functions.o RTV_Define.o SOI_Module.o ADA_Module.o Emission_Module.o CRTM_RTSolution_Define.o Common_RTSolution.o CRTM_RTSolution.o CRTM_AntennaCorrection.o CRTM_AncillaryInput_Define.o SSU_Input_Define.o Zeeman_Input_Define.o CRTM_Parameters.o CRTM_LifeCycle.o CRTM_Forward_Module.o CRTM_Tangent_Linear_Module.o CRTM_Adjoint_Module.o CRTM_K_Matrix_Module.o CRTM_AtmAbsorption.o CRTM_Predictor.o CRTM_Predictor_Define.o ODAS_AtmAbsorption.o ODAS_Predictor.o ODAS_Predictor_Define.o ODAS_Binary_IO.o ODAS_Define.o ODAS_TauCoeff.o ODPS_AtmAbsorption.o ODPS_Predictor.o ODPS_Predictor_Define.o PAFV_Define.o ODPS_Binary_IO.o ODPS_Define.o ODPS_TauCoeff.o CRTM_GeometryInfo.o ODSSU_AtmAbsorption.o ODSSU_Define.o ODSSU_Binary_IO.o ODSSU_TauCoeff.o Profile_Utility_Parameters.o ODPS_CoordinateMapping.o ODZeeman_TauCoeff.o ODZeeman_AtmAbsorption.o ODZeeman_Predictor.o Zeeman_Utility.o CRTM_NLTECorrection.o NLTE_Parameters.o NLTE_Predictor_Define.o NLTE_Predictor_IO.o CRTM_Module.o
ar: creating libCRTM.a
ranlib libCRTM.a
make[2]: Leaving directory '/gpfs/fs1/work/weisun/2019/github/WRFV4-myfork/var/external/crtm_2.2.3/libsrc'
make[1]: Leaving directory '/gpfs/fs1/work/weisun/2019/github/WRFV4-myfork/var/external/crtm_2.2.3'
if [ 1 ] ; then \
  (cd var/external/bufr;  \
  make -i -r -j 10 FC="gfortran" CC="gcc" CPP="/lib/cpp -P -nostdinc" CPPFLAGS="-DEM_CORE=1 -DNMM_CORE=0 -DNMM_MAX_DIM=2600 -DCOAMPS_CORE=0 -DDA_CORE=1 -DEXP_CORE=0 -DIWORDSIZE=4 -DDWORDSIZE=8 -DRWORDSIZE=8 -DLWORDSIZE=4 -DNONSTANDARD_SYSTEM_SUBR  -DWRF_USE_CLM -DBUFR   -DFFTPACK -DNORESHAPE -DDM_PARALLEL -DNETCDF -DCRTM -DHDF5 -DUSE_ALLOCATABLES -DGRIB1 -DINTIO -DKEEP_INT_AROUND -DLIMIT_ARGS -DCONFIG_BUF_LEN=65536 -DMAX_DOMAINS_F=21 -DMAX_HISTORY=25 -DNMM_NEST=0 -DWRF_CHEM -DBUILD_CHEM=1 -I. -traditional-cpp " CFLAGS="-w -O3 -c  -DDM_PARALLEL -DMAX_HISTORY=25 -DNMM_CORE=0" FFLAGS="-O2 -ftree-vectorize -funroll-loops -ffixed-form" RANLIB="ranlib" AR="ar" ARFLAGS="ru" ) ; \
fi
make[1]: Entering directory '/gpfs/fs1/work/weisun/2019/github/WRFV4-myfork/var/external/bufr'
gfortran -c -O2 -ftree-vectorize -funroll-loops -ffixed-form adn30.f 
gfortran -c -O2 -ftree-vectorize -funroll-loops -ffixed-form atrcpt.f 
gfortran -c -O2 -ftree-vectorize -funroll-loops -ffixed-form bfrini.f 
gfortran -c -O2 -ftree-vectorize -funroll-loops -ffixed-form blocks.f 
gfortran -c -O2 -ftree-vectorize -funroll-loops -ffixed-form bort.f 
gfortran -c -O2 -ftree-vectorize -funroll-loops -ffixed-form bort2.f 
rm -f bort_exit.o
gfortran -c -O2 -ftree-vectorize -funroll-loops -ffixed-form bvers.f 
gfortran -c -O2 -ftree-vectorize -funroll-loops -ffixed-form cadn30.f 
gfortran -c -O2 -ftree-vectorize -funroll-loops -ffixed-form capit.f 
gcc -o bort_exit.o -c -w -O3 -c  -DDM_PARALLEL -DMAX_HISTORY=25 -DNMM_CORE=0 -DUNDERSCORE bort_exit.c
rm -f ccbfl.o
gfortran -c -O2 -ftree-vectorize -funroll-loops -ffixed-form chekstab.f 
gcc -o ccbfl.o -c -w -O3 -c  -DDM_PARALLEL -DMAX_HISTORY=25 -DNMM_CORE=0 -DUNDERSCORE ccbfl.c
gfortran -c -O2 -ftree-vectorize -funroll-loops -ffixed-form chrtrn.f 
gfortran -c -O2 -ftree-vectorize -funroll-loops -ffixed-form chrtrna.f 
gfortran -c -O2 -ftree-vectorize -funroll-loops -ffixed-form cktaba.f 
gfortran -c -O2 -ftree-vectorize -funroll-loops -ffixed-form closbf.f 
gfortran -c -O2 -ftree-vectorize -funroll-loops -ffixed-form closmg.f 
rm -f cmpia.o
gfortran -c -O2 -ftree-vectorize -funroll-loops -ffixed-form cmpmsg.f 
gcc -o cmpia.o -c -w -O3 -c  -DDM_PARALLEL -DMAX_HISTORY=25 -DNMM_CORE=0 -DUNDERSCORE cmpia.c
gfortran -c -O2 -ftree-vectorize -funroll-loops -ffixed-form cmsgini.f 
gfortran -c -O2 -ftree-vectorize -funroll-loops -ffixed-form cnved4.f 
rm -f cobfl.o
gfortran -c -O2 -ftree-vectorize -funroll-loops -ffixed-form conwin.f 
gcc -o cobfl.o -c -w -O3 -c  -DDM_PARALLEL -DMAX_HISTORY=25 -DNMM_CORE=0 -DUNDERSCORE cobfl.c
gfortran -c -O2 -ftree-vectorize -funroll-loops -ffixed-form copybf.f 
gfortran -c -O2 -ftree-vectorize -funroll-loops -ffixed-form copymg.f 
gfortran -c -O2 -ftree-vectorize -funroll-loops -ffixed-form copysb.f 
gfortran -c -O2 -ftree-vectorize -funroll-loops -ffixed-form cpbfdx.f 
gfortran -c -O2 -ftree-vectorize -funroll-loops -ffixed-form cpdxmm.f 
gfortran -c -O2 -ftree-vectorize -funroll-loops -ffixed-form cpymem.f 
gfortran -c -O2 -ftree-vectorize -funroll-loops -ffixed-form cpyupd.f 
rm -f crbmg.o
gcc -o crbmg.o -c -w -O3 -c  -DDM_PARALLEL -DMAX_HISTORY=25 -DNMM_CORE=0 -DUNDERSCORE crbmg.c
rm -f cread.o
gcc -o cread.o -c -w -O3 -c  -DDM_PARALLEL -DMAX_HISTORY=25 -DNMM_CORE=0 -DUNDERSCORE cread.c
rm -f cwbmg.o
gcc -o cwbmg.o -c -w -O3 -c  -DDM_PARALLEL -DMAX_HISTORY=25 -DNMM_CORE=0 -DUNDERSCORE cwbmg.c
gfortran -c -O2 -ftree-vectorize -funroll-loops -ffixed-form datebf.f 
gfortran -c -O2 -ftree-vectorize -funroll-loops -ffixed-form datelen.f 
gfortran -c -O2 -ftree-vectorize -funroll-loops -ffixed-form digit.f 
gfortran -c -O2 -ftree-vectorize -funroll-loops -ffixed-form drfini.f 
gfortran -c -O2 -ftree-vectorize -funroll-loops -ffixed-form drstpl.f 
gfortran -c -O2 -ftree-vectorize -funroll-loops -ffixed-form dumpbf.f 
gfortran -c -O2 -ftree-vectorize -funroll-loops -ffixed-form dxdump.f 
gfortran -c -O2 -ftree-vectorize -funroll-loops -ffixed-form dxinit.f 
gfortran -c -O2 -ftree-vectorize -funroll-loops -ffixed-form dxmini.f 
gfortran -c -O2 -ftree-vectorize -funroll-loops -ffixed-form elemdx.f 
gfortran -c -O2 -ftree-vectorize -funroll-loops -ffixed-form errwrt.f 
gfortran -c -O2 -ftree-vectorize -funroll-loops -ffixed-form getabdb.f 
gfortran -c -O2 -ftree-vectorize -funroll-loops -ffixed-form getbmiss.f 
gfortran -c -O2 -ftree-vectorize -funroll-loops -ffixed-form getlens.f 
gfortran -c -O2 -ftree-vectorize -funroll-loops -ffixed-form getntbe.f 
gfortran -c -O2 -ftree-vectorize -funroll-loops -ffixed-form gets1loc.f 
gfortran -c -O2 -ftree-vectorize -funroll-loops -ffixed-form gettagpr.f 
gfortran -c -O2 -ftree-vectorize -funroll-loops -ffixed-form gettbh.f 
gfortran -c -O2 -ftree-vectorize -funroll-loops -ffixed-form getvalnb.f 
gfortran -c -O2 -ftree-vectorize -funroll-loops -ffixed-form getwin.f 
gfortran -c -O2 -ftree-vectorize -funroll-loops -ffixed-form i4dy.f 
gfortran -c -O2 -ftree-vectorize -funroll-loops -ffixed-form ibfms.f 
gfortran -c -O2 -ftree-vectorize -funroll-loops -ffixed-form icbfms.f 
gfortran -c -O2 -ftree-vectorize -funroll-loops -ffixed-form ichkstr.f 
gfortran -c -O2 -ftree-vectorize -funroll-loops -ffixed-form icmpdx.f 
gfortran -c -O2 -ftree-vectorize -funroll-loops -ffixed-form icopysb.f 
rm -f icvidx.o
gcc -o icvidx.o -c -w -O3 -c  -DDM_PARALLEL -DMAX_HISTORY=25 -DNMM_CORE=0 -DUNDERSCORE icvidx.c
gfortran -c -O2 -ftree-vectorize -funroll-loops -ffixed-form idn30.f 
gfortran -c -O2 -ftree-vectorize -funroll-loops -ffixed-form idxmsg.f 
gfortran -c -O2 -ftree-vectorize -funroll-loops -ffixed-form ifbget.f 
gfortran -c -O2 -ftree-vectorize -funroll-loops -ffixed-form ifxy.f 
gfortran -c -O2 -ftree-vectorize -funroll-loops -ffixed-form igetdate.f 
gfortran -c -O2 -ftree-vectorize -funroll-loops -ffixed-form igetfxy.f 
gfortran -c -O2 -ftree-vectorize -funroll-loops -ffixed-form igetntbi.f 
gfortran -c -O2 -ftree-vectorize -funroll-loops -ffixed-form igetntbl.f 
gfortran -c -O2 -ftree-vectorize -funroll-loops -ffixed-form igetsc.f 
gfortran -c -O2 -ftree-vectorize -funroll-loops -ffixed-form igettdi.f 
gfortran -c -O2 -ftree-vectorize -funroll-loops -ffixed-form inctab.f 
gfortran -c -O2 -ftree-vectorize -funroll-loops -ffixed-form invcon.f 
gfortran -c -O2 -ftree-vectorize -funroll-loops -ffixed-form invmrg.f 
gfortran -c -O2 -ftree-vectorize -funroll-loops -ffixed-form invtag.f 
gfortran -c -O2 -ftree-vectorize -funroll-loops -ffixed-form invwin.f 
gfortran -c -O2 -ftree-vectorize -funroll-loops -ffixed-form iok2cpy.f 
gfortran -c -O2 -ftree-vectorize -funroll-loops -ffixed-form ipkm.f 
gfortran -c -O2 -ftree-vectorize -funroll-loops -ffixed-form ipks.f 
gfortran -c -O2 -ftree-vectorize -funroll-loops -ffixed-form ireadmg.f 
gfortran -c -O2 -ftree-vectorize -funroll-loops -ffixed-form ireadmm.f 
gfortran -c -O2 -ftree-vectorize -funroll-loops -ffixed-form ireadns.f 
gfortran -c -O2 -ftree-vectorize -funroll-loops -ffixed-form ireadsb.f 
./preproc.sh irev.for
gfortran -c -O2 -ftree-vectorize -funroll-loops -ffixed-form ishrdx.f 
gfortran -c -O2 -ftree-vectorize -funroll-loops -ffixed-form isize.f 
gfortran -c -O2 -ftree-vectorize -funroll-loops -ffixed-form istdesc.f 
gfortran -c -O2 -ftree-vectorize -funroll-loops -ffixed-form iupb.f 
gfortran -c -O2 -ftree-vectorize -funroll-loops -ffixed-form iupbs01.f 
gfortran -c -O2 -ftree-vectorize -funroll-loops -ffixed-form iupbs3.f 
gfortran -c -O2 -ftree-vectorize -funroll-loops -ffixed-form iupm.f 
gfortran -c -O2 -ftree-vectorize -funroll-loops -ffixed-form iupvs01.f 
endiantest.c:33:1: warning: return type defaults to ‘int’ [-Wimplicit-int]
 main()
 ^~~~
gfortran -c -O2 -ftree-vectorize -funroll-loops -ffixed-form jstchr.f 
gfortran -c -O2 -ftree-vectorize -funroll-loops -ffixed-form jstnum.f 
gfortran -c -O2 -ftree-vectorize -funroll-loops -ffixed-form lcmgdf.f 
gfortran -c -O2 -ftree-vectorize -funroll-loops -ffixed-form lmsg.f 
gfortran -c -O2 -ftree-vectorize -funroll-loops -ffixed-form lstjpb.f 
gfortran -c -O2 -ftree-vectorize -funroll-loops -ffixed-form makestab.f 
gfortran -c -O2 -ftree-vectorize -funroll-loops -ffixed-form maxout.f 
gfortran -c -O2 -ftree-vectorize -funroll-loops -ffixed-form mesgbc.f 
gfortran -c -O2 -ftree-vectorize -funroll-loops -ffixed-form mesgbf.f 
gfortran -c -O2 -ftree-vectorize -funroll-loops -ffixed-form minimg.f 
gfortran -c -O2 -ftree-vectorize -funroll-loops -ffixed-form mrginv.f 
gfortran -c -O2 -ftree-vectorize -funroll-loops -ffixed-form msgfull.f 
gfortran -c -O2 -ftree-vectorize -funroll-loops -ffixed-form msgini.f 
gfortran -c -O2 -ftree-vectorize -funroll-loops -ffixed-form msgupd.f 
gfortran -c -O2 -ftree-vectorize -funroll-loops -ffixed-form msgwrt.f 
gfortran -c -O2 -ftree-vectorize -funroll-loops -ffixed-form mtinfo.f 
gfortran -c -O2 -ftree-vectorize -funroll-loops -ffixed-form mvb.f 
gfortran -c -O2 -ftree-vectorize -funroll-loops -ffixed-form irev.f
gfortran -c -O2 -ftree-vectorize -funroll-loops -ffixed-form nemock.f 
gfortran -c -O2 -ftree-vectorize -funroll-loops -ffixed-form nemtab.f 
gfortran -c -O2 -ftree-vectorize -funroll-loops -ffixed-form nemtba.f 
gfortran -c -O2 -ftree-vectorize -funroll-loops -ffixed-form nemtbax.f 
gfortran -c -O2 -ftree-vectorize -funroll-loops -ffixed-form nemtbb.f 
gfortran -c -O2 -ftree-vectorize -funroll-loops -ffixed-form nemtbd.f 
gfortran -c -O2 -ftree-vectorize -funroll-loops -ffixed-form nenubd.f 
gfortran -c -O2 -ftree-vectorize -funroll-loops -ffixed-form nevn.f 
gfortran -c -O2 -ftree-vectorize -funroll-loops -ffixed-form newwin.f 
gfortran -c -O2 -ftree-vectorize -funroll-loops -ffixed-form nmsub.f 
gfortran -c -O2 -ftree-vectorize -funroll-loops -ffixed-form nmwrd.f 
gfortran -c -O2 -ftree-vectorize -funroll-loops -ffixed-form numbck.f 
rm -f nummtb.o
gcc -o nummtb.o -c -w -O3 -c  -DDM_PARALLEL -DMAX_HISTORY=25 -DNMM_CORE=0 -DUNDERSCORE nummtb.c
gfortran -c -O2 -ftree-vectorize -funroll-loops -ffixed-form numtab.f 
gfortran -c -O2 -ftree-vectorize -funroll-loops -ffixed-form numtbd.f 
gfortran -c -O2 -ftree-vectorize -funroll-loops -ffixed-form nvnwin.f 
gfortran -c -O2 -ftree-vectorize -funroll-loops -ffixed-form nwords.f 
gfortran -c -O2 -ftree-vectorize -funroll-loops -ffixed-form nxtwin.f 
gfortran -c -O2 -ftree-vectorize -funroll-loops -ffixed-form openbf.f 
gfortran -c -O2 -ftree-vectorize -funroll-loops -ffixed-form openbt.f 
gfortran -c -O2 -ftree-vectorize -funroll-loops -ffixed-form openmb.f 
gfortran -c -O2 -ftree-vectorize -funroll-loops -ffixed-form openmg.f 
gfortran -c -O2 -ftree-vectorize -funroll-loops -ffixed-form pad.f 
gfortran -c -O2 -ftree-vectorize -funroll-loops -ffixed-form padmsg.f 
gfortran -c -O2 -ftree-vectorize -funroll-loops -ffixed-form parstr.f 
gfortran -c -O2 -ftree-vectorize -funroll-loops -ffixed-form parusr.f 
gfortran -c -O2 -ftree-vectorize -funroll-loops -ffixed-form parutg.f 
gfortran -c -O2 -ftree-vectorize -funroll-loops -ffixed-form pkb.f 
gfortran -c -O2 -ftree-vectorize -funroll-loops -ffixed-form pkbs1.f 
gfortran -c -O2 -ftree-vectorize -funroll-loops -ffixed-form pkc.f 
gfortran -c -O2 -ftree-vectorize -funroll-loops -ffixed-form pkftbv.f 
gfortran -c -O2 -ftree-vectorize -funroll-loops -ffixed-form pktdd.f 
gfortran -c -O2 -ftree-vectorize -funroll-loops -ffixed-form pkvs01.f 
gfortran -c -O2 -ftree-vectorize -funroll-loops -ffixed-form posapx.f 
rm -f rbytes.o
gcc -o rbytes.o -c -w -O3 -c  -DDM_PARALLEL -DMAX_HISTORY=25 -DNMM_CORE=0 -DUNDERSCORE rbytes.c
gfortran -c -O2 -ftree-vectorize -funroll-loops -ffixed-form rcstpl.f 
gfortran -c -O2 -ftree-vectorize -funroll-loops -ffixed-form rdbfdx.f 
gfortran -c -O2 -ftree-vectorize -funroll-loops -ffixed-form rdcmps.f 
gfortran -c -O2 -ftree-vectorize -funroll-loops -ffixed-form rdmemm.f 
gfortran -c -O2 -ftree-vectorize -funroll-loops -ffixed-form rdmems.f 
gfortran -c -O2 -ftree-vectorize -funroll-loops -ffixed-form rdmgsb.f 
gfortran -c -O2 -ftree-vectorize -funroll-loops -ffixed-form rdmsgb.f 
gfortran -c -O2 -ftree-vectorize -funroll-loops -ffixed-form rdmsgw.f 
gfortran -c -O2 -ftree-vectorize -funroll-loops -ffixed-form rdmtbb.f 
gfortran -c -O2 -ftree-vectorize -funroll-loops -ffixed-form rdmtbd.f 
gfortran -c -O2 -ftree-vectorize -funroll-loops -ffixed-form rdtree.f 
gfortran -c -O2 -ftree-vectorize -funroll-loops -ffixed-form rdusdx.f 
gfortran -c -O2 -ftree-vectorize -funroll-loops -ffixed-form readdx.f 
gfortran -c -O2 -ftree-vectorize -funroll-loops -ffixed-form readerme.f 
gfortran -c -O2 -ftree-vectorize -funroll-loops -ffixed-form readlc.f 
gfortran -c -O2 -ftree-vectorize -funroll-loops -ffixed-form readmg.f 
gfortran -c -O2 -ftree-vectorize -funroll-loops -ffixed-form readmm.f 
gfortran -c -O2 -ftree-vectorize -funroll-loops -ffixed-form readmt.f 
gfortran -c -O2 -ftree-vectorize -funroll-loops -ffixed-form readns.f 
gfortran -c -O2 -ftree-vectorize -funroll-loops -ffixed-form reads3.f 
gfortran -c -O2 -ftree-vectorize -funroll-loops -ffixed-form readsb.f 
rm -f restd.o
gcc -o restd.o -c -w -O3 -c  -DDM_PARALLEL -DMAX_HISTORY=25 -DNMM_CORE=0 -DUNDERSCORE restd.c
gfortran -c -O2 -ftree-vectorize -funroll-loops -ffixed-form rewnbf.f 
gfortran -c -O2 -ftree-vectorize -funroll-loops -ffixed-form rjust.f 
gfortran -c -O2 -ftree-vectorize -funroll-loops -ffixed-form rsvfvm.f 
gfortran -c -O2 -ftree-vectorize -funroll-loops -ffixed-form rtrcpt.f 
gfortran -c -O2 -ftree-vectorize -funroll-loops -ffixed-form seqsdx.f 
gfortran -c -O2 -ftree-vectorize -funroll-loops -ffixed-form setblock.f 
gfortran -c -O2 -ftree-vectorize -funroll-loops -ffixed-form setbmiss.f 
gfortran -c -O2 -ftree-vectorize -funroll-loops -ffixed-form sntbbe.f 
gfortran -c -O2 -ftree-vectorize -funroll-loops -ffixed-form sntbde.f 
gfortran -c -O2 -ftree-vectorize -funroll-loops -ffixed-form status.f 
gfortran -c -O2 -ftree-vectorize -funroll-loops -ffixed-form stbfdx.f 
gfortran -c -O2 -ftree-vectorize -funroll-loops -ffixed-form stdmsg.f 
gfortran -c -O2 -ftree-vectorize -funroll-loops -ffixed-form stndrd.f 
gfortran -c -O2 -ftree-vectorize -funroll-loops -ffixed-form stntbi.f 
gfortran -c -O2 -ftree-vectorize -funroll-loops -ffixed-form stntbia.f 
gfortran -c -O2 -ftree-vectorize -funroll-loops -ffixed-form strcln.f 
gfortran -c -O2 -ftree-vectorize -funroll-loops -ffixed-form strcpt.f 
gfortran -c -O2 -ftree-vectorize -funroll-loops -ffixed-form string.f 
gfortran -c -O2 -ftree-vectorize -funroll-loops -ffixed-form strnum.f 
gfortran -c -O2 -ftree-vectorize -funroll-loops -ffixed-form strsuc.f 
rm -f stseq.o
gfortran -c -O2 -ftree-vectorize -funroll-loops -ffixed-form tabent.f 
gcc -o stseq.o -c -w -O3 -c  -DDM_PARALLEL -DMAX_HISTORY=25 -DNMM_CORE=0 -DUNDERSCORE stseq.c
gfortran -c -O2 -ftree-vectorize -funroll-loops -ffixed-form tabsub.f 
gfortran -c -O2 -ftree-vectorize -funroll-loops -ffixed-form trybump.f 
gfortran -c -O2 -ftree-vectorize -funroll-loops -ffixed-form ufbcnt.f 
gfortran -c -O2 -ftree-vectorize -funroll-loops -ffixed-form ufbcpy.f 
gfortran -c -O2 -ftree-vectorize -funroll-loops -ffixed-form ufbcup.f 
gfortran -c -O2 -ftree-vectorize -funroll-loops -ffixed-form ufbdmp.f 
gfortran -c -O2 -ftree-vectorize -funroll-loops -ffixed-form ufbevn.f 
gfortran -c -O2 -ftree-vectorize -funroll-loops -ffixed-form ufbget.f 
gfortran -c -O2 -ftree-vectorize -funroll-loops -ffixed-form ufbin3.f 
gfortran -c -O2 -ftree-vectorize -funroll-loops -ffixed-form ufbint.f 
gfortran -c -O2 -ftree-vectorize -funroll-loops -ffixed-form ufbinx.f 
gfortran -c -O2 -ftree-vectorize -funroll-loops -ffixed-form ufbmem.f 
gfortran -c -O2 -ftree-vectorize -funroll-loops -ffixed-form ufbmex.f 
gfortran -c -O2 -ftree-vectorize -funroll-loops -ffixed-form ufbmms.f 
gfortran -c -O2 -ftree-vectorize -funroll-loops -ffixed-form ufbmns.f 
gfortran -c -O2 -ftree-vectorize -funroll-loops -ffixed-form ufbovr.f 
gfortran -c -O2 -ftree-vectorize -funroll-loops -ffixed-form ufbpos.f 
gfortran -c -O2 -ftree-vectorize -funroll-loops -ffixed-form ufbqcd.f 
gfortran -c -O2 -ftree-vectorize -funroll-loops -ffixed-form ufbqcp.f 
gfortran -c -O2 -ftree-vectorize -funroll-loops -ffixed-form ufbrep.f 
gfortran -c -O2 -ftree-vectorize -funroll-loops -ffixed-form ufbrms.f 
gfortran -c -O2 -ftree-vectorize -funroll-loops -ffixed-form ufbrp.f 
gfortran -c -O2 -ftree-vectorize -funroll-loops -ffixed-form ufbrw.f 
gfortran -c -O2 -ftree-vectorize -funroll-loops -ffixed-form ufbseq.f 
gfortran -c -O2 -ftree-vectorize -funroll-loops -ffixed-form ufbsp.f 
gfortran -c -O2 -ftree-vectorize -funroll-loops -ffixed-form ufbstp.f 
gfortran -c -O2 -ftree-vectorize -funroll-loops -ffixed-form ufbtab.f 
gfortran -c -O2 -ftree-vectorize -funroll-loops -ffixed-form ufbtam.f 
gfortran -c -O2 -ftree-vectorize -funroll-loops -ffixed-form ufdump.f 
gfortran -c -O2 -ftree-vectorize -funroll-loops -ffixed-form upb.f 
gfortran -c -O2 -ftree-vectorize -funroll-loops -ffixed-form upbb.f 
gfortran -c -O2 -ftree-vectorize -funroll-loops -ffixed-form upc.f 
gfortran -c -O2 -ftree-vectorize -funroll-loops -ffixed-form upds3.f 
gfortran -c -O2 -ftree-vectorize -funroll-loops -ffixed-form upftbv.f 
gfortran -c -O2 -ftree-vectorize -funroll-loops -ffixed-form ups.f 
gfortran -c -O2 -ftree-vectorize -funroll-loops -ffixed-form uptdd.f 
gfortran -c -O2 -ftree-vectorize -funroll-loops -ffixed-form usrtpl.f 
gfortran -c -O2 -ftree-vectorize -funroll-loops -ffixed-form valx.f 
gfortran -c -O2 -ftree-vectorize -funroll-loops -ffixed-form wrcmps.f 
rm -f wrdesc.o
gcc -o wrdesc.o -c -w -O3 -c  -DDM_PARALLEL -DMAX_HISTORY=25 -DNMM_CORE=0 -DUNDERSCORE wrdesc.c
./preproc.sh wrdlen.for
gfortran -c -O2 -ftree-vectorize -funroll-loops -ffixed-form wrdxtb.f 
gfortran -c -O2 -ftree-vectorize -funroll-loops -ffixed-form writcp.f 
gfortran -c -O2 -ftree-vectorize -funroll-loops -ffixed-form writdx.f 
gfortran -c -O2 -ftree-vectorize -funroll-loops -ffixed-form writlc.f 
endiantest.c:33:1: warning: return type defaults to ‘int’ [-Wimplicit-int]
 main()
 ^~~~
gfortran -c -O2 -ftree-vectorize -funroll-loops -ffixed-form writsa.f 
gfortran -c -O2 -ftree-vectorize -funroll-loops -ffixed-form writsb.f 
gfortran -c -O2 -ftree-vectorize -funroll-loops -ffixed-form wrtree.f 
gfortran -c -O2 -ftree-vectorize -funroll-loops -ffixed-form wtstat.f 
gfortran -c -O2 -ftree-vectorize -funroll-loops -ffixed-form wrdlen.f
ar ru libbufr.a adn30.o atrcpt.o bfrini.o blocks.o bort.o bort2.o bort_exit.o bvers.o cadn30.o capit.o ccbfl.o chekstab.o chrtrn.o chrtrna.o cktaba.o closbf.o closmg.o cmpia.o cmpmsg.o cmsgini.o cnved4.o cobfl.o conwin.o copybf.o copymg.o copysb.o cpbfdx.o cpdxmm.o cpymem.o cpyupd.o crbmg.o cread.o cwbmg.o datebf.o datelen.o digit.o drfini.o drstpl.o dumpbf.o dxdump.o dxinit.o dxmini.o elemdx.o errwrt.o getabdb.o getbmiss.o getlens.o getntbe.o gets1loc.o gettagpr.o gettbh.o getvalnb.o getwin.o i4dy.o ibfms.o icbfms.o ichkstr.o icmpdx.o icopysb.o icvidx.o idn30.o idxmsg.o ifbget.o ifxy.o igetdate.o igetfxy.o igetntbi.o igetntbl.o igetsc.o igettdi.o inctab.o invcon.o invmrg.o invtag.o invwin.o iok2cpy.o ipkm.o ipks.o ireadmg.o ireadmm.o ireadns.o ireadsb.o irev.o ishrdx.o isize.o istdesc.o iupb.o iupbs01.o iupbs3.o iupm.o iupvs01.o jstchr.o jstnum.o lcmgdf.o lmsg.o lstjpb.o makestab.o maxout.o mesgbc.o mesgbf.o minimg.o mrginv.o msgfull.o msgini.o msgupd.o msgwrt.o mtinfo.o mvb.o nemock.o nemtab.o nemtba.o nemtbax.o nemtbb.o nemtbd.o nenubd.o nevn.o newwin.o nmsub.o nmwrd.o numbck.o nummtb.o numtab.o numtbd.o nvnwin.o nwords.o nxtwin.o openbf.o openbt.o openmb.o openmg.o pad.o padmsg.o parstr.o parusr.o parutg.o pkb.o pkbs1.o pkc.o pkftbv.o pktdd.o pkvs01.o posapx.o rbytes.o rcstpl.o rdbfdx.o rdcmps.o rdmemm.o rdmems.o rdmgsb.o rdmsgb.o rdmsgw.o rdmtbb.o rdmtbd.o rdtree.o rdusdx.o readdx.o readerme.o readlc.o readmg.o readmm.o readmt.o readns.o reads3.o readsb.o restd.o rewnbf.o rjust.o rsvfvm.o rtrcpt.o seqsdx.o setblock.o setbmiss.o sntbbe.o sntbde.o status.o stbfdx.o stdmsg.o stndrd.o stntbi.o stntbia.o strcln.o strcpt.o string.o strnum.o strsuc.o stseq.o tabent.o tabsub.o trybump.o ufbcnt.o ufbcpy.o ufbcup.o ufbdmp.o ufbevn.o ufbget.o ufbin3.o ufbint.o ufbinx.o ufbmem.o ufbmex.o ufbmms.o ufbmns.o ufbovr.o ufbpos.o ufbqcd.o ufbqcp.o ufbrep.o ufbrms.o ufbrp.o ufbrw.o ufbseq.o ufbsp.o ufbstp.o ufbtab.o ufbtam.o ufdump.o upb.o upbb.o upc.o upds3.o upftbv.o ups.o uptdd.o usrtpl.o valx.o wrcmps.o wrdesc.o wrdlen.o wrdxtb.o writcp.o writdx.o writlc.o writsa.o writsb.o wrtree.o wtstat.o 
ar: creating libbufr.a
ranlib libbufr.a
make[1]: Leaving directory '/gpfs/fs1/work/weisun/2019/github/WRFV4-myfork/var/external/bufr'
if [  ] ; then \
  ( cd var/external/wavelet; \
	make CC=" -DNOUNDERSCORE" RM="rm -f" libWavelet.a; \
	make FC="time mpif90 -f90=gfortran" RM="rm -f" lib_wavelet.a ) ; \
fi
( cd var/build; make depend; make -i -r -j 10 all_wrfvar )
make[1]: Entering directory '/gpfs/fs1/work/weisun/2019/github/WRFV4-myfork/var/build'
da.make:314: warning: overriding recipe for target 'da_update_bc.o'
da.make:307: warning: ignoring old recipe for target 'da_update_bc.o'
makefile:58: warning: overriding recipe for target '.f90.o'
../../configure.wrf:364: warning: ignoring old recipe for target '.f90.o'
(cd /gpfs/fs1/work/weisun/2019/github/WRFV4-myfork; tools/registry -DEM_CORE=1 -DNMM_CORE=0 -DNMM_MAX_DIM=2600 -DCOAMPS_CORE=0 -DDA_CORE=1 -DEXP_CORE=0 -DIWORDSIZE=4 -DDWORDSIZE=8 -DRWORDSIZE=8 -DLWORDSIZE=4 -DNONSTANDARD_SYSTEM_SUBR  -DWRF_USE_CLM -DBUFR   -DFFTPACK -DNORESHAPE -DDM_PARALLEL -DNETCDF -DCRTM -DHDF5 -DUSE_ALLOCATABLES -DGRIB1 -DINTIO -DKEEP_INT_AROUND -DLIMIT_ARGS -DCONFIG_BUF_LEN=65536 -DMAX_DOMAINS_F=21 -DMAX_HISTORY=25 -DNMM_NEST=0 -DNEW_BDYS Registry/Registry ; cd /gpfs/fs1/work/weisun/2019/github/WRFV4-myfork/var/build )
opening Registry/registry.dimspec
including Registry/registry.dimspec
opening Registry/Registry.EM_COMMON.var
including Registry/Registry.EM_COMMON.var
opening Registry/Registry.rconfig
including Registry/Registry.rconfig
opening Registry/registry.io_boilerplate
including Registry/registry.io_boilerplate
opening Registry/io_boilerplate_temporary.inc
including Registry/io_boilerplate_temporary.inc
opening Registry/registry.var
including Registry/registry.var
opening Registry/registry.hyb_coord
including Registry/registry.hyb_coord
opening Registry/registry.var_chem
including Registry/registry.var_chem
opening Registry/registry.var_chemplus
including Registry/registry.var_chemplus
opening Registry/registry.bdy_perturb
including Registry/registry.bdy_perturb
Registry warning: some problem with dimstring i{stoclev}j
Registry warning: some problem with dimstring i{stoclev}j
Registry warning: some problem with dimstring i{stoclev}j
Registry INFO variable counts: 0d 2571 1d 49 2d 250 3d 280
WARNING: t2_ndg_new is not a member of 4D array state
WARNING: q2_ndg_new is not a member of 4D array state
WARNING: t2_ndg_old is not a member of 4D array state
WARNING: q2_ndg_old is not a member of 4D array state
WARNING: vp6%v1 is not a member of 4D array state
WARNING: vp6%v2 is not a member of 4D array state
WARNING: vp6%v3 is not a member of 4D array state
WARNING: vp6%v4 is not a member of 4D array state
WARNING: vp6%v5 is not a member of 4D array state
WARNING: vv6%v1 is not a member of 4D array state
WARNING: vv6%v2 is not a member of 4D array state
WARNING: vv6%v3 is not a member of 4D array state
WARNING: vv6%v4 is not a member of 4D array state
WARNING: vv6%v5 is not a member of 4D array state
WARNING: vp6%v1 is not a member of 4D array state
WARNING: vp6%v2 is not a member of 4D array state
WARNING: vp6%v3 is not a member of 4D array state
WARNING: vp6%v4 is not a member of 4D array state
WARNING: vp6%v5 is not a member of 4D array state
WARNING: vv6%v1 is not a member of 4D array state
WARNING: vv6%v2 is not a member of 4D array state
WARNING: vv6%v3 is not a member of 4D array state
WARNING: vv6%v4 is not a member of 4D array state
WARNING: vv6%v5 is not a member of 4D array state
WARNING: x6a%qt is not a member of 4D array state
WARNING: x6a%qrn is not a member of 4D array state
WARNING: x6a%qcw is not a member of 4D array state
WARNING: vp6%v1 is not a member of 4D array state
WARNING: vp6%v2 is not a member of 4D array state
WARNING: vp6%v3 is not a member of 4D array state
WARNING: vp6%v4 is not a member of 4D array state
WARNING: vp6%v5 is not a member of 4D array state
WARNING: vv6%v1 is not a member of 4D array state
WARNING: vv6%v2 is not a member of 4D array state
WARNING: vv6%v3 is not a member of 4D array state
WARNING: vv6%v4 is not a member of 4D array state
WARNING: vv6%v5 is not a member of 4D array state
WARNING: vp6%v6 is not a member of 4D array state
WARNING: vp6%v7 is not a member of 4D array state
WARNING: vp6%v8 is not a member of 4D array state
WARNING: vp6%v9 is not a member of 4D array state
WARNING: vp6%v10 is not a member of 4D array state
WARNING: vv6%v6 is not a member of 4D array state
WARNING: vv6%v7 is not a member of 4D array state
WARNING: vv6%v8 is not a member of 4D array state
WARNING: vv6%v9 is not a member of 4D array state
WARNING: vv6%v10 is not a member of 4D array state
WARNING: x6a%qrn is not a member of 4D array state
WARNING: x6a%qcw is not a member of 4D array state
WARNING: x6a%qci is not a member of 4D array state
WARNING: x6a%qsn is not a member of 4D array state
WARNING: x6a%qgr is not a member of 4D array state
WARNING: vp6%v1 is not a member of 4D array state
WARNING: vp6%v2 is not a member of 4D array state
WARNING: vp6%v3 is not a member of 4D array state
WARNING: vp6%v4 is not a member of 4D array state
WARNING: vp6%v5 is not a member of 4D array state
WARNING: vv6%v1 is not a member of 4D array state
WARNING: vv6%v2 is not a member of 4D array state
WARNING: vv6%v3 is not a member of 4D array state
WARNING: vv6%v4 is not a member of 4D array state
WARNING: vv6%v5 is not a member of 4D array state
WARNING: vp6%v6 is not a member of 4D array state
WARNING: vp6%v7 is not a member of 4D array state
WARNING: vp6%v8 is not a member of 4D array state
WARNING: vp6%v9 is not a member of 4D array state
WARNING: vp6%v10 is not a member of 4D array state
WARNING: vv6%v6 is not a member of 4D array state
WARNING: vv6%v7 is not a member of 4D array state
WARNING: vv6%v8 is not a member of 4D array state
WARNING: vv6%v9 is not a member of 4D array state
WARNING: vv6%v10 is not a member of 4D array state
WARNING: x6a%qrn is not a member of 4D array state
WARNING: x6a%qcw is not a member of 4D array state
WARNING: x6a%qci is not a member of 4D array state
WARNING: x6a%qsn is not a member of 4D array state
WARNING: x6a%qgr is not a member of 4D array state
WARNING: vp6%v11 is not a member of 4D array state
WARNING: vv6%v11 is not a member of 4D array state
WARNING: ol2 is not a member of 4D array chem
WARNING: plume is not a member of 4D array tracer
REGISTRY WARNING: g_tracer(grid%sm31,grid%sm32,grid%sm33,itrace): g_tracer_b is not a variable or number; ignoring it
REGISTRY WARNING: g_tracer(grid%sm31,grid%sm32,grid%sm33,itrace): g_tracer_bt is not a variable or number; ignoring it
REGISTRY WARNING: a_tracer(grid%sm31,grid%sm32,grid%sm33,itrace): a_tracer_b is not a variable or number; ignoring it
REGISTRY WARNING: a_tracer(grid%sm31,grid%sm32,grid%sm33,itrace): a_tracer_bt is not a variable or number; ignoring it
REGISTRY WARNING: field_u_tend_perturb: field_u_tend_perturb_b is not a variable or number; ignoring it
REGISTRY WARNING: field_u_tend_perturb: field_u_tend_perturb_bt is not a variable or number; ignoring it
REGISTRY WARNING: field_v_tend_perturb: field_v_tend_perturb_b is not a variable or number; ignoring it
REGISTRY WARNING: field_v_tend_perturb: field_v_tend_perturb_bt is not a variable or number; ignoring it
REGISTRY WARNING: field_t_tend_perturb: field_t_tend_perturb_b is not a variable or number; ignoring it
REGISTRY WARNING: field_t_tend_perturb: field_t_tend_perturb_bt is not a variable or number; ignoring it
ADVISORY: RSL_LITE version of gen_comms is linked in with registry program.
WARNING 1 : vp6%v1 in halo spec HALO_PSICHI_UV (dyn_em) is not defined in registry.
WARNING 1 : vp6%v2 in halo spec HALO_PSICHI_UV (dyn_em) is not defined in registry.
WARNING 1b : vp6%v1 in halo spec halo_psichi_uv (dyn_em) is not defined in registry.
WARNING 1b : vp6%v2 in halo spec halo_psichi_uv (dyn_em) is not defined in registry.
WARNING 1b : vp6%v1 in halo spec halo_psichi_uv (dyn_em) is not defined in registry.
WARNING 1b : vp6%v2 in halo spec halo_psichi_uv (dyn_em) is not defined in registry.
WARNING 1b : vp6%v1 in halo spec halo_psichi_uv (dyn_em) is not defined in registry.
WARNING 1b : vp6%v2 in halo spec halo_psichi_uv (dyn_em) is not defined in registry.
WARNING 1b : vp6%v1 in halo spec halo_psichi_uv (dyn_em) is not defined in registry.
WARNING 1b : vp6%v2 in halo spec halo_psichi_uv (dyn_em) is not defined in registry.
WARNING 1a : vp6%v1 in halo spec halo_psichi_uv (dyn_em) is not defined in registry.
WARNING 1a : vp6%v2 in halo spec halo_psichi_uv (dyn_em) is not defined in registry.
WARNING 1a : vp6%v1 in halo spec halo_psichi_uv (dyn_em) is not defined in registry.
WARNING 1a : vp6%v2 in halo spec halo_psichi_uv (dyn_em) is not defined in registry.
WARNING 1a : vp6%v1 in halo spec halo_psichi_uv (dyn_em) is not defined in registry.
WARNING 1a : vp6%v2 in halo spec halo_psichi_uv (dyn_em) is not defined in registry.
WARNING 1 : x6a%u in halo spec HALO_X6A_A (dyn_em) is not defined in registry.
WARNING 1 : x6a%v in halo spec HALO_X6A_A (dyn_em) is not defined in registry.
WARNING 1b : x6a%u in halo spec halo_x6a_a (dyn_em) is not defined in registry.
WARNING 1b : x6a%v in halo spec halo_x6a_a (dyn_em) is not defined in registry.
WARNING 1b : x6a%u in halo spec halo_x6a_a (dyn_em) is not defined in registry.
WARNING 1b : x6a%v in halo spec halo_x6a_a (dyn_em) is not defined in registry.
WARNING 1b : x6a%u in halo spec halo_x6a_a (dyn_em) is not defined in registry.
WARNING 1b : x6a%v in halo spec halo_x6a_a (dyn_em) is not defined in registry.
WARNING 1b : x6a%u in halo spec halo_x6a_a (dyn_em) is not defined in registry.
WARNING 1b : x6a%v in halo spec halo_x6a_a (dyn_em) is not defined in registry.
WARNING 1a : x6a%u in halo spec halo_x6a_a (dyn_em) is not defined in registry.
WARNING 1a : x6a%v in halo spec halo_x6a_a (dyn_em) is not defined in registry.
WARNING 1a : x6a%u in halo spec halo_x6a_a (dyn_em) is not defined in registry.
WARNING 1a : x6a%v in halo spec halo_x6a_a (dyn_em) is not defined in registry.
WARNING 1a : x6a%u in halo spec halo_x6a_a (dyn_em) is not defined in registry.
WARNING 1a : x6a%v in halo spec halo_x6a_a (dyn_em) is not defined in registry.
ln -sf /gpfs/fs1/work/weisun/2019/github/WRFV4-myfork/frame/module_state_description.F .
if [ "m4 -G" = NA ] ; then \
  /bin/cp /gpfs/fs1/work/weisun/2019/github/WRFV4-myfork/arch/md_calls.inc . ; \
else \
  m4 -G md_calls.m4 > md_calls.inc ; \
fi
m4 -G da_generic_boilerplate.m4 > /gpfs/fs1/work/weisun/2019/github/WRFV4-myfork/var/build/da_generic_boilerplate.inc
touch depend
make[1]: Leaving directory '/gpfs/fs1/work/weisun/2019/github/WRFV4-myfork/var/build'
make[1]: Entering directory '/gpfs/fs1/work/weisun/2019/github/WRFV4-myfork/var/build'
da.make:314: warning: overriding recipe for target 'da_update_bc.o'
da.make:307: warning: ignoring old recipe for target 'da_update_bc.o'
makefile:58: warning: overriding recipe for target '.f90.o'
../../configure.wrf:364: warning: ignoring old recipe for target '.f90.o'
rm -f /gpfs/fs1/work/weisun/2019/github/WRFV4-myfork/frame/module_internal_header_util.o
rm -f /gpfs/fs1/work/weisun/2019/github/WRFV4-myfork/frame/pack_utils.o
rm -f module_driver_constants.o
gcc -c -w -O3 -c  -DDM_PARALLEL -DMAX_HISTORY=25 -DNMM_CORE=0 copyfile.c
gcc -c -w -O3 -c  -DDM_PARALLEL -DMAX_HISTORY=25 -DNMM_CORE=0 amsr2time_.c
rm -f da_blas.o
cp -f /gpfs/fs1/work/weisun/2019/github/WRFV4-myfork/external/io_int/module_internal_header_util.o /gpfs/fs1/work/weisun/2019/github/WRFV4-myfork/frame/module_internal_header_util.o
mpicc -cc=gcc -DMPI2_SUPPORT -DFSEEKO64_OK  -o /gpfs/fs1/work/weisun/2019/github/WRFV4-myfork/frame/pack_utils.o -c -w -O3 -c  -DDM_PARALLEL -DMAX_HISTORY=25 -DNMM_CORE=0 /gpfs/fs1/work/weisun/2019/github/WRFV4-myfork/frame/pack_utils.c
sed -e "s/grid%mu/gridmu/g" -e "s/grid%Mu/gridMu/g" -e "s/^\!.*'.*//" -e "s/^ *\!.*'.*//" module_driver_constants.F > module_driver_constants.G
rm -f module_wrf_error.o
rm -f module_streams.o
/gpfs/fs1/work/weisun/2019/github/WRFV4-myfork/tools/standard.exe da_blas.f90 > da_blas.b
rm -f module_state_description.o
sed -e "s/grid%mu/gridmu/g" -e "s/grid%Mu/gridMu/g" -e "s/^\!.*'.*//" -e "s/^ *\!.*'.*//" module_wrf_error.F > module_wrf_error.G
sed -e "s/grid%mu/gridmu/g" -e "s/grid%Mu/gridMu/g" -e "s/^\!.*'.*//" -e "s/^ *\!.*'.*//" module_streams.F > module_streams.G
mpicc -cc=gcc -DMPI2_SUPPORT -DFSEEKO64_OK  -c -w -O3 -c  -DDM_PARALLEL -DMAX_HISTORY=25 -DNMM_CORE=0 hires_timer.c
/lib/cpp -P -nostdinc -I/gpfs/fs1/work/weisun/2019/github/WRFV4-myfork/inc -DEM_CORE=1 -DNMM_CORE=0 -DNMM_MAX_DIM=2600 -DCOAMPS_CORE=0 -DDA_CORE=1 -DEXP_CORE=0 -DIWORDSIZE=4 -DDWORDSIZE=8 -DRWORDSIZE=8 -DLWORDSIZE=4 -DNONSTANDARD_SYSTEM_SUBR  -DWRF_USE_CLM -DBUFR   -DFFTPACK -DNORESHAPE -DDM_PARALLEL -DNETCDF -DCRTM -DHDF5 -DUSE_ALLOCATABLES -DGRIB1 -DINTIO -DKEEP_INT_AROUND -DLIMIT_ARGS -DCONFIG_BUF_LEN=65536 -DMAX_DOMAINS_F=21 -DMAX_HISTORY=25 -DNMM_NEST=0 -DWRF_CHEM -DBUILD_CHEM=1 -I. -traditional-cpp   module_state_description.F  > module_state_description.bb
rm -f gsi_kinds.o
/gpfs/fs1/work/weisun/2019/github/WRFV4-myfork/tools/standard.exe gsi_kinds.f90 > gsi_kinds.b
/lib/cpp -P -nostdinc -I/gpfs/fs1/work/weisun/2019/github/WRFV4-myfork/inc -DEM_CORE=1 -DNMM_CORE=0 -DNMM_MAX_DIM=2600 -DCOAMPS_CORE=0 -DDA_CORE=1 -DEXP_CORE=0 -DIWORDSIZE=4 -DDWORDSIZE=8 -DRWORDSIZE=8 -DLWORDSIZE=4 -DNONSTANDARD_SYSTEM_SUBR  -DWRF_USE_CLM -DBUFR   -DFFTPACK -DNORESHAPE -DDM_PARALLEL -DNETCDF -DCRTM -DHDF5 -DUSE_ALLOCATABLES -DGRIB1 -DINTIO -DKEEP_INT_AROUND -DLIMIT_ARGS -DCONFIG_BUF_LEN=65536 -DMAX_DOMAINS_F=21 -DMAX_HISTORY=25 -DNMM_NEST=0 -DWRF_CHEM -DBUILD_CHEM=1 -I. -traditional-cpp   module_driver_constants.G  > module_driver_constants.H
/lib/cpp -P -nostdinc -I/gpfs/fs1/work/weisun/2019/github/WRFV4-myfork/inc -DEM_CORE=1 -DNMM_CORE=0 -DNMM_MAX_DIM=2600 -DCOAMPS_CORE=0 -DDA_CORE=1 -DEXP_CORE=0 -DIWORDSIZE=4 -DDWORDSIZE=8 -DRWORDSIZE=8 -DLWORDSIZE=4 -DNONSTANDARD_SYSTEM_SUBR  -DWRF_USE_CLM -DBUFR   -DFFTPACK -DNORESHAPE -DDM_PARALLEL -DNETCDF -DCRTM -DHDF5 -DUSE_ALLOCATABLES -DGRIB1 -DINTIO -DKEEP_INT_AROUND -DLIMIT_ARGS -DCONFIG_BUF_LEN=65536 -DMAX_DOMAINS_F=21 -DMAX_HISTORY=25 -DNMM_NEST=0 -DWRF_CHEM -DBUILD_CHEM=1 -I. -traditional-cpp   module_wrf_error.G  > module_wrf_error.H
/lib/cpp -P -nostdinc -I/gpfs/fs1/work/weisun/2019/github/WRFV4-myfork/inc -DEM_CORE=1 -DNMM_CORE=0 -DNMM_MAX_DIM=2600 -DCOAMPS_CORE=0 -DDA_CORE=1 -DEXP_CORE=0 -DIWORDSIZE=4 -DDWORDSIZE=8 -DRWORDSIZE=8 -DLWORDSIZE=4 -DNONSTANDARD_SYSTEM_SUBR  -DWRF_USE_CLM -DBUFR   -DFFTPACK -DNORESHAPE -DDM_PARALLEL -DNETCDF -DCRTM -DHDF5 -DUSE_ALLOCATABLES -DGRIB1 -DINTIO -DKEEP_INT_AROUND -DLIMIT_ARGS -DCONFIG_BUF_LEN=65536 -DMAX_DOMAINS_F=21 -DMAX_HISTORY=25 -DNMM_NEST=0 -DWRF_CHEM -DBUILD_CHEM=1 -I. -traditional-cpp   module_streams.G  > module_streams.H
/lib/cpp -P -nostdinc -DEM_CORE=1 -DNMM_CORE=0 -DNMM_MAX_DIM=2600 -DCOAMPS_CORE=0 -DDA_CORE=1 -DEXP_CORE=0 -DIWORDSIZE=4 -DDWORDSIZE=8 -DRWORDSIZE=8 -DLWORDSIZE=4 -DNONSTANDARD_SYSTEM_SUBR  -DWRF_USE_CLM -DBUFR   -DFFTPACK -DNORESHAPE -DDM_PARALLEL -DNETCDF -DCRTM -DHDF5 -DUSE_ALLOCATABLES -DGRIB1 -DINTIO -DKEEP_INT_AROUND -DLIMIT_ARGS -DCONFIG_BUF_LEN=65536 -DMAX_DOMAINS_F=21 -DMAX_HISTORY=25 -DNMM_NEST=0 -DWRF_CHEM -DBUILD_CHEM=1 -I. -traditional-cpp  da_blas.b  > da_blas.f
/lib/cpp -P -nostdinc -DEM_CORE=1 -DNMM_CORE=0 -DNMM_MAX_DIM=2600 -DCOAMPS_CORE=0 -DDA_CORE=1 -DEXP_CORE=0 -DIWORDSIZE=4 -DDWORDSIZE=8 -DRWORDSIZE=8 -DLWORDSIZE=4 -DNONSTANDARD_SYSTEM_SUBR  -DWRF_USE_CLM -DBUFR   -DFFTPACK -DNORESHAPE -DDM_PARALLEL -DNETCDF -DCRTM -DHDF5 -DUSE_ALLOCATABLES -DGRIB1 -DINTIO -DKEEP_INT_AROUND -DLIMIT_ARGS -DCONFIG_BUF_LEN=65536 -DMAX_DOMAINS_F=21 -DMAX_HISTORY=25 -DNMM_NEST=0 -DWRF_CHEM -DBUILD_CHEM=1 -I. -traditional-cpp   -I/gpfs/fs1/work/weisun/2019/github/WRFV4-myfork/inc gsi_kinds.b  > gsi_kinds.f
sed -e "s/gridmu/grid%mu/g" -e "s/gridMu/grid%Mu/g" module_wrf_error.H > module_wrf_error.bb
sed -e "s/gridmu/grid%mu/g" -e "s/gridMu/grid%Mu/g" module_driver_constants.H > module_driver_constants.bb
/gpfs/fs1/work/weisun/2019/github/WRFV4-myfork/tools/standard.exe module_state_description.bb | /lib/cpp -P -nostdinc -traditional-cpp > module_state_description.f90
sed -e "s/gridmu/grid%mu/g" -e "s/gridMu/grid%Mu/g" module_streams.H > module_streams.bb
/gpfs/fs1/work/weisun/2019/github/WRFV4-myfork/tools/standard.exe module_wrf_error.bb | /lib/cpp -P -nostdinc -traditional-cpp > module_wrf_error.f90
/gpfs/fs1/work/weisun/2019/github/WRFV4-myfork/tools/standard.exe module_driver_constants.bb | /lib/cpp -P -nostdinc -traditional-cpp > module_driver_constants.f90
rm -f gsi_kinds.b
/gpfs/fs1/work/weisun/2019/github/WRFV4-myfork/tools/standard.exe module_streams.bb | /lib/cpp -P -nostdinc -traditional-cpp > module_streams.f90
rm -f da_blas.b
gfortran -c -O2 -ftree-vectorize -funroll-loops -w -ffree-form -ffree-line-length-none -fconvert=big-endian -frecord-marker=4  da_blas.f
if fgrep -iq '!$OMP' gsi_kinds.f ; then \
          if [ -n "" ] ; then echo COMPILING gsi_kinds.f90 WITH OMP ; fi ; \
  time mpif90 -f90=gfortran -o gsi_kinds.o -c -O2 -ftree-vectorize -funroll-loops -w -ffree-form -ffree-line-length-none -fconvert=big-endian -frecord-marker=4   -fdefault-real-8 gsi_kinds.f ; \
        else \
          if [ -n "" ] ; then echo COMPILING gsi_kinds.f90 WITHOUT OMP ; fi ; \
  time mpif90 -f90=gfortran -o gsi_kinds.o -c -O2 -ftree-vectorize -funroll-loops -w -ffree-form -ffree-line-length-none -fconvert=big-endian -frecord-marker=4  -fdefault-real-8 gsi_kinds.f ; \
        fi
rm -f module_wrf_error.G module_wrf_error.H module_wrf_error.bb
rm -f module_driver_constants.G module_driver_constants.H module_driver_constants.bb
time mpif90 -f90=gfortran -o module_wrf_error.o -c -O2 -ftree-vectorize -funroll-loops -w -ffree-form -ffree-line-length-none -fconvert=big-endian -frecord-marker=4    -fdefault-real-8  module_wrf_error.f90
rm -f module_streams.G module_streams.H module_streams.bb
rm -f module_state_description.b module_state_description.bb
time mpif90 -f90=gfortran -o module_driver_constants.o -c -O2 -ftree-vectorize -funroll-loops -w -ffree-form -ffree-line-length-none -fconvert=big-endian -frecord-marker=4    -fdefault-real-8  module_driver_constants.f90
time mpif90 -f90=gfortran -c -fdefault-real-8  -O0 -w -ffree-form -ffree-line-length-none -fconvert=big-endian -frecord-marker=4   module_state_description.f90
time mpif90 -f90=gfortran -o module_streams.o -c -O2 -ftree-vectorize -funroll-loops -w -ffree-form -ffree-line-length-none -fconvert=big-endian -frecord-marker=4    -fdefault-real-8  module_streams.f90
rm -f da_mat_cv3.o
/gpfs/fs1/work/weisun/2019/github/WRFV4-myfork/tools/standard.exe da_mat_cv3.f90 > da_mat_cv3.b
/lib/cpp -P -nostdinc -DEM_CORE=1 -DNMM_CORE=0 -DNMM_MAX_DIM=2600 -DCOAMPS_CORE=0 -DDA_CORE=1 -DEXP_CORE=0 -DIWORDSIZE=4 -DDWORDSIZE=8 -DRWORDSIZE=8 -DLWORDSIZE=4 -DNONSTANDARD_SYSTEM_SUBR  -DWRF_USE_CLM -DBUFR   -DFFTPACK -DNORESHAPE -DDM_PARALLEL -DNETCDF -DCRTM -DHDF5 -DUSE_ALLOCATABLES -DGRIB1 -DINTIO -DKEEP_INT_AROUND -DLIMIT_ARGS -DCONFIG_BUF_LEN=65536 -DMAX_DOMAINS_F=21 -DMAX_HISTORY=25 -DNMM_NEST=0 -DWRF_CHEM -DBUILD_CHEM=1 -I. -traditional-cpp   -I/gpfs/fs1/work/weisun/2019/github/WRFV4-myfork/inc da_mat_cv3.b  > da_mat_cv3.f
rm -f da_rfz_cv3.o
/gpfs/fs1/work/weisun/2019/github/WRFV4-myfork/tools/standard.exe da_rfz_cv3.f90 > da_rfz_cv3.b
rm -f da_mat_cv3.b
if fgrep -iq '!$OMP' da_mat_cv3.f ; then \
          if [ -n "" ] ; then echo COMPILING da_mat_cv3.f90 WITH OMP ; fi ; \
  time mpif90 -f90=gfortran -o da_mat_cv3.o -c -O2 -ftree-vectorize -funroll-loops -w -ffree-form -ffree-line-length-none -fconvert=big-endian -frecord-marker=4   -fdefault-real-8 da_mat_cv3.f ; \
        else \
          if [ -n "" ] ; then echo COMPILING da_mat_cv3.f90 WITHOUT OMP ; fi ; \
  time mpif90 -f90=gfortran -o da_mat_cv3.o -c -O2 -ftree-vectorize -funroll-loops -w -ffree-form -ffree-line-length-none -fconvert=big-endian -frecord-marker=4  -fdefault-real-8 da_mat_cv3.f ; \
        fi
/lib/cpp -P -nostdinc -DEM_CORE=1 -DNMM_CORE=0 -DNMM_MAX_DIM=2600 -DCOAMPS_CORE=0 -DDA_CORE=1 -DEXP_CORE=0 -DIWORDSIZE=4 -DDWORDSIZE=8 -DRWORDSIZE=8 -DLWORDSIZE=4 -DNONSTANDARD_SYSTEM_SUBR  -DWRF_USE_CLM -DBUFR   -DFFTPACK -DNORESHAPE -DDM_PARALLEL -DNETCDF -DCRTM -DHDF5 -DUSE_ALLOCATABLES -DGRIB1 -DINTIO -DKEEP_INT_AROUND -DLIMIT_ARGS -DCONFIG_BUF_LEN=65536 -DMAX_DOMAINS_F=21 -DMAX_HISTORY=25 -DNMM_NEST=0 -DWRF_CHEM -DBUILD_CHEM=1 -I. -traditional-cpp   -I/gpfs/fs1/work/weisun/2019/github/WRFV4-myfork/inc da_rfz_cv3.b  > da_rfz_cv3.f

real	0m0.085s
user	0m0.040s
sys	0m0.020s
rm -f module_model_constants.o
sed -e "s/grid%mu/gridmu/g" -e "s/grid%Mu/gridMu/g" -e "s/^\!.*'.*//" -e "s/^ *\!.*'.*//" module_model_constants.F > module_model_constants.G
rm -f module_ffts.o
/gpfs/fs1/work/weisun/2019/github/WRFV4-myfork/tools/standard.exe module_ffts.f90 > module_ffts.b
rm -f da_rfz_cv3.b
/lib/cpp -P -nostdinc -I/gpfs/fs1/work/weisun/2019/github/WRFV4-myfork/inc -DEM_CORE=1 -DNMM_CORE=0 -DNMM_MAX_DIM=2600 -DCOAMPS_CORE=0 -DDA_CORE=1 -DEXP_CORE=0 -DIWORDSIZE=4 -DDWORDSIZE=8 -DRWORDSIZE=8 -DLWORDSIZE=4 -DNONSTANDARD_SYSTEM_SUBR  -DWRF_USE_CLM -DBUFR   -DFFTPACK -DNORESHAPE -DDM_PARALLEL -DNETCDF -DCRTM -DHDF5 -DUSE_ALLOCATABLES -DGRIB1 -DINTIO -DKEEP_INT_AROUND -DLIMIT_ARGS -DCONFIG_BUF_LEN=65536 -DMAX_DOMAINS_F=21 -DMAX_HISTORY=25 -DNMM_NEST=0 -DWRF_CHEM -DBUILD_CHEM=1 -I. -traditional-cpp   module_model_constants.G  > module_model_constants.H
if fgrep -iq '!$OMP' da_rfz_cv3.f ; then \
          if [ -n "" ] ; then echo COMPILING da_rfz_cv3.f90 WITH OMP ; fi ; \
  time mpif90 -f90=gfortran -o da_rfz_cv3.o -c -O2 -ftree-vectorize -funroll-loops -w -ffree-form -ffree-line-length-none -fconvert=big-endian -frecord-marker=4   -fdefault-real-8 da_rfz_cv3.f ; \
        else \
          if [ -n "" ] ; then echo COMPILING da_rfz_cv3.f90 WITHOUT OMP ; fi ; \
  time mpif90 -f90=gfortran -o da_rfz_cv3.o -c -O2 -ftree-vectorize -funroll-loops -w -ffree-form -ffree-line-length-none -fconvert=big-endian -frecord-marker=4  -fdefault-real-8 da_rfz_cv3.f ; \
        fi
/lib/cpp -P -nostdinc -DEM_CORE=1 -DNMM_CORE=0 -DNMM_MAX_DIM=2600 -DCOAMPS_CORE=0 -DDA_CORE=1 -DEXP_CORE=0 -DIWORDSIZE=4 -DDWORDSIZE=8 -DRWORDSIZE=8 -DLWORDSIZE=4 -DNONSTANDARD_SYSTEM_SUBR  -DWRF_USE_CLM -DBUFR   -DFFTPACK -DNORESHAPE -DDM_PARALLEL -DNETCDF -DCRTM -DHDF5 -DUSE_ALLOCATABLES -DGRIB1 -DINTIO -DKEEP_INT_AROUND -DLIMIT_ARGS -DCONFIG_BUF_LEN=65536 -DMAX_DOMAINS_F=21 -DMAX_HISTORY=25 -DNMM_NEST=0 -DWRF_CHEM -DBUILD_CHEM=1 -I. -traditional-cpp   -I/gpfs/fs1/work/weisun/2019/github/WRFV4-myfork/inc module_ffts.b  > module_ffts.f
0.040.05uusseer r0.02 sy0.01sstyesmt e0:00.09me l0:00.09aeplsaepds e74%dC P76%UC P(U0 a(vg0taevxgtt+e0xatv+g0daavtgad a16884tmaa x15904rmeasxirdeesnitd)ekn
t0)ikn
p0uitnsp+u0tosu+t0pouuttsp u(t0sm a(j0omra+j13066omri+n12850omri)npoarg)epfaaguelftasu l0tssw a0pssw
aps
rm -f sint.o
sed -e "s/gridmu/grid%mu/g" -e "s/gridMu/grid%Mu/g" module_model_constants.H > module_model_constants.bb
sed -e "s/grid%mu/gridmu/g" -e "s/grid%Mu/gridMu/g" -e "s/^\!.*'.*//" -e "s/^ *\!.*'.*//" sint.F > sint.G
gcc -c -w -O3 -c  -DDM_PARALLEL -DMAX_HISTORY=25 -DNMM_CORE=0 da_join_iv_for_multi_inc.c
/gpfs/fs1/work/weisun/2019/github/WRFV4-myfork/tools/standard.exe module_model_constants.bb | /lib/cpp -P -nostdinc -traditional-cpp > module_model_constants.f90
rm -f module_ffts.b
/lib/cpp -P -nostdinc -I/gpfs/fs1/work/weisun/2019/github/WRFV4-myfork/inc -DEM_CORE=1 -DNMM_CORE=0 -DNMM_MAX_DIM=2600 -DCOAMPS_CORE=0 -DDA_CORE=1 -DEXP_CORE=0 -DIWORDSIZE=4 -DDWORDSIZE=8 -DRWORDSIZE=8 -DLWORDSIZE=4 -DNONSTANDARD_SYSTEM_SUBR  -DWRF_USE_CLM -DBUFR   -DFFTPACK -DNORESHAPE -DDM_PARALLEL -DNETCDF -DCRTM -DHDF5 -DUSE_ALLOCATABLES -DGRIB1 -DINTIO -DKEEP_INT_AROUND -DLIMIT_ARGS -DCONFIG_BUF_LEN=65536 -DMAX_DOMAINS_F=21 -DMAX_HISTORY=25 -DNMM_NEST=0 -DWRF_CHEM -DBUILD_CHEM=1 -I. -traditional-cpp   sint.G  > sint.H
if fgrep -iq '!$OMP' module_ffts.f ; then \
          if [ -n "" ] ; then echo COMPILING module_ffts.f90 WITH OMP ; fi ; \
  time mpif90 -f90=gfortran -o module_ffts.o -c -O2 -ftree-vectorize -funroll-loops -w -ffree-form -ffree-line-length-none -fconvert=big-endian -frecord-marker=4   -fdefault-real-8 module_ffts.f ; \
        else \
          if [ -n "" ] ; then echo COMPILING module_ffts.f90 WITHOUT OMP ; fi ; \
  time mpif90 -f90=gfortran -o module_ffts.o -c -O2 -ftree-vectorize -funroll-loops -w -ffree-form -ffree-line-length-none -fconvert=big-endian -frecord-marker=4  -fdefault-real-8 module_ffts.f ; \
        fi
0.08user 0.03system 0:00.14elapsed 86%CPU (0avgtext+0avgdata 20652maxresident)k
0inputs+0outputs (0major+14113minor)pagefaults 0swaps
rm -f f_qv_from_rh.o
rm -f module_model_constants.G module_model_constants.H module_model_constants.bb
sed -e "s/gridmu/grid%mu/g" -e "s/gridMu/grid%Mu/g" sint.H > sint.bb
/gpfs/fs1/work/weisun/2019/github/WRFV4-myfork/tools/standard.exe f_qv_from_rh.f90 > f_qv_from_rh.b
time mpif90 -f90=gfortran -o module_model_constants.o -c -O2 -ftree-vectorize -funroll-loops -w -ffree-form -ffree-line-length-none -fconvert=big-endian -frecord-marker=4    -fdefault-real-8  module_model_constants.f90
/gpfs/fs1/work/weisun/2019/github/WRFV4-myfork/tools/standard.exe sint.bb | /lib/cpp -P -nostdinc -traditional-cpp > sint.f90
/lib/cpp -P -nostdinc -DEM_CORE=1 -DNMM_CORE=0 -DNMM_MAX_DIM=2600 -DCOAMPS_CORE=0 -DDA_CORE=1 -DEXP_CORE=0 -DIWORDSIZE=4 -DDWORDSIZE=8 -DRWORDSIZE=8 -DLWORDSIZE=4 -DNONSTANDARD_SYSTEM_SUBR  -DWRF_USE_CLM -DBUFR   -DFFTPACK -DNORESHAPE -DDM_PARALLEL -DNETCDF -DCRTM -DHDF5 -DUSE_ALLOCATABLES -DGRIB1 -DINTIO -DKEEP_INT_AROUND -DLIMIT_ARGS -DCONFIG_BUF_LEN=65536 -DMAX_DOMAINS_F=21 -DMAX_HISTORY=25 -DNMM_NEST=0 -DWRF_CHEM -DBUILD_CHEM=1 -I. -traditional-cpp   -I/gpfs/fs1/work/weisun/2019/github/WRFV4-myfork/inc f_qv_from_rh.b  > f_qv_from_rh.f
rm -f sint.G sint.H sint.bb
rm -f f_qv_from_rh.b
time mpif90 -f90=gfortran -o sint.o -c -O2 -ftree-vectorize -funroll-loops -w -ffree-form -ffree-line-length-none -fconvert=big-endian -frecord-marker=4    -fdefault-real-8  sint.f90
rm -f da_rsl_interfaces.o
if fgrep -iq '!$OMP' f_qv_from_rh.f ; then \
          if [ -n "" ] ; then echo COMPILING f_qv_from_rh.f90 WITH OMP ; fi ; \
  time mpif90 -f90=gfortran -o f_qv_from_rh.o -c -O2 -ftree-vectorize -funroll-loops -w -ffree-form -ffree-line-length-none -fconvert=big-endian -frecord-marker=4   -fdefault-real-8 f_qv_from_rh.f ; \
        else \
          if [ -n "" ] ; then echo COMPILING f_qv_from_rh.f90 WITHOUT OMP ; fi ; \
  time mpif90 -f90=gfortran -o f_qv_from_rh.o -c -O2 -ftree-vectorize -funroll-loops -w -ffree-form -ffree-line-length-none -fconvert=big-endian -frecord-marker=4  -fdefault-real-8 f_qv_from_rh.f ; \
        fi
/gpfs/fs1/work/weisun/2019/github/WRFV4-myfork/tools/standard.exe da_rsl_interfaces.f90 > da_rsl_interfaces.b
/lib/cpp -P -nostdinc -DEM_CORE=1 -DNMM_CORE=0 -DNMM_MAX_DIM=2600 -DCOAMPS_CORE=0 -DDA_CORE=1 -DEXP_CORE=0 -DIWORDSIZE=4 -DDWORDSIZE=8 -DRWORDSIZE=8 -DLWORDSIZE=4 -DNONSTANDARD_SYSTEM_SUBR  -DWRF_USE_CLM -DBUFR   -DFFTPACK -DNORESHAPE -DDM_PARALLEL -DNETCDF -DCRTM -DHDF5 -DUSE_ALLOCATABLES -DGRIB1 -DINTIO -DKEEP_INT_AROUND -DLIMIT_ARGS -DCONFIG_BUF_LEN=65536 -DMAX_DOMAINS_F=21 -DMAX_HISTORY=25 -DNMM_NEST=0 -DWRF_CHEM -DBUILD_CHEM=1 -I. -traditional-cpp   -I/gpfs/fs1/work/weisun/2019/github/WRFV4-myfork/inc da_rsl_interfaces.b  > da_rsl_interfaces.f
rm -f da_rsl_interfaces.b
0.13user 0.05system 0:00.21elapsed 85%CPU (0avgtext+0avgdata 18768maxresident)k
0inputs+0outputs (0major+14120minor)pagefaults 0swaps
rm -f da_netcdf_interface.o
/gpfs/fs1/work/weisun/2019/github/WRFV4-myfork/tools/standard.exe da_netcdf_interface.f90 > da_netcdf_interface.b
rm -f module_internal_header_util.o
if fgrep -iq '!$OMP' da_rsl_interfaces.f ; then \
          if [ -n "" ] ; then echo COMPILING da_rsl_interfaces.f90 WITH OMP ; fi ; \
  time mpif90 -f90=gfortran -o da_rsl_interfaces.o -c -O2 -ftree-vectorize -funroll-loops -w -ffree-form -ffree-line-length-none -fconvert=big-endian -frecord-marker=4   -fdefault-real-8 da_rsl_interfaces.f ; \
        else \
          if [ -n "" ] ; then echo COMPILING da_rsl_interfaces.f90 WITHOUT OMP ; fi ; \
  time mpif90 -f90=gfortran -o da_rsl_interfaces.o -c -O2 -ftree-vectorize -funroll-loops -w -ffree-form -ffree-line-length-none -fconvert=big-endian -frecord-marker=4  -fdefault-real-8 da_rsl_interfaces.f ; \
        fi
sed -e "s/grid%mu/gridmu/g" -e "s/grid%Mu/gridMu/g" -e "s/^\!.*'.*//" -e "s/^ *\!.*'.*//" module_internal_header_util.F > module_internal_header_util.G
/lib/cpp -P -nostdinc -DEM_CORE=1 -DNMM_CORE=0 -DNMM_MAX_DIM=2600 -DCOAMPS_CORE=0 -DDA_CORE=1 -DEXP_CORE=0 -DIWORDSIZE=4 -DDWORDSIZE=8 -DRWORDSIZE=8 -DLWORDSIZE=4 -DNONSTANDARD_SYSTEM_SUBR  -DWRF_USE_CLM -DBUFR   -DFFTPACK -DNORESHAPE -DDM_PARALLEL -DNETCDF -DCRTM -DHDF5 -DUSE_ALLOCATABLES -DGRIB1 -DINTIO -DKEEP_INT_AROUND -DLIMIT_ARGS -DCONFIG_BUF_LEN=65536 -DMAX_DOMAINS_F=21 -DMAX_HISTORY=25 -DNMM_NEST=0 -DWRF_CHEM -DBUILD_CHEM=1 -I. -traditional-cpp   -I/gpfs/fs1/work/weisun/2019/github/WRFV4-myfork/inc -I/glade/u/apps/ch/opt/netcdf/4.6.1/gnu/6.3.0//include da_netcdf_interface.b  > da_netcdf_interface.f
/lib/cpp -P -nostdinc -I/gpfs/fs1/work/weisun/2019/github/WRFV4-myfork/inc -DEM_CORE=1 -DNMM_CORE=0 -DNMM_MAX_DIM=2600 -DCOAMPS_CORE=0 -DDA_CORE=1 -DEXP_CORE=0 -DIWORDSIZE=4 -DDWORDSIZE=8 -DRWORDSIZE=8 -DLWORDSIZE=4 -DNONSTANDARD_SYSTEM_SUBR  -DWRF_USE_CLM -DBUFR   -DFFTPACK -DNORESHAPE -DDM_PARALLEL -DNETCDF -DCRTM -DHDF5 -DUSE_ALLOCATABLES -DGRIB1 -DINTIO -DKEEP_INT_AROUND -DLIMIT_ARGS -DCONFIG_BUF_LEN=65536 -DMAX_DOMAINS_F=21 -DMAX_HISTORY=25 -DNMM_NEST=0 -DWRF_CHEM -DBUILD_CHEM=1 -I. -traditional-cpp   module_internal_header_util.G  > module_internal_header_util.H
0.04user 0.02system 0:00.09elapsed 77%CPU (0avgtext+0avgdata 15900maxresident)k
0inputs+0outputs (0major+12847minor)pagefaults 0swaps
rm -f module_get_file_names.o
sed -e "s/grid%mu/gridmu/g" -e "s/grid%Mu/gridMu/g" -e "s/^\!.*'.*//" -e "s/^ *\!.*'.*//" module_get_file_names.F > module_get_file_names.G
/lib/cpp -P -nostdinc -I/gpfs/fs1/work/weisun/2019/github/WRFV4-myfork/inc -DEM_CORE=1 -DNMM_CORE=0 -DNMM_MAX_DIM=2600 -DCOAMPS_CORE=0 -DDA_CORE=1 -DEXP_CORE=0 -DIWORDSIZE=4 -DDWORDSIZE=8 -DRWORDSIZE=8 -DLWORDSIZE=4 -DNONSTANDARD_SYSTEM_SUBR  -DWRF_USE_CLM -DBUFR   -DFFTPACK -DNORESHAPE -DDM_PARALLEL -DNETCDF -DCRTM -DHDF5 -DUSE_ALLOCATABLES -DGRIB1 -DINTIO -DKEEP_INT_AROUND -DLIMIT_ARGS -DCONFIG_BUF_LEN=65536 -DMAX_DOMAINS_F=21 -DMAX_HISTORY=25 -DNMM_NEST=0 -DWRF_CHEM -DBUILD_CHEM=1 -I. -traditional-cpp   module_get_file_names.G  > module_get_file_names.H
sed -e "s/gridmu/grid%mu/g" -e "s/gridMu/grid%Mu/g" module_internal_header_util.H > module_internal_header_util.bb
rm -f da_netcdf_interface.b
/gpfs/fs1/work/weisun/2019/github/WRFV4-myfork/tools/standard.exe module_internal_header_util.bb | /lib/cpp -P -nostdinc -traditional-cpp > module_internal_header_util.f90
gfortran -c -O2 -ftree-vectorize -funroll-loops -w -ffree-form -ffree-line-length-none -fconvert=big-endian -frecord-marker=4  -fdefault-real-8 da_netcdf_interface.f

real	0m0.089s
user	0m0.044s
sys	0m0.028s
rm -f module_bc_time_utilities.o
sed -e "s/gridmu/grid%mu/g" -e "s/gridMu/grid%Mu/g" module_get_file_names.H > module_get_file_names.bb
sed -e "s/grid%mu/gridmu/g" -e "s/grid%Mu/gridMu/g" -e "s/^\!.*'.*//" -e "s/^ *\!.*'.*//" module_bc_time_utilities.F > module_bc_time_utilities.G
/lib/cpp -P -nostdinc -I/gpfs/fs1/work/weisun/2019/github/WRFV4-myfork/inc -DEM_CORE=1 -DNMM_CORE=0 -DNMM_MAX_DIM=2600 -DCOAMPS_CORE=0 -DDA_CORE=1 -DEXP_CORE=0 -DIWORDSIZE=4 -DDWORDSIZE=8 -DRWORDSIZE=8 -DLWORDSIZE=4 -DNONSTANDARD_SYSTEM_SUBR  -DWRF_USE_CLM -DBUFR   -DFFTPACK -DNORESHAPE -DDM_PARALLEL -DNETCDF -DCRTM -DHDF5 -DUSE_ALLOCATABLES -DGRIB1 -DINTIO -DKEEP_INT_AROUND -DLIMIT_ARGS -DCONFIG_BUF_LEN=65536 -DMAX_DOMAINS_F=21 -DMAX_HISTORY=25 -DNMM_NEST=0 -DWRF_CHEM -DBUILD_CHEM=1 -I. -traditional-cpp   module_bc_time_utilities.G  > module_bc_time_utilities.H
/gpfs/fs1/work/weisun/2019/github/WRFV4-myfork/tools/standard.exe module_get_file_names.bb | /lib/cpp -P -nostdinc -traditional-cpp > module_get_file_names.f90
rm -f module_internal_header_util.G module_internal_header_util.H module_internal_header_util.bb
time mpif90 -f90=gfortran -o module_internal_header_util.o -c -O2 -ftree-vectorize -funroll-loops -w -ffree-form -ffree-line-length-none -fconvert=big-endian -frecord-marker=4    -fdefault-real-8  module_internal_header_util.f90
sed -e "s/gridmu/grid%mu/g" -e "s/gridMu/grid%Mu/g" module_bc_time_utilities.H > module_bc_time_utilities.bb
rm -f module_get_file_names.G module_get_file_names.H module_get_file_names.bb
/gpfs/fs1/work/weisun/2019/github/WRFV4-myfork/tools/standard.exe module_bc_time_utilities.bb | /lib/cpp -P -nostdinc -traditional-cpp > module_bc_time_utilities.f90
time mpif90 -f90=gfortran -o module_get_file_names.o -c -O2 -ftree-vectorize -funroll-loops -w -ffree-form -ffree-line-length-none -fconvert=big-endian -frecord-marker=4    -fdefault-real-8  module_get_file_names.f90

real	0m0.091s
user	0m0.052s
sys	0m0.016s
rm -f landread.o
mpicc -cc=gcc -DMPI2_SUPPORT -DFSEEKO64_OK  -o landread.o -c -w -O3 -c  -DDM_PARALLEL -DMAX_HISTORY=25 -DNMM_CORE=0 landread.c
rm -f module_bc_time_utilities.G module_bc_time_utilities.H module_bc_time_utilities.bb
time mpif90 -f90=gfortran -o module_bc_time_utilities.o -c -O2 -ftree-vectorize -funroll-loops -w -ffree-form -ffree-line-length-none -fconvert=big-endian -frecord-marker=4    -fdefault-real-8  module_bc_time_utilities.f90

real	0m0.276s
user	0m0.220s
sys	0m0.028s
rm -f da_memory.o
mpicc -cc=gcc -DMPI2_SUPPORT -DFSEEKO64_OK  -o da_memory.o -c -w -O3 -c  -DDM_PARALLEL -DMAX_HISTORY=25 -DNMM_CORE=0 da_memory.c
0.04user 0.03system 0:00.10elapsed 80%CPU (0avgtext+0avgdata 18032maxresident)k
0inputs+0outputs (0major+13401minor)pagefaults 0swaps
rm -f wrf_debug.o
sed -e "s/grid%mu/gridmu/g" -e "s/grid%Mu/gridMu/g" -e "s/^\!.*'.*//" -e "s/^ *\!.*'.*//" wrf_debug.F > wrf_debug.G
/lib/cpp -P -nostdinc -I/gpfs/fs1/work/weisun/2019/github/WRFV4-myfork/inc -DEM_CORE=1 -DNMM_CORE=0 -DNMM_MAX_DIM=2600 -DCOAMPS_CORE=0 -DDA_CORE=1 -DEXP_CORE=0 -DIWORDSIZE=4 -DDWORDSIZE=8 -DRWORDSIZE=8 -DLWORDSIZE=4 -DNONSTANDARD_SYSTEM_SUBR  -DWRF_USE_CLM -DBUFR   -DFFTPACK -DNORESHAPE -DDM_PARALLEL -DNETCDF -DCRTM -DHDF5 -DUSE_ALLOCATABLES -DGRIB1 -DINTIO -DKEEP_INT_AROUND -DLIMIT_ARGS -DCONFIG_BUF_LEN=65536 -DMAX_DOMAINS_F=21 -DMAX_HISTORY=25 -DNMM_NEST=0 -DWRF_CHEM -DBUILD_CHEM=1 -I. -traditional-cpp   wrf_debug.G  > wrf_debug.H
rm -f wrf_shutdown.o
sed -e "s/grid%mu/gridmu/g" -e "s/grid%Mu/gridMu/g" -e "s/^\!.*'.*//" -e "s/^ *\!.*'.*//" wrf_shutdown.F > wrf_shutdown.G
/lib/cpp -P -nostdinc -I/gpfs/fs1/work/weisun/2019/github/WRFV4-myfork/inc -DEM_CORE=1 -DNMM_CORE=0 -DNMM_MAX_DIM=2600 -DCOAMPS_CORE=0 -DDA_CORE=1 -DEXP_CORE=0 -DIWORDSIZE=4 -DDWORDSIZE=8 -DRWORDSIZE=8 -DLWORDSIZE=4 -DNONSTANDARD_SYSTEM_SUBR  -DWRF_USE_CLM -DBUFR   -DFFTPACK -DNORESHAPE -DDM_PARALLEL -DNETCDF -DCRTM -DHDF5 -DUSE_ALLOCATABLES -DGRIB1 -DINTIO -DKEEP_INT_AROUND -DLIMIT_ARGS -DCONFIG_BUF_LEN=65536 -DMAX_DOMAINS_F=21 -DMAX_HISTORY=25 -DNMM_NEST=0 -DWRF_CHEM -DBUILD_CHEM=1 -I. -traditional-cpp   wrf_shutdown.G  > wrf_shutdown.H
sed -e "s/gridmu/grid%mu/g" -e "s/gridMu/grid%Mu/g" wrf_debug.H > wrf_debug.bb
/gpfs/fs1/work/weisun/2019/github/WRFV4-myfork/tools/standard.exe wrf_debug.bb | /lib/cpp -P -nostdinc -traditional-cpp > wrf_debug.f90
sed -e "s/gridmu/grid%mu/g" -e "s/gridMu/grid%Mu/g" wrf_shutdown.H > wrf_shutdown.bb
0.10user 0.03system 0:00.16elapsed 85%CPU (0avgtext+0avgdata 21756maxresident)k
0inputs+0outputs (0major+14386minor)pagefaults 0swaps
mpicc -cc=gcc -DMPI2_SUPPORT -DFSEEKO64_OK  -c -w -O3 -c  -DDM_PARALLEL -DMAX_HISTORY=25 -DNMM_CORE=0 wrf_num_bytes_between.c
/gpfs/fs1/work/weisun/2019/github/WRFV4-myfork/tools/standard.exe wrf_shutdown.bb | /lib/cpp -P -nostdinc -traditional-cpp > wrf_shutdown.f90
rm -f wrf_debug.G wrf_debug.H wrf_debug.bb
rm -f wrf_shutdown.G wrf_shutdown.H wrf_shutdown.bb
time mpif90 -f90=gfortran -o wrf_debug.o -c -O2 -ftree-vectorize -funroll-loops -w -ffree-form -ffree-line-length-none -fconvert=big-endian -frecord-marker=4    -fdefault-real-8  wrf_debug.f90
time mpif90 -f90=gfortran -o wrf_shutdown.o -c -O2 -ftree-vectorize -funroll-loops -w -ffree-form -ffree-line-length-none -fconvert=big-endian -frecord-marker=4    -fdefault-real-8  wrf_shutdown.f90

real	0m0.425s
user	0m0.380s
sys	0m0.024s
rm -f collect_on_comm.o
mpicc -cc=gcc -DMPI2_SUPPORT -DFSEEKO64_OK  -o collect_on_comm.o -c -w -O3 -c  -DDM_PARALLEL -DMAX_HISTORY=25 -DNMM_CORE=0 collect_on_comm.c
rm -f da_advance_time.o
/gpfs/fs1/work/weisun/2019/github/WRFV4-myfork/tools/standard.exe da_advance_time.f90 > da_advance_time.b
x=`echo "gfortran" | awk '{print $1}'` ; export x ; \
        if [ $x = "gfortran" ] ; then \
           echo removing external declaration of iargc for gfortran ; \
           /lib/cpp -P -nostdinc -DEM_CORE=1 -DNMM_CORE=0 -DNMM_MAX_DIM=2600 -DCOAMPS_CORE=0 -DDA_CORE=1 -DEXP_CORE=0 -DIWORDSIZE=4 -DDWORDSIZE=8 -DRWORDSIZE=8 -DLWORDSIZE=4 -DNONSTANDARD_SYSTEM_SUBR  -DWRF_USE_CLM -DBUFR   -DFFTPACK -DNORESHAPE -DDM_PARALLEL -DNETCDF -DCRTM -DHDF5 -DUSE_ALLOCATABLES -DGRIB1 -DINTIO -DKEEP_INT_AROUND -DLIMIT_ARGS -DCONFIG_BUF_LEN=65536 -DMAX_DOMAINS_F=21 -DMAX_HISTORY=25 -DNMM_NEST=0 -DWRF_CHEM -DBUILD_CHEM=1 -I. -traditional-cpp   -I/gpfs/fs1/work/weisun/2019/github/WRFV4-myfork/inc da_advance_time.b | sed '/integer *, *external.*iargc/d' > da_advance_time.f ;\
        else \
           /lib/cpp -P -nostdinc -DEM_CORE=1 -DNMM_CORE=0 -DNMM_MAX_DIM=2600 -DCOAMPS_CORE=0 -DDA_CORE=1 -DEXP_CORE=0 -DIWORDSIZE=4 -DDWORDSIZE=8 -DRWORDSIZE=8 -DLWORDSIZE=4 -DNONSTANDARD_SYSTEM_SUBR  -DWRF_USE_CLM -DBUFR   -DFFTPACK -DNORESHAPE -DDM_PARALLEL -DNETCDF -DCRTM -DHDF5 -DUSE_ALLOCATABLES -DGRIB1 -DINTIO -DKEEP_INT_AROUND -DLIMIT_ARGS -DCONFIG_BUF_LEN=65536 -DMAX_DOMAINS_F=21 -DMAX_HISTORY=25 -DNMM_NEST=0 -DWRF_CHEM -DBUILD_CHEM=1 -I. -traditional-cpp   -I/gpfs/fs1/work/weisun/2019/github/WRFV4-myfork/inc da_advance_time.b > da_advance_time.f ; \
        fi
0.23user 0.04system 0:00.30elapsed 91%CPU (0avgtext+0avgdata 25432maxresident)k
0inputs+0outputs (0major+15429minor)pagefaults 0swaps
rm -f da_module_couple_uv.o
removing external declaration of iargc for gfortran
0.03user 0.03system 0:00.08elapsed 76%CPU (0avgtext+0avgdata 15360maxresident)k
0inputs+0outputs (0major+13064minor)pagefaults 0swaps
rm -f aero_mod.o
/gpfs/fs1/work/weisun/2019/github/WRFV4-myfork/tools/standard.exe da_module_couple_uv.f90 > da_module_couple_uv.b
/gpfs/fs1/work/weisun/2019/github/WRFV4-myfork/tools/standard.exe aero_mod.f90 > aero_mod.b
/lib/cpp -P -nostdinc -DEM_CORE=1 -DNMM_CORE=0 -DNMM_MAX_DIM=2600 -DCOAMPS_CORE=0 -DDA_CORE=1 -DEXP_CORE=0 -DIWORDSIZE=4 -DDWORDSIZE=8 -DRWORDSIZE=8 -DLWORDSIZE=4 -DNONSTANDARD_SYSTEM_SUBR  -DWRF_USE_CLM -DBUFR   -DFFTPACK -DNORESHAPE -DDM_PARALLEL -DNETCDF -DCRTM -DHDF5 -DUSE_ALLOCATABLES -DGRIB1 -DINTIO -DKEEP_INT_AROUND -DLIMIT_ARGS -DCONFIG_BUF_LEN=65536 -DMAX_DOMAINS_F=21 -DMAX_HISTORY=25 -DNMM_NEST=0 -DWRF_CHEM -DBUILD_CHEM=1 -I. -traditional-cpp   -I/gpfs/fs1/work/weisun/2019/github/WRFV4-myfork/inc -I/glade/u/apps/ch/opt/netcdf/4.6.1/gnu/6.3.0//include da_module_couple_uv.b  > da_module_couple_uv.f
rm -f da_advance_time.b
/lib/cpp -P -nostdinc -DEM_CORE=1 -DNMM_CORE=0 -DNMM_MAX_DIM=2600 -DCOAMPS_CORE=0 -DDA_CORE=1 -DEXP_CORE=0 -DIWORDSIZE=4 -DDWORDSIZE=8 -DRWORDSIZE=8 -DLWORDSIZE=4 -DNONSTANDARD_SYSTEM_SUBR  -DWRF_USE_CLM -DBUFR   -DFFTPACK -DNORESHAPE -DDM_PARALLEL -DNETCDF -DCRTM -DHDF5 -DUSE_ALLOCATABLES -DGRIB1 -DINTIO -DKEEP_INT_AROUND -DLIMIT_ARGS -DCONFIG_BUF_LEN=65536 -DMAX_DOMAINS_F=21 -DMAX_HISTORY=25 -DNMM_NEST=0 -DWRF_CHEM -DBUILD_CHEM=1 -I. -traditional-cpp   -I/gpfs/fs1/work/weisun/2019/github/WRFV4-myfork/inc aero_mod.b  > aero_mod.f
gfortran -c -O2 -ftree-vectorize -funroll-loops -w -ffree-form -ffree-line-length-none -fconvert=big-endian -frecord-marker=4  -fdefault-real-8 -I/glade/u/apps/ch/opt/netcdf/4.6.1/gnu/6.3.0//include da_advance_time.f
0.04user 0.04system 0:00.11elapsed 77%CPU (0avgtext+0avgdata 19600maxresident)k
0inputs+0outputs (0major+13630minor)pagefaults 0swaps
rm -f gen_be_addmean.o
/gpfs/fs1/work/weisun/2019/github/WRFV4-myfork/tools/standard.exe gen_be_addmean.f90 > gen_be_addmean.b
rm -f da_module_couple_uv.b
rm -f aero_mod.b
/lib/cpp -P -nostdinc -DEM_CORE=1 -DNMM_CORE=0 -DNMM_MAX_DIM=2600 -DCOAMPS_CORE=0 -DDA_CORE=1 -DEXP_CORE=0 -DIWORDSIZE=4 -DDWORDSIZE=8 -DRWORDSIZE=8 -DLWORDSIZE=4 -DNONSTANDARD_SYSTEM_SUBR  -DWRF_USE_CLM -DBUFR   -DFFTPACK -DNORESHAPE -DDM_PARALLEL -DNETCDF -DCRTM -DHDF5 -DUSE_ALLOCATABLES -DGRIB1 -DINTIO -DKEEP_INT_AROUND -DLIMIT_ARGS -DCONFIG_BUF_LEN=65536 -DMAX_DOMAINS_F=21 -DMAX_HISTORY=25 -DNMM_NEST=0 -DWRF_CHEM -DBUILD_CHEM=1 -I. -traditional-cpp   -I/gpfs/fs1/work/weisun/2019/github/WRFV4-myfork/inc -I/glade/u/apps/ch/opt/netcdf/4.6.1/gnu/6.3.0//include gen_be_addmean.b  > gen_be_addmean.f
if fgrep -iq '!$OMP' aero_mod.f ; then \
          if [ -n "" ] ; then echo COMPILING aero_mod.f90 WITH OMP ; fi ; \
  time mpif90 -f90=gfortran -o aero_mod.o -c -O2 -ftree-vectorize -funroll-loops -w -ffree-form -ffree-line-length-none -fconvert=big-endian -frecord-marker=4   -fdefault-real-8 aero_mod.f ; \
        else \
          if [ -n "" ] ; then echo COMPILING aero_mod.f90 WITHOUT OMP ; fi ; \
  time mpif90 -f90=gfortran -o aero_mod.o -c -O2 -ftree-vectorize -funroll-loops -w -ffree-form -ffree-line-length-none -fconvert=big-endian -frecord-marker=4  -fdefault-real-8 aero_mod.f ; \
        fi
gfortran -c -O2 -ftree-vectorize -funroll-loops -w -ffree-form -ffree-line-length-none -fconvert=big-endian -frecord-marker=4  -fdefault-real-8 da_module_couple_uv.f
rm -f gen_be_addmean.b
gfortran -c -O2 -ftree-vectorize -funroll-loops -w -ffree-form -ffree-line-length-none -fconvert=big-endian -frecord-marker=4  -fdefault-real-8 gen_be_addmean.f
rm -f da_tune_obs_desroziers.o
/gpfs/fs1/work/weisun/2019/github/WRFV4-myfork/tools/standard.exe da_tune_obs_desroziers.f90 > da_tune_obs_desroziers.b
/lib/cpp -P -nostdinc -DEM_CORE=1 -DNMM_CORE=0 -DNMM_MAX_DIM=2600 -DCOAMPS_CORE=0 -DDA_CORE=1 -DEXP_CORE=0 -DIWORDSIZE=4 -DDWORDSIZE=8 -DRWORDSIZE=8 -DLWORDSIZE=4 -DNONSTANDARD_SYSTEM_SUBR  -DWRF_USE_CLM -DBUFR   -DFFTPACK -DNORESHAPE -DDM_PARALLEL -DNETCDF -DCRTM -DHDF5 -DUSE_ALLOCATABLES -DGRIB1 -DINTIO -DKEEP_INT_AROUND -DLIMIT_ARGS -DCONFIG_BUF_LEN=65536 -DMAX_DOMAINS_F=21 -DMAX_HISTORY=25 -DNMM_NEST=0 -DWRF_CHEM -DBUILD_CHEM=1 -I. -traditional-cpp   -I/gpfs/fs1/work/weisun/2019/github/WRFV4-myfork/inc -I/glade/u/apps/ch/opt/netcdf/4.6.1/gnu/6.3.0//include da_tune_obs_desroziers.b  > da_tune_obs_desroziers.f
rm -f da_verif_tools.o
/gpfs/fs1/work/weisun/2019/github/WRFV4-myfork/tools/standard.exe da_verif_tools.f90 > da_verif_tools.b
/lib/cpp -P -nostdinc -DEM_CORE=1 -DNMM_CORE=0 -DNMM_MAX_DIM=2600 -DCOAMPS_CORE=0 -DDA_CORE=1 -DEXP_CORE=0 -DIWORDSIZE=4 -DDWORDSIZE=8 -DRWORDSIZE=8 -DLWORDSIZE=4 -DNONSTANDARD_SYSTEM_SUBR  -DWRF_USE_CLM -DBUFR   -DFFTPACK -DNORESHAPE -DDM_PARALLEL -DNETCDF -DCRTM -DHDF5 -DUSE_ALLOCATABLES -DGRIB1 -DINTIO -DKEEP_INT_AROUND -DLIMIT_ARGS -DCONFIG_BUF_LEN=65536 -DMAX_DOMAINS_F=21 -DMAX_HISTORY=25 -DNMM_NEST=0 -DWRF_CHEM -DBUILD_CHEM=1 -I. -traditional-cpp   -I/gpfs/fs1/work/weisun/2019/github/WRFV4-myfork/inc da_verif_tools.b  > da_verif_tools.f
rm -f da_tune_obs_desroziers.b
gfortran -c -O2 -ftree-vectorize -funroll-loops -w -ffree-form -ffree-line-length-none -fconvert=big-endian -frecord-marker=4  -fdefault-real-8 -I/glade/u/apps/ch/opt/netcdf/4.6.1/gnu/6.3.0//include da_tune_obs_desroziers.f
rm -f da_verif_tools.b
if fgrep -iq '!$OMP' da_verif_tools.f ; then \
          if [ -n "" ] ; then echo COMPILING da_verif_tools.f90 WITH OMP ; fi ; \
  time mpif90 -f90=gfortran -o da_verif_tools.o -c -O2 -ftree-vectorize -funroll-loops -w -ffree-form -ffree-line-length-none -fconvert=big-endian -frecord-marker=4   -fdefault-real-8 da_verif_tools.f ; \
        else \
          if [ -n "" ] ; then echo COMPILING da_verif_tools.f90 WITHOUT OMP ; fi ; \
  time mpif90 -f90=gfortran -o da_verif_tools.o -c -O2 -ftree-vectorize -funroll-loops -w -ffree-form -ffree-line-length-none -fconvert=big-endian -frecord-marker=4  -fdefault-real-8 da_verif_tools.f ; \
        fi
rm -f da_verif_obs_control.o
/gpfs/fs1/work/weisun/2019/github/WRFV4-myfork/tools/standard.exe da_verif_obs_control.f90 > da_verif_obs_control.b
/lib/cpp -P -nostdinc -DEM_CORE=1 -DNMM_CORE=0 -DNMM_MAX_DIM=2600 -DCOAMPS_CORE=0 -DDA_CORE=1 -DEXP_CORE=0 -DIWORDSIZE=4 -DDWORDSIZE=8 -DRWORDSIZE=8 -DLWORDSIZE=4 -DNONSTANDARD_SYSTEM_SUBR  -DWRF_USE_CLM -DBUFR   -DFFTPACK -DNORESHAPE -DDM_PARALLEL -DNETCDF -DCRTM -DHDF5 -DUSE_ALLOCATABLES -DGRIB1 -DINTIO -DKEEP_INT_AROUND -DLIMIT_ARGS -DCONFIG_BUF_LEN=65536 -DMAX_DOMAINS_F=21 -DMAX_HISTORY=25 -DNMM_NEST=0 -DWRF_CHEM -DBUILD_CHEM=1 -I. -traditional-cpp   -I/gpfs/fs1/work/weisun/2019/github/WRFV4-myfork/inc -I/glade/u/apps/ch/opt/netcdf/4.6.1/gnu/6.3.0//include da_verif_obs_control.b  > da_verif_obs_control.f

real	0m0.215s
user	0m0.160s
sys	0m0.028s
rm -f da_verif_grid_control.o
/gpfs/fs1/work/weisun/2019/github/WRFV4-myfork/tools/standard.exe da_verif_grid_control.f90 > da_verif_grid_control.b
/lib/cpp -P -nostdinc -DEM_CORE=1 -DNMM_CORE=0 -DNMM_MAX_DIM=2600 -DCOAMPS_CORE=0 -DDA_CORE=1 -DEXP_CORE=0 -DIWORDSIZE=4 -DDWORDSIZE=8 -DRWORDSIZE=8 -DLWORDSIZE=4 -DNONSTANDARD_SYSTEM_SUBR  -DWRF_USE_CLM -DBUFR   -DFFTPACK -DNORESHAPE -DDM_PARALLEL -DNETCDF -DCRTM -DHDF5 -DUSE_ALLOCATABLES -DGRIB1 -DINTIO -DKEEP_INT_AROUND -DLIMIT_ARGS -DCONFIG_BUF_LEN=65536 -DMAX_DOMAINS_F=21 -DMAX_HISTORY=25 -DNMM_NEST=0 -DWRF_CHEM -DBUILD_CHEM=1 -I. -traditional-cpp   -I/gpfs/fs1/work/weisun/2019/github/WRFV4-myfork/inc -I/glade/u/apps/ch/opt/netcdf/4.6.1/gnu/6.3.0//include da_verif_grid_control.b  > da_verif_grid_control.f
rm -f da_verif_obs_control.b
gfortran -c -O2 -ftree-vectorize -funroll-loops -w -ffree-form -ffree-line-length-none -fconvert=big-endian -frecord-marker=4  -fdefault-real-8 -I/glade/u/apps/ch/opt/netcdf/4.6.1/gnu/6.3.0//include da_verif_obs_control.f
0.64urm -f da_verif_grid_control.b
ser 0.05system 0:00.72elapsed 96%CPU (0avgtext+0avgdata 55520maxresident)k
0inputs+0outputs (0major+23379minor)pagefaults 0swaps
rm -f rad_bias.o
/gpfs/fs1/work/weisun/2019/github/WRFV4-myfork/tools/standard.exe rad_bias.f90 > rad_bias.b
gfortran -c -O2 -ftree-vectorize -funroll-loops -w -ffree-form -ffree-line-length-none -fconvert=big-endian -frecord-marker=4  -fdefault-real-8 -I/glade/u/apps/ch/opt/netcdf/4.6.1/gnu/6.3.0//include da_verif_grid_control.f
rm -f pythag.o
/lib/cpp -P -nostdinc -DEM_CORE=1 -DNMM_CORE=0 -DNMM_MAX_DIM=2600 -DCOAMPS_CORE=0 -DDA_CORE=1 -DEXP_CORE=0 -DIWORDSIZE=4 -DDWORDSIZE=8 -DRWORDSIZE=8 -DLWORDSIZE=4 -DNONSTANDARD_SYSTEM_SUBR  -DWRF_USE_CLM -DBUFR   -DFFTPACK -DNORESHAPE -DDM_PARALLEL -DNETCDF -DCRTM -DHDF5 -DUSE_ALLOCATABLES -DGRIB1 -DINTIO -DKEEP_INT_AROUND -DLIMIT_ARGS -DCONFIG_BUF_LEN=65536 -DMAX_DOMAINS_F=21 -DMAX_HISTORY=25 -DNMM_NEST=0 -DWRF_CHEM -DBUILD_CHEM=1 -I. -traditional-cpp   -I/gpfs/fs1/work/weisun/2019/github/WRFV4-myfork/inc rad_bias.b  > rad_bias.f
/gpfs/fs1/work/weisun/2019/github/WRFV4-myfork/tools/standard.exe pythag.f90 > pythag.b
rm -f tred2.o
/gpfs/fs1/work/weisun/2019/github/WRFV4-myfork/tools/standard.exe tred2.f90 > tred2.b
/lib/cpp -P -nostdinc -DEM_CORE=1 -DNMM_CORE=0 -DNMM_MAX_DIM=2600 -DCOAMPS_CORE=0 -DDA_CORE=1 -DEXP_CORE=0 -DIWORDSIZE=4 -DDWORDSIZE=8 -DRWORDSIZE=8 -DLWORDSIZE=4 -DNONSTANDARD_SYSTEM_SUBR  -DWRF_USE_CLM -DBUFR   -DFFTPACK -DNORESHAPE -DDM_PARALLEL -DNETCDF -DCRTM -DHDF5 -DUSE_ALLOCATABLES -DGRIB1 -DINTIO -DKEEP_INT_AROUND -DLIMIT_ARGS -DCONFIG_BUF_LEN=65536 -DMAX_DOMAINS_F=21 -DMAX_HISTORY=25 -DNMM_NEST=0 -DWRF_CHEM -DBUILD_CHEM=1 -I. -traditional-cpp   -I/gpfs/fs1/work/weisun/2019/github/WRFV4-myfork/inc pythag.b  > pythag.f
rm -f rad_bias.b
gfortran -c -O2 -ftree-vectorize -funroll-loops -w -ffree-form -ffree-line-length-none -fconvert=big-endian -frecord-marker=4  -fdefault-real-8 -I/glade/u/apps/ch/opt/netcdf/4.6.1/gnu/6.3.0//include rad_bias.f
rm -f da_rad_diags.o
/lib/cpp -P -nostdinc -DEM_CORE=1 -DNMM_CORE=0 -DNMM_MAX_DIM=2600 -DCOAMPS_CORE=0 -DDA_CORE=1 -DEXP_CORE=0 -DIWORDSIZE=4 -DDWORDSIZE=8 -DRWORDSIZE=8 -DLWORDSIZE=4 -DNONSTANDARD_SYSTEM_SUBR  -DWRF_USE_CLM -DBUFR   -DFFTPACK -DNORESHAPE -DDM_PARALLEL -DNETCDF -DCRTM -DHDF5 -DUSE_ALLOCATABLES -DGRIB1 -DINTIO -DKEEP_INT_AROUND -DLIMIT_ARGS -DCONFIG_BUF_LEN=65536 -DMAX_DOMAINS_F=21 -DMAX_HISTORY=25 -DNMM_NEST=0 -DWRF_CHEM -DBUILD_CHEM=1 -I. -traditional-cpp   -I/gpfs/fs1/work/weisun/2019/github/WRFV4-myfork/inc tred2.b  > tred2.f
/gpfs/fs1/work/weisun/2019/github/WRFV4-myfork/tools/standard.exe da_rad_diags.f90 > da_rad_diags.b
rm -f pythag.b
gfortran -c -O2 -ftree-vectorize -funroll-loops -w -ffree-form -ffree-line-length-none -fconvert=big-endian -frecord-marker=4  -fdefault-real-8 -I/glade/u/apps/ch/opt/netcdf/4.6.1/gnu/6.3.0//include pythag.f
rm -f tred2.b
/lib/cpp -P -nostdinc -DEM_CORE=1 -DNMM_CORE=0 -DNMM_MAX_DIM=2600 -DCOAMPS_CORE=0 -DDA_CORE=1 -DEXP_CORE=0 -DIWORDSIZE=4 -DDWORDSIZE=8 -DRWORDSIZE=8 -DLWORDSIZE=4 -DNONSTANDARD_SYSTEM_SUBR  -DWRF_USE_CLM -DBUFR   -DFFTPACK -DNORESHAPE -DDM_PARALLEL -DNETCDF -DCRTM -DHDF5 -DUSE_ALLOCATABLES -DGRIB1 -DINTIO -DKEEP_INT_AROUND -DLIMIT_ARGS -DCONFIG_BUF_LEN=65536 -DMAX_DOMAINS_F=21 -DMAX_HISTORY=25 -DNMM_NEST=0 -DWRF_CHEM -DBUILD_CHEM=1 -I. -traditional-cpp   -I/gpfs/fs1/work/weisun/2019/github/WRFV4-myfork/inc -I/glade/u/apps/ch/opt/netcdf/4.6.1/gnu/6.3.0//include da_rad_diags.b  > da_rad_diags.f
gfortran -c -O2 -ftree-vectorize -funroll-loops -w -ffree-form -ffree-line-length-none -fconvert=big-endian -frecord-marker=4  -fdefault-real-8 -I/glade/u/apps/ch/opt/netcdf/4.6.1/gnu/6.3.0//include tred2.f

real	0m0.245s
user	0m0.196s
sys	0m0.020s
rm -f da_control.o
/gpfs/fs1/work/weisun/2019/github/WRFV4-myfork/tools/standard.exe da_control.f90 > da_control.b
rm -f da_rad_diags.b
gfortran -c -O2 -ftree-vectorize -funroll-loops -w -ffree-form -ffree-line-length-none -fconvert=big-endian -frecord-marker=4  -fdefault-real-8 -I/glade/u/apps/ch/opt/netcdf/4.6.1/gnu/6.3.0//include da_rad_diags.f
/lib/cpp -P -nostdinc -DEM_CORE=1 -DNMM_CORE=0 -DNMM_MAX_DIM=2600 -DCOAMPS_CORE=0 -DDA_CORE=1 -DEXP_CORE=0 -DIWORDSIZE=4 -DDWORDSIZE=8 -DRWORDSIZE=8 -DLWORDSIZE=4 -DNONSTANDARD_SYSTEM_SUBR  -DWRF_USE_CLM -DBUFR   -DFFTPACK -DNORESHAPE -DDM_PARALLEL -DNETCDF -DCRTM -DHDF5 -DUSE_ALLOCATABLES -DGRIB1 -DINTIO -DKEEP_INT_AROUND -DLIMIT_ARGS -DCONFIG_BUF_LEN=65536 -DMAX_DOMAINS_F=21 -DMAX_HISTORY=25 -DNMM_NEST=0 -DWRF_CHEM -DBUILD_CHEM=1 -I. -traditional-cpp   -I/gpfs/fs1/work/weisun/2019/github/WRFV4-myfork/inc da_control.b  > da_control.f
rm -f da_control.b
if fgrep -iq '!$OMP' da_control.f ; then \
          if [ -n "" ] ; then echo COMPILING da_control.f90 WITH OMP ; fi ; \
  time mpif90 -f90=gfortran -o da_control.o -c -O2 -ftree-vectorize -funroll-loops -w -ffree-form -ffree-line-length-none -fconvert=big-endian -frecord-marker=4   -fdefault-real-8 da_control.f ; \
        else \
          if [ -n "" ] ; then echo COMPILING da_control.f90 WITHOUT OMP ; fi ; \
  time mpif90 -f90=gfortran -o da_control.o -c -O2 -ftree-vectorize -funroll-loops -w -ffree-form -ffree-line-length-none -fconvert=big-endian -frecord-marker=4  -fdefault-real-8 da_control.f ; \
        fi
rm -f module_domain_type.o
/lib/cpp -P -nostdinc -I/gpfs/fs1/work/weisun/2019/github/WRFV4-myfork/inc -DEM_CORE=1 -DNMM_CORE=0 -DNMM_MAX_DIM=2600 -DCOAMPS_CORE=0 -DDA_CORE=1 -DEXP_CORE=0 -DIWORDSIZE=4 -DDWORDSIZE=8 -DRWORDSIZE=8 -DLWORDSIZE=4 -DNONSTANDARD_SYSTEM_SUBR  -DWRF_USE_CLM -DBUFR   -DFFTPACK -DNORESHAPE -DDM_PARALLEL -DNETCDF -DCRTM -DHDF5 -DUSE_ALLOCATABLES -DGRIB1 -DINTIO -DKEEP_INT_AROUND -DLIMIT_ARGS -DCONFIG_BUF_LEN=65536 -DMAX_DOMAINS_F=21 -DMAX_HISTORY=25 -DNMM_NEST=0 -DWRF_CHEM -DBUILD_CHEM=1 -I. -traditional-cpp   module_domain_type.F  > module_domain_type.bb

real	0m0.934s
user	0m0.852s
sys	0m0.056s
rm -f module_machine.o
sed -e "s/grid%mu/gridmu/g" -e "s/grid%Mu/gridMu/g" -e "s/^\!.*'.*//" -e "s/^ *\!.*'.*//" module_machine.F > module_machine.G
/gpfs/fs1/work/weisun/2019/github/WRFV4-myfork/tools/standard.exe module_domain_type.bb | /lib/cpp -P -nostdinc -traditional-cpp > module_domain_type.f90
/lib/cpp -P -nostdinc -I/gpfs/fs1/work/weisun/2019/github/WRFV4-myfork/inc -DEM_CORE=1 -DNMM_CORE=0 -DNMM_MAX_DIM=2600 -DCOAMPS_CORE=0 -DDA_CORE=1 -DEXP_CORE=0 -DIWORDSIZE=4 -DDWORDSIZE=8 -DRWORDSIZE=8 -DLWORDSIZE=4 -DNONSTANDARD_SYSTEM_SUBR  -DWRF_USE_CLM -DBUFR   -DFFTPACK -DNORESHAPE -DDM_PARALLEL -DNETCDF -DCRTM -DHDF5 -DUSE_ALLOCATABLES -DGRIB1 -DINTIO -DKEEP_INT_AROUND -DLIMIT_ARGS -DCONFIG_BUF_LEN=65536 -DMAX_DOMAINS_F=21 -DMAX_HISTORY=25 -DNMM_NEST=0 -DWRF_CHEM -DBUILD_CHEM=1 -I. -traditional-cpp   module_machine.G  > module_machine.H
sed -e "s/gridmu/grid%mu/g" -e "s/gridMu/grid%Mu/g" module_machine.H > module_machine.bb
/gpfs/fs1/work/weisun/2019/github/WRFV4-myfork/tools/standard.exe module_machine.bb | /lib/cpp -P -nostdinc -traditional-cpp > module_machine.f90
rm -f module_domain_type.b module_domain_type.bb
time mpif90 -f90=gfortran -c -fdefault-real-8  -O0 -w -ffree-form -ffree-line-length-none -fconvert=big-endian -frecord-marker=4   module_domain_type.f90
rm -f module_machine.G module_machine.H module_machine.bb
time mpif90 -f90=gfortran -o module_machine.o -c -O2 -ftree-vectorize -funroll-loops -w -ffree-form -ffree-line-length-none -fconvert=big-endian -frecord-marker=4    -fdefault-real-8  module_machine.f90
rm -f module_timing.o
sed -e "s/grid%mu/gridmu/g" -e "s/grid%Mu/gridMu/g" -e "s/^\!.*'.*//" -e "s/^ *\!.*'.*//" module_timing.F > module_timing.G
rm -f gsi_constants.o
/gpfs/fs1/work/weisun/2019/github/WRFV4-myfork/tools/standard.exe gsi_constants.f90 > gsi_constants.b
/lib/cpp -P -nostdinc -I/gpfs/fs1/work/weisun/2019/github/WRFV4-myfork/inc -DEM_CORE=1 -DNMM_CORE=0 -DNMM_MAX_DIM=2600 -DCOAMPS_CORE=0 -DDA_CORE=1 -DEXP_CORE=0 -DIWORDSIZE=4 -DDWORDSIZE=8 -DRWORDSIZE=8 -DLWORDSIZE=4 -DNONSTANDARD_SYSTEM_SUBR  -DWRF_USE_CLM -DBUFR   -DFFTPACK -DNORESHAPE -DDM_PARALLEL -DNETCDF -DCRTM -DHDF5 -DUSE_ALLOCATABLES -DGRIB1 -DINTIO -DKEEP_INT_AROUND -DLIMIT_ARGS -DCONFIG_BUF_LEN=65536 -DMAX_DOMAINS_F=21 -DMAX_HISTORY=25 -DNMM_NEST=0 -DWRF_CHEM -DBUILD_CHEM=1 -I. -traditional-cpp   module_timing.G  > module_timing.H

real	0m0.210s
user	0m0.160s
sys	0m0.024s
0.09rm -f da_rf_cv3.o
user 0.01system 0:00.14elapsed 80%CPU (0avgtext+0avgdata 21052maxresident)k
0inputs+0outputs (0major+14306minor)pagefaults 0swaps
rm -f module_ssmi.o
/gpfs/fs1/work/weisun/2019/github/WRFV4-myfork/tools/standard.exe da_rf_cv3.f90 > da_rf_cv3.b
/gpfs/fs1/work/weisun/2019/github/WRFV4-myfork/tools/standard.exe module_ssmi.f90 > module_ssmi.b
/lib/cpp -P -nostdinc -DEM_CORE=1 -DNMM_CORE=0 -DNMM_MAX_DIM=2600 -DCOAMPS_CORE=0 -DDA_CORE=1 -DEXP_CORE=0 -DIWORDSIZE=4 -DDWORDSIZE=8 -DRWORDSIZE=8 -DLWORDSIZE=4 -DNONSTANDARD_SYSTEM_SUBR  -DWRF_USE_CLM -DBUFR   -DFFTPACK -DNORESHAPE -DDM_PARALLEL -DNETCDF -DCRTM -DHDF5 -DUSE_ALLOCATABLES -DGRIB1 -DINTIO -DKEEP_INT_AROUND -DLIMIT_ARGS -DCONFIG_BUF_LEN=65536 -DMAX_DOMAINS_F=21 -DMAX_HISTORY=25 -DNMM_NEST=0 -DWRF_CHEM -DBUILD_CHEM=1 -I. -traditional-cpp   -I/gpfs/fs1/work/weisun/2019/github/WRFV4-myfork/inc gsi_constants.b  > gsi_constants.f
/lib/cpp -P -nostdinc -DEM_CORE=1 -DNMM_CORE=0 -DNMM_MAX_DIM=2600 -DCOAMPS_CORE=0 -DDA_CORE=1 -DEXP_CORE=0 -DIWORDSIZE=4 -DDWORDSIZE=8 -DRWORDSIZE=8 -DLWORDSIZE=4 -DNONSTANDARD_SYSTEM_SUBR  -DWRF_USE_CLM -DBUFR   -DFFTPACK -DNORESHAPE -DDM_PARALLEL -DNETCDF -DCRTM -DHDF5 -DUSE_ALLOCATABLES -DGRIB1 -DINTIO -DKEEP_INT_AROUND -DLIMIT_ARGS -DCONFIG_BUF_LEN=65536 -DMAX_DOMAINS_F=21 -DMAX_HISTORY=25 -DNMM_NEST=0 -DWRF_CHEM -DBUILD_CHEM=1 -I. -traditional-cpp   -I/gpfs/fs1/work/weisun/2019/github/WRFV4-myfork/inc da_rf_cv3.b  > da_rf_cv3.f
sed -e "s/gridmu/grid%mu/g" -e "s/gridMu/grid%Mu/g" module_timing.H > module_timing.bb
/lib/cpp -P -nostdinc -DEM_CORE=1 -DNMM_CORE=0 -DNMM_MAX_DIM=2600 -DCOAMPS_CORE=0 -DDA_CORE=1 -DEXP_CORE=0 -DIWORDSIZE=4 -DDWORDSIZE=8 -DRWORDSIZE=8 -DLWORDSIZE=4 -DNONSTANDARD_SYSTEM_SUBR  -DWRF_USE_CLM -DBUFR   -DFFTPACK -DNORESHAPE -DDM_PARALLEL -DNETCDF -DCRTM -DHDF5 -DUSE_ALLOCATABLES -DGRIB1 -DINTIO -DKEEP_INT_AROUND -DLIMIT_ARGS -DCONFIG_BUF_LEN=65536 -DMAX_DOMAINS_F=21 -DMAX_HISTORY=25 -DNMM_NEST=0 -DWRF_CHEM -DBUILD_CHEM=1 -I. -traditional-cpp   -I/gpfs/fs1/work/weisun/2019/github/WRFV4-myfork/inc module_ssmi.b  > module_ssmi.f
/gpfs/fs1/work/weisun/2019/github/WRFV4-myfork/tools/standard.exe module_timing.bb | /lib/cpp -P -nostdinc -traditional-cpp > module_timing.f90
rm -f gsi_constants.b
rm -f da_rf_cv3.b
if fgrep -iq '!$OMP' gsi_constants.f ; then \
          if [ -n "" ] ; then echo COMPILING gsi_constants.f90 WITH OMP ; fi ; \
  time mpif90 -f90=gfortran -o gsi_constants.o -c -O2 -ftree-vectorize -funroll-loops -w -ffree-form -ffree-line-length-none -fconvert=big-endian -frecord-marker=4   -fdefault-real-8 gsi_constants.f ; \
        else \
          if [ -n "" ] ; then echo COMPILING gsi_constants.f90 WITHOUT OMP ; fi ; \
  time mpif90 -f90=gfortran -o gsi_constants.o -c -O2 -ftree-vectorize -funroll-loops -w -ffree-form -ffree-line-length-none -fconvert=big-endian -frecord-marker=4  -fdefault-real-8 gsi_constants.f ; \
        fi
rm -f module_timing.G module_timing.H module_timing.bb
rm -f module_ssmi.b
if fgrep -iq '!$OMP' da_rf_cv3.f ; then \
          if [ -n "" ] ; then echo COMPILING da_rf_cv3.f90 WITH OMP ; fi ; \
  time mpif90 -f90=gfortran -o da_rf_cv3.o -c -O2 -ftree-vectorize -funroll-loops -w -ffree-form -ffree-line-length-none -fconvert=big-endian -frecord-marker=4   -fdefault-real-8 da_rf_cv3.f ; \
        else \
          if [ -n "" ] ; then echo COMPILING da_rf_cv3.f90 WITHOUT OMP ; fi ; \
  time mpif90 -f90=gfortran -o da_rf_cv3.o -c -O2 -ftree-vectorize -funroll-loops -w -ffree-form -ffree-line-length-none -fconvert=big-endian -frecord-marker=4  -fdefault-real-8 da_rf_cv3.f ; \
        fi
if fgrep -iq '!$OMP' module_ssmi.f ; then \
          if [ -n "" ] ; then echo COMPILING module_ssmi.f90 WITH OMP ; fi ; \
  time mpif90 -f90=gfortran -o module_ssmi.o -c -O2 -ftree-vectorize -funroll-loops -w -ffree-form -ffree-line-length-none -fconvert=big-endian -frecord-marker=4   -fdefault-real-8 module_ssmi.f ; \
        else \
          if [ -n "" ] ; then echo COMPILING module_ssmi.f90 WITHOUT OMP ; fi ; \
  time mpif90 -f90=gfortran -o module_ssmi.o -c -O2 -ftree-vectorize -funroll-loops -w -ffree-form -ffree-line-length-none -fconvert=big-endian -frecord-marker=4  -fdefault-real-8 module_ssmi.f ; \
        fi
time mpif90 -f90=gfortran -o module_timing.o -c -O2 -ftree-vectorize -funroll-loops -w -ffree-form -ffree-line-length-none -fconvert=big-endian -frecord-marker=4    -fdefault-real-8  module_timing.f90
0.19user 0.01system 0:00.23elapsed 88%CPU (0avgtext+0avgdata 17600maxresident)k
0inputs+0outputs (0major+12837minor)pagefaults 0swaps
rm -f gamma1.o
/gpfs/fs1/work/weisun/2019/github/WRFV4-myfork/tools/standard.exe gamma1.f90 > gamma1.b
gfortran  -O2 -ftree-vectorize -funroll-loops -w -ffree-form -ffree-line-length-none -fconvert=big-endian -frecord-marker=4    -o da_advance_time.exe da_advance_time.o
/lib/cpp -P -nostdinc -DEM_CORE=1 -DNMM_CORE=0 -DNMM_MAX_DIM=2600 -DCOAMPS_CORE=0 -DDA_CORE=1 -DEXP_CORE=0 -DIWORDSIZE=4 -DDWORDSIZE=8 -DRWORDSIZE=8 -DLWORDSIZE=4 -DNONSTANDARD_SYSTEM_SUBR  -DWRF_USE_CLM -DBUFR   -DFFTPACK -DNORESHAPE -DDM_PARALLEL -DNETCDF -DCRTM -DHDF5 -DUSE_ALLOCATABLES -DGRIB1 -DINTIO -DKEEP_INT_AROUND -DLIMIT_ARGS -DCONFIG_BUF_LEN=65536 -DMAX_DOMAINS_F=21 -DMAX_HISTORY=25 -DNMM_NEST=0 -DWRF_CHEM -DBUILD_CHEM=1 -I. -traditional-cpp   -I/gpfs/fs1/work/weisun/2019/github/WRFV4-myfork/inc gamma1.b  > gamma1.f
rm -f da_update_bc.o
/gpfs/fs1/work/weisun/2019/github/WRFV4-myfork/tools/standard.exe da_update_bc.f90 > da_update_bc.b
rm -f gamma1.b
if fgrep -iq '!$OMP' gamma1.f ; then \
          if [ -n "" ] ; then echo COMPILING gamma1.f90 WITH OMP ; fi ; \
  time mpif90 -f90=gfortran -o gamma1.o -c -O2 -ftree-vectorize -funroll-loops -w -ffree-form -ffree-line-length-none -fconvert=big-endian -frecord-marker=4   -fdefault-real-8 gamma1.f ; \
        else \
          if [ -n "" ] ; then echo COMPILING gamma1.f90 WITHOUT OMP ; fi ; \
  time mpif90 -f90=gfortran -o gamma1.o -c -O2 -ftree-vectorize -funroll-loops -w -ffree-form -ffree-line-length-none -fconvert=big-endian -frecord-marker=4  -fdefault-real-8 gamma1.f ; \
        fi
/lib/cpp -P -nostdinc -DEM_CORE=1 -DNMM_CORE=0 -DNMM_MAX_DIM=2600 -DCOAMPS_CORE=0 -DDA_CORE=1 -DEXP_CORE=0 -DIWORDSIZE=4 -DDWORDSIZE=8 -DRWORDSIZE=8 -DLWORDSIZE=4 -DNONSTANDARD_SYSTEM_SUBR  -DWRF_USE_CLM -DBUFR   -DFFTPACK -DNORESHAPE -DDM_PARALLEL -DNETCDF -DCRTM -DHDF5 -DUSE_ALLOCATABLES -DGRIB1 -DINTIO -DKEEP_INT_AROUND -DLIMIT_ARGS -DCONFIG_BUF_LEN=65536 -DMAX_DOMAINS_F=21 -DMAX_HISTORY=25 -DNMM_NEST=0 -DWRF_CHEM -DBUILD_CHEM=1 -I. -traditional-cpp   -I/gpfs/fs1/work/weisun/2019/github/WRFV4-myfork/inc da_update_bc.b  > da_update_bc.f
rm -f da_module_couple_uv_ad.o
/gpfs/fs1/work/weisun/2019/github/WRFV4-myfork/tools/standard.exe da_module_couple_uv_ad.f90 > da_module_couple_uv_ad.b
/lib/cpp -P -nostdinc -DEM_CORE=1 -DNMM_CORE=0 -DNMM_MAX_DIM=2600 -DCOAMPS_CORE=0 -DDA_CORE=1 -DEXP_CORE=0 -DIWORDSIZE=4 -DDWORDSIZE=8 -DRWORDSIZE=8 -DLWORDSIZE=4 -DNONSTANDARD_SYSTEM_SUBR  -DWRF_USE_CLM -DBUFR   -DFFTPACK -DNORESHAPE -DDM_PARALLEL -DNETCDF -DCRTM -DHDF5 -DUSE_ALLOCATABLES -DGRIB1 -DINTIO -DKEEP_INT_AROUND -DLIMIT_ARGS -DCONFIG_BUF_LEN=65536 -DMAX_DOMAINS_F=21 -DMAX_HISTORY=25 -DNMM_NEST=0 -DWRF_CHEM -DBUILD_CHEM=1 -I. -traditional-cpp   -I/gpfs/fs1/work/weisun/2019/github/WRFV4-myfork/inc da_module_couple_uv_ad.b  > da_module_couple_uv_ad.f
rm -f da_update_bc.b

real	0m0.104s
user	0m0.056s
sys	0m0.024s
rm -f gen_be_stage2_gsi.o
gfortran -c -O2 -ftree-vectorize -funroll-loops -w -ffree-form -ffree-line-length-none -fconvert=big-endian -frecord-marker=4  -fdefault-real-8 -I/glade/u/apps/ch/opt/netcdf/4.6.1/gnu/6.3.0//include da_update_bc.f
/gpfs/fs1/work/weisun/2019/github/WRFV4-myfork/tools/standard.exe gen_be_stage2_gsi.f90 > gen_be_stage2_gsi.b
rm -f da_module_couple_uv_ad.b
0.05user 0.02system 0:00.10elapsed 75%CPU (0avgtext+0avgdata 19012maxresident)k
0inputs+0outputs (0major+13618minor)pagefaults 0swaps
rm -f da_tune_obs_hollingsworth1.o
/gpfs/fs1/work/weisun/2019/github/WRFV4-myfork/tools/standard.exe da_tune_obs_hollingsworth1.f90 > da_tune_obs_hollingsworth1.b
if fgrep -iq '!$OMP' da_module_couple_uv_ad.f ; then \
          if [ -n "" ] ; then echo COMPILING da_module_couple_uv_ad.f90 WITH OMP ; fi ; \
  time mpif90 -f90=gfortran -o da_module_couple_uv_ad.o -c -O2 -ftree-vectorize -funroll-loops -w -ffree-form -ffree-line-length-none -fconvert=big-endian -frecord-marker=4   -fdefault-real-8 da_module_couple_uv_ad.f ; \
        else \
          if [ -n "" ] ; then echo COMPILING da_module_couple_uv_ad.f90 WITHOUT OMP ; fi ; \
  time mpif90 -f90=gfortran -o da_module_couple_uv_ad.o -c -O2 -ftree-vectorize -funroll-loops -w -ffree-form -ffree-line-length-none -fconvert=big-endian -frecord-marker=4  -fdefault-real-8 da_module_couple_uv_ad.f ; \
        fi
/lib/cpp -P -nostdinc -DEM_CORE=1 -DNMM_CORE=0 -DNMM_MAX_DIM=2600 -DCOAMPS_CORE=0 -DDA_CORE=1 -DEXP_CORE=0 -DIWORDSIZE=4 -DDWORDSIZE=8 -DRWORDSIZE=8 -DLWORDSIZE=4 -DNONSTANDARD_SYSTEM_SUBR  -DWRF_USE_CLM -DBUFR   -DFFTPACK -DNORESHAPE -DDM_PARALLEL -DNETCDF -DCRTM -DHDF5 -DUSE_ALLOCATABLES -DGRIB1 -DINTIO -DKEEP_INT_AROUND -DLIMIT_ARGS -DCONFIG_BUF_LEN=65536 -DMAX_DOMAINS_F=21 -DMAX_HISTORY=25 -DNMM_NEST=0 -DWRF_CHEM -DBUILD_CHEM=1 -I. -traditional-cpp   -I/gpfs/fs1/work/weisun/2019/github/WRFV4-myfork/inc gen_be_stage2_gsi.b  > gen_be_stage2_gsi.f
/lib/cpp -P -nostdinc -DEM_CORE=1 -DNMM_CORE=0 -DNMM_MAX_DIM=2600 -DCOAMPS_CORE=0 -DDA_CORE=1 -DEXP_CORE=0 -DIWORDSIZE=4 -DDWORDSIZE=8 -DRWORDSIZE=8 -DLWORDSIZE=4 -DNONSTANDARD_SYSTEM_SUBR  -DWRF_USE_CLM -DBUFR   -DFFTPACK -DNORESHAPE -DDM_PARALLEL -DNETCDF -DCRTM -DHDF5 -DUSE_ALLOCATABLES -DGRIB1 -DINTIO -DKEEP_INT_AROUND -DLIMIT_ARGS -DCONFIG_BUF_LEN=65536 -DMAX_DOMAINS_F=21 -DMAX_HISTORY=25 -DNMM_NEST=0 -DWRF_CHEM -DBUILD_CHEM=1 -I. -traditional-cpp   -I/gpfs/fs1/work/weisun/2019/github/WRFV4-myfork/inc -I/glade/u/apps/ch/opt/netcdf/4.6.1/gnu/6.3.0//include da_tune_obs_hollingsworth1.b  > da_tune_obs_hollingsworth1.f
rm -f gen_be_stage2_gsi.b
rm -f da_tune_obs_hollingsworth1.b
if fgrep -iq '!$OMP' gen_be_stage2_gsi.f ; then \
          if [ -n "" ] ; then echo COMPILING gen_be_stage2_gsi.f90 WITH OMP ; fi ; \
  time mpif90 -f90=gfortran -o gen_be_stage2_gsi.o -c -O2 -ftree-vectorize -funroll-loops -w -ffree-form -ffree-line-length-none -fconvert=big-endian -frecord-marker=4   -fdefault-real-8 gen_be_stage2_gsi.f ; \
        else \
          if [ -n "" ] ; then echo COMPILING gen_be_stage2_gsi.f90 WITHOUT OMP ; fi ; \
  time mpif90 -f90=gfortran -o gen_be_stage2_gsi.o -c -O2 -ftree-vectorize -funroll-loops -w -ffree-form -ffree-line-length-none -fconvert=big-endian -frecord-marker=4  -fdefault-real-8 gen_be_stage2_gsi.f ; \
        fi
gfortran -c -O2 -ftree-vectorize -funroll-loops -w -ffree-form -ffree-line-length-none -fconvert=big-endian -frecord-marker=4  -fdefault-real-8 -I/glade/u/apps/ch/opt/netcdf/4.6.1/gnu/6.3.0//include da_tune_obs_hollingsworth1.f

real	0m0.115s
user	0m0.064s
sys	0m0.024s
rm -f da_tune_obs_hollingsworth2.o
rm -f da_verif_obs_init.o
/gpfs/fs1/work/weisun/2019/github/WRFV4-myfork/tools/standard.exe da_tune_obs_hollingsworth2.f90 > da_tune_obs_hollingsworth2.b
/gpfs/fs1/work/weisun/2019/github/WRFV4-myfork/tools/standard.exe da_verif_obs_init.f90 > da_verif_obs_init.b
/lib/cpp -P -nostdinc -DEM_CORE=1 -DNMM_CORE=0 -DNMM_MAX_DIM=2600 -DCOAMPS_CORE=0 -DDA_CORE=1 -DEXP_CORE=0 -DIWORDSIZE=4 -DDWORDSIZE=8 -DRWORDSIZE=8 -DLWORDSIZE=4 -DNONSTANDARD_SYSTEM_SUBR  -DWRF_USE_CLM -DBUFR   -DFFTPACK -DNORESHAPE -DDM_PARALLEL -DNETCDF -DCRTM -DHDF5 -DUSE_ALLOCATABLES -DGRIB1 -DINTIO -DKEEP_INT_AROUND -DLIMIT_ARGS -DCONFIG_BUF_LEN=65536 -DMAX_DOMAINS_F=21 -DMAX_HISTORY=25 -DNMM_NEST=0 -DWRF_CHEM -DBUILD_CHEM=1 -I. -traditional-cpp   -I/gpfs/fs1/work/weisun/2019/github/WRFV4-myfork/inc -I/glade/u/apps/ch/opt/netcdf/4.6.1/gnu/6.3.0//include da_verif_obs_init.b  > da_verif_obs_init.f
/lib/cpp -P -nostdinc -DEM_CORE=1 -DNMM_CORE=0 -DNMM_MAX_DIM=2600 -DCOAMPS_CORE=0 -DDA_CORE=1 -DEXP_CORE=0 -DIWORDSIZE=4 -DDWORDSIZE=8 -DRWORDSIZE=8 -DLWORDSIZE=4 -DNONSTANDARD_SYSTEM_SUBR  -DWRF_USE_CLM -DBUFR   -DFFTPACK -DNORESHAPE -DDM_PARALLEL -DNETCDF -DCRTM -DHDF5 -DUSE_ALLOCATABLES -DGRIB1 -DINTIO -DKEEP_INT_AROUND -DLIMIT_ARGS -DCONFIG_BUF_LEN=65536 -DMAX_DOMAINS_F=21 -DMAX_HISTORY=25 -DNMM_NEST=0 -DWRF_CHEM -DBUILD_CHEM=1 -I. -traditional-cpp   -I/gpfs/fs1/work/weisun/2019/github/WRFV4-myfork/inc -I/glade/u/apps/ch/opt/netcdf/4.6.1/gnu/6.3.0//include da_tune_obs_hollingsworth2.b  > da_tune_obs_hollingsworth2.f
rm -f da_tune_obs_hollingsworth2.b
rm -f da_verif_obs_init.b
gfortran -c -O2 -ftree-vectorize -funroll-loops -w -ffree-form -ffree-line-length-none -fconvert=big-endian -frecord-marker=4  -fdefault-real-8 -I/glade/u/apps/ch/opt/netcdf/4.6.1/gnu/6.3.0//include da_tune_obs_hollingsworth2.f
gfortran -c -O2 -ftree-vectorize -funroll-loops -w -ffree-form -ffree-line-length-none -fconvert=big-endian -frecord-marker=4  -fdefault-real-8 -I/glade/u/apps/ch/opt/netcdf/4.6.1/gnu/6.3.0//include da_verif_obs_init.f

real	0m0.363s
user	0m0.312s
sys	0m0.020s
rm -f da_verif_grid.o
/gpfs/fs1/work/weisun/2019/github/WRFV4-myfork/tools/standard.exe da_verif_grid.f90 > da_verif_grid.b
rm -f da_bias_airmass.o
/gpfs/fs1/work/weisun/2019/github/WRFV4-myfork/tools/standard.exe da_bias_airmass.f90 > da_bias_airmass.b
/lib/cpp -P -nostdinc -DEM_CORE=1 -DNMM_CORE=0 -DNMM_MAX_DIM=2600 -DCOAMPS_CORE=0 -DDA_CORE=1 -DEXP_CORE=0 -DIWORDSIZE=4 -DDWORDSIZE=8 -DRWORDSIZE=8 -DLWORDSIZE=4 -DNONSTANDARD_SYSTEM_SUBR  -DWRF_USE_CLM -DBUFR   -DFFTPACK -DNORESHAPE -DDM_PARALLEL -DNETCDF -DCRTM -DHDF5 -DUSE_ALLOCATABLES -DGRIB1 -DINTIO -DKEEP_INT_AROUND -DLIMIT_ARGS -DCONFIG_BUF_LEN=65536 -DMAX_DOMAINS_F=21 -DMAX_HISTORY=25 -DNMM_NEST=0 -DWRF_CHEM -DBUILD_CHEM=1 -I. -traditional-cpp   -I/gpfs/fs1/work/weisun/2019/github/WRFV4-myfork/inc -I/glade/u/apps/ch/opt/netcdf/4.6.1/gnu/6.3.0//include da_verif_grid.b  > da_verif_grid.f

real	0m0.281s
user	0m0.236s
sys	0m0.016s
rm -f tqli.o
/lib/cpp -P -nostdinc -DEM_CORE=1 -DNMM_CORE=0 -DNMM_MAX_DIM=2600 -DCOAMPS_CORE=0 -DDA_CORE=1 -DEXP_CORE=0 -DIWORDSIZE=4 -DDWORDSIZE=8 -DRWORDSIZE=8 -DLWORDSIZE=4 -DNONSTANDARD_SYSTEM_SUBR  -DWRF_USE_CLM -DBUFR   -DFFTPACK -DNORESHAPE -DDM_PARALLEL -DNETCDF -DCRTM -DHDF5 -DUSE_ALLOCATABLES -DGRIB1 -DINTIO -DKEEP_INT_AROUND -DLIMIT_ARGS -DCONFIG_BUF_LEN=65536 -DMAX_DOMAINS_F=21 -DMAX_HISTORY=25 -DNMM_NEST=0 -DWRF_CHEM -DBUILD_CHEM=1 -I. -traditional-cpp   -I/gpfs/fs1/work/weisun/2019/github/WRFV4-myfork/inc -I/glade/u/apps/ch/opt/netcdf/4.6.1/gnu/6.3.0//include da_bias_airmass.b  > da_bias_airmass.f
/gpfs/fs1/work/weisun/2019/github/WRFV4-myfork/tools/standard.exe tqli.f90 > tqli.b
rm -f da_verif_grid.b
gfortran -c -O2 -ftree-vectorize -funroll-loops -w -ffree-form -ffree-line-length-none -fconvert=big-endian -frecord-marker=4  -fdefault-real-8 -I/glade/u/apps/ch/opt/netcdf/4.6.1/gnu/6.3.0//include da_verif_grid.f
/lib/cpp -P -nostdinc -DEM_CORE=1 -DNMM_CORE=0 -DNMM_MAX_DIM=2600 -DCOAMPS_CORE=0 -DDA_CORE=1 -DEXP_CORE=0 -DIWORDSIZE=4 -DDWORDSIZE=8 -DRWORDSIZE=8 -DLWORDSIZE=4 -DNONSTANDARD_SYSTEM_SUBR  -DWRF_USE_CLM -DBUFR   -DFFTPACK -DNORESHAPE -DDM_PARALLEL -DNETCDF -DCRTM -DHDF5 -DUSE_ALLOCATABLES -DGRIB1 -DINTIO -DKEEP_INT_AROUND -DLIMIT_ARGS -DCONFIG_BUF_LEN=65536 -DMAX_DOMAINS_F=21 -DMAX_HISTORY=25 -DNMM_NEST=0 -DWRF_CHEM -DBUILD_CHEM=1 -I. -traditional-cpp   -I/gpfs/fs1/work/weisun/2019/github/WRFV4-myfork/inc tqli.b  > tqli.f
rm -f da_bias_airmass.b
gfortran -c -O2 -ftree-vectorize -funroll-loops -w -ffree-form -ffree-line-length-none -fconvert=big-endian -frecord-marker=4  -fdefault-real-8 -I/glade/u/apps/ch/opt/netcdf/4.6.1/gnu/6.3.0//include da_bias_airmass.f
rm -f tqli.b
gfortran -c -O2 -ftree-vectorize -funroll-loops -w -ffree-form -ffree-line-length-none -fconvert=big-endian -frecord-marker=4  -fdefault-real-8 -I/glade/u/apps/ch/opt/netcdf/4.6.1/gnu/6.3.0//include tqli.f
rm -f regress_one.o
/gpfs/fs1/work/weisun/2019/github/WRFV4-myfork/tools/standard.exe regress_one.f90 > regress_one.b
/lib/cpp -P -nostdinc -DEM_CORE=1 -DNMM_CORE=0 -DNMM_MAX_DIM=2600 -DCOAMPS_CORE=0 -DDA_CORE=1 -DEXP_CORE=0 -DIWORDSIZE=4 -DDWORDSIZE=8 -DRWORDSIZE=8 -DLWORDSIZE=4 -DNONSTANDARD_SYSTEM_SUBR  -DWRF_USE_CLM -DBUFR   -DFFTPACK -DNORESHAPE -DDM_PARALLEL -DNETCDF -DCRTM -DHDF5 -DUSE_ALLOCATABLES -DGRIB1 -DINTIO -DKEEP_INT_AROUND -DLIMIT_ARGS -DCONFIG_BUF_LEN=65536 -DMAX_DOMAINS_F=21 -DMAX_HISTORY=25 -DNMM_NEST=0 -DWRF_CHEM -DBUILD_CHEM=1 -I. -traditional-cpp   -I/gpfs/fs1/work/weisun/2019/github/WRFV4-myfork/inc regress_one.b  > regress_one.f
rm -f regress_one.b
gfortran -c -O2 -ftree-vectorize -funroll-loops -w -ffree-form -ffree-line-length-none -fconvert=big-endian -frecord-marker=4  -fdefault-real-8 -I/glade/u/apps/ch/opt/netcdf/4.6.1/gnu/6.3.0//include regress_one.f
rm -f da_bias_sele.o
/gpfs/fs1/work/weisun/2019/github/WRFV4-myfork/tools/standard.exe da_bias_sele.f90 > da_bias_sele.b
/lib/cpp -P -nostdinc -DEM_CORE=1 -DNMM_CORE=0 -DNMM_MAX_DIM=2600 -DCOAMPS_CORE=0 -DDA_CORE=1 -DEXP_CORE=0 -DIWORDSIZE=4 -DDWORDSIZE=8 -DRWORDSIZE=8 -DLWORDSIZE=4 -DNONSTANDARD_SYSTEM_SUBR  -DWRF_USE_CLM -DBUFR   -DFFTPACK -DNORESHAPE -DDM_PARALLEL -DNETCDF -DCRTM -DHDF5 -DUSE_ALLOCATABLES -DGRIB1 -DINTIO -DKEEP_INT_AROUND -DLIMIT_ARGS -DCONFIG_BUF_LEN=65536 -DMAX_DOMAINS_F=21 -DMAX_HISTORY=25 -DNMM_NEST=0 -DWRF_CHEM -DBUILD_CHEM=1 -I. -traditional-cpp   -I/gpfs/fs1/work/weisun/2019/github/WRFV4-myfork/inc -I/glade/u/apps/ch/opt/netcdf/4.6.1/gnu/6.3.0//include da_bias_sele.b  > da_bias_sele.f
rm -f da_bias_sele.b
gfortran -c -O2 -ftree-vectorize -funroll-loops -w -ffree-form -ffree-line-length-none -fconvert=big-endian -frecord-marker=4  -fdefault-real-8 -I/glade/u/apps/ch/opt/netcdf/4.6.1/gnu/6.3.0//include da_bias_sele.f
rm -f da_bias_scan.o
/gpfs/fs1/work/weisun/2019/github/WRFV4-myfork/tools/standard.exe da_bias_scan.f90 > da_bias_scan.b
/lib/cpp -P -nostdinc -DEM_CORE=1 -DNMM_CORE=0 -DNMM_MAX_DIM=2600 -DCOAMPS_CORE=0 -DDA_CORE=1 -DEXP_CORE=0 -DIWORDSIZE=4 -DDWORDSIZE=8 -DRWORDSIZE=8 -DLWORDSIZE=4 -DNONSTANDARD_SYSTEM_SUBR  -DWRF_USE_CLM -DBUFR   -DFFTPACK -DNORESHAPE -DDM_PARALLEL -DNETCDF -DCRTM -DHDF5 -DUSE_ALLOCATABLES -DGRIB1 -DINTIO -DKEEP_INT_AROUND -DLIMIT_ARGS -DCONFIG_BUF_LEN=65536 -DMAX_DOMAINS_F=21 -DMAX_HISTORY=25 -DNMM_NEST=0 -DWRF_CHEM -DBUILD_CHEM=1 -I. -traditional-cpp   -I/gpfs/fs1/work/weisun/2019/github/WRFV4-myfork/inc -I/glade/u/apps/ch/opt/netcdf/4.6.1/gnu/6.3.0//include da_bias_scan.b  > da_bias_scan.f
rm -f da_bias_scan.b
gfortran -c -O2 -ftree-vectorize -funroll-loops -w -ffree-form -ffree-line-length-none -fconvert=big-endian -frecord-marker=4  -fdefault-real-8 -I/glade/u/apps/ch/opt/netcdf/4.6.1/gnu/6.3.0//include da_bias_scan.f
rm -f da_bias_verif.o
/gpfs/fs1/work/weisun/2019/github/WRFV4-myfork/tools/standard.exe da_bias_verif.f90 > da_bias_verif.b
/lib/cpp -P -nostdinc -DEM_CORE=1 -DNMM_CORE=0 -DNMM_MAX_DIM=2600 -DCOAMPS_CORE=0 -DDA_CORE=1 -DEXP_CORE=0 -DIWORDSIZE=4 -DDWORDSIZE=8 -DRWORDSIZE=8 -DLWORDSIZE=4 -DNONSTANDARD_SYSTEM_SUBR  -DWRF_USE_CLM -DBUFR   -DFFTPACK -DNORESHAPE -DDM_PARALLEL -DNETCDF -DCRTM -DHDF5 -DUSE_ALLOCATABLES -DGRIB1 -DINTIO -DKEEP_INT_AROUND -DLIMIT_ARGS -DCONFIG_BUF_LEN=65536 -DMAX_DOMAINS_F=21 -DMAX_HISTORY=25 -DNMM_NEST=0 -DWRF_CHEM -DBUILD_CHEM=1 -I. -traditional-cpp   -I/gpfs/fs1/work/weisun/2019/github/WRFV4-myfork/inc -I/glade/u/apps/ch/opt/netcdf/4.6.1/gnu/6.3.0//include da_bias_verif.b  > da_bias_verif.f
rm -f da_bias_verif.b
gfortran -c -O2 -ftree-vectorize -funroll-loops -w -ffree-form -ffree-line-length-none -fconvert=big-endian -frecord-marker=4  -fdefault-real-8 -I/glade/u/apps/ch/opt/netcdf/4.6.1/gnu/6.3.0//include da_bias_verif.f
rm -f da_lapack.o
/gpfs/fs1/work/weisun/2019/github/WRFV4-myfork/tools/standard.exe da_lapack.f90 > da_lapack.b
/lib/cpp -P -nostdinc -DEM_CORE=1 -DNMM_CORE=0 -DNMM_MAX_DIM=2600 -DCOAMPS_CORE=0 -DDA_CORE=1 -DEXP_CORE=0 -DIWORDSIZE=4 -DDWORDSIZE=8 -DRWORDSIZE=8 -DLWORDSIZE=4 -DNONSTANDARD_SYSTEM_SUBR  -DWRF_USE_CLM -DBUFR   -DFFTPACK -DNORESHAPE -DDM_PARALLEL -DNETCDF -DCRTM -DHDF5 -DUSE_ALLOCATABLES -DGRIB1 -DINTIO -DKEEP_INT_AROUND -DLIMIT_ARGS -DCONFIG_BUF_LEN=65536 -DMAX_DOMAINS_F=21 -DMAX_HISTORY=25 -DNMM_NEST=0 -DWRF_CHEM -DBUILD_CHEM=1 -I. -traditional-cpp  da_lapack.b  > da_lapack.f
rm -f da_lapack.b
gfortran -c -O2 -ftree-vectorize -funroll-loops -w -ffree-form -ffree-line-length-none -fconvert=big-endian -frecord-marker=4  da_lapack.f

real	0m1.169s
user	0m1.084s
sys	0m0.064s
rm -f module_configure.o
/lib/cpp -P -nostdinc -I/gpfs/fs1/work/weisun/2019/github/WRFV4-myfork/inc -DEM_CORE=1 -DNMM_CORE=0 -DNMM_MAX_DIM=2600 -DCOAMPS_CORE=0 -DDA_CORE=1 -DEXP_CORE=0 -DIWORDSIZE=4 -DDWORDSIZE=8 -DRWORDSIZE=8 -DLWORDSIZE=4 -DNONSTANDARD_SYSTEM_SUBR  -DWRF_USE_CLM -DBUFR   -DFFTPACK -DNORESHAPE -DDM_PARALLEL -DNETCDF -DCRTM -DHDF5 -DUSE_ALLOCATABLES -DGRIB1 -DINTIO -DKEEP_INT_AROUND -DLIMIT_ARGS -DCONFIG_BUF_LEN=65536 -DMAX_DOMAINS_F=21 -DMAX_HISTORY=25 -DNMM_NEST=0 -DWRF_CHEM -DBUILD_CHEM=1 -I. -traditional-cpp   module_configure.F  > module_configure.bb
/gpfs/fs1/work/weisun/2019/github/WRFV4-myfork/tools/standard.exe module_configure.bb | /lib/cpp -P -nostdinc -traditional-cpp > module_configure.f90
rm -f module_configure.b module_configure.bb
time mpif90 -f90=gfortran -c -fdefault-real-8  -O0 -w -ffree-form -ffree-line-length-none -fconvert=big-endian -frecord-marker=4   module_configure.f90
rm -f da_reporting.o
/gpfs/fs1/work/weisun/2019/github/WRFV4-myfork/tools/standard.exe da_reporting.f90 > da_reporting.b
/lib/cpp -P -nostdinc -DEM_CORE=1 -DNMM_CORE=0 -DNMM_MAX_DIM=2600 -DCOAMPS_CORE=0 -DDA_CORE=1 -DEXP_CORE=0 -DIWORDSIZE=4 -DDWORDSIZE=8 -DRWORDSIZE=8 -DLWORDSIZE=4 -DNONSTANDARD_SYSTEM_SUBR  -DWRF_USE_CLM -DBUFR   -DFFTPACK -DNORESHAPE -DDM_PARALLEL -DNETCDF -DCRTM -DHDF5 -DUSE_ALLOCATABLES -DGRIB1 -DINTIO -DKEEP_INT_AROUND -DLIMIT_ARGS -DCONFIG_BUF_LEN=65536 -DMAX_DOMAINS_F=21 -DMAX_HISTORY=25 -DNMM_NEST=0 -DWRF_CHEM -DBUILD_CHEM=1 -I. -traditional-cpp   -I/gpfs/fs1/work/weisun/2019/github/WRFV4-myfork/inc da_reporting.b  > da_reporting.f
rm -f da_reporting.b
if fgrep -iq '!$OMP' da_reporting.f ; then \
          if [ -n "" ] ; then echo COMPILING da_reporting.f90 WITH OMP ; fi ; \
  time mpif90 -f90=gfortran -o da_reporting.o -c -O2 -ftree-vectorize -funroll-loops -w -ffree-form -ffree-line-length-none -fconvert=big-endian -frecord-marker=4   -fdefault-real-8 da_reporting.f ; \
        else \
          if [ -n "" ] ; then echo COMPILING da_reporting.f90 WITHOUT OMP ; fi ; \
  time mpif90 -f90=gfortran -o da_reporting.o -c -O2 -ftree-vectorize -funroll-loops -w -ffree-form -ffree-line-length-none -fconvert=big-endian -frecord-marker=4  -fdefault-real-8 da_reporting.f ; \
        fi
rm -f da_par_util1.o
/gpfs/fs1/work/weisun/2019/github/WRFV4-myfork/tools/standard.exe da_par_util1.f90 > da_par_util1.b
/lib/cpp -P -nostdinc -DEM_CORE=1 -DNMM_CORE=0 -DNMM_MAX_DIM=2600 -DCOAMPS_CORE=0 -DDA_CORE=1 -DEXP_CORE=0 -DIWORDSIZE=4 -DDWORDSIZE=8 -DRWORDSIZE=8 -DLWORDSIZE=4 -DNONSTANDARD_SYSTEM_SUBR  -DWRF_USE_CLM -DBUFR   -DFFTPACK -DNORESHAPE -DDM_PARALLEL -DNETCDF -DCRTM -DHDF5 -DUSE_ALLOCATABLES -DGRIB1 -DINTIO -DKEEP_INT_AROUND -DLIMIT_ARGS -DCONFIG_BUF_LEN=65536 -DMAX_DOMAINS_F=21 -DMAX_HISTORY=25 -DNMM_NEST=0 -DWRF_CHEM -DBUILD_CHEM=1 -I. -traditional-cpp   -I/gpfs/fs1/work/weisun/2019/github/WRFV4-myfork/inc da_par_util1.b  > da_par_util1.f
rm -f da_par_util1.b
if fgrep -iq '!$OMP' da_par_util1.f ; then \
          if [ -n "" ] ; then echo COMPILING da_par_util1.f90 WITH OMP ; fi ; \
  time mpif90 -f90=gfortran -o da_par_util1.o -c -O2 -ftree-vectorize -funroll-loops -w -ffree-form -ffree-line-length-none -fconvert=big-endian -frecord-marker=4   -fdefault-real-8 da_par_util1.f ; \
        else \
          if [ -n "" ] ; then echo COMPILING da_par_util1.f90 WITHOUT OMP ; fi ; \
  time mpif90 -f90=gfortran -o da_par_util1.o -c -O2 -ftree-vectorize -funroll-loops -w -ffree-form -ffree-line-length-none -fconvert=big-endian -frecord-marker=4  -fdefault-real-8 da_par_util1.f ; \
        fi

real	0m0.237s
user	0m0.172s
sys	0m0.040s
rm -f da_wavelet.o
/gpfs/fs1/work/weisun/2019/github/WRFV4-myfork/tools/standard.exe da_wavelet.f90 > da_wavelet.b
/lib/cpp -P -nostdinc -DEM_CORE=1 -DNMM_CORE=0 -DNMM_MAX_DIM=2600 -DCOAMPS_CORE=0 -DDA_CORE=1 -DEXP_CORE=0 -DIWORDSIZE=4 -DDWORDSIZE=8 -DRWORDSIZE=8 -DLWORDSIZE=4 -DNONSTANDARD_SYSTEM_SUBR  -DWRF_USE_CLM -DBUFR   -DFFTPACK -DNORESHAPE -DDM_PARALLEL -DNETCDF -DCRTM -DHDF5 -DUSE_ALLOCATABLES -DGRIB1 -DINTIO -DKEEP_INT_AROUND -DLIMIT_ARGS -DCONFIG_BUF_LEN=65536 -DMAX_DOMAINS_F=21 -DMAX_HISTORY=25 -DNMM_NEST=0 -DWRF_CHEM -DBUILD_CHEM=1 -I. -traditional-cpp   -I/gpfs/fs1/work/weisun/2019/github/WRFV4-myfork/inc da_wavelet.b  > da_wavelet.f
rm -f da_wavelet.b
if fgrep -iq '!$OMP' da_wavelet.f ; then \
          if [ -n "" ] ; then echo COMPILING da_wavelet.f90 WITH OMP ; fi ; \
  time mpif90 -f90=gfortran -o da_wavelet.o -c -O2 -ftree-vectorize -funroll-loops -w -ffree-form -ffree-line-length-none -fconvert=big-endian -frecord-marker=4   -fdefault-real-8 da_wavelet.f ; \
        else \
          if [ -n "" ] ; then echo COMPILING da_wavelet.f90 WITHOUT OMP ; fi ; \
  time mpif90 -f90=gfortran -o da_wavelet.o -c -O2 -ftree-vectorize -funroll-loops -w -ffree-form -ffree-line-length-none -fconvert=big-endian -frecord-marker=4  -fdefault-real-8 da_wavelet.f ; \
        fi

real	0m0.175s
user	0m0.124s
sys	0m0.028s
rm -f da_tools_serial.o
/gpfs/fs1/work/weisun/2019/github/WRFV4-myfork/tools/standard.exe da_tools_serial.f90 > da_tools_serial.b
/lib/cpp -P -nostdinc -DEM_CORE=1 -DNMM_CORE=0 -DNMM_MAX_DIM=2600 -DCOAMPS_CORE=0 -DDA_CORE=1 -DEXP_CORE=0 -DIWORDSIZE=4 -DDWORDSIZE=8 -DRWORDSIZE=8 -DLWORDSIZE=4 -DNONSTANDARD_SYSTEM_SUBR  -DWRF_USE_CLM -DBUFR   -DFFTPACK -DNORESHAPE -DDM_PARALLEL -DNETCDF -DCRTM -DHDF5 -DUSE_ALLOCATABLES -DGRIB1 -DINTIO -DKEEP_INT_AROUND -DLIMIT_ARGS -DCONFIG_BUF_LEN=65536 -DMAX_DOMAINS_F=21 -DMAX_HISTORY=25 -DNMM_NEST=0 -DWRF_CHEM -DBUILD_CHEM=1 -I. -traditional-cpp   -I/gpfs/fs1/work/weisun/2019/github/WRFV4-myfork/inc da_tools_serial.b  > da_tools_serial.f
rm -f gsi_thinning.o
/gpfs/fs1/work/weisun/2019/github/WRFV4-myfork/tools/standard.exe gsi_thinning.f90 > gsi_thinning.b
rm -f da_tools_serial.b
/lib/cpp -P -nostdinc -DEM_CORE=1 -DNMM_CORE=0 -DNMM_MAX_DIM=2600 -DCOAMPS_CORE=0 -DDA_CORE=1 -DEXP_CORE=0 -DIWORDSIZE=4 -DDWORDSIZE=8 -DRWORDSIZE=8 -DLWORDSIZE=4 -DNONSTANDARD_SYSTEM_SUBR  -DWRF_USE_CLM -DBUFR   -DFFTPACK -DNORESHAPE -DDM_PARALLEL -DNETCDF -DCRTM -DHDF5 -DUSE_ALLOCATABLES -DGRIB1 -DINTIO -DKEEP_INT_AROUND -DLIMIT_ARGS -DCONFIG_BUF_LEN=65536 -DMAX_DOMAINS_F=21 -DMAX_HISTORY=25 -DNMM_NEST=0 -DWRF_CHEM -DBUILD_CHEM=1 -I. -traditional-cpp   -I/gpfs/fs1/work/weisun/2019/github/WRFV4-myfork/inc gsi_thinning.b  > gsi_thinning.f
if fgrep -iq '!$OMP' da_tools_serial.f ; then \
          if [ -n "" ] ; then echo COMPILING da_tools_serial.f90 WITH OMP ; fi ; \
  time mpif90 -f90=gfortran -o da_tools_serial.o -c -O2 -ftree-vectorize -funroll-loops -w -ffree-form -ffree-line-length-none -fconvert=big-endian -frecord-marker=4   -fdefault-real-8 da_tools_serial.f ; \
        else \
          if [ -n "" ] ; then echo COMPILING da_tools_serial.f90 WITHOUT OMP ; fi ; \
  time mpif90 -f90=gfortran -o da_tools_serial.o -c -O2 -ftree-vectorize -funroll-loops -w -ffree-form -ffree-line-length-none -fconvert=big-endian -frecord-marker=4  -fdefault-real-8 da_tools_serial.f ; \
        fi
rm -f gsi_thinning.b
if fgrep -iq '!$OMP' gsi_thinning.f ; then \
          if [ -n "" ] ; then echo COMPILING gsi_thinning.f90 WITH OMP ; fi ; \
  time mpif90 -f90=gfortran -o gsi_thinning.o -c -O2 -ftree-vectorize -funroll-loops -w -ffree-form -ffree-line-length-none -fconvert=big-endian -frecord-marker=4   -fdefault-real-8 gsi_thinning.f ; \
        else \
          if [ -n "" ] ; then echo COMPILING gsi_thinning.f90 WITHOUT OMP ; fi ; \
  time mpif90 -f90=gfortran -o gsi_thinning.o -c -O2 -ftree-vectorize -funroll-loops -w -ffree-form -ffree-line-length-none -fconvert=big-endian -frecord-marker=4  -fdefault-real-8 gsi_thinning.f ; \
        fi

real	0m0.137s
user	0m0.088s
sys	0m0.028s
rm -f module_radiance.o
/gpfs/fs1/work/weisun/2019/github/WRFV4-myfork/tools/standard.exe module_radiance.f90 > module_radiance.b
/lib/cpp -P -nostdinc -DEM_CORE=1 -DNMM_CORE=0 -DNMM_MAX_DIM=2600 -DCOAMPS_CORE=0 -DDA_CORE=1 -DEXP_CORE=0 -DIWORDSIZE=4 -DDWORDSIZE=8 -DRWORDSIZE=8 -DLWORDSIZE=4 -DNONSTANDARD_SYSTEM_SUBR  -DWRF_USE_CLM -DBUFR   -DFFTPACK -DNORESHAPE -DDM_PARALLEL -DNETCDF -DCRTM -DHDF5 -DUSE_ALLOCATABLES -DGRIB1 -DINTIO -DKEEP_INT_AROUND -DLIMIT_ARGS -DCONFIG_BUF_LEN=65536 -DMAX_DOMAINS_F=21 -DMAX_HISTORY=25 -DNMM_NEST=0 -DWRF_CHEM -DBUILD_CHEM=1 -I. -traditional-cpp   -I/gpfs/fs1/work/weisun/2019/github/WRFV4-myfork/inc   module_radiance.b  > module_radiance.f
rm -f module_radiance.b
if fgrep -iq '!$OMP' module_radiance.f ; then \
          if [ -n "" ] ; then echo COMPILING module_radiance.f90 WITH OMP ; fi ; \
  time mpif90 -f90=gfortran -c -O2 -ftree-vectorize -funroll-loops -w -ffree-form -ffree-line-length-none -fconvert=big-endian -frecord-marker=4   -fdefault-real-8 -I../external/crtm_2.2.3/libsrc   -I/glade/u/apps/ch/modulefiles/default/intel/17.0.1/hdf5/1.8.18.lua/include module_radiance.f ; \
        else \
if [ -n "" ] ; then echo COMPILING module_radiance.f90 WITHOUT OMP ; fi ; \
  time mpif90 -f90=gfortran -c -O2 -ftree-vectorize -funroll-loops -w -ffree-form -ffree-line-length-none -fconvert=big-endian -frecord-marker=4  -fdefault-real-8 -I../external/crtm_2.2.3/libsrc   -I/glade/u/apps/ch/modulefiles/default/intel/17.0.1/hdf5/1.8.18.lua/include module_radiance.f ; \
        fi
f951: Warning: Include directory ‘/glade/u/apps/ch/modulefiles/default/intel/17.0.1/hdf5/1.8.18.lua/include’: Not a directory

real	0m0.125s
user	0m0.084s
sys	0m0.016s
rm -f module_quilt_outbuf_ops.o
sed -e "s/grid%mu/gridmu/g" -e "s/grid%Mu/gridMu/g" -e "s/^\!.*'.*//" -e "s/^ *\!.*'.*//" module_quilt_outbuf_ops.F > module_quilt_outbuf_ops.G
/lib/cpp -P -nostdinc -I/gpfs/fs1/work/weisun/2019/github/WRFV4-myfork/inc -DEM_CORE=1 -DNMM_CORE=0 -DNMM_MAX_DIM=2600 -DCOAMPS_CORE=0 -DDA_CORE=1 -DEXP_CORE=0 -DIWORDSIZE=4 -DDWORDSIZE=8 -DRWORDSIZE=8 -DLWORDSIZE=4 -DNONSTANDARD_SYSTEM_SUBR  -DWRF_USE_CLM -DBUFR   -DFFTPACK -DNORESHAPE -DDM_PARALLEL -DNETCDF -DCRTM -DHDF5 -DUSE_ALLOCATABLES -DGRIB1 -DINTIO -DKEEP_INT_AROUND -DLIMIT_ARGS -DCONFIG_BUF_LEN=65536 -DMAX_DOMAINS_F=21 -DMAX_HISTORY=25 -DNMM_NEST=0 -DWRF_CHEM -DBUILD_CHEM=1 -I. -traditional-cpp   module_quilt_outbuf_ops.G  > module_quilt_outbuf_ops.H
sed -e "s/gridmu/grid%mu/g" -e "s/gridMu/grid%Mu/g" module_quilt_outbuf_ops.H > module_quilt_outbuf_ops.bb
/gpfs/fs1/work/weisun/2019/github/WRFV4-myfork/tools/standard.exe module_quilt_outbuf_ops.bb | /lib/cpp -P -nostdinc -traditional-cpp > module_quilt_outbuf_ops.f90
rm -f module_quilt_outbuf_ops.G module_quilt_outbuf_ops.H module_quilt_outbuf_ops.bb
time mpif90 -f90=gfortran -o module_quilt_outbuf_ops.o -c -O2 -ftree-vectorize -funroll-loops -w -ffree-form -ffree-line-length-none -fconvert=big-endian -frecord-marker=4    -fdefault-real-8  module_quilt_outbuf_ops.f90
rm -f da_update_bc_ad.o
/gpfs/fs1/work/weisun/2019/github/WRFV4-myfork/tools/standard.exe da_update_bc_ad.f90 > da_update_bc_ad.b
/lib/cpp -P -nostdinc -DEM_CORE=1 -DNMM_CORE=0 -DNMM_MAX_DIM=2600 -DCOAMPS_CORE=0 -DDA_CORE=1 -DEXP_CORE=0 -DIWORDSIZE=4 -DDWORDSIZE=8 -DRWORDSIZE=8 -DLWORDSIZE=4 -DNONSTANDARD_SYSTEM_SUBR  -DWRF_USE_CLM -DBUFR   -DFFTPACK -DNORESHAPE -DDM_PARALLEL -DNETCDF -DCRTM -DHDF5 -DUSE_ALLOCATABLES -DGRIB1 -DINTIO -DKEEP_INT_AROUND -DLIMIT_ARGS -DCONFIG_BUF_LEN=65536 -DMAX_DOMAINS_F=21 -DMAX_HISTORY=25 -DNMM_NEST=0 -DWRF_CHEM -DBUILD_CHEM=1 -I. -traditional-cpp   -I/gpfs/fs1/work/weisun/2019/github/WRFV4-myfork/inc -I/glade/u/apps/ch/opt/netcdf/4.6.1/gnu/6.3.0//include da_update_bc_ad.b  > da_update_bc_ad.f
rm -f da_update_bc_ad.b
gfortran -c -O2 -ftree-vectorize -funroll-loops -w -ffree-form -ffree-line-length-none -fconvert=big-endian -frecord-marker=4  -fdefault-real-8 -I/glade/u/apps/ch/opt/netcdf/4.6.1/gnu/6.3.0//include da_update_bc_ad.f

real	0m0.412s
user	0m0.360s
sys	0m0.028s
rm -f gen_be_ensmean.o
/gpfs/fs1/work/weisun/2019/github/WRFV4-myfork/tools/standard.exe gen_be_ensmean.f90 > gen_be_ensmean.b
/lib/cpp -P -nostdinc -DEM_CORE=1 -DNMM_CORE=0 -DNMM_MAX_DIM=2600 -DCOAMPS_CORE=0 -DDA_CORE=1 -DEXP_CORE=0 -DIWORDSIZE=4 -DDWORDSIZE=8 -DRWORDSIZE=8 -DLWORDSIZE=4 -DNONSTANDARD_SYSTEM_SUBR  -DWRF_USE_CLM -DBUFR   -DFFTPACK -DNORESHAPE -DDM_PARALLEL -DNETCDF -DCRTM -DHDF5 -DUSE_ALLOCATABLES -DGRIB1 -DINTIO -DKEEP_INT_AROUND -DLIMIT_ARGS -DCONFIG_BUF_LEN=65536 -DMAX_DOMAINS_F=21 -DMAX_HISTORY=25 -DNMM_NEST=0 -DWRF_CHEM -DBUILD_CHEM=1 -I. -traditional-cpp   -I/gpfs/fs1/work/weisun/2019/github/WRFV4-myfork/inc -I/glade/u/apps/ch/opt/netcdf/4.6.1/gnu/6.3.0//include gen_be_ensmean.b  > gen_be_ensmean.f
rm -f gen_be_ensmean.b
gfortran -c -O2 -ftree-vectorize -funroll-loops -w -ffree-form -ffree-line-length-none -fconvert=big-endian -frecord-marker=4  -fdefault-real-8 gen_be_ensmean.f

real	0m0.573s
user	0m0.512s
sys	0m0.036s
gfortran  -O2 -ftree-vectorize -funroll-loops -w -ffree-form -ffree-line-length-none -fconvert=big-endian -frecord-marker=4    -o da_tune_obs_hollingsworth2.exe da_tune_obs_hollingsworth2.o da_control.o \
    module_driver_constants.o
gfortran  -O2 -ftree-vectorize -funroll-loops -w -ffree-form -ffree-line-length-none -fconvert=big-endian -frecord-marker=4    -o da_tune_obs_desroziers.exe da_tune_obs_desroziers.o
rm -f da_verif_obs.o
/gpfs/fs1/work/weisun/2019/github/WRFV4-myfork/tools/standard.exe da_verif_obs.f90 > da_verif_obs.b
gfortran  -O2 -ftree-vectorize -funroll-loops -w -ffree-form -ffree-line-length-none -fconvert=big-endian -frecord-marker=4    -o  da_bias_airmass.exe da_bias_airmass.o rad_bias.o pythag.o tqli.o tred2.o regress_one.o
/lib/cpp -P -nostdinc -DEM_CORE=1 -DNMM_CORE=0 -DNMM_MAX_DIM=2600 -DCOAMPS_CORE=0 -DDA_CORE=1 -DEXP_CORE=0 -DIWORDSIZE=4 -DDWORDSIZE=8 -DRWORDSIZE=8 -DLWORDSIZE=4 -DNONSTANDARD_SYSTEM_SUBR  -DWRF_USE_CLM -DBUFR   -DFFTPACK -DNORESHAPE -DDM_PARALLEL -DNETCDF -DCRTM -DHDF5 -DUSE_ALLOCATABLES -DGRIB1 -DINTIO -DKEEP_INT_AROUND -DLIMIT_ARGS -DCONFIG_BUF_LEN=65536 -DMAX_DOMAINS_F=21 -DMAX_HISTORY=25 -DNMM_NEST=0 -DWRF_CHEM -DBUILD_CHEM=1 -I. -traditional-cpp   -I/gpfs/fs1/work/weisun/2019/github/WRFV4-myfork/inc -I/glade/u/apps/ch/opt/netcdf/4.6.1/gnu/6.3.0//include da_verif_obs.b  > da_verif_obs.f
gfortran  -O2 -ftree-vectorize -funroll-loops -w -ffree-form -ffree-line-length-none -fconvert=big-endian -frecord-marker=4    -o da_bias_sele.exe da_bias_sele.o rad_bias.o
rm -f da_verif_obs.b
gfortran -c -O2 -ftree-vectorize -funroll-loops -w -ffree-form -ffree-line-length-none -fconvert=big-endian -frecord-marker=4  -fdefault-real-8 -I/glade/u/apps/ch/opt/netcdf/4.6.1/gnu/6.3.0//include da_verif_obs.f
gfortran  -O2 -ftree-vectorize -funroll-loops -w -ffree-form -ffree-line-length-none -fconvert=big-endian -frecord-marker=4    -o da_bias_scan.exe da_bias_scan.o rad_bias.o
gfortran  -O2 -ftree-vectorize -funroll-loops -w -ffree-form -ffree-line-length-none -fconvert=big-endian -frecord-marker=4    -o da_bias_verif.exe da_bias_verif.o rad_bias.o
gfortran  -O2 -ftree-vectorize -funroll-loops -w -ffree-form -ffree-line-length-none -fconvert=big-endian -frecord-marker=4    -o da_rad_diags.exe da_rad_diags.o -L/gpfs/fs1/work/weisun/2019/github/WRFV4-myfork/external/io_netcdf -lwrfio_nf -L/glade/u/apps/ch/opt/netcdf/4.6.1/gnu/6.3.0//lib -lnetcdff -lnetcdf     -L/glade/u/apps/ch/modulefiles/default/intel/17.0.1/hdf5/1.8.18.lua/lib -lhdf5_fortran -lhdf5 -lm -lz
rm -f da_tracing.o
/gpfs/fs1/work/weisun/2019/github/WRFV4-myfork/tools/standard.exe da_tracing.f90 > da_tracing.b
/lib/cpp -P -nostdinc -DEM_CORE=1 -DNMM_CORE=0 -DNMM_MAX_DIM=2600 -DCOAMPS_CORE=0 -DDA_CORE=1 -DEXP_CORE=0 -DIWORDSIZE=4 -DDWORDSIZE=8 -DRWORDSIZE=8 -DLWORDSIZE=4 -DNONSTANDARD_SYSTEM_SUBR  -DWRF_USE_CLM -DBUFR   -DFFTPACK -DNORESHAPE -DDM_PARALLEL -DNETCDF -DCRTM -DHDF5 -DUSE_ALLOCATABLES -DGRIB1 -DINTIO -DKEEP_INT_AROUND -DLIMIT_ARGS -DCONFIG_BUF_LEN=65536 -DMAX_DOMAINS_F=21 -DMAX_HISTORY=25 -DNMM_NEST=0 -DWRF_CHEM -DBUILD_CHEM=1 -I. -traditional-cpp   -I/gpfs/fs1/work/weisun/2019/github/WRFV4-myfork/inc da_tracing.b  > da_tracing.f
rm -f da_tracing.b
if fgrep -iq '!$OMP' da_tracing.f ; then \
          if [ -n "" ] ; then echo COMPILING da_tracing.f90 WITH OMP ; fi ; \
  time mpif90 -f90=gfortran -o da_tracing.o -c -O2 -ftree-vectorize -funroll-loops -w -ffree-form -ffree-line-length-none -fconvert=big-endian -frecord-marker=4   -fdefault-real-8 da_tracing.f ; \
        else \
          if [ -n "" ] ; then echo COMPILING da_tracing.f90 WITHOUT OMP ; fi ; \
  time mpif90 -f90=gfortran -o da_tracing.o -c -O2 -ftree-vectorize -funroll-loops -w -ffree-form -ffree-line-length-none -fconvert=big-endian -frecord-marker=4  -fdefault-real-8 da_tracing.f ; \
        fi
gfortran  -O2 -ftree-vectorize -funroll-loops -w -ffree-form -ffree-line-length-none -fconvert=big-endian -frecord-marker=4    -o da_update_bc.exe da_update_bc.o \
           da_netcdf_interface.o \
           da_module_couple_uv.o -L/gpfs/fs1/work/weisun/2019/github/WRFV4-myfork/external/io_netcdf -lwrfio_nf -L/glade/u/apps/ch/opt/netcdf/4.6.1/gnu/6.3.0//lib -lnetcdff -lnetcdf     -L/glade/u/apps/ch/modulefiles/default/intel/17.0.1/hdf5/1.8.18.lua/lib -lhdf5_fortran -lhdf5 -lm -lz
rm -f gen_be_stage4_regional.o
/gpfs/fs1/work/weisun/2019/github/WRFV4-myfork/tools/standard.exe gen_be_stage4_regional.f90 > gen_be_stage4_regional.b
/lib/cpp -P -nostdinc -DEM_CORE=1 -DNMM_CORE=0 -DNMM_MAX_DIM=2600 -DCOAMPS_CORE=0 -DDA_CORE=1 -DEXP_CORE=0 -DIWORDSIZE=4 -DDWORDSIZE=8 -DRWORDSIZE=8 -DLWORDSIZE=4 -DNONSTANDARD_SYSTEM_SUBR  -DWRF_USE_CLM -DBUFR   -DFFTPACK -DNORESHAPE -DDM_PARALLEL -DNETCDF -DCRTM -DHDF5 -DUSE_ALLOCATABLES -DGRIB1 -DINTIO -DKEEP_INT_AROUND -DLIMIT_ARGS -DCONFIG_BUF_LEN=65536 -DMAX_DOMAINS_F=21 -DMAX_HISTORY=25 -DNMM_NEST=0 -DWRF_CHEM -DBUILD_CHEM=1 -I. -traditional-cpp   -I/gpfs/fs1/work/weisun/2019/github/WRFV4-myfork/inc gen_be_stage4_regional.b  > gen_be_stage4_regional.f
0.94user 0.04system 0:01.01elapsed 97%CPU (0avgtext+0avgdata 43712maxresident)k
0inputs+0outputs (0major+20646minor)pagefaults 0swaps
rm -f gen_be_cov3d.o
/gpfs/fs1/work/weisun/2019/github/WRFV4-myfork/tools/standard.exe gen_be_cov3d.f90 > gen_be_cov3d.b
rm -f gen_be_cov3d3d_bin3d_contrib.o
/gpfs/fs1/work/weisun/2019/github/WRFV4-myfork/tools/standard.exe gen_be_cov3d3d_bin3d_contrib.f90 > gen_be_cov3d3d_bin3d_contrib.b
rm -f gen_be_stage4_regional.b
/lib/cpp -P -nostdinc -DEM_CORE=1 -DNMM_CORE=0 -DNMM_MAX_DIM=2600 -DCOAMPS_CORE=0 -DDA_CORE=1 -DEXP_CORE=0 -DIWORDSIZE=4 -DDWORDSIZE=8 -DRWORDSIZE=8 -DLWORDSIZE=4 -DNONSTANDARD_SYSTEM_SUBR  -DWRF_USE_CLM -DBUFR   -DFFTPACK -DNORESHAPE -DDM_PARALLEL -DNETCDF -DCRTM -DHDF5 -DUSE_ALLOCATABLES -DGRIB1 -DINTIO -DKEEP_INT_AROUND -DLIMIT_ARGS -DCONFIG_BUF_LEN=65536 -DMAX_DOMAINS_F=21 -DMAX_HISTORY=25 -DNMM_NEST=0 -DWRF_CHEM -DBUILD_CHEM=1 -I. -traditional-cpp   -I/gpfs/fs1/work/weisun/2019/github/WRFV4-myfork/inc gen_be_cov3d.b  > gen_be_cov3d.f
if fgrep -iq '!$OMP' gen_be_stage4_regional.f ; then \
          if [ -n "" ] ; then echo COMPILING gen_be_stage4_regional.f90 WITH OMP ; fi ; \
  time mpif90 -f90=gfortran -o gen_be_stage4_regional.o -c -O2 -ftree-vectorize -funroll-loops -w -ffree-form -ffree-line-length-none -fconvert=big-endian -frecord-marker=4   -fdefault-real-8 gen_be_stage4_regional.f ; \
        else \
          if [ -n "" ] ; then echo COMPILING gen_be_stage4_regional.f90 WITHOUT OMP ; fi ; \
  time mpif90 -f90=gfortran -o gen_be_stage4_regional.o -c -O2 -ftree-vectorize -funroll-loops -w -ffree-form -ffree-line-length-none -fconvert=big-endian -frecord-marker=4  -fdefault-real-8 gen_be_stage4_regional.f ; \
        fi
/lib/cpp -P -nostdinc -DEM_CORE=1 -DNMM_CORE=0 -DNMM_MAX_DIM=2600 -DCOAMPS_CORE=0 -DDA_CORE=1 -DEXP_CORE=0 -DIWORDSIZE=4 -DDWORDSIZE=8 -DRWORDSIZE=8 -DLWORDSIZE=4 -DNONSTANDARD_SYSTEM_SUBR  -DWRF_USE_CLM -DBUFR   -DFFTPACK -DNORESHAPE -DDM_PARALLEL -DNETCDF -DCRTM -DHDF5 -DUSE_ALLOCATABLES -DGRIB1 -DINTIO -DKEEP_INT_AROUND -DLIMIT_ARGS -DCONFIG_BUF_LEN=65536 -DMAX_DOMAINS_F=21 -DMAX_HISTORY=25 -DNMM_NEST=0 -DWRF_CHEM -DBUILD_CHEM=1 -I. -traditional-cpp   -I/gpfs/fs1/work/weisun/2019/github/WRFV4-myfork/inc gen_be_cov3d3d_bin3d_contrib.b  > gen_be_cov3d3d_bin3d_contrib.f
rm -f gen_be_cov3d.b
if fgrep -iq '!$OMP' gen_be_cov3d.f ; then \
          if [ -n "" ] ; then echo COMPILING gen_be_cov3d.f90 WITH OMP ; fi ; \
  time mpif90 -f90=gfortran -o gen_be_cov3d.o -c -O2 -ftree-vectorize -funroll-loops -w -ffree-form -ffree-line-length-none -fconvert=big-endian -frecord-marker=4   -fdefault-real-8 gen_be_cov3d.f ; \
        else \
          if [ -n "" ] ; then echo COMPILING gen_be_cov3d.f90 WITHOUT OMP ; fi ; \
  time mpif90 -f90=gfortran -o gen_be_cov3d.o -c -O2 -ftree-vectorize -funroll-loops -w -ffree-form -ffree-line-length-none -fconvert=big-endian -frecord-marker=4  -fdefault-real-8 gen_be_cov3d.f ; \
        fi
rm -f gen_be_cov3d3d_bin3d_contrib.b
if fgrep -iq '!$OMP' gen_be_cov3d3d_bin3d_contrib.f ; then \
          if [ -n "" ] ; then echo COMPILING gen_be_cov3d3d_bin3d_contrib.f90 WITH OMP ; fi ; \
  time mpif90 -f90=gfortran -o gen_be_cov3d3d_bin3d_contrib.o -c -O2 -ftree-vectorize -funroll-loops -w -ffree-form -ffree-line-length-none -fconvert=big-endian -frecord-marker=4   -fdefault-real-8 gen_be_cov3d3d_bin3d_contrib.f ; \
        else \
          if [ -n "" ] ; then echo COMPILING gen_be_cov3d3d_bin3d_contrib.f90 WITHOUT OMP ; fi ; \
  time mpif90 -f90=gfortran -o gen_be_cov3d3d_bin3d_contrib.o -c -O2 -ftree-vectorize -funroll-loops -w -ffree-form -ffree-line-length-none -fconvert=big-endian -frecord-marker=4  -fdefault-real-8 gen_be_cov3d3d_bin3d_contrib.f ; \
        fi
rm -f gen_be_cov3d3d_contrib.o
/gpfs/fs1/work/weisun/2019/github/WRFV4-myfork/tools/standard.exe gen_be_cov3d3d_contrib.f90 > gen_be_cov3d3d_contrib.b
/lib/cpp -P -nostdinc -DEM_CORE=1 -DNMM_CORE=0 -DNMM_MAX_DIM=2600 -DCOAMPS_CORE=0 -DDA_CORE=1 -DEXP_CORE=0 -DIWORDSIZE=4 -DDWORDSIZE=8 -DRWORDSIZE=8 -DLWORDSIZE=4 -DNONSTANDARD_SYSTEM_SUBR  -DWRF_USE_CLM -DBUFR   -DFFTPACK -DNORESHAPE -DDM_PARALLEL -DNETCDF -DCRTM -DHDF5 -DUSE_ALLOCATABLES -DGRIB1 -DINTIO -DKEEP_INT_AROUND -DLIMIT_ARGS -DCONFIG_BUF_LEN=65536 -DMAX_DOMAINS_F=21 -DMAX_HISTORY=25 -DNMM_NEST=0 -DWRF_CHEM -DBUILD_CHEM=1 -I. -traditional-cpp   -I/gpfs/fs1/work/weisun/2019/github/WRFV4-myfork/inc gen_be_cov3d3d_contrib.b  > gen_be_cov3d3d_contrib.f
rm -f gen_be_cov3d3d_contrib.b
if fgrep -iq '!$OMP' gen_be_cov3d3d_contrib.f ; then \
          if [ -n "" ] ; then echo COMPILING gen_be_cov3d3d_contrib.f90 WITH OMP ; fi ; \
  time mpif90 -f90=gfortran -o gen_be_cov3d3d_contrib.o -c -O2 -ftree-vectorize -funroll-loops -w -ffree-form -ffree-line-length-none -fconvert=big-endian -frecord-marker=4   -fdefault-real-8 gen_be_cov3d3d_contrib.f ; \
        else \
          if [ -n "" ] ; then echo COMPILING gen_be_cov3d3d_contrib.f90 WITHOUT OMP ; fi ; \
  time mpif90 -f90=gfortran -o gen_be_cov3d3d_contrib.o -c -O2 -ftree-vectorize -funroll-loops -w -ffree-form -ffree-line-length-none -fconvert=big-endian -frecord-marker=4  -fdefault-real-8 gen_be_cov3d3d_contrib.f ; \
        fi
rm -f gen_be_cov2d3d_contrib.o
/gpfs/fs1/work/weisun/2019/github/WRFV4-myfork/tools/standard.exe gen_be_cov2d3d_contrib.f90 > gen_be_cov2d3d_contrib.b
/lib/cpp -P -nostdinc -DEM_CORE=1 -DNMM_CORE=0 -DNMM_MAX_DIM=2600 -DCOAMPS_CORE=0 -DDA_CORE=1 -DEXP_CORE=0 -DIWORDSIZE=4 -DDWORDSIZE=8 -DRWORDSIZE=8 -DLWORDSIZE=4 -DNONSTANDARD_SYSTEM_SUBR  -DWRF_USE_CLM -DBUFR   -DFFTPACK -DNORESHAPE -DDM_PARALLEL -DNETCDF -DCRTM -DHDF5 -DUSE_ALLOCATABLES -DGRIB1 -DINTIO -DKEEP_INT_AROUND -DLIMIT_ARGS -DCONFIG_BUF_LEN=65536 -DMAX_DOMAINS_F=21 -DMAX_HISTORY=25 -DNMM_NEST=0 -DWRF_CHEM -DBUILD_CHEM=1 -I. -traditional-cpp   -I/gpfs/fs1/work/weisun/2019/github/WRFV4-myfork/inc gen_be_cov2d3d_contrib.b  > gen_be_cov2d3d_contrib.f
rm -f gen_be_cov2d3d_contrib.b
if fgrep -iq '!$OMP' gen_be_cov2d3d_contrib.f ; then \
          if [ -n "" ] ; then echo COMPILING gen_be_cov2d3d_contrib.f90 WITH OMP ; fi ; \
  time mpif90 -f90=gfortran -o gen_be_cov2d3d_contrib.o -c -O2 -ftree-vectorize -funroll-loops -w -ffree-form -ffree-line-length-none -fconvert=big-endian -frecord-marker=4   -fdefault-real-8 gen_be_cov2d3d_contrib.f ; \
        else \
          if [ -n "" ] ; then echo COMPILING gen_be_cov2d3d_contrib.f90 WITHOUT OMP ; fi ; \
  time mpif90 -f90=gfortran -o gen_be_cov2d3d_contrib.o -c -O2 -ftree-vectorize -funroll-loops -w -ffree-form -ffree-line-length-none -fconvert=big-endian -frecord-marker=4  -fdefault-real-8 gen_be_cov2d3d_contrib.f ; \
        fi

real	0m0.353s
user	0m0.296s
sys	0m0.032s
rm -f gen_be_cov3d2d_contrib.o
/gpfs/fs1/work/weisun/2019/github/WRFV4-myfork/tools/standard.exe gen_be_cov3d2d_contrib.f90 > gen_be_cov3d2d_contrib.b
/lib/cpp -P -nostdinc -DEM_CORE=1 -DNMM_CORE=0 -DNMM_MAX_DIM=2600 -DCOAMPS_CORE=0 -DDA_CORE=1 -DEXP_CORE=0 -DIWORDSIZE=4 -DDWORDSIZE=8 -DRWORDSIZE=8 -DLWORDSIZE=4 -DNONSTANDARD_SYSTEM_SUBR  -DWRF_USE_CLM -DBUFR   -DFFTPACK -DNORESHAPE -DDM_PARALLEL -DNETCDF -DCRTM -DHDF5 -DUSE_ALLOCATABLES -DGRIB1 -DINTIO -DKEEP_INT_AROUND -DLIMIT_ARGS -DCONFIG_BUF_LEN=65536 -DMAX_DOMAINS_F=21 -DMAX_HISTORY=25 -DNMM_NEST=0 -DWRF_CHEM -DBUILD_CHEM=1 -I. -traditional-cpp   -I/gpfs/fs1/work/weisun/2019/github/WRFV4-myfork/inc gen_be_cov3d2d_contrib.b  > gen_be_cov3d2d_contrib.f
rm -f gen_be_cov3d2d_contrib.b
if fgrep -iq '!$OMP' gen_be_cov3d2d_contrib.f ; then \
          if [ -n "" ] ; then echo COMPILING gen_be_cov3d2d_contrib.f90 WITH OMP ; fi ; \
  time mpif90 -f90=gfortran -o gen_be_cov3d2d_contrib.o -c -O2 -ftree-vectorize -funroll-loops -w -ffree-form -ffree-line-length-none -fconvert=big-endian -frecord-marker=4   -fdefault-real-8 gen_be_cov3d2d_contrib.f ; \
        else \
          if [ -n "" ] ; then echo COMPILING gen_be_cov3d2d_contrib.f90 WITHOUT OMP ; fi ; \
  time mpif90 -f90=gfortran -o gen_be_cov3d2d_contrib.o -c -O2 -ftree-vectorize -funroll-loops -w -ffree-form -ffree-line-length-none -fconvert=big-endian -frecord-marker=4  -fdefault-real-8 gen_be_cov3d2d_contrib.f ; \
        fi

real	0m0.471s
user	0m0.420s
sys	0m0.028s
rm -f gen_be_hist.o
gfortran  -O2 -ftree-vectorize -funroll-loops -w -ffree-form -ffree-line-length-none -fconvert=big-endian -frecord-marker=4    -o da_tune_obs_hollingsworth1.exe da_tune_obs_hollingsworth1.o da_control.o \
   module_driver_constants.o
/gpfs/fs1/work/weisun/2019/github/WRFV4-myfork/tools/standard.exe gen_be_hist.f90 > gen_be_hist.b
gfortran  -O2 -ftree-vectorize -funroll-loops -w -ffree-form -ffree-line-length-none -fconvert=big-endian -frecord-marker=4    -o da_verif_obs.exe da_verif_obs.o da_verif_obs_control.o da_verif_obs_init.o da_verif_tools.o -L/gpfs/fs1/work/weisun/2019/github/WRFV4-myfork/external/io_netcdf -lwrfio_nf -L/glade/u/apps/ch/opt/netcdf/4.6.1/gnu/6.3.0//lib -lnetcdff -lnetcdf     -L/glade/u/apps/ch/modulefiles/default/intel/17.0.1/hdf5/1.8.18.lua/lib -lhdf5_fortran -lhdf5 -lm -lz
/lib/cpp -P -nostdinc -DEM_CORE=1 -DNMM_CORE=0 -DNMM_MAX_DIM=2600 -DCOAMPS_CORE=0 -DDA_CORE=1 -DEXP_CORE=0 -DIWORDSIZE=4 -DDWORDSIZE=8 -DRWORDSIZE=8 -DLWORDSIZE=4 -DNONSTANDARD_SYSTEM_SUBR  -DWRF_USE_CLM -DBUFR   -DFFTPACK -DNORESHAPE -DDM_PARALLEL -DNETCDF -DCRTM -DHDF5 -DUSE_ALLOCATABLES -DGRIB1 -DINTIO -DKEEP_INT_AROUND -DLIMIT_ARGS -DCONFIG_BUF_LEN=65536 -DMAX_DOMAINS_F=21 -DMAX_HISTORY=25 -DNMM_NEST=0 -DWRF_CHEM -DBUILD_CHEM=1 -I. -traditional-cpp   -I/gpfs/fs1/work/weisun/2019/github/WRFV4-myfork/inc gen_be_hist.b  > gen_be_hist.f
rm -f gen_be_hist.b
if fgrep -iq '!$OMP' gen_be_hist.f ; then \
          if [ -n "" ] ; then echo COMPILING gen_be_hist.f90 WITH OMP ; fi ; \
  time mpif90 -f90=gfortran -o gen_be_hist.o -c -O2 -ftree-vectorize -funroll-loops -w -ffree-form -ffree-line-length-none -fconvert=big-endian -frecord-marker=4   -fdefault-real-8 gen_be_hist.f ; \
        else \
          if [ -n "" ] ; then echo COMPILING gen_be_hist.f90 WITHOUT OMP ; fi ; \
  time mpif90 -f90=gfortran -o gen_be_hist.o -c -O2 -ftree-vectorize -funroll-loops -w -ffree-form -ffree-line-length-none -fconvert=big-endian -frecord-marker=4  -fdefault-real-8 gen_be_hist.f ; \
        fi
gfortran  -O2 -ftree-vectorize -funroll-loops -w -ffree-form -ffree-line-length-none -fconvert=big-endian -frecord-marker=4    -o da_verif_grid.exe da_verif_grid.o da_netcdf_interface.o \
           da_verif_grid_control.o -L/gpfs/fs1/work/weisun/2019/github/WRFV4-myfork/external/io_netcdf -lwrfio_nf -L/glade/u/apps/ch/opt/netcdf/4.6.1/gnu/6.3.0//lib -lnetcdff -lnetcdf     -L/glade/u/apps/ch/modulefiles/default/intel/17.0.1/hdf5/1.8.18.lua/lib -lhdf5_fortran -lhdf5 -lm -lz
gfortran  -O2 -ftree-vectorize -funroll-loops -w -ffree-form -ffree-line-length-none -fconvert=big-endian -frecord-marker=4    -o da_update_bc_ad.exe da_update_bc_ad.o \
           da_netcdf_interface.o da_module_couple_uv.o \
           da_module_couple_uv_ad.o -L/gpfs/fs1/work/weisun/2019/github/WRFV4-myfork/external/io_netcdf -lwrfio_nf -L/glade/u/apps/ch/opt/netcdf/4.6.1/gnu/6.3.0//lib -lnetcdff -lnetcdf     -L/glade/u/apps/ch/modulefiles/default/intel/17.0.1/hdf5/1.8.18.lua/lib -lhdf5_fortran -lhdf5 -lm -lz

real	0m0.613s
user	0m0.552s
sys	0m0.036s
rm -f da_gen_be.o
/gpfs/fs1/work/weisun/2019/github/WRFV4-myfork/tools/standard.exe da_gen_be.f90 > da_gen_be.b
/lib/cpp -P -nostdinc -DEM_CORE=1 -DNMM_CORE=0 -DNMM_MAX_DIM=2600 -DCOAMPS_CORE=0 -DDA_CORE=1 -DEXP_CORE=0 -DIWORDSIZE=4 -DDWORDSIZE=8 -DRWORDSIZE=8 -DLWORDSIZE=4 -DNONSTANDARD_SYSTEM_SUBR  -DWRF_USE_CLM -DBUFR   -DFFTPACK -DNORESHAPE -DDM_PARALLEL -DNETCDF -DCRTM -DHDF5 -DUSE_ALLOCATABLES -DGRIB1 -DINTIO -DKEEP_INT_AROUND -DLIMIT_ARGS -DCONFIG_BUF_LEN=65536 -DMAX_DOMAINS_F=21 -DMAX_HISTORY=25 -DNMM_NEST=0 -DWRF_CHEM -DBUILD_CHEM=1 -I. -traditional-cpp   -I/gpfs/fs1/work/weisun/2019/github/WRFV4-myfork/inc -I/glade/u/apps/ch/opt/netcdf/4.6.1/gnu/6.3.0//include da_gen_be.b  > da_gen_be.f
rm -f da_gen_be.b
gfortran -c -O2 -ftree-vectorize -funroll-loops -w -ffree-form -ffree-line-length-none -fconvert=big-endian -frecord-marker=4  -fdefault-real-8 da_gen_be.f

real	0m0.878s
user	0m0.816s
sys	0m0.044s

real	0m0.568s
user	0m0.512s
sys	0m0.036s

real	0m0.469s
user	0m0.416s
sys	0m0.028s

real	0m4.048s
user	0m3.912s
sys	0m0.108s
if [ -n "1" ] ;   then \
mpif90 -f90=gfortran -o gen_be_stage2_gsi.exe  -O2 -ftree-vectorize -funroll-loops -w -ffree-form -ffree-line-length-none -fconvert=big-endian -frecord-marker=4     gen_be_stage2_gsi.o  aero_mod.o ;\
else \
gfortran -o gen_be_stage2_gsi.exe  -O2 -ftree-vectorize -funroll-loops -w -ffree-form -ffree-line-length-none -fconvert=big-endian -frecord-marker=4     gen_be_stage2_gsi.o	aero_mod.o ;\
fi	

real	0m0.622s
user	0m0.568s
sys	0m0.032s

real	0m1.175s
user	0m1.108s
sys	0m0.044s
rm -f da_grid_definitions.o
/gpfs/fs1/work/weisun/2019/github/WRFV4-myfork/tools/standard.exe da_grid_definitions.f90 > da_grid_definitions.b
/lib/cpp -P -nostdinc -DEM_CORE=1 -DNMM_CORE=0 -DNMM_MAX_DIM=2600 -DCOAMPS_CORE=0 -DDA_CORE=1 -DEXP_CORE=0 -DIWORDSIZE=4 -DDWORDSIZE=8 -DRWORDSIZE=8 -DLWORDSIZE=4 -DNONSTANDARD_SYSTEM_SUBR  -DWRF_USE_CLM -DBUFR   -DFFTPACK -DNORESHAPE -DDM_PARALLEL -DNETCDF -DCRTM -DHDF5 -DUSE_ALLOCATABLES -DGRIB1 -DINTIO -DKEEP_INT_AROUND -DLIMIT_ARGS -DCONFIG_BUF_LEN=65536 -DMAX_DOMAINS_F=21 -DMAX_HISTORY=25 -DNMM_NEST=0 -DWRF_CHEM -DBUILD_CHEM=1 -I. -traditional-cpp   -I/gpfs/fs1/work/weisun/2019/github/WRFV4-myfork/inc da_grid_definitions.b  > da_grid_definitions.f
rm -f da_grid_definitions.b
if fgrep -iq '!$OMP' da_grid_definitions.f ; then \
          if [ -n "" ] ; then echo COMPILING da_grid_definitions.f90 WITH OMP ; fi ; \
  time mpif90 -f90=gfortran -o da_grid_definitions.o -c -O2 -ftree-vectorize -funroll-loops -w -ffree-form -ffree-line-length-none -fconvert=big-endian -frecord-marker=4   -fdefault-real-8 da_grid_definitions.f ; \
        else \
          if [ -n "" ] ; then echo COMPILING da_grid_definitions.f90 WITHOUT OMP ; fi ; \
  time mpif90 -f90=gfortran -o da_grid_definitions.o -c -O2 -ftree-vectorize -funroll-loops -w -ffree-form -ffree-line-length-none -fconvert=big-endian -frecord-marker=4  -fdefault-real-8 da_grid_definitions.f ; \
        fi

real	0m0.207s
user	0m0.148s
sys	0m0.036s
rm -f gen_be_stage0_wrf.o
rm -f da_etkf.o
rm -f da_be_spectral.o
rm -f gen_be_stage0_gsi.o
rm -f gen_be_ep1.o
/gpfs/fs1/work/weisun/2019/github/WRFV4-myfork/tools/standard.exe gen_be_stage0_wrf.f90 > gen_be_stage0_wrf.b
/gpfs/fs1/work/weisun/2019/github/WRFV4-myfork/tools/standard.exe da_etkf.f90 > da_etkf.b
/gpfs/fs1/work/weisun/2019/github/WRFV4-myfork/tools/standard.exe da_be_spectral.f90 > da_be_spectral.b
rm -f gen_be_ep2.o
/gpfs/fs1/work/weisun/2019/github/WRFV4-myfork/tools/standard.exe gen_be_stage0_gsi.f90 > gen_be_stage0_gsi.b
rm -f gen_be_stage1.o
/gpfs/fs1/work/weisun/2019/github/WRFV4-myfork/tools/standard.exe gen_be_ep1.f90 > gen_be_ep1.b
rm -f gen_be_vertloc.o
rm -f gen_be_stage1_gsi.o
/gpfs/fs1/work/weisun/2019/github/WRFV4-myfork/tools/standard.exe gen_be_ep2.f90 > gen_be_ep2.b
/gpfs/fs1/work/weisun/2019/github/WRFV4-myfork/tools/standard.exe gen_be_stage1.f90 > gen_be_stage1.b
/gpfs/fs1/work/weisun/2019/github/WRFV4-myfork/tools/standard.exe gen_be_vertloc.f90 > gen_be_vertloc.b
/gpfs/fs1/work/weisun/2019/github/WRFV4-myfork/tools/standard.exe gen_be_stage1_gsi.f90 > gen_be_stage1_gsi.b
/lib/cpp -P -nostdinc -DEM_CORE=1 -DNMM_CORE=0 -DNMM_MAX_DIM=2600 -DCOAMPS_CORE=0 -DDA_CORE=1 -DEXP_CORE=0 -DIWORDSIZE=4 -DDWORDSIZE=8 -DRWORDSIZE=8 -DLWORDSIZE=4 -DNONSTANDARD_SYSTEM_SUBR  -DWRF_USE_CLM -DBUFR   -DFFTPACK -DNORESHAPE -DDM_PARALLEL -DNETCDF -DCRTM -DHDF5 -DUSE_ALLOCATABLES -DGRIB1 -DINTIO -DKEEP_INT_AROUND -DLIMIT_ARGS -DCONFIG_BUF_LEN=65536 -DMAX_DOMAINS_F=21 -DMAX_HISTORY=25 -DNMM_NEST=0 -DWRF_CHEM -DBUILD_CHEM=1 -I. -traditional-cpp   -I/gpfs/fs1/work/weisun/2019/github/WRFV4-myfork/inc da_etkf.b  > da_etkf.f
/lib/cpp -P -nostdinc -DEM_CORE=1 -DNMM_CORE=0 -DNMM_MAX_DIM=2600 -DCOAMPS_CORE=0 -DDA_CORE=1 -DEXP_CORE=0 -DIWORDSIZE=4 -DDWORDSIZE=8 -DRWORDSIZE=8 -DLWORDSIZE=4 -DNONSTANDARD_SYSTEM_SUBR  -DWRF_USE_CLM -DBUFR   -DFFTPACK -DNORESHAPE -DDM_PARALLEL -DNETCDF -DCRTM -DHDF5 -DUSE_ALLOCATABLES -DGRIB1 -DINTIO -DKEEP_INT_AROUND -DLIMIT_ARGS -DCONFIG_BUF_LEN=65536 -DMAX_DOMAINS_F=21 -DMAX_HISTORY=25 -DNMM_NEST=0 -DWRF_CHEM -DBUILD_CHEM=1 -I. -traditional-cpp   -I/gpfs/fs1/work/weisun/2019/github/WRFV4-myfork/inc gen_be_stage0_wrf.b  > gen_be_stage0_wrf.f
/lib/cpp -P -nostdinc -DEM_CORE=1 -DNMM_CORE=0 -DNMM_MAX_DIM=2600 -DCOAMPS_CORE=0 -DDA_CORE=1 -DEXP_CORE=0 -DIWORDSIZE=4 -DDWORDSIZE=8 -DRWORDSIZE=8 -DLWORDSIZE=4 -DNONSTANDARD_SYSTEM_SUBR  -DWRF_USE_CLM -DBUFR   -DFFTPACK -DNORESHAPE -DDM_PARALLEL -DNETCDF -DCRTM -DHDF5 -DUSE_ALLOCATABLES -DGRIB1 -DINTIO -DKEEP_INT_AROUND -DLIMIT_ARGS -DCONFIG_BUF_LEN=65536 -DMAX_DOMAINS_F=21 -DMAX_HISTORY=25 -DNMM_NEST=0 -DWRF_CHEM -DBUILD_CHEM=1 -I. -traditional-cpp   -I/gpfs/fs1/work/weisun/2019/github/WRFV4-myfork/inc da_be_spectral.b  > da_be_spectral.f
/lib/cpp -P -nostdinc -DEM_CORE=1 -DNMM_CORE=0 -DNMM_MAX_DIM=2600 -DCOAMPS_CORE=0 -DDA_CORE=1 -DEXP_CORE=0 -DIWORDSIZE=4 -DDWORDSIZE=8 -DRWORDSIZE=8 -DLWORDSIZE=4 -DNONSTANDARD_SYSTEM_SUBR  -DWRF_USE_CLM -DBUFR   -DFFTPACK -DNORESHAPE -DDM_PARALLEL -DNETCDF -DCRTM -DHDF5 -DUSE_ALLOCATABLES -DGRIB1 -DINTIO -DKEEP_INT_AROUND -DLIMIT_ARGS -DCONFIG_BUF_LEN=65536 -DMAX_DOMAINS_F=21 -DMAX_HISTORY=25 -DNMM_NEST=0 -DWRF_CHEM -DBUILD_CHEM=1 -I. -traditional-cpp   -I/gpfs/fs1/work/weisun/2019/github/WRFV4-myfork/inc gen_be_stage0_gsi.b  > gen_be_stage0_gsi.f
/lib/cpp -P -nostdinc -DEM_CORE=1 -DNMM_CORE=0 -DNMM_MAX_DIM=2600 -DCOAMPS_CORE=0 -DDA_CORE=1 -DEXP_CORE=0 -DIWORDSIZE=4 -DDWORDSIZE=8 -DRWORDSIZE=8 -DLWORDSIZE=4 -DNONSTANDARD_SYSTEM_SUBR  -DWRF_USE_CLM -DBUFR   -DFFTPACK -DNORESHAPE -DDM_PARALLEL -DNETCDF -DCRTM -DHDF5 -DUSE_ALLOCATABLES -DGRIB1 -DINTIO -DKEEP_INT_AROUND -DLIMIT_ARGS -DCONFIG_BUF_LEN=65536 -DMAX_DOMAINS_F=21 -DMAX_HISTORY=25 -DNMM_NEST=0 -DWRF_CHEM -DBUILD_CHEM=1 -I. -traditional-cpp   -I/gpfs/fs1/work/weisun/2019/github/WRFV4-myfork/inc gen_be_ep1.b  > gen_be_ep1.f
/lib/cpp -P -nostdinc -DEM_CORE=1 -DNMM_CORE=0 -DNMM_MAX_DIM=2600 -DCOAMPS_CORE=0 -DDA_CORE=1 -DEXP_CORE=0 -DIWORDSIZE=4 -DDWORDSIZE=8 -DRWORDSIZE=8 -DLWORDSIZE=4 -DNONSTANDARD_SYSTEM_SUBR  -DWRF_USE_CLM -DBUFR   -DFFTPACK -DNORESHAPE -DDM_PARALLEL -DNETCDF -DCRTM -DHDF5 -DUSE_ALLOCATABLES -DGRIB1 -DINTIO -DKEEP_INT_AROUND -DLIMIT_ARGS -DCONFIG_BUF_LEN=65536 -DMAX_DOMAINS_F=21 -DMAX_HISTORY=25 -DNMM_NEST=0 -DWRF_CHEM -DBUILD_CHEM=1 -I. -traditional-cpp   -I/gpfs/fs1/work/weisun/2019/github/WRFV4-myfork/inc gen_be_ep2.b  > gen_be_ep2.f
/lib/cpp -P -nostdinc -DEM_CORE=1 -DNMM_CORE=0 -DNMM_MAX_DIM=2600 -DCOAMPS_CORE=0 -DDA_CORE=1 -DEXP_CORE=0 -DIWORDSIZE=4 -DDWORDSIZE=8 -DRWORDSIZE=8 -DLWORDSIZE=4 -DNONSTANDARD_SYSTEM_SUBR  -DWRF_USE_CLM -DBUFR   -DFFTPACK -DNORESHAPE -DDM_PARALLEL -DNETCDF -DCRTM -DHDF5 -DUSE_ALLOCATABLES -DGRIB1 -DINTIO -DKEEP_INT_AROUND -DLIMIT_ARGS -DCONFIG_BUF_LEN=65536 -DMAX_DOMAINS_F=21 -DMAX_HISTORY=25 -DNMM_NEST=0 -DWRF_CHEM -DBUILD_CHEM=1 -I. -traditional-cpp   -I/gpfs/fs1/work/weisun/2019/github/WRFV4-myfork/inc gen_be_stage1.b  > gen_be_stage1.f
/lib/cpp -P -nostdinc -DEM_CORE=1 -DNMM_CORE=0 -DNMM_MAX_DIM=2600 -DCOAMPS_CORE=0 -DDA_CORE=1 -DEXP_CORE=0 -DIWORDSIZE=4 -DDWORDSIZE=8 -DRWORDSIZE=8 -DLWORDSIZE=4 -DNONSTANDARD_SYSTEM_SUBR  -DWRF_USE_CLM -DBUFR   -DFFTPACK -DNORESHAPE -DDM_PARALLEL -DNETCDF -DCRTM -DHDF5 -DUSE_ALLOCATABLES -DGRIB1 -DINTIO -DKEEP_INT_AROUND -DLIMIT_ARGS -DCONFIG_BUF_LEN=65536 -DMAX_DOMAINS_F=21 -DMAX_HISTORY=25 -DNMM_NEST=0 -DWRF_CHEM -DBUILD_CHEM=1 -I. -traditional-cpp   -I/gpfs/fs1/work/weisun/2019/github/WRFV4-myfork/inc gen_be_vertloc.b  > gen_be_vertloc.f
/lib/cpp -P -nostdinc -DEM_CORE=1 -DNMM_CORE=0 -DNMM_MAX_DIM=2600 -DCOAMPS_CORE=0 -DDA_CORE=1 -DEXP_CORE=0 -DIWORDSIZE=4 -DDWORDSIZE=8 -DRWORDSIZE=8 -DLWORDSIZE=4 -DNONSTANDARD_SYSTEM_SUBR  -DWRF_USE_CLM -DBUFR   -DFFTPACK -DNORESHAPE -DDM_PARALLEL -DNETCDF -DCRTM -DHDF5 -DUSE_ALLOCATABLES -DGRIB1 -DINTIO -DKEEP_INT_AROUND -DLIMIT_ARGS -DCONFIG_BUF_LEN=65536 -DMAX_DOMAINS_F=21 -DMAX_HISTORY=25 -DNMM_NEST=0 -DWRF_CHEM -DBUILD_CHEM=1 -I. -traditional-cpp   -I/gpfs/fs1/work/weisun/2019/github/WRFV4-myfork/inc gen_be_stage1_gsi.b  > gen_be_stage1_gsi.f
rm -f gen_be_ep1.b
rm -f da_etkf.b
rm -f gen_be_stage0_gsi.b
rm -f gen_be_ep2.b
rm -f gen_be_stage1.b
rm -f gen_be_vertloc.b
rm -f gen_be_stage1_gsi.b
rm -f gen_be_stage0_wrf.b
if fgrep -iq '!$OMP' gen_be_ep1.f ; then \
          if [ -n "" ] ; then echo COMPILING gen_be_ep1.f90 WITH OMP ; fi ; \
  time mpif90 -f90=gfortran -o gen_be_ep1.o -c -O2 -ftree-vectorize -funroll-loops -w -ffree-form -ffree-line-length-none -fconvert=big-endian -frecord-marker=4   -fdefault-real-8 gen_be_ep1.f ; \
        else \
          if [ -n "" ] ; then echo COMPILING gen_be_ep1.f90 WITHOUT OMP ; fi ; \
  time mpif90 -f90=gfortran -o gen_be_ep1.o -c -O2 -ftree-vectorize -funroll-loops -w -ffree-form -ffree-line-length-none -fconvert=big-endian -frecord-marker=4  -fdefault-real-8 gen_be_ep1.f ; \
        fi
time mpif90 -f90=gfortran -c -O2 -ftree-vectorize -funroll-loops -w -ffree-form -ffree-line-length-none -fconvert=big-endian -frecord-marker=4  -fdefault-real-8 da_etkf.f
if fgrep -iq '!$OMP' gen_be_stage0_gsi.f ; then \
          if [ -n "" ] ; then echo COMPILING gen_be_stage0_gsi.f90 WITH OMP ; fi ; \
  time mpif90 -f90=gfortran -o gen_be_stage0_gsi.o -c -O2 -ftree-vectorize -funroll-loops -w -ffree-form -ffree-line-length-none -fconvert=big-endian -frecord-marker=4   -fdefault-real-8 gen_be_stage0_gsi.f ; \
        else \
          if [ -n "" ] ; then echo COMPILING gen_be_stage0_gsi.f90 WITHOUT OMP ; fi ; \
  time mpif90 -f90=gfortran -o gen_be_stage0_gsi.o -c -O2 -ftree-vectorize -funroll-loops -w -ffree-form -ffree-line-length-none -fconvert=big-endian -frecord-marker=4  -fdefault-real-8 gen_be_stage0_gsi.f ; \
        fi
if fgrep -iq '!$OMP' gen_be_vertloc.f ; then \
          if [ -n "" ] ; then echo COMPILING gen_be_vertloc.f90 WITH OMP ; fi ; \
  time mpif90 -f90=gfortran -o gen_be_vertloc.o -c -O2 -ftree-vectorize -funroll-loops -w -ffree-form -ffree-line-length-none -fconvert=big-endian -frecord-marker=4   -fdefault-real-8 gen_be_vertloc.f ; \
        else \
          if [ -n "" ] ; then echo COMPILING gen_be_vertloc.f90 WITHOUT OMP ; fi ; \
  time mpif90 -f90=gfortran -o gen_be_vertloc.o -c -O2 -ftree-vectorize -funroll-loops -w -ffree-form -ffree-line-length-none -fconvert=big-endian -frecord-marker=4  -fdefault-real-8 gen_be_vertloc.f ; \
        fi
if fgrep -iq '!$OMP' gen_be_ep2.f ; then \
          if [ -n "" ] ; then echo COMPILING gen_be_ep2.f90 WITH OMP ; fi ; \
  time mpif90 -f90=gfortran -o gen_be_ep2.o -c -O2 -ftree-vectorize -funroll-loops -w -ffree-form -ffree-line-length-none -fconvert=big-endian -frecord-marker=4   -fdefault-real-8 gen_be_ep2.f ; \
        else \
          if [ -n "" ] ; then echo COMPILING gen_be_ep2.f90 WITHOUT OMP ; fi ; \
  time mpif90 -f90=gfortran -o gen_be_ep2.o -c -O2 -ftree-vectorize -funroll-loops -w -ffree-form -ffree-line-length-none -fconvert=big-endian -frecord-marker=4  -fdefault-real-8 gen_be_ep2.f ; \
        fi
rm -f da_be_spectral.b
if fgrep -iq '!$OMP' gen_be_stage1.f ; then \
          if [ -n "" ] ; then echo COMPILING gen_be_stage1.f90 WITH OMP ; fi ; \
  time mpif90 -f90=gfortran -o gen_be_stage1.o -c -O2 -ftree-vectorize -funroll-loops -w -ffree-form -ffree-line-length-none -fconvert=big-endian -frecord-marker=4   -fdefault-real-8 gen_be_stage1.f ; \
        else \
          if [ -n "" ] ; then echo COMPILING gen_be_stage1.f90 WITHOUT OMP ; fi ; \
  time mpif90 -f90=gfortran -o gen_be_stage1.o -c -O2 -ftree-vectorize -funroll-loops -w -ffree-form -ffree-line-length-none -fconvert=big-endian -frecord-marker=4  -fdefault-real-8 gen_be_stage1.f ; \
        fi
if fgrep -iq '!$OMP' gen_be_stage1_gsi.f ; then \
          if [ -n "" ] ; then echo COMPILING gen_be_stage1_gsi.f90 WITH OMP ; fi ; \
  time mpif90 -f90=gfortran -o gen_be_stage1_gsi.o -c -O2 -ftree-vectorize -funroll-loops -w -ffree-form -ffree-line-length-none -fconvert=big-endian -frecord-marker=4   -fdefault-real-8 gen_be_stage1_gsi.f ; \
        else \
          if [ -n "" ] ; then echo COMPILING gen_be_stage1_gsi.f90 WITHOUT OMP ; fi ; \
  time mpif90 -f90=gfortran -o gen_be_stage1_gsi.o -c -O2 -ftree-vectorize -funroll-loops -w -ffree-form -ffree-line-length-none -fconvert=big-endian -frecord-marker=4  -fdefault-real-8 gen_be_stage1_gsi.f ; \
        fi
time mpif90 -f90=gfortran -c -O2 -ftree-vectorize -funroll-loops -w -ffree-form -ffree-line-length-none -fconvert=big-endian -frecord-marker=4  -fdefault-real-8 -I../../external/fftpack/fftpack5  da_be_spectral.f
if fgrep -iq '!$OMP' gen_be_stage0_wrf.f ; then \
          if [ -n "" ] ; then echo COMPILING gen_be_stage0_wrf.f90 WITH OMP ; fi ; \
  time mpif90 -f90=gfortran -o gen_be_stage0_wrf.o -c -O2 -ftree-vectorize -funroll-loops -w -ffree-form -ffree-line-length-none -fconvert=big-endian -frecord-marker=4   -fdefault-real-8 gen_be_stage0_wrf.f ; \
        else \
          if [ -n "" ] ; then echo COMPILING gen_be_stage0_wrf.f90 WITHOUT OMP ; fi ; \
  time mpif90 -f90=gfortran -o gen_be_stage0_wrf.o -c -O2 -ftree-vectorize -funroll-loops -w -ffree-form -ffree-line-length-none -fconvert=big-endian -frecord-marker=4  -fdefault-real-8 gen_be_stage0_wrf.f ; \
        fi

real	0m0.245s
user	0m0.184s
sys	0m0.040s
rm -f gen_be_stage1_1dvar.o
/gpfs/fs1/work/weisun/2019/github/WRFV4-myfork/tools/standard.exe gen_be_stage1_1dvar.f90 > gen_be_stage1_1dvar.b
/lib/cpp -P -nostdinc -DEM_CORE=1 -DNMM_CORE=0 -DNMM_MAX_DIM=2600 -DCOAMPS_CORE=0 -DDA_CORE=1 -DEXP_CORE=0 -DIWORDSIZE=4 -DDWORDSIZE=8 -DRWORDSIZE=8 -DLWORDSIZE=4 -DNONSTANDARD_SYSTEM_SUBR  -DWRF_USE_CLM -DBUFR   -DFFTPACK -DNORESHAPE -DDM_PARALLEL -DNETCDF -DCRTM -DHDF5 -DUSE_ALLOCATABLES -DGRIB1 -DINTIO -DKEEP_INT_AROUND -DLIMIT_ARGS -DCONFIG_BUF_LEN=65536 -DMAX_DOMAINS_F=21 -DMAX_HISTORY=25 -DNMM_NEST=0 -DWRF_CHEM -DBUILD_CHEM=1 -I. -traditional-cpp   -I/gpfs/fs1/work/weisun/2019/github/WRFV4-myfork/inc gen_be_stage1_1dvar.b  > gen_be_stage1_1dvar.f
rm -f gen_be_stage1_1dvar.b
if fgrep -iq '!$OMP' gen_be_stage1_1dvar.f ; then \
          if [ -n "" ] ; then echo COMPILING gen_be_stage1_1dvar.f90 WITH OMP ; fi ; \
  time mpif90 -f90=gfortran -o gen_be_stage1_1dvar.o -c -O2 -ftree-vectorize -funroll-loops -w -ffree-form -ffree-line-length-none -fconvert=big-endian -frecord-marker=4   -fdefault-real-8 gen_be_stage1_1dvar.f ; \
        else \
          if [ -n "" ] ; then echo COMPILING gen_be_stage1_1dvar.f90 WITHOUT OMP ; fi ; \
  time mpif90 -f90=gfortran -o gen_be_stage1_1dvar.o -c -O2 -ftree-vectorize -funroll-loops -w -ffree-form -ffree-line-length-none -fconvert=big-endian -frecord-marker=4  -fdefault-real-8 gen_be_stage1_1dvar.f ; \
        fi
0.56user 0.02system 0:00.60elapsed 95%CPU (0avgtext+0avgdata 35708maxresident)k
0inputs+0outputs (0major+18428minor)pagefaults 0swaps
rm -f gen_be_stage2.o
/gpfs/fs1/work/weisun/2019/github/WRFV4-myfork/tools/standard.exe gen_be_stage2.f90 > gen_be_stage2.b
/lib/cpp -P -nostdinc -DEM_CORE=1 -DNMM_CORE=0 -DNMM_MAX_DIM=2600 -DCOAMPS_CORE=0 -DDA_CORE=1 -DEXP_CORE=0 -DIWORDSIZE=4 -DDWORDSIZE=8 -DRWORDSIZE=8 -DLWORDSIZE=4 -DNONSTANDARD_SYSTEM_SUBR  -DWRF_USE_CLM -DBUFR   -DFFTPACK -DNORESHAPE -DDM_PARALLEL -DNETCDF -DCRTM -DHDF5 -DUSE_ALLOCATABLES -DGRIB1 -DINTIO -DKEEP_INT_AROUND -DLIMIT_ARGS -DCONFIG_BUF_LEN=65536 -DMAX_DOMAINS_F=21 -DMAX_HISTORY=25 -DNMM_NEST=0 -DWRF_CHEM -DBUILD_CHEM=1 -I. -traditional-cpp   -I/gpfs/fs1/work/weisun/2019/github/WRFV4-myfork/inc gen_be_stage2.b  > gen_be_stage2.f
rm -f gen_be_stage2.b
if fgrep -iq '!$OMP' gen_be_stage2.f ; then \
          if [ -n "" ] ; then echo COMPILING gen_be_stage2.f90 WITH OMP ; fi ; \
  time mpif90 -f90=gfortran -o gen_be_stage2.o -c -O2 -ftree-vectorize -funroll-loops -w -ffree-form -ffree-line-length-none -fconvert=big-endian -frecord-marker=4   -fdefault-real-8 gen_be_stage2.f ; \
        else \
          if [ -n "" ] ; then echo COMPILING gen_be_stage2.f90 WITHOUT OMP ; fi ; \
  time mpif90 -f90=gfortran -o gen_be_stage2.o -c -O2 -ftree-vectorize -funroll-loops -w -ffree-form -ffree-line-length-none -fconvert=big-endian -frecord-marker=4  -fdefault-real-8 gen_be_stage2.f ; \
        fi

real	0m1.375s
user	0m1.292s
sys	0m0.060s
rm -f gen_mbe_stage2.o
/gpfs/fs1/work/weisun/2019/github/WRFV4-myfork/tools/standard.exe gen_mbe_stage2.f90 > gen_mbe_stage2.b
/lib/cpp -P -nostdinc -DEM_CORE=1 -DNMM_CORE=0 -DNMM_MAX_DIM=2600 -DCOAMPS_CORE=0 -DDA_CORE=1 -DEXP_CORE=0 -DIWORDSIZE=4 -DDWORDSIZE=8 -DRWORDSIZE=8 -DLWORDSIZE=4 -DNONSTANDARD_SYSTEM_SUBR  -DWRF_USE_CLM -DBUFR   -DFFTPACK -DNORESHAPE -DDM_PARALLEL -DNETCDF -DCRTM -DHDF5 -DUSE_ALLOCATABLES -DGRIB1 -DINTIO -DKEEP_INT_AROUND -DLIMIT_ARGS -DCONFIG_BUF_LEN=65536 -DMAX_DOMAINS_F=21 -DMAX_HISTORY=25 -DNMM_NEST=0 -DWRF_CHEM -DBUILD_CHEM=1 -I. -traditional-cpp   -I/gpfs/fs1/work/weisun/2019/github/WRFV4-myfork/inc gen_mbe_stage2.b  > gen_mbe_stage2.f
rm -f gen_mbe_stage2.b
if fgrep -iq '!$OMP' gen_mbe_stage2.f ; then \
          if [ -n "" ] ; then echo COMPILING gen_mbe_stage2.f90 WITH OMP ; fi ; \
  time mpif90 -f90=gfortran -o gen_mbe_stage2.o -c -O2 -ftree-vectorize -funroll-loops -w -ffree-form -ffree-line-length-none -fconvert=big-endian -frecord-marker=4   -fdefault-real-8 gen_mbe_stage2.f ; \
        else \
          if [ -n "" ] ; then echo COMPILING gen_mbe_stage2.f90 WITHOUT OMP ; fi ; \
  time mpif90 -f90=gfortran -o gen_mbe_stage2.o -c -O2 -ftree-vectorize -funroll-loops -w -ffree-form -ffree-line-length-none -fconvert=big-endian -frecord-marker=4  -fdefault-real-8 gen_mbe_stage2.f ; \
        fi

real	0m0.840s
user	0m0.748s
sys	0m0.064s
rm -f gen_be_stage2_1dvar.o
/gpfs/fs1/work/weisun/2019/github/WRFV4-myfork/tools/standard.exe gen_be_stage2_1dvar.f90 > gen_be_stage2_1dvar.b
/lib/cpp -P -nostdinc -DEM_CORE=1 -DNMM_CORE=0 -DNMM_MAX_DIM=2600 -DCOAMPS_CORE=0 -DDA_CORE=1 -DEXP_CORE=0 -DIWORDSIZE=4 -DDWORDSIZE=8 -DRWORDSIZE=8 -DLWORDSIZE=4 -DNONSTANDARD_SYSTEM_SUBR  -DWRF_USE_CLM -DBUFR   -DFFTPACK -DNORESHAPE -DDM_PARALLEL -DNETCDF -DCRTM -DHDF5 -DUSE_ALLOCATABLES -DGRIB1 -DINTIO -DKEEP_INT_AROUND -DLIMIT_ARGS -DCONFIG_BUF_LEN=65536 -DMAX_DOMAINS_F=21 -DMAX_HISTORY=25 -DNMM_NEST=0 -DWRF_CHEM -DBUILD_CHEM=1 -I. -traditional-cpp   -I/gpfs/fs1/work/weisun/2019/github/WRFV4-myfork/inc gen_be_stage2_1dvar.b  > gen_be_stage2_1dvar.f
rm -f gen_be_stage2_1dvar.b
if fgrep -iq '!$OMP' gen_be_stage2_1dvar.f ; then \
          if [ -n "" ] ; then echo COMPILING gen_be_stage2_1dvar.f90 WITH OMP ; fi ; \
  time mpif90 -f90=gfortran -o gen_be_stage2_1dvar.o -c -O2 -ftree-vectorize -funroll-loops -w -ffree-form -ffree-line-length-none -fconvert=big-endian -frecord-marker=4   -fdefault-real-8 gen_be_stage2_1dvar.f ; \
        else \
          if [ -n "" ] ; then echo COMPILING gen_be_stage2_1dvar.f90 WITHOUT OMP ; fi ; \
  time mpif90 -f90=gfortran -o gen_be_stage2_1dvar.o -c -O2 -ftree-vectorize -funroll-loops -w -ffree-form -ffree-line-length-none -fconvert=big-endian -frecord-marker=4  -fdefault-real-8 gen_be_stage2_1dvar.f ; \
        fi

real	0m1.464s
user	0m1.392s
sys	0m0.048s
rm -f gen_be_stage2a.o
/gpfs/fs1/work/weisun/2019/github/WRFV4-myfork/tools/standard.exe gen_be_stage2a.f90 > gen_be_stage2a.b
/lib/cpp -P -nostdinc -DEM_CORE=1 -DNMM_CORE=0 -DNMM_MAX_DIM=2600 -DCOAMPS_CORE=0 -DDA_CORE=1 -DEXP_CORE=0 -DIWORDSIZE=4 -DDWORDSIZE=8 -DRWORDSIZE=8 -DLWORDSIZE=4 -DNONSTANDARD_SYSTEM_SUBR  -DWRF_USE_CLM -DBUFR   -DFFTPACK -DNORESHAPE -DDM_PARALLEL -DNETCDF -DCRTM -DHDF5 -DUSE_ALLOCATABLES -DGRIB1 -DINTIO -DKEEP_INT_AROUND -DLIMIT_ARGS -DCONFIG_BUF_LEN=65536 -DMAX_DOMAINS_F=21 -DMAX_HISTORY=25 -DNMM_NEST=0 -DWRF_CHEM -DBUILD_CHEM=1 -I. -traditional-cpp   -I/gpfs/fs1/work/weisun/2019/github/WRFV4-myfork/inc gen_be_stage2a.b  > gen_be_stage2a.f
rm -f gen_be_stage2a.b
if fgrep -iq '!$OMP' gen_be_stage2a.f ; then \
          if [ -n "" ] ; then echo COMPILING gen_be_stage2a.f90 WITH OMP ; fi ; \
  time mpif90 -f90=gfortran -o gen_be_stage2a.o -c -O2 -ftree-vectorize -funroll-loops -w -ffree-form -ffree-line-length-none -fconvert=big-endian -frecord-marker=4   -fdefault-real-8 gen_be_stage2a.f ; \
        else \
          if [ -n "" ] ; then echo COMPILING gen_be_stage2a.f90 WITHOUT OMP ; fi ; \
  time mpif90 -f90=gfortran -o gen_be_stage2a.o -c -O2 -ftree-vectorize -funroll-loops -w -ffree-form -ffree-line-length-none -fconvert=big-endian -frecord-marker=4  -fdefault-real-8 gen_be_stage2a.f ; \
        fi

real	0m1.938s
user	0m1.836s
sys	0m0.076s
rm -f gen_be_stage3.o
1.89user 0.03system 0:01.94elapsed 98%CPU (0avgtext+0avgdata /gpfs/fs1/work/weisun/2019/github/WRFV4-myfork/tools/standard.exe gen_be_stage3.f90 > gen_be_stage3.b
84332maxresident)k
0inputs+0outputs (0major+30612minor)pagefaults 0swaps
rm -f gen_be_stage4_global.o
/gpfs/fs1/work/weisun/2019/github/WRFV4-myfork/tools/standard.exe gen_be_stage4_global.f90 > gen_be_stage4_global.b
/lib/cpp -P -nostdinc -DEM_CORE=1 -DNMM_CORE=0 -DNMM_MAX_DIM=2600 -DCOAMPS_CORE=0 -DDA_CORE=1 -DEXP_CORE=0 -DIWORDSIZE=4 -DDWORDSIZE=8 -DRWORDSIZE=8 -DLWORDSIZE=4 -DNONSTANDARD_SYSTEM_SUBR  -DWRF_USE_CLM -DBUFR   -DFFTPACK -DNORESHAPE -DDM_PARALLEL -DNETCDF -DCRTM -DHDF5 -DUSE_ALLOCATABLES -DGRIB1 -DINTIO -DKEEP_INT_AROUND -DLIMIT_ARGS -DCONFIG_BUF_LEN=65536 -DMAX_DOMAINS_F=21 -DMAX_HISTORY=25 -DNMM_NEST=0 -DWRF_CHEM -DBUILD_CHEM=1 -I. -traditional-cpp   -I/gpfs/fs1/work/weisun/2019/github/WRFV4-myfork/inc gen_be_stage3.b  > gen_be_stage3.f
/lib/cpp -P -nostdinc -DEM_CORE=1 -DNMM_CORE=0 -DNMM_MAX_DIM=2600 -DCOAMPS_CORE=0 -DDA_CORE=1 -DEXP_CORE=0 -DIWORDSIZE=4 -DDWORDSIZE=8 -DRWORDSIZE=8 -DLWORDSIZE=4 -DNONSTANDARD_SYSTEM_SUBR  -DWRF_USE_CLM -DBUFR   -DFFTPACK -DNORESHAPE -DDM_PARALLEL -DNETCDF -DCRTM -DHDF5 -DUSE_ALLOCATABLES -DGRIB1 -DINTIO -DKEEP_INT_AROUND -DLIMIT_ARGS -DCONFIG_BUF_LEN=65536 -DMAX_DOMAINS_F=21 -DMAX_HISTORY=25 -DNMM_NEST=0 -DWRF_CHEM -DBUILD_CHEM=1 -I. -traditional-cpp   -I/gpfs/fs1/work/weisun/2019/github/WRFV4-myfork/inc gen_be_stage4_global.b  > gen_be_stage4_global.f
rm -f gen_be_stage3.b
rm -f gen_be_stage4_global.b
if fgrep -iq '!$OMP' gen_be_stage3.f ; then \
          if [ -n "" ] ; then echo COMPILING gen_be_stage3.f90 WITH OMP ; fi ; \
  time mpif90 -f90=gfortran -o gen_be_stage3.o -c -O2 -ftree-vectorize -funroll-loops -w -ffree-form -ffree-line-length-none -fconvert=big-endian -frecord-marker=4   -fdefault-real-8 gen_be_stage3.f ; \
        else \
          if [ -n "" ] ; then echo COMPILING gen_be_stage3.f90 WITHOUT OMP ; fi ; \
  time mpif90 -f90=gfortran -o gen_be_stage3.o -c -O2 -ftree-vectorize -funroll-loops -w -ffree-form -ffree-line-length-none -fconvert=big-endian -frecord-marker=4  -fdefault-real-8 gen_be_stage3.f ; \
        fi
if fgrep -iq '!$OMP' gen_be_stage4_global.f ; then \
          if [ -n "" ] ; then echo COMPILING gen_be_stage4_global.f90 WITH OMP ; fi ; \
  time mpif90 -f90=gfortran -o gen_be_stage4_global.o -c -O2 -ftree-vectorize -funroll-loops -w -ffree-form -ffree-line-length-none -fconvert=big-endian -frecord-marker=4   -fdefault-real-8 gen_be_stage4_global.f ; \
        else \
          if [ -n "" ] ; then echo COMPILING gen_be_stage4_global.f90 WITHOUT OMP ; fi ; \
  time mpif90 -f90=gfortran -o gen_be_stage4_global.o -c -O2 -ftree-vectorize -funroll-loops -w -ffree-form -ffree-line-length-none -fconvert=big-endian -frecord-marker=4  -fdefault-real-8 gen_be_stage4_global.f ; \
        fi

real	0m0.310s
user	0m0.260s
sys	0m0.024s
gfortran -o gen_be_stage4_regional.exe  -O2 -ftree-vectorize -funroll-loops -w -ffree-form -ffree-line-length-none -fconvert=big-endian -frecord-marker=4    da_etkf.o da_blas.o da_lapack.o da_gen_be.o da_control.o da_wavelet.o da_be_spectral.o module_wrf_error.o module_driver_constants.o module_domain_type.o module_streams.o module_symbols_util.o module_utility.o da_memory.o da_reporting.o da_tools_serial.o module_ffts.o  gen_be_stage4_regional.o -L/gpfs/fs1/work/weisun/2019/github/WRFV4-myfork/external/io_netcdf -lwrfio_nf -L/glade/u/apps/ch/opt/netcdf/4.6.1/gnu/6.3.0//lib -lnetcdff -lnetcdf     -L/glade/u/apps/ch/modulefiles/default/intel/17.0.1/hdf5/1.8.18.lua/lib -lhdf5_fortran -lhdf5 -lm -lz -L/gpfs/fs1/work/weisun/2019/github/WRFV4-myfork/external/fftpack/fftpack5 -lfftpack   -L/gpfs/fs1/work/weisun/2019/github/WRFV4-myfork/external/esmf_time_f90 -lesmf_time   

real	0m0.488s
user	0m0.452s
sys	0m0.012s
rm -f gen_be_cov2d.o
/gpfs/fs1/work/weisun/2019/github/WRFV4-myfork/tools/standard.exe gen_be_cov2d.f90 > gen_be_cov2d.b
/lib/cpp -P -nostdinc -DEM_CORE=1 -DNMM_CORE=0 -DNMM_MAX_DIM=2600 -DCOAMPS_CORE=0 -DDA_CORE=1 -DEXP_CORE=0 -DIWORDSIZE=4 -DDWORDSIZE=8 -DRWORDSIZE=8 -DLWORDSIZE=4 -DNONSTANDARD_SYSTEM_SUBR  -DWRF_USE_CLM -DBUFR   -DFFTPACK -DNORESHAPE -DDM_PARALLEL -DNETCDF -DCRTM -DHDF5 -DUSE_ALLOCATABLES -DGRIB1 -DINTIO -DKEEP_INT_AROUND -DLIMIT_ARGS -DCONFIG_BUF_LEN=65536 -DMAX_DOMAINS_F=21 -DMAX_HISTORY=25 -DNMM_NEST=0 -DWRF_CHEM -DBUILD_CHEM=1 -I. -traditional-cpp   -I/gpfs/fs1/work/weisun/2019/github/WRFV4-myfork/inc gen_be_cov2d.b  > gen_be_cov2d.f
rm -f gen_be_cov2d.b
if fgrep -iq '!$OMP' gen_be_cov2d.f ; then \
          if [ -n "" ] ; then echo COMPILING gen_be_cov2d.f90 WITH OMP ; fi ; \
  time mpif90 -f90=gfortran -o gen_be_cov2d.o -c -O2 -ftree-vectorize -funroll-loops -w -ffree-form -ffree-line-length-none -fconvert=big-endian -frecord-marker=4   -fdefault-real-8 gen_be_cov2d.f ; \
        else \
          if [ -n "" ] ; then echo COMPILING gen_be_cov2d.f90 WITHOUT OMP ; fi ; \
  time mpif90 -f90=gfortran -o gen_be_cov2d.o -c -O2 -ftree-vectorize -funroll-loops -w -ffree-form -ffree-line-length-none -fconvert=big-endian -frecord-marker=4  -fdefault-real-8 gen_be_cov2d.f ; \
        fi

real	0m2.423s
user	0m2.312s
sys	0m0.084s
gfortran -o gen_be_cov3d.exe  -O2 -ftree-vectorize -funroll-loops -w -ffree-form -ffree-line-length-none -fconvert=big-endian -frecord-marker=4    da_etkf.o da_blas.o da_lapack.o da_gen_be.o da_control.o da_wavelet.o da_be_spectral.o module_wrf_error.o module_driver_constants.o module_domain_type.o module_streams.o module_symbols_util.o module_utility.o da_memory.o da_reporting.o da_tools_serial.o module_ffts.o  gen_be_cov3d.o -L/gpfs/fs1/work/weisun/2019/github/WRFV4-myfork/external/io_netcdf -lwrfio_nf -L/glade/u/apps/ch/opt/netcdf/4.6.1/gnu/6.3.0//lib -lnetcdff -lnetcdf     -L/glade/u/apps/ch/modulefiles/default/intel/17.0.1/hdf5/1.8.18.lua/lib -lhdf5_fortran -lhdf5 -lm -lz -L/gpfs/fs1/work/weisun/2019/github/WRFV4-myfork/external/fftpack/fftpack5 -lfftpack   -L/gpfs/fs1/work/weisun/2019/github/WRFV4-myfork/external/esmf_time_f90 -lesmf_time
gfortran -o gen_be_cov3d3d_bin3d_contrib.exe  -O2 -ftree-vectorize -funroll-loops -w -ffree-form -ffree-line-length-none -fconvert=big-endian -frecord-marker=4    da_etkf.o da_blas.o da_lapack.o da_gen_be.o da_control.o da_wavelet.o da_be_spectral.o module_wrf_error.o module_driver_constants.o module_domain_type.o module_streams.o module_symbols_util.o module_utility.o da_memory.o da_reporting.o da_tools_serial.o module_ffts.o  gen_be_cov3d3d_bin3d_contrib.o -L/gpfs/fs1/work/weisun/2019/github/WRFV4-myfork/external/io_netcdf -lwrfio_nf -L/glade/u/apps/ch/opt/netcdf/4.6.1/gnu/6.3.0//lib -lnetcdff -lnetcdf     -L/glade/u/apps/ch/modulefiles/default/intel/17.0.1/hdf5/1.8.18.lua/lib -lhdf5_fortran -lhdf5 -lm -lz -L/gpfs/fs1/work/weisun/2019/github/WRFV4-myfork/external/fftpack/fftpack5 -lfftpack   -L/gpfs/fs1/work/weisun/2019/github/WRFV4-myfork/external/esmf_time_f90 -lesmf_time
gfortran -o gen_be_cov3d3d_contrib.exe  -O2 -ftree-vectorize -funroll-loops -w -ffree-form -ffree-line-length-none -fconvert=big-endian -frecord-marker=4    da_etkf.o da_blas.o da_lapack.o da_gen_be.o da_control.o da_wavelet.o da_be_spectral.o module_wrf_error.o module_driver_constants.o module_domain_type.o module_streams.o module_symbols_util.o module_utility.o da_memory.o da_reporting.o da_tools_serial.o module_ffts.o  gen_be_cov3d3d_contrib.o -L/gpfs/fs1/work/weisun/2019/github/WRFV4-myfork/external/io_netcdf -lwrfio_nf -L/glade/u/apps/ch/opt/netcdf/4.6.1/gnu/6.3.0//lib -lnetcdff -lnetcdf     -L/glade/u/apps/ch/modulefiles/default/intel/17.0.1/hdf5/1.8.18.lua/lib -lhdf5_fortran -lhdf5 -lm -lz -L/gpfs/fs1/work/weisun/2019/github/WRFV4-myfork/external/fftpack/fftpack5 -lfftpack   -L/gpfs/fs1/work/weisun/2019/github/WRFV4-myfork/external/esmf_time_f90 -lesmf_time
gfortran -o gen_be_cov2d3d_contrib.exe  -O2 -ftree-vectorize -funroll-loops -w -ffree-form -ffree-line-length-none -fconvert=big-endian -frecord-marker=4    da_etkf.o da_blas.o da_lapack.o da_gen_be.o da_control.o da_wavelet.o da_be_spectral.o module_wrf_error.o module_driver_constants.o module_domain_type.o module_streams.o module_symbols_util.o module_utility.o da_memory.o da_reporting.o da_tools_serial.o module_ffts.o  gen_be_cov2d3d_contrib.o -L/gpfs/fs1/work/weisun/2019/github/WRFV4-myfork/external/io_netcdf -lwrfio_nf -L/glade/u/apps/ch/opt/netcdf/4.6.1/gnu/6.3.0//lib -lnetcdff -lnetcdf     -L/glade/u/apps/ch/modulefiles/default/intel/17.0.1/hdf5/1.8.18.lua/lib -lhdf5_fortran -lhdf5 -lm -lz -L/gpfs/fs1/work/weisun/2019/github/WRFV4-myfork/external/fftpack/fftpack5 -lfftpack   -L/gpfs/fs1/work/weisun/2019/github/WRFV4-myfork/external/esmf_time_f90 -lesmf_time

real	0m0.352s
user	0m0.280s
sys	0m0.048s
gfortran -o gen_be_cov3d2d_contrib.exe  -O2 -ftree-vectorize -funroll-loops -w -ffree-form -ffree-line-length-none -fconvert=big-endian -frecord-marker=4    da_etkf.o da_blas.o da_lapack.o da_gen_be.o da_control.o da_wavelet.o da_be_spectral.o module_wrf_error.o module_driver_constants.o module_domain_type.o module_streams.o module_symbols_util.o module_utility.o da_memory.o da_reporting.o da_tools_serial.o module_ffts.o  gen_be_cov3d2d_contrib.o -L/gpfs/fs1/work/weisun/2019/github/WRFV4-myfork/external/io_netcdf -lwrfio_nf -L/glade/u/apps/ch/opt/netcdf/4.6.1/gnu/6.3.0//lib -lnetcdff -lnetcdf     -L/glade/u/apps/ch/modulefiles/default/intel/17.0.1/hdf5/1.8.18.lua/lib -lhdf5_fortran -lhdf5 -lm -lz -L/gpfs/fs1/work/weisun/2019/github/WRFV4-myfork/external/fftpack/fftpack5 -lfftpack   -L/gpfs/fs1/work/weisun/2019/github/WRFV4-myfork/external/esmf_time_f90 -lesmf_time
rm -f gen_be_diags.o
/gpfs/fs1/work/weisun/2019/github/WRFV4-myfork/tools/standard.exe gen_be_diags.f90 > gen_be_diags.b

real	0m0.835s
user	0m0.764s
sys	0m0.040s
rm -f gen_be_diags_read.o
/gpfs/fs1/work/weisun/2019/github/WRFV4-myfork/tools/standard.exe gen_be_diags_read.f90 > gen_be_diags_read.b
/lib/cpp -P -nostdinc -DEM_CORE=1 -DNMM_CORE=0 -DNMM_MAX_DIM=2600 -DCOAMPS_CORE=0 -DDA_CORE=1 -DEXP_CORE=0 -DIWORDSIZE=4 -DDWORDSIZE=8 -DRWORDSIZE=8 -DLWORDSIZE=4 -DNONSTANDARD_SYSTEM_SUBR  -DWRF_USE_CLM -DBUFR   -DFFTPACK -DNORESHAPE -DDM_PARALLEL -DNETCDF -DCRTM -DHDF5 -DUSE_ALLOCATABLES -DGRIB1 -DINTIO -DKEEP_INT_AROUND -DLIMIT_ARGS -DCONFIG_BUF_LEN=65536 -DMAX_DOMAINS_F=21 -DMAX_HISTORY=25 -DNMM_NEST=0 -DWRF_CHEM -DBUILD_CHEM=1 -I. -traditional-cpp   -I/gpfs/fs1/work/weisun/2019/github/WRFV4-myfork/inc gen_be_diags.b  > gen_be_diags.f
/lib/cpp -P -nostdinc -DEM_CORE=1 -DNMM_CORE=0 -DNMM_MAX_DIM=2600 -DCOAMPS_CORE=0 -DDA_CORE=1 -DEXP_CORE=0 -DIWORDSIZE=4 -DDWORDSIZE=8 -DRWORDSIZE=8 -DLWORDSIZE=4 -DNONSTANDARD_SYSTEM_SUBR  -DWRF_USE_CLM -DBUFR   -DFFTPACK -DNORESHAPE -DDM_PARALLEL -DNETCDF -DCRTM -DHDF5 -DUSE_ALLOCATABLES -DGRIB1 -DINTIO -DKEEP_INT_AROUND -DLIMIT_ARGS -DCONFIG_BUF_LEN=65536 -DMAX_DOMAINS_F=21 -DMAX_HISTORY=25 -DNMM_NEST=0 -DWRF_CHEM -DBUILD_CHEM=1 -I. -traditional-cpp   -I/gpfs/fs1/work/weisun/2019/github/WRFV4-myfork/inc gen_be_diags_read.b  > gen_be_diags_read.f
rm -f gen_be_diags_read.b
rm -f gen_be_diags.b
if fgrep -iq '!$OMP' gen_be_diags_read.f ; then \
          if [ -n "" ] ; then echo COMPILING gen_be_diags_read.f90 WITH OMP ; fi ; \
  time mpif90 -f90=gfortran -o gen_be_diags_read.o -c -O2 -ftree-vectorize -funroll-loops -w -ffree-form -ffree-line-length-none -fconvert=big-endian -frecord-marker=4   -fdefault-real-8 gen_be_diags_read.f ; \
        else \
          if [ -n "" ] ; then echo COMPILING gen_be_diags_read.f90 WITHOUT OMP ; fi ; \
  time mpif90 -f90=gfortran -o gen_be_diags_read.o -c -O2 -ftree-vectorize -funroll-loops -w -ffree-form -ffree-line-length-none -fconvert=big-endian -frecord-marker=4  -fdefault-real-8 gen_be_diags_read.f ; \
        fi
if fgrep -iq '!$OMP' gen_be_diags.f ; then \
          if [ -n "" ] ; then echo COMPILING gen_be_diags.f90 WITH OMP ; fi ; \
  time mpif90 -f90=gfortran -o gen_be_diags.o -c -O2 -ftree-vectorize -funroll-loops -w -ffree-form -ffree-line-length-none -fconvert=big-endian -frecord-marker=4   -fdefault-real-8 gen_be_diags.f ; \
        else \
          if [ -n "" ] ; then echo COMPILING gen_be_diags.f90 WITHOUT OMP ; fi ; \
  time mpif90 -f90=gfortran -o gen_be_diags.o -c -O2 -ftree-vectorize -funroll-loops -w -ffree-form -ffree-line-length-none -fconvert=big-endian -frecord-marker=4  -fdefault-real-8 gen_be_diags.f ; \
        fi
gfortran -o gen_be_hist.exe  -O2 -ftree-vectorize -funroll-loops -w -ffree-form -ffree-line-length-none -fconvert=big-endian -frecord-marker=4    da_etkf.o da_blas.o da_lapack.o da_gen_be.o da_control.o da_wavelet.o da_be_spectral.o module_wrf_error.o module_driver_constants.o module_domain_type.o module_streams.o module_symbols_util.o module_utility.o da_memory.o da_reporting.o da_tools_serial.o module_ffts.o  gen_be_hist.o -L/gpfs/fs1/work/weisun/2019/github/WRFV4-myfork/external/io_netcdf -lwrfio_nf -L/glade/u/apps/ch/opt/netcdf/4.6.1/gnu/6.3.0//lib -lnetcdff -lnetcdf     -L/glade/u/apps/ch/modulefiles/default/intel/17.0.1/hdf5/1.8.18.lua/lib -lhdf5_fortran -lhdf5 -lm -lz -L/gpfs/fs1/work/weisun/2019/github/WRFV4-myfork/external/fftpack/fftpack5 -lfftpack   -L/gpfs/fs1/work/weisun/2019/github/WRFV4-myfork/external/esmf_time_f90 -lesmf_time
rm -f gen_be_ensrf.o
/gpfs/fs1/work/weisun/2019/github/WRFV4-myfork/tools/standard.exe gen_be_ensrf.f90 > gen_be_ensrf.b
/lib/cpp -P -nostdinc -DEM_CORE=1 -DNMM_CORE=0 -DNMM_MAX_DIM=2600 -DCOAMPS_CORE=0 -DDA_CORE=1 -DEXP_CORE=0 -DIWORDSIZE=4 -DDWORDSIZE=8 -DRWORDSIZE=8 -DLWORDSIZE=4 -DNONSTANDARD_SYSTEM_SUBR  -DWRF_USE_CLM -DBUFR   -DFFTPACK -DNORESHAPE -DDM_PARALLEL -DNETCDF -DCRTM -DHDF5 -DUSE_ALLOCATABLES -DGRIB1 -DINTIO -DKEEP_INT_AROUND -DLIMIT_ARGS -DCONFIG_BUF_LEN=65536 -DMAX_DOMAINS_F=21 -DMAX_HISTORY=25 -DNMM_NEST=0 -DWRF_CHEM -DBUILD_CHEM=1 -I. -traditional-cpp   -I/gpfs/fs1/work/weisun/2019/github/WRFV4-myfork/inc gen_be_ensrf.b  > gen_be_ensrf.f
rm -f gen_be_ensrf.b
if fgrep -iq '!$OMP' gen_be_ensrf.f ; then \
          if [ -n "" ] ; then echo COMPILING gen_be_ensrf.f90 WITH OMP ; fi ; \
  time mpif90 -f90=gfortran -o gen_be_ensrf.o -c -O2 -ftree-vectorize -funroll-loops -w -ffree-form -ffree-line-length-none -fconvert=big-endian -frecord-marker=4   -fdefault-real-8 gen_be_ensrf.f ; \
        else \
          if [ -n "" ] ; then echo COMPILING gen_be_ensrf.f90 WITHOUT OMP ; fi ; \
  time mpif90 -f90=gfortran -o gen_be_ensrf.o -c -O2 -ftree-vectorize -funroll-loops -w -ffree-form -ffree-line-length-none -fconvert=big-endian -frecord-marker=4  -fdefault-real-8 gen_be_ensrf.f ; \
        fi

real	0m2.985s
user	0m2.880s
sys	0m0.084s
rm -f gen_be_etkf.o
/gpfs/fs1/work/weisun/2019/github/WRFV4-myfork/tools/standard.exe gen_be_etkf.f90 > gen_be_etkf.b
/lib/cpp -P -nostdinc -DEM_CORE=1 -DNMM_CORE=0 -DNMM_MAX_DIM=2600 -DCOAMPS_CORE=0 -DDA_CORE=1 -DEXP_CORE=0 -DIWORDSIZE=4 -DDWORDSIZE=8 -DRWORDSIZE=8 -DLWORDSIZE=4 -DNONSTANDARD_SYSTEM_SUBR  -DWRF_USE_CLM -DBUFR   -DFFTPACK -DNORESHAPE -DDM_PARALLEL -DNETCDF -DCRTM -DHDF5 -DUSE_ALLOCATABLES -DGRIB1 -DINTIO -DKEEP_INT_AROUND -DLIMIT_ARGS -DCONFIG_BUF_LEN=65536 -DMAX_DOMAINS_F=21 -DMAX_HISTORY=25 -DNMM_NEST=0 -DWRF_CHEM -DBUILD_CHEM=1 -I. -traditional-cpp   -I/gpfs/fs1/work/weisun/2019/github/WRFV4-myfork/inc -I/glade/u/apps/ch/opt/netcdf/4.6.1/gnu/6.3.0//include gen_be_etkf.b  > gen_be_etkf.f
rm -f gen_be_etkf.b
gfortran -c -O2 -ftree-vectorize -funroll-loops -w -ffree-form -ffree-line-length-none -fconvert=big-endian -frecord-marker=4  -fdefault-real-8 gen_be_etkf.f

real	0m0.157s
user	0m0.100s
sys	0m0.036s
gfortran -o gen_be_ensmean.exe  -O2 -ftree-vectorize -funroll-loops -w -ffree-form -ffree-line-length-none -fconvert=big-endian -frecord-marker=4    da_etkf.o da_blas.o da_lapack.o da_gen_be.o da_control.o da_wavelet.o da_be_spectral.o module_wrf_error.o module_driver_constants.o module_domain_type.o module_streams.o module_symbols_util.o module_utility.o da_memory.o da_reporting.o da_tools_serial.o module_ffts.o  gen_be_ensmean.o -L/gpfs/fs1/work/weisun/2019/github/WRFV4-myfork/external/io_netcdf -lwrfio_nf -L/glade/u/apps/ch/opt/netcdf/4.6.1/gnu/6.3.0//lib -lnetcdff -lnetcdf     -L/glade/u/apps/ch/modulefiles/default/intel/17.0.1/hdf5/1.8.18.lua/lib -lhdf5_fortran -lhdf5 -lm -lz -L/gpfs/fs1/work/weisun/2019/github/WRFV4-myfork/external/fftpack/fftpack5 -lfftpack   -L/gpfs/fs1/work/weisun/2019/github/WRFV4-myfork/external/esmf_time_f90 -lesmf_time

real	0m1.525s
user	0m1.460s
sys	0m0.032s
rm -f gen_be_stage0_gsi.exe
/gpfs/fs1/work/weisun/2019/github/WRFV4-myfork/tools/standard.exe gen_be_stage0_gsi.f90 > gen_be_stage0_gsi.b
x=`echo "gfortran" | awk '{print $1}'` ; export x ; \
        if [ $x = "gfortran" ] ; then \
           echo removing external declaration of iargc for gfortran ; \
           /lib/cpp -P -nostdinc -DEM_CORE=1 -DNMM_CORE=0 -DNMM_MAX_DIM=2600 -DCOAMPS_CORE=0 -DDA_CORE=1 -DEXP_CORE=0 -DIWORDSIZE=4 -DDWORDSIZE=8 -DRWORDSIZE=8 -DLWORDSIZE=4 -DNONSTANDARD_SYSTEM_SUBR  -DWRF_USE_CLM -DBUFR   -DFFTPACK -DNORESHAPE -DDM_PARALLEL -DNETCDF -DCRTM -DHDF5 -DUSE_ALLOCATABLES -DGRIB1 -DINTIO -DKEEP_INT_AROUND -DLIMIT_ARGS -DCONFIG_BUF_LEN=65536 -DMAX_DOMAINS_F=21 -DMAX_HISTORY=25 -DNMM_NEST=0 -DWRF_CHEM -DBUILD_CHEM=1 -I. -traditional-cpp  -I/gpfs/fs1/work/weisun/2019/github/WRFV4-myfork/inc gen_be_stage0_gsi.b | sed '/integer *, *external.*iargc/d' > gen_be_stage0_gsi.f ;\
        else \
           /lib/cpp -P -nostdinc -DEM_CORE=1 -DNMM_CORE=0 -DNMM_MAX_DIM=2600 -DCOAMPS_CORE=0 -DDA_CORE=1 -DEXP_CORE=0 -DIWORDSIZE=4 -DDWORDSIZE=8 -DRWORDSIZE=8 -DLWORDSIZE=4 -DNONSTANDARD_SYSTEM_SUBR  -DWRF_USE_CLM -DBUFR   -DFFTPACK -DNORESHAPE -DDM_PARALLEL -DNETCDF -DCRTM -DHDF5 -DUSE_ALLOCATABLES -DGRIB1 -DINTIO -DKEEP_INT_AROUND -DLIMIT_ARGS -DCONFIG_BUF_LEN=65536 -DMAX_DOMAINS_F=21 -DMAX_HISTORY=25 -DNMM_NEST=0 -DWRF_CHEM -DBUILD_CHEM=1 -I. -traditional-cpp  -I/gpfs/fs1/work/weisun/2019/github/WRFV4-myfork/inc gen_be_stage0_gsi.b > gen_be_stage0_gsi.f ; \
        fi
removing external declaration of iargc for gfortran
gfortran -o gen_be_ep1.exe  -O2 -ftree-vectorize -funroll-loops -w -ffree-form -ffree-line-length-none -fconvert=big-endian -frecord-marker=4    da_etkf.o da_blas.o da_lapack.o da_gen_be.o da_control.o da_wavelet.o da_be_spectral.o module_wrf_error.o module_driver_constants.o module_domain_type.o module_streams.o module_symbols_util.o module_utility.o da_memory.o da_reporting.o da_tools_serial.o module_ffts.o   gen_be_ep1.o -L/gpfs/fs1/work/weisun/2019/github/WRFV4-myfork/external/io_netcdf -lwrfio_nf -L/glade/u/apps/ch/opt/netcdf/4.6.1/gnu/6.3.0//lib -lnetcdff -lnetcdf     -L/glade/u/apps/ch/modulefiles/default/intel/17.0.1/hdf5/1.8.18.lua/lib -lhdf5_fortran -lhdf5 -lm -lz -L/gpfs/fs1/work/weisun/2019/github/WRFV4-myfork/external/fftpack/fftpack5 -lfftpack   -L/gpfs/fs1/work/weisun/2019/github/WRFV4-myfork/external/esmf_time_f90 -lesmf_time
rm -f gen_be_stage0_gsi.b
if fgrep -iq '!$OMP' gen_be_stage0_gsi.f ; then \
          if [ -n "" ] ; then echo COMPILING .f90 WITH OMP ; fi ; \
  gfortran -c -O2 -ftree-vectorize -funroll-loops -w -ffree-form -ffree-line-length-none -fconvert=big-endian -frecord-marker=4  -fdefault-real-8 gen_be_stage0_gsi.f ; \
        else \
          if [ -n "" ] ; then echo COMPILING .f90 WITHOUT OMP ; fi ; \
  gfortran -c -O2 -ftree-vectorize -funroll-loops -w -ffree-form -ffree-line-length-none -fconvert=big-endian -frecord-marker=4  -fdefault-real-8 gen_be_stage0_gsi.f ; \
        fi
gfortran -o gen_be_stage1.exe  -O2 -ftree-vectorize -funroll-loops -w -ffree-form -ffree-line-length-none -fconvert=big-endian -frecord-marker=4    da_etkf.o da_blas.o da_lapack.o da_gen_be.o da_control.o da_wavelet.o da_be_spectral.o module_wrf_error.o module_driver_constants.o module_domain_type.o module_streams.o module_symbols_util.o module_utility.o da_memory.o da_reporting.o da_tools_serial.o module_ffts.o  gen_be_stage1.o -L/gpfs/fs1/work/weisun/2019/github/WRFV4-myfork/external/io_netcdf -lwrfio_nf -L/glade/u/apps/ch/opt/netcdf/4.6.1/gnu/6.3.0//lib -lnetcdff -lnetcdf     -L/glade/u/apps/ch/modulefiles/default/intel/17.0.1/hdf5/1.8.18.lua/lib -lhdf5_fortran -lhdf5 -lm -lz -L/gpfs/fs1/work/weisun/2019/github/WRFV4-myfork/external/fftpack/fftpack5 -lfftpack   -L/gpfs/fs1/work/weisun/2019/github/WRFV4-myfork/external/esmf_time_f90 -lesmf_time
gfortran -o gen_be_vertloc.exe  -O2 -ftree-vectorize -funroll-loops -w -ffree-form -ffree-line-length-none -fconvert=big-endian -frecord-marker=4    da_etkf.o da_blas.o da_lapack.o da_gen_be.o da_control.o da_wavelet.o da_be_spectral.o module_wrf_error.o module_driver_constants.o module_domain_type.o module_streams.o module_symbols_util.o module_utility.o da_memory.o da_reporting.o da_tools_serial.o module_ffts.o   gen_be_vertloc.o -L/gpfs/fs1/work/weisun/2019/github/WRFV4-myfork/external/io_netcdf -lwrfio_nf -L/glade/u/apps/ch/opt/netcdf/4.6.1/gnu/6.3.0//lib -lnetcdff -lnetcdf     -L/glade/u/apps/ch/modulefiles/default/intel/17.0.1/hdf5/1.8.18.lua/lib -lhdf5_fortran -lhdf5 -lm -lz -L/gpfs/fs1/work/weisun/2019/github/WRFV4-myfork/external/fftpack/fftpack5 -lfftpack   -L/gpfs/fs1/work/weisun/2019/github/WRFV4-myfork/external/esmf_time_f90 -lesmf_time

real	0m0.502s
user	0m0.424s
sys	0m0.056s
gfortran -o gen_be_addmean.exe  -O2 -ftree-vectorize -funroll-loops -w -ffree-form -ffree-line-length-none -fconvert=big-endian -frecord-marker=4    da_etkf.o da_blas.o da_lapack.o da_gen_be.o da_control.o da_wavelet.o da_be_spectral.o module_wrf_error.o module_driver_constants.o module_domain_type.o module_streams.o module_symbols_util.o module_utility.o da_memory.o da_reporting.o da_tools_serial.o module_ffts.o   gen_be_addmean.o -L/gpfs/fs1/work/weisun/2019/github/WRFV4-myfork/external/io_netcdf -lwrfio_nf -L/glade/u/apps/ch/opt/netcdf/4.6.1/gnu/6.3.0//lib -lnetcdff -lnetcdf     -L/glade/u/apps/ch/modulefiles/default/intel/17.0.1/hdf5/1.8.18.lua/lib -lhdf5_fortran -lhdf5 -lm -lz -L/gpfs/fs1/work/weisun/2019/github/WRFV4-myfork/external/fftpack/fftpack5 -lfftpack   -L/gpfs/fs1/work/weisun/2019/github/WRFV4-myfork/external/esmf_time_f90 -lesmf_time
gfortran -o gen_be_stage1_gsi.exe  -O2 -ftree-vectorize -funroll-loops -w -ffree-form -ffree-line-length-none -fconvert=big-endian -frecord-marker=4    da_etkf.o da_blas.o da_lapack.o da_gen_be.o da_control.o da_wavelet.o da_be_spectral.o module_wrf_error.o module_driver_constants.o module_domain_type.o module_streams.o module_symbols_util.o module_utility.o da_memory.o da_reporting.o da_tools_serial.o module_ffts.o  gen_be_stage1_gsi.o -L/gpfs/fs1/work/weisun/2019/github/WRFV4-myfork/external/io_netcdf -lwrfio_nf -L/glade/u/apps/ch/opt/netcdf/4.6.1/gnu/6.3.0//lib -lnetcdff -lnetcdf     -L/glade/u/apps/ch/modulefiles/default/intel/17.0.1/hdf5/1.8.18.lua/lib -lhdf5_fortran -lhdf5 -lm -lz -L/gpfs/fs1/work/weisun/2019/github/WRFV4-myfork/external/fftpack/fftpack5 -lfftpack   -L/gpfs/fs1/work/weisun/2019/github/WRFV4-myfork/external/esmf_time_f90 -lesmf_time aero_mod.o
gfortran -o gen_be_stage1_1dvar.exe  -O2 -ftree-vectorize -funroll-loops -w -ffree-form -ffree-line-length-none -fconvert=big-endian -frecord-marker=4    da_etkf.o da_blas.o da_lapack.o da_gen_be.o da_control.o da_wavelet.o da_be_spectral.o module_wrf_error.o module_driver_constants.o module_domain_type.o module_streams.o module_symbols_util.o module_utility.o da_memory.o da_reporting.o da_tools_serial.o module_ffts.o  gen_be_stage1_1dvar.o -L/gpfs/fs1/work/weisun/2019/github/WRFV4-myfork/external/io_netcdf -lwrfio_nf -L/glade/u/apps/ch/opt/netcdf/4.6.1/gnu/6.3.0//lib -lnetcdff -lnetcdf     -L/glade/u/apps/ch/modulefiles/default/intel/17.0.1/hdf5/1.8.18.lua/lib -lhdf5_fortran -lhdf5 -lm -lz -L/gpfs/fs1/work/weisun/2019/github/WRFV4-myfork/external/fftpack/fftpack5 -lfftpack   -L/gpfs/fs1/work/weisun/2019/github/WRFV4-myfork/external/esmf_time_f90 -lesmf_time
gfortran -o gen_be_stage2.exe  -O2 -ftree-vectorize -funroll-loops -w -ffree-form -ffree-line-length-none -fconvert=big-endian -frecord-marker=4    da_etkf.o da_blas.o da_lapack.o da_gen_be.o da_control.o da_wavelet.o da_be_spectral.o module_wrf_error.o module_driver_constants.o module_domain_type.o module_streams.o module_symbols_util.o module_utility.o da_memory.o da_reporting.o da_tools_serial.o module_ffts.o  gen_be_stage2.o -L/gpfs/fs1/work/weisun/2019/github/WRFV4-myfork/external/io_netcdf -lwrfio_nf -L/glade/u/apps/ch/opt/netcdf/4.6.1/gnu/6.3.0//lib -lnetcdff -lnetcdf     -L/glade/u/apps/ch/modulefiles/default/intel/17.0.1/hdf5/1.8.18.lua/lib -lhdf5_fortran -lhdf5 -lm -lz -L/gpfs/fs1/work/weisun/2019/github/WRFV4-myfork/external/fftpack/fftpack5 -lfftpack   -L/gpfs/fs1/work/weisun/2019/github/WRFV4-myfork/external/esmf_time_f90 -lesmf_time

real	0m3.570s
user	0m3.456s
sys	0m0.088s
gfortran -o gen_be_stage2_1dvar.exe  -O2 -ftree-vectorize -funroll-loops -w -ffree-form -ffree-line-length-none -fconvert=big-endian -frecord-marker=4    da_etkf.o da_blas.o da_lapack.o da_gen_be.o da_control.o da_wavelet.o da_be_spectral.o module_wrf_error.o module_driver_constants.o module_domain_type.o module_streams.o module_symbols_util.o module_utility.o da_memory.o da_reporting.o da_tools_serial.o module_ffts.o  gen_be_stage2_1dvar.o -L/gpfs/fs1/work/weisun/2019/github/WRFV4-myfork/external/io_netcdf -lwrfio_nf -L/glade/u/apps/ch/opt/netcdf/4.6.1/gnu/6.3.0//lib -lnetcdff -lnetcdf     -L/glade/u/apps/ch/modulefiles/default/intel/17.0.1/hdf5/1.8.18.lua/lib -lhdf5_fortran -lhdf5 -lm -lz -L/gpfs/fs1/work/weisun/2019/github/WRFV4-myfork/external/fftpack/fftpack5 -lfftpack   -L/gpfs/fs1/work/weisun/2019/github/WRFV4-myfork/external/esmf_time_f90 -lesmf_time
gfortran -o gen_be_stage2a.exe  -O2 -ftree-vectorize -funroll-loops -w -ffree-form -ffree-line-length-none -fconvert=big-endian -frecord-marker=4    da_etkf.o da_blas.o da_lapack.o da_gen_be.o da_control.o da_wavelet.o da_be_spectral.o module_wrf_error.o module_driver_constants.o module_domain_type.o module_streams.o module_symbols_util.o module_utility.o da_memory.o da_reporting.o da_tools_serial.o module_ffts.o  gen_be_stage2a.o -L/gpfs/fs1/work/weisun/2019/github/WRFV4-myfork/external/io_netcdf -lwrfio_nf -L/glade/u/apps/ch/opt/netcdf/4.6.1/gnu/6.3.0//lib -lnetcdff -lnetcdf     -L/glade/u/apps/ch/modulefiles/default/intel/17.0.1/hdf5/1.8.18.lua/lib -lhdf5_fortran -lhdf5 -lm -lz -L/gpfs/fs1/work/weisun/2019/github/WRFV4-myfork/external/fftpack/fftpack5 -lfftpack   -L/gpfs/fs1/work/weisun/2019/github/WRFV4-myfork/external/esmf_time_f90 -lesmf_time 
gfortran -o gen_be_stage3.exe  -O2 -ftree-vectorize -funroll-loops -w -ffree-form -ffree-line-length-none -fconvert=big-endian -frecord-marker=4    da_etkf.o da_blas.o da_lapack.o da_gen_be.o da_control.o da_wavelet.o da_be_spectral.o module_wrf_error.o module_driver_constants.o module_domain_type.o module_streams.o module_symbols_util.o module_utility.o da_memory.o da_reporting.o da_tools_serial.o module_ffts.o  gen_be_stage3.o  -L/gpfs/fs1/work/weisun/2019/github/WRFV4-myfork/external/io_netcdf -lwrfio_nf -L/glade/u/apps/ch/opt/netcdf/4.6.1/gnu/6.3.0//lib -lnetcdff -lnetcdf     -L/glade/u/apps/ch/modulefiles/default/intel/17.0.1/hdf5/1.8.18.lua/lib -lhdf5_fortran -lhdf5 -lm -lz -L/gpfs/fs1/work/weisun/2019/github/WRFV4-myfork/external/fftpack/fftpack5 -lfftpack   -L/gpfs/fs1/work/weisun/2019/github/WRFV4-myfork/external/esmf_time_f90 -lesmf_time
gfortran -o gen_be_stage4_global.exe  -O2 -ftree-vectorize -funroll-loops -w -ffree-form -ffree-line-length-none -fconvert=big-endian -frecord-marker=4    da_etkf.o da_blas.o da_lapack.o da_gen_be.o da_control.o da_wavelet.o da_be_spectral.o module_wrf_error.o module_driver_constants.o module_domain_type.o module_streams.o module_symbols_util.o module_utility.o da_memory.o da_reporting.o da_tools_serial.o module_ffts.o  gen_be_stage4_global.o  -L/gpfs/fs1/work/weisun/2019/github/WRFV4-myfork/external/io_netcdf -lwrfio_nf -L/glade/u/apps/ch/opt/netcdf/4.6.1/gnu/6.3.0//lib -lnetcdff -lnetcdf     -L/glade/u/apps/ch/modulefiles/default/intel/17.0.1/hdf5/1.8.18.lua/lib -lhdf5_fortran -lhdf5 -lm -lz -L/gpfs/fs1/work/weisun/2019/github/WRFV4-myfork/external/fftpack/fftpack5 -lfftpack   -L/gpfs/fs1/work/weisun/2019/github/WRFV4-myfork/external/esmf_time_f90 -lesmf_time
gfortran -o gen_be_cov2d.exe  -O2 -ftree-vectorize -funroll-loops -w -ffree-form -ffree-line-length-none -fconvert=big-endian -frecord-marker=4    da_etkf.o da_blas.o da_lapack.o da_gen_be.o da_control.o da_wavelet.o da_be_spectral.o module_wrf_error.o module_driver_constants.o module_domain_type.o module_streams.o module_symbols_util.o module_utility.o da_memory.o da_reporting.o da_tools_serial.o module_ffts.o  gen_be_cov2d.o -L/gpfs/fs1/work/weisun/2019/github/WRFV4-myfork/external/io_netcdf -lwrfio_nf -L/glade/u/apps/ch/opt/netcdf/4.6.1/gnu/6.3.0//lib -lnetcdff -lnetcdf     -L/glade/u/apps/ch/modulefiles/default/intel/17.0.1/hdf5/1.8.18.lua/lib -lhdf5_fortran -lhdf5 -lm -lz -L/gpfs/fs1/work/weisun/2019/github/WRFV4-myfork/external/fftpack/fftpack5 -lfftpack   -L/gpfs/fs1/work/weisun/2019/github/WRFV4-myfork/external/esmf_time_f90 -lesmf_time
gfortran -o gen_be_diags.exe  -O2 -ftree-vectorize -funroll-loops -w -ffree-form -ffree-line-length-none -fconvert=big-endian -frecord-marker=4    da_etkf.o da_blas.o da_lapack.o da_gen_be.o da_control.o da_wavelet.o da_be_spectral.o module_wrf_error.o module_driver_constants.o module_domain_type.o module_streams.o module_symbols_util.o module_utility.o da_memory.o da_reporting.o da_tools_serial.o module_ffts.o  gen_be_diags.o -L/gpfs/fs1/work/weisun/2019/github/WRFV4-myfork/external/io_netcdf -lwrfio_nf -L/glade/u/apps/ch/opt/netcdf/4.6.1/gnu/6.3.0//lib -lnetcdff -lnetcdf     -L/glade/u/apps/ch/modulefiles/default/intel/17.0.1/hdf5/1.8.18.lua/lib -lhdf5_fortran -lhdf5 -lm -lz -L/gpfs/fs1/work/weisun/2019/github/WRFV4-myfork/external/fftpack/fftpack5 -lfftpack   -L/gpfs/fs1/work/weisun/2019/github/WRFV4-myfork/external/esmf_time_f90 -lesmf_time

real	0m0.900s
user	0m0.836s
sys	0m0.040s
gfortran -o gen_be_diags_read.exe  -O2 -ftree-vectorize -funroll-loops -w -ffree-form -ffree-line-length-none -fconvert=big-endian -frecord-marker=4    da_etkf.o da_blas.o da_lapack.o da_gen_be.o da_control.o da_wavelet.o da_be_spectral.o module_wrf_error.o module_driver_constants.o module_domain_type.o module_streams.o module_symbols_util.o module_utility.o da_memory.o da_reporting.o da_tools_serial.o module_ffts.o  gen_be_diags_read.o -L/gpfs/fs1/work/weisun/2019/github/WRFV4-myfork/external/io_netcdf -lwrfio_nf -L/glade/u/apps/ch/opt/netcdf/4.6.1/gnu/6.3.0//lib -lnetcdff -lnetcdf     -L/glade/u/apps/ch/modulefiles/default/intel/17.0.1/hdf5/1.8.18.lua/lib -lhdf5_fortran -lhdf5 -lm -lz -L/gpfs/fs1/work/weisun/2019/github/WRFV4-myfork/external/fftpack/fftpack5 -lfftpack   -L/gpfs/fs1/work/weisun/2019/github/WRFV4-myfork/external/esmf_time_f90 -lesmf_time
gfortran -o gen_be_ensrf.exe  -O2 -ftree-vectorize -funroll-loops -w -ffree-form -ffree-line-length-none -fconvert=big-endian -frecord-marker=4    da_etkf.o da_blas.o da_lapack.o da_gen_be.o da_control.o da_wavelet.o da_be_spectral.o module_wrf_error.o module_driver_constants.o module_domain_type.o module_streams.o module_symbols_util.o module_utility.o da_memory.o da_reporting.o da_tools_serial.o module_ffts.o  gen_be_ensrf.o -L/gpfs/fs1/work/weisun/2019/github/WRFV4-myfork/external/io_netcdf -lwrfio_nf -L/glade/u/apps/ch/opt/netcdf/4.6.1/gnu/6.3.0//lib -lnetcdff -lnetcdf     -L/glade/u/apps/ch/modulefiles/default/intel/17.0.1/hdf5/1.8.18.lua/lib -lhdf5_fortran -lhdf5 -lm -lz -L/gpfs/fs1/work/weisun/2019/github/WRFV4-myfork/external/fftpack/fftpack5 -lfftpack   -L/gpfs/fs1/work/weisun/2019/github/WRFV4-myfork/external/esmf_time_f90 -lesmf_time
rm -f gen_be_stage0_wrf.exe
/gpfs/fs1/work/weisun/2019/github/WRFV4-myfork/tools/standard.exe gen_be_stage0_wrf.f90 > gen_be_stage0_wrf.b
x=`echo "gfortran" | awk '{print $1}'` ; export x ; \
        if [ $x = "gfortran" ] ; then \
           echo removing external declaration of iargc for gfortran ; \
           /lib/cpp -P -nostdinc -DEM_CORE=1 -DNMM_CORE=0 -DNMM_MAX_DIM=2600 -DCOAMPS_CORE=0 -DDA_CORE=1 -DEXP_CORE=0 -DIWORDSIZE=4 -DDWORDSIZE=8 -DRWORDSIZE=8 -DLWORDSIZE=4 -DNONSTANDARD_SYSTEM_SUBR  -DWRF_USE_CLM -DBUFR   -DFFTPACK -DNORESHAPE -DDM_PARALLEL -DNETCDF -DCRTM -DHDF5 -DUSE_ALLOCATABLES -DGRIB1 -DINTIO -DKEEP_INT_AROUND -DLIMIT_ARGS -DCONFIG_BUF_LEN=65536 -DMAX_DOMAINS_F=21 -DMAX_HISTORY=25 -DNMM_NEST=0 -DWRF_CHEM -DBUILD_CHEM=1 -I. -traditional-cpp  -I/gpfs/fs1/work/weisun/2019/github/WRFV4-myfork/inc gen_be_stage0_wrf.b | sed '/integer *, *external.*iargc/d' > gen_be_stage0_wrf.f ;\
        else \
           /lib/cpp -P -nostdinc -DEM_CORE=1 -DNMM_CORE=0 -DNMM_MAX_DIM=2600 -DCOAMPS_CORE=0 -DDA_CORE=1 -DEXP_CORE=0 -DIWORDSIZE=4 -DDWORDSIZE=8 -DRWORDSIZE=8 -DLWORDSIZE=4 -DNONSTANDARD_SYSTEM_SUBR  -DWRF_USE_CLM -DBUFR   -DFFTPACK -DNORESHAPE -DDM_PARALLEL -DNETCDF -DCRTM -DHDF5 -DUSE_ALLOCATABLES -DGRIB1 -DINTIO -DKEEP_INT_AROUND -DLIMIT_ARGS -DCONFIG_BUF_LEN=65536 -DMAX_DOMAINS_F=21 -DMAX_HISTORY=25 -DNMM_NEST=0 -DWRF_CHEM -DBUILD_CHEM=1 -I. -traditional-cpp  -I/gpfs/fs1/work/weisun/2019/github/WRFV4-myfork/inc gen_be_stage0_wrf.b > gen_be_stage0_wrf.f ; \
        fi
removing external declaration of iargc for gfortran
rm -f gen_be_stage0_wrf.b
if fgrep -iq '!$OMP' gen_be_stage0_wrf.f ; then \
          if [ -n "" ] ; then echo COMPILING .f90 WITH OMP ; fi ; \
  gfortran -c -O2 -ftree-vectorize -funroll-loops -w -ffree-form -ffree-line-length-none -fconvert=big-endian -frecord-marker=4  -fdefault-real-8 gen_be_stage0_wrf.f ; \
        else \
          if [ -n "" ] ; then echo COMPILING .f90 WITHOUT OMP ; fi ; \
  gfortran -c -O2 -ftree-vectorize -funroll-loops -w -ffree-form -ffree-line-length-none -fconvert=big-endian -frecord-marker=4  -fdefault-real-8 gen_be_stage0_wrf.f ; \
        fi
8.62user 0.32system 0:09.01elapsed 99%CPU (0avgtext+0avgdata 758984maxresident)k
0inputs+0outputs (0major+166248minor)pagefaults 0swaps
rm -f module_alloc_space_9.o
rm -f module_alloc_space_8.o
rm -f module_alloc_space_7.o
rm -f module_alloc_space_6.o
rm -f module_alloc_space_5.o
/lib/cpp -P -nostdinc -I/gpfs/fs1/work/weisun/2019/github/WRFV4-myfork/inc -DEM_CORE=1 -DNMM_CORE=0 -DNMM_MAX_DIM=2600 -DCOAMPS_CORE=0 -DDA_CORE=1 -DEXP_CORE=0 -DIWORDSIZE=4 -DDWORDSIZE=8 -DRWORDSIZE=8 -DLWORDSIZE=4 -DNONSTANDARD_SYSTEM_SUBR  -DWRF_USE_CLM -DBUFR   -DFFTPACK -DNORESHAPE -DDM_PARALLEL -DNETCDF -DCRTM -DHDF5 -DUSE_ALLOCATABLES -DGRIB1 -DINTIO -DKEEP_INT_AROUND -DLIMIT_ARGS -DCONFIG_BUF_LEN=65536 -DMAX_DOMAINS_F=21 -DMAX_HISTORY=25 -DNMM_NEST=0 -DWRF_CHEM -DBUILD_CHEM=1 -I. -traditional-cpp   module_alloc_space_9.F  > module_alloc_space_9.bb
/lib/cpp -P -nostdinc -I/gpfs/fs1/work/weisun/2019/github/WRFV4-myfork/inc -DEM_CORE=1 -DNMM_CORE=0 -DNMM_MAX_DIM=2600 -DCOAMPS_CORE=0 -DDA_CORE=1 -DEXP_CORE=0 -DIWORDSIZE=4 -DDWORDSIZE=8 -DRWORDSIZE=8 -DLWORDSIZE=4 -DNONSTANDARD_SYSTEM_SUBR  -DWRF_USE_CLM -DBUFR   -DFFTPACK -DNORESHAPE -DDM_PARALLEL -DNETCDF -DCRTM -DHDF5 -DUSE_ALLOCATABLES -DGRIB1 -DINTIO -DKEEP_INT_AROUND -DLIMIT_ARGS -DCONFIG_BUF_LEN=65536 -DMAX_DOMAINS_F=21 -DMAX_HISTORY=25 -DNMM_NEST=0 -DWRF_CHEM -DBUILD_CHEM=1 -I. -traditional-cpp   module_alloc_space_8.F  > module_alloc_space_8.bb
/lib/cpp -P -nostdinc -I/gpfs/fs1/work/weisun/2019/github/WRFV4-myfork/inc -DEM_CORE=1 -DNMM_CORE=0 -DNMM_MAX_DIM=2600 -DCOAMPS_CORE=0 -DDA_CORE=1 -DEXP_CORE=0 -DIWORDSIZE=4 -DDWORDSIZE=8 -DRWORDSIZE=8 -DLWORDSIZE=4 -DNONSTANDARD_SYSTEM_SUBR  -DWRF_USE_CLM -DBUFR   -DFFTPACK -DNORESHAPE -DDM_PARALLEL -DNETCDF -DCRTM -DHDF5 -DUSE_ALLOCATABLES -DGRIB1 -DINTIO -DKEEP_INT_AROUND -DLIMIT_ARGS -DCONFIG_BUF_LEN=65536 -DMAX_DOMAINS_F=21 -DMAX_HISTORY=25 -DNMM_NEST=0 -DWRF_CHEM -DBUILD_CHEM=1 -I. -traditional-cpp   module_alloc_space_7.F  > module_alloc_space_7.bb
/lib/cpp -P -nostdinc -I/gpfs/fs1/work/weisun/2019/github/WRFV4-myfork/inc -DEM_CORE=1 -DNMM_CORE=0 -DNMM_MAX_DIM=2600 -DCOAMPS_CORE=0 -DDA_CORE=1 -DEXP_CORE=0 -DIWORDSIZE=4 -DDWORDSIZE=8 -DRWORDSIZE=8 -DLWORDSIZE=4 -DNONSTANDARD_SYSTEM_SUBR  -DWRF_USE_CLM -DBUFR   -DFFTPACK -DNORESHAPE -DDM_PARALLEL -DNETCDF -DCRTM -DHDF5 -DUSE_ALLOCATABLES -DGRIB1 -DINTIO -DKEEP_INT_AROUND -DLIMIT_ARGS -DCONFIG_BUF_LEN=65536 -DMAX_DOMAINS_F=21 -DMAX_HISTORY=25 -DNMM_NEST=0 -DWRF_CHEM -DBUILD_CHEM=1 -I. -traditional-cpp   module_alloc_space_6.F  > module_alloc_space_6.bb
/lib/cpp -P -nostdinc -I/gpfs/fs1/work/weisun/2019/github/WRFV4-myfork/inc -DEM_CORE=1 -DNMM_CORE=0 -DNMM_MAX_DIM=2600 -DCOAMPS_CORE=0 -DDA_CORE=1 -DEXP_CORE=0 -DIWORDSIZE=4 -DDWORDSIZE=8 -DRWORDSIZE=8 -DLWORDSIZE=4 -DNONSTANDARD_SYSTEM_SUBR  -DWRF_USE_CLM -DBUFR   -DFFTPACK -DNORESHAPE -DDM_PARALLEL -DNETCDF -DCRTM -DHDF5 -DUSE_ALLOCATABLES -DGRIB1 -DINTIO -DKEEP_INT_AROUND -DLIMIT_ARGS -DCONFIG_BUF_LEN=65536 -DMAX_DOMAINS_F=21 -DMAX_HISTORY=25 -DNMM_NEST=0 -DWRF_CHEM -DBUILD_CHEM=1 -I. -traditional-cpp   module_alloc_space_5.F  > module_alloc_space_5.bb
/gpfs/fs1/work/weisun/2019/github/WRFV4-myfork/tools/standard.exe module_alloc_space_8.bb | /lib/cpp -P -nostdinc -traditional-cpp > module_alloc_space_8.f90
/gpfs/fs1/work/weisun/2019/github/WRFV4-myfork/tools/standard.exe module_alloc_space_7.bb | /lib/cpp -P -nostdinc -traditional-cpp > module_alloc_space_7.f90
/gpfs/fs1/work/weisun/2019/github/WRFV4-myfork/tools/standard.exe module_alloc_space_9.bb | /lib/cpp -P -nostdinc -traditional-cpp > module_alloc_space_9.f90
/gpfs/fs1/work/weisun/2019/github/WRFV4-myfork/tools/standard.exe module_alloc_space_5.bb | /lib/cpp -P -nostdinc -traditional-cpp > module_alloc_space_5.f90
/gpfs/fs1/work/weisun/2019/github/WRFV4-myfork/tools/standard.exe module_alloc_space_6.bb | /lib/cpp -P -nostdinc -traditional-cpp > module_alloc_space_6.f90
rm -f module_alloc_space_8.b module_alloc_space_8.bb
time mpif90 -f90=gfortran -c -fdefault-real-8  -O0 -w -ffree-form -ffree-line-length-none -fconvert=big-endian -frecord-marker=4   module_alloc_space_8.f90
rm -f module_alloc_space_7.b module_alloc_space_7.bb
time mpif90 -f90=gfortran -c -fdefault-real-8  -O0 -w -ffree-form -ffree-line-length-none -fconvert=big-endian -frecord-marker=4   module_alloc_space_7.f90
rm -f module_alloc_space_9.b module_alloc_space_9.bb
rm -f module_alloc_space_5.b module_alloc_space_5.bb
time mpif90 -f90=gfortran -c -fdefault-real-8  -O0 -w -ffree-form -ffree-line-length-none -fconvert=big-endian -frecord-marker=4   module_alloc_space_9.f90
time mpif90 -f90=gfortran -c -fdefault-real-8  -O0 -w -ffree-form -ffree-line-length-none -fconvert=big-endian -frecord-marker=4   module_alloc_space_5.f90
rm -f module_alloc_space_6.b module_alloc_space_6.bb
time mpif90 -f90=gfortran -c -fdefault-real-8  -O0 -w -ffree-form -ffree-line-length-none -fconvert=big-endian -frecord-marker=4   module_alloc_space_6.f90
rm -f module_alloc_space_4.o
/lib/cpp -P -nostdinc -I/gpfs/fs1/work/weisun/2019/github/WRFV4-myfork/inc -DEM_CORE=1 -DNMM_CORE=0 -DNMM_MAX_DIM=2600 -DCOAMPS_CORE=0 -DDA_CORE=1 -DEXP_CORE=0 -DIWORDSIZE=4 -DDWORDSIZE=8 -DRWORDSIZE=8 -DLWORDSIZE=4 -DNONSTANDARD_SYSTEM_SUBR  -DWRF_USE_CLM -DBUFR   -DFFTPACK -DNORESHAPE -DDM_PARALLEL -DNETCDF -DCRTM -DHDF5 -DUSE_ALLOCATABLES -DGRIB1 -DINTIO -DKEEP_INT_AROUND -DLIMIT_ARGS -DCONFIG_BUF_LEN=65536 -DMAX_DOMAINS_F=21 -DMAX_HISTORY=25 -DNMM_NEST=0 -DWRF_CHEM -DBUILD_CHEM=1 -I. -traditional-cpp   module_alloc_space_4.F  > module_alloc_space_4.bb
/gpfs/fs1/work/weisun/2019/github/WRFV4-myfork/tools/standard.exe module_alloc_space_4.bb | /lib/cpp -P -nostdinc -traditional-cpp > module_alloc_space_4.f90
rm -f module_alloc_space_4.b module_alloc_space_4.bb
time mpif90 -f90=gfortran -c -fdefault-real-8  -O0 -w -ffree-form -ffree-line-length-none -fconvert=big-endian -frecord-marker=4   module_alloc_space_4.f90

real	0m4.897s
user	0m4.756s
sys	0m0.112s
rm -f module_alloc_space_3.o
/lib/cpp -P -nostdinc -I/gpfs/fs1/work/weisun/2019/github/WRFV4-myfork/inc -DEM_CORE=1 -DNMM_CORE=0 -DNMM_MAX_DIM=2600 -DCOAMPS_CORE=0 -DDA_CORE=1 -DEXP_CORE=0 -DIWORDSIZE=4 -DDWORDSIZE=8 -DRWORDSIZE=8 -DLWORDSIZE=4 -DNONSTANDARD_SYSTEM_SUBR  -DWRF_USE_CLM -DBUFR   -DFFTPACK -DNORESHAPE -DDM_PARALLEL -DNETCDF -DCRTM -DHDF5 -DUSE_ALLOCATABLES -DGRIB1 -DINTIO -DKEEP_INT_AROUND -DLIMIT_ARGS -DCONFIG_BUF_LEN=65536 -DMAX_DOMAINS_F=21 -DMAX_HISTORY=25 -DNMM_NEST=0 -DWRF_CHEM -DBUILD_CHEM=1 -I. -traditional-cpp   module_alloc_space_3.F  > module_alloc_space_3.bb
0.28user 0.04system 0:00.35elapsed 92%CPU (0avgtext+0avgdata 26624maxresident)k
0inputs+0outputs (0major+15932minor)pagefaults 0swaps
rm -f module_alloc_space_2.o
/lib/cpp -P -nostdinc -I/gpfs/fs1/work/weisun/2019/github/WRFV4-myfork/inc -DEM_CORE=1 -DNMM_CORE=0 -DNMM_MAX_DIM=2600 -DCOAMPS_CORE=0 -DDA_CORE=1 -DEXP_CORE=0 -DIWORDSIZE=4 -DDWORDSIZE=8 -DRWORDSIZE=8 -DLWORDSIZE=4 -DNONSTANDARD_SYSTEM_SUBR  -DWRF_USE_CLM -DBUFR   -DFFTPACK -DNORESHAPE -DDM_PARALLEL -DNETCDF -DCRTM -DHDF5 -DUSE_ALLOCATABLES -DGRIB1 -DINTIO -DKEEP_INT_AROUND -DLIMIT_ARGS -DCONFIG_BUF_LEN=65536 -DMAX_DOMAINS_F=21 -DMAX_HISTORY=25 -DNMM_NEST=0 -DWRF_CHEM -DBUILD_CHEM=1 -I. -traditional-cpp   module_alloc_space_2.F  > module_alloc_space_2.bb
/gpfs/fs1/work/weisun/2019/github/WRFV4-myfork/tools/standard.exe module_alloc_space_3.bb | /lib/cpp -P -nostdinc -traditional-cpp > module_alloc_space_3.f90
/gpfs/fs1/work/weisun/2019/github/WRFV4-myfork/tools/standard.exe module_alloc_space_2.bb | /lib/cpp -P -nostdinc -traditional-cpp > module_alloc_space_2.f90
0.32user 0.04system 0:00.37elapsed 94%CPU (0avgtext+0avgdata 26624maxresident)k
0inputs+0outputs (0major+15932minor)pagefaults 0swaps
rm -f module_alloc_space_1.o
/lib/cpp -P -nostdinc -I/gpfs/fs1/work/weisun/2019/github/WRFV4-myfork/inc -DEM_CORE=1 -DNMM_CORE=0 -DNMM_MAX_DIM=2600 -DCOAMPS_CORE=0 -DDA_CORE=1 -DEXP_CORE=0 -DIWORDSIZE=4 -DDWORDSIZE=8 -DRWORDSIZE=8 -DLWORDSIZE=4 -DNONSTANDARD_SYSTEM_SUBR  -DWRF_USE_CLM -DBUFR   -DFFTPACK -DNORESHAPE -DDM_PARALLEL -DNETCDF -DCRTM -DHDF5 -DUSE_ALLOCATABLES -DGRIB1 -DINTIO -DKEEP_INT_AROUND -DLIMIT_ARGS -DCONFIG_BUF_LEN=65536 -DMAX_DOMAINS_F=21 -DMAX_HISTORY=25 -DNMM_NEST=0 -DWRF_CHEM -DBUILD_CHEM=1 -I. -traditional-cpp   module_alloc_space_1.F  > module_alloc_space_1.bb
rm -f module_alloc_space_3.b module_alloc_space_3.bb
time mpif90 -f90=gfortran -c -fdefault-real-8  -O0 -w -ffree-form -ffree-line-length-none -fconvert=big-endian -frecord-marker=4   module_alloc_space_3.f90
rm -f module_alloc_space_2.b module_alloc_space_2.bb
time mpif90 -f90=gfortran -c -fdefault-real-8  -O0 -w -ffree-form -ffree-line-length-none -fconvert=big-endian -frecord-marker=4   module_alloc_space_2.f90
/gpfs/fs1/work/weisun/2019/github/WRFV4-myfork/tools/standard.exe module_alloc_space_1.bb | /lib/cpp -P -nostdinc -traditional-cpp > module_alloc_space_1.f90
rm -f module_alloc_space_1.b module_alloc_space_1.bb
time mpif90 -f90=gfortran -c -fdefault-real-8  -O0 -w -ffree-form -ffree-line-length-none -fconvert=big-endian -frecord-marker=4   module_alloc_space_1.f90
0.38user 0.04system 0:00.45elapsed 94%CPU (0avgtext+0avgdata 32244maxresident)k
0inputs+0outputs (0major+17527minor)pagefaults 0swaps
rm -f module_alloc_space_0.o
/lib/cpp -P -nostdinc -I/gpfs/fs1/work/weisun/2019/github/WRFV4-myfork/inc -DEM_CORE=1 -DNMM_CORE=0 -DNMM_MAX_DIM=2600 -DCOAMPS_CORE=0 -DDA_CORE=1 -DEXP_CORE=0 -DIWORDSIZE=4 -DDWORDSIZE=8 -DRWORDSIZE=8 -DLWORDSIZE=4 -DNONSTANDARD_SYSTEM_SUBR  -DWRF_USE_CLM -DBUFR   -DFFTPACK -DNORESHAPE -DDM_PARALLEL -DNETCDF -DCRTM -DHDF5 -DUSE_ALLOCATABLES -DGRIB1 -DINTIO -DKEEP_INT_AROUND -DLIMIT_ARGS -DCONFIG_BUF_LEN=65536 -DMAX_DOMAINS_F=21 -DMAX_HISTORY=25 -DNMM_NEST=0 -DWRF_CHEM -DBUILD_CHEM=1 -I. -traditional-cpp   module_alloc_space_0.F  > module_alloc_space_0.bb
/gpfs/fs1/work/weisun/2019/github/WRFV4-myfork/tools/standard.exe module_alloc_space_0.bb | /lib/cpp -P -nostdinc -traditional-cpp > module_alloc_space_0.f90
rm -f module_alloc_space_0.b module_alloc_space_0.bb
time mpif90 -f90=gfortran -c -fdefault-real-8  -O0 -w -ffree-form -ffree-line-length-none -fconvert=big-endian -frecord-marker=4   module_alloc_space_0.f90
0.38user 0.02system 0:00.43elapsed 94%CPU (0avgtext+0avgdata 29496maxresident)k
0inputs+0outputs (0major+16778minor)pagefaults 0swaps
rm -f module_bc.o
sed -e "s/grid%mu/gridmu/g" -e "s/grid%Mu/gridMu/g" -e "s/^\!.*'.*//" -e "s/^ *\!.*'.*//" module_bc.F > module_bc.G
/lib/cpp -P -nostdinc -I/gpfs/fs1/work/weisun/2019/github/WRFV4-myfork/inc -DEM_CORE=1 -DNMM_CORE=0 -DNMM_MAX_DIM=2600 -DCOAMPS_CORE=0 -DDA_CORE=1 -DEXP_CORE=0 -DIWORDSIZE=4 -DDWORDSIZE=8 -DRWORDSIZE=8 -DLWORDSIZE=4 -DNONSTANDARD_SYSTEM_SUBR  -DWRF_USE_CLM -DBUFR   -DFFTPACK -DNORESHAPE -DDM_PARALLEL -DNETCDF -DCRTM -DHDF5 -DUSE_ALLOCATABLES -DGRIB1 -DINTIO -DKEEP_INT_AROUND -DLIMIT_ARGS -DCONFIG_BUF_LEN=65536 -DMAX_DOMAINS_F=21 -DMAX_HISTORY=25 -DNMM_NEST=0 -DWRF_CHEM -DBUILD_CHEM=1 -I. -traditional-cpp   module_bc.G  > module_bc.H
sed -e "s/gridmu/grid%mu/g" -e "s/gridMu/grid%Mu/g" module_bc.H > module_bc.bb
/gpfs/fs1/work/weisun/2019/github/WRFV4-myfork/tools/standard.exe module_bc.bb | /lib/cpp -P -nostdinc -traditional-cpp > module_bc.f90
rm -f module_bc.G module_bc.H module_bc.bb
time mpif90 -f90=gfortran -o module_bc.o -c -O2 -ftree-vectorize -funroll-loops -w -ffree-form -ffree-line-length-none -fconvert=big-endian -frecord-marker=4    -fdefault-real-8  module_bc.f90
0.35user 0.02system 0:00.40elapsed 93%CPU (0avgtext+0avgdata 29488maxresident)k
0inputs+0outputs (0major+16774minor)pagefaults 0swaps
rm -f module_date_time.o
sed -e "s/grid%mu/gridmu/g" -e "s/grid%Mu/gridMu/g" -e "s/^\!.*'.*//" -e "s/^ *\!.*'.*//" module_date_time.F > module_date_time.G
/lib/cpp -P -nostdinc -I/gpfs/fs1/work/weisun/2019/github/WRFV4-myfork/inc -DEM_CORE=1 -DNMM_CORE=0 -DNMM_MAX_DIM=2600 -DCOAMPS_CORE=0 -DDA_CORE=1 -DEXP_CORE=0 -DIWORDSIZE=4 -DDWORDSIZE=8 -DRWORDSIZE=8 -DLWORDSIZE=4 -DNONSTANDARD_SYSTEM_SUBR  -DWRF_USE_CLM -DBUFR   -DFFTPACK -DNORESHAPE -DDM_PARALLEL -DNETCDF -DCRTM -DHDF5 -DUSE_ALLOCATABLES -DGRIB1 -DINTIO -DKEEP_INT_AROUND -DLIMIT_ARGS -DCONFIG_BUF_LEN=65536 -DMAX_DOMAINS_F=21 -DMAX_HISTORY=25 -DNMM_NEST=0 -DWRF_CHEM -DBUILD_CHEM=1 -I. -traditional-cpp   module_date_time.G  > module_date_time.H
sed -e "s/gridmu/grid%mu/g" -e "s/gridMu/grid%Mu/g" module_date_time.H > module_date_time.bb
/gpfs/fs1/work/weisun/2019/github/WRFV4-myfork/tools/standard.exe module_date_time.bb | /lib/cpp -P -nostdinc -traditional-cpp > module_date_time.f90
0.38user 0.04system 0:00.45elapsed 95%CPU (0avgtext+0avgdata 29488maxresident)k
0inputs+0outputs (0major+16777minor)pagefaults 0swaps
/lib/cpp -P -nostdinc -DNNN=0 -I./inc -DNL_get_ROUTINES nl_access_routines.F > yy0.f90
rm -f module_date_time.G module_date_time.H module_date_time.bb
time mpif90 -f90=gfortran -o module_date_time.o -c -O2 -ftree-vectorize -funroll-loops -w -ffree-form -ffree-line-length-none -fconvert=big-endian -frecord-marker=4    -fdefault-real-8  module_date_time.f90
0.37user 0.04system 0:00.44elapsed 95%CPU (0avgtext+0avgdata 29692maxresident)k
0inputs+0outputs (0major+16862minor)pagefaults 0swaps
/lib/cpp -P -nostdinc -DNNN=1 -I./inc -DNL_get_ROUTINES nl_access_routines.F > yy1.f90
time mpif90 -f90=gfortran -o nl_get_0_routines.o -c -fdefault-real-8 -O0 -w -ffree-form -ffree-line-length-none -fconvert=big-endian -frecord-marker=4    yy0.f90
time mpif90 -f90=gfortran -o nl_get_1_routines.o -c -fdefault-real-8 -O0 -w -ffree-form -ffree-line-length-none -fconvert=big-endian -frecord-marker=4    yy1.f90

real	0m4.196s
user	0m4.056s
sys	0m0.112s
/lib/cpp -P -nostdinc -DNNN=2 -I./inc -DNL_get_ROUTINES nl_access_routines.F > yy2.f90
time mpif90 -f90=gfortran -o nl_get_2_routines.o -c -fdefault-real-8 -O0 -w -ffree-form -ffree-line-length-none -fconvert=big-endian -frecord-marker=4    yy2.f90
gfortran -o gen_be_stage0_gsi.exe  -O2 -ftree-vectorize -funroll-loops -w -ffree-form -ffree-line-length-none -fconvert=big-endian -frecord-marker=4    da_etkf.o da_blas.o da_lapack.o da_gen_be.o da_control.o da_wavelet.o da_be_spectral.o module_wrf_error.o module_driver_constants.o module_domain_type.o module_streams.o module_symbols_util.o module_utility.o da_memory.o da_reporting.o da_tools_serial.o module_ffts.o  gen_be_stage0_gsi.o -L/gpfs/fs1/work/weisun/2019/github/WRFV4-myfork/external/io_netcdf -lwrfio_nf -L/glade/u/apps/ch/opt/netcdf/4.6.1/gnu/6.3.0//lib -lnetcdff -lnetcdf     -L/glade/u/apps/ch/modulefiles/default/intel/17.0.1/hdf5/1.8.18.lua/lib -lhdf5_fortran -lhdf5 -lm -lz -L/gpfs/fs1/work/weisun/2019/github/WRFV4-myfork/external/fftpack/fftpack5 -lfftpack   -L/gpfs/fs1/work/weisun/2019/github/WRFV4-myfork/external/esmf_time_f90 -lesmf_time aero_mod.o
1.32user 0.08system 0:01.43elapsed 97%CPU (0avgtext+0avgdata 147368maxresident)k
0inputs+0outputs (0major+44553minor)pagefaults 0swaps
/lib/cpp -P -nostdinc -DNNN=3 -I./inc -DNL_get_ROUTINES nl_access_routines.F > yy3.f90
time mpif90 -f90=gfortran -o nl_get_3_routines.o -c -fdefault-real-8 -O0 -w -ffree-form -ffree-line-length-none -fconvert=big-endian -frecord-marker=4    yy3.f90
/lib/cpp -P -nostdinc -DNNN=4 -I./inc -DNL_get_ROUTINES nl_access_routines.F > yy4.f90
0.64user 0.03system 0:00.69elapsed 96%CPU (0avgtext+0avgdata 32288maxresident)k
0inputs+0outputs (0major+17748minor)pagefaults 0swaps
time mpif90 -f90=gfortran -o nl_get_4_routines.o -c -fdefault-real-8 -O0 -w -ffree-form -ffree-line-length-none -fconvert=big-endian -frecord-marker=4    yy4.f90
/lib/cpp -P -nostdinc -DNNN=5 -I./inc -DNL_get_ROUTINES nl_access_routines.F > yy5.f90
time mpif90 -f90=gfortran -o nl_get_5_routines.o -c -fdefault-real-8 -O0 -w -ffree-form -ffree-line-length-none -fconvert=big-endian -frecord-marker=4    yy5.f90
2.18user 0.18system 0:02.39elapsed 98%CPU (0avgtext+0avgdata 242172maxresident)k
0inputs+0outputs (0major+69351minor)pagefaults 0swaps
/lib/cpp -P -nostdinc -DNNN=6 -I./inc -DNL_get_ROUTINES nl_access_routines.F > yy6.f90
time mpif90 -f90=gfortran -o nl_get_6_routines.o -c -fdefault-real-8 -O0 -w -ffree-form -ffree-line-length-none -fconvert=big-endian -frecord-marker=4    yy6.f90
gfortran -o gen_be_stage0_wrf.exe  -O2 -ftree-vectorize -funroll-loops -w -ffree-form -ffree-line-length-none -fconvert=big-endian -frecord-marker=4    da_etkf.o da_blas.o da_lapack.o da_gen_be.o da_control.o da_wavelet.o da_be_spectral.o module_wrf_error.o module_driver_constants.o module_domain_type.o module_streams.o module_symbols_util.o module_utility.o da_memory.o da_reporting.o da_tools_serial.o module_ffts.o  gen_be_stage0_wrf.o -L/gpfs/fs1/work/weisun/2019/github/WRFV4-myfork/external/io_netcdf -lwrfio_nf -L/glade/u/apps/ch/opt/netcdf/4.6.1/gnu/6.3.0//lib -lnetcdff -lnetcdf     -L/glade/u/apps/ch/modulefiles/default/intel/17.0.1/hdf5/1.8.18.lua/lib -lhdf5_fortran -lhdf5 -lm -lz -L/gpfs/fs1/work/weisun/2019/github/WRFV4-myfork/external/fftpack/fftpack5 -lfftpack   -L/gpfs/fs1/work/weisun/2019/github/WRFV4-myfork/external/esmf_time_f90 -lesmf_time
/lib/cpp -P -nostdinc -DNNN=7 -I./inc -DNL_get_ROUTINES nl_access_routines.F > yy7.f90
time mpif90 -f90=gfortran -o nl_get_7_routines.o -c -fdefault-real-8 -O0 -w -ffree-form -ffree-line-length-none -fconvert=big-endian -frecord-marker=4    yy7.f90
5.50user 0.26system 0:05.80elapsed 99%CPU (0avgtext+0avgdata 577752maxresident)k
0inputs+0outputs (0major+134899minor)pagefaults 0swaps
/lib/cpp -P -nostdinc -DNNN=0 -I./inc -DNL_set_ROUTINES nl_access_routines.F > xx0.f90
time mpif90 -f90=gfortran -o nl_set_0_routines.o -c -fdefault-real-8 -O0 -w -ffree-form -ffree-line-length-none -fconvert=big-endian -frecord-marker=4    xx0.f90
5.90user 0.11system 0:06.05elapsed 99%CPU (0avgtext+0avgdata 170008maxresident)k
0inputs+0outputs (0major+54082minor)pagefaults 0swaps
/lib/cpp -P -nostdinc -DNNN=1 -I./inc -DNL_set_ROUTINES nl_access_routines.F > xx1.f90
time mpif90 -f90=gfortran -o nl_set_1_routines.o -c -fdefault-real-8 -O0 -w -ffree-form -ffree-line-length-none -fconvert=big-endian -frecord-marker=4    xx1.f90
6.65user 0.31system 0:06.99elapsed 99%CPU (0avgtext+0avgdata 393040maxresident)k
0inputs+0outputs (0major+216510minor)pagefaults 0swaps
rm -f yy0.f90
/lib/cpp -P -nostdinc -DNNN=2 -I./inc -DNL_set_ROUTINES nl_access_routines.F > xx2.f90
time mpif90 -f90=gfortran -o nl_set_2_routines.o -c -fdefault-real-8 -O0 -w -ffree-form -ffree-line-length-none -fconvert=big-endian -frecord-marker=4    xx2.f90
7.30user 0.32system 0:07.65elapsed 99%CPU (0avgtext+0avgdata 392512maxresident)k
0inputs+0outputs (0major+216328minor)pagefaults 0swaps
rm -f yy1.f90
/lib/cpp -P -nostdinc -DNNN=3 -I./inc -DNL_set_ROUTINES nl_access_routines.F > xx3.f90
time mpif90 -f90=gfortran -o nl_set_3_routines.o -c -fdefault-real-8 -O0 -w -ffree-form -ffree-line-length-none -fconvert=big-endian -frecord-marker=4    xx3.f90
6.74user 0.32system 0:07.10elapsed 99%CPU (0avgtext+0avgdata 394480maxresident)k
0inputs+0outputs (0major+216864minor)pagefaults 0swaps
rm -f yy4.f90
/lib/cpp -P -nostdinc -DNNN=4 -I./inc -DNL_set_ROUTINES nl_access_routines.F > xx4.f90
7.22user 0.36system 0:07.61elapsed 99%CPU (0avgtext+0avgdata 394184maxresident)k
0inputs+0outputs (0major+216825minor)pagefaults 0swaps
rm -f yy2.f90
/lib/cpp -P -nostdinc -DNNN=5 -I./inc -DNL_set_ROUTINES nl_access_routines.F > xx5.f90
time mpif90 -f90=gfortran -o nl_set_4_routines.o -c -fdefault-real-8 -O0 -w -ffree-form -ffree-line-length-none -fconvert=big-endian -frecord-marker=4    xx4.f90
time mpif90 -f90=gfortran -o nl_set_5_routines.o -c -fdefault-real-8 -O0 -w -ffree-form -ffree-line-length-none -fconvert=big-endian -frecord-marker=4    xx5.f90
7.31user 0.42system 0:07.77elapsed 99%CPU (0avgtext+0avgdata 394472maxresident)k
0inputs+0outputs (0major+216865minor)pagefaults 0swaps
rm -f yy3.f90
/lib/cpp -P -nostdinc -DNNN=6 -I./inc -DNL_set_ROUTINES nl_access_routines.F > xx6.f90
time mpif90 -f90=gfortran -o nl_set_6_routines.o -c -fdefault-real-8 -O0 -w -ffree-form -ffree-line-length-none -fconvert=big-endian -frecord-marker=4    xx6.f90
7.27user 0.41system 0:07.71elapsed 99%CPU (0avgtext+0avgdata 394216maxresident)k
0inputs+0outputs (0major+216820minor)pagefaults 0swaps
rm -f yy5.f90
/lib/cpp -P -nostdinc -DNNN=7 -I./inc -DNL_set_ROUTINES nl_access_routines.F > xx7.f90
time mpif90 -f90=gfortran -o nl_set_7_routines.o -c -fdefault-real-8 -O0 -w -ffree-form -ffree-line-length-none -fconvert=big-endian -frecord-marker=4    xx7.f90
7.10user 0.35system 0:07.49elapsed 99%CPU (0avgtext+0avgdata 392768maxresident)k
0inputs+0outputs (0major+216395minor)pagefaults 0swaps
rm -f yy6.f90
rm -f gen_be_ep2.exe
/gpfs/fs1/work/weisun/2019/github/WRFV4-myfork/tools/standard.exe gen_be_ep2.f90 > gen_be_ep2.b
x=`echo "gfortran" | awk '{print $1}'` ; export x ; \
        if [ $x = "gfortran" ] ; then \
           echo removing external declaration of iargc for gfortran ; \
           /lib/cpp -P -nostdinc -DEM_CORE=1 -DNMM_CORE=0 -DNMM_MAX_DIM=2600 -DCOAMPS_CORE=0 -DDA_CORE=1 -DEXP_CORE=0 -DIWORDSIZE=4 -DDWORDSIZE=8 -DRWORDSIZE=8 -DLWORDSIZE=4 -DNONSTANDARD_SYSTEM_SUBR  -DWRF_USE_CLM -DBUFR   -DFFTPACK -DNORESHAPE -DDM_PARALLEL -DNETCDF -DCRTM -DHDF5 -DUSE_ALLOCATABLES -DGRIB1 -DINTIO -DKEEP_INT_AROUND -DLIMIT_ARGS -DCONFIG_BUF_LEN=65536 -DMAX_DOMAINS_F=21 -DMAX_HISTORY=25 -DNMM_NEST=0 -DWRF_CHEM -DBUILD_CHEM=1 -I. -traditional-cpp  -I/gpfs/fs1/work/weisun/2019/github/WRFV4-myfork/inc gen_be_ep2.b | sed '/integer *, *external.*iargc/d' > gen_be_ep2.f ;\
        else \
           /lib/cpp -P -nostdinc -DEM_CORE=1 -DNMM_CORE=0 -DNMM_MAX_DIM=2600 -DCOAMPS_CORE=0 -DDA_CORE=1 -DEXP_CORE=0 -DIWORDSIZE=4 -DDWORDSIZE=8 -DRWORDSIZE=8 -DLWORDSIZE=4 -DNONSTANDARD_SYSTEM_SUBR  -DWRF_USE_CLM -DBUFR   -DFFTPACK -DNORESHAPE -DDM_PARALLEL -DNETCDF -DCRTM -DHDF5 -DUSE_ALLOCATABLES -DGRIB1 -DINTIO -DKEEP_INT_AROUND -DLIMIT_ARGS -DCONFIG_BUF_LEN=65536 -DMAX_DOMAINS_F=21 -DMAX_HISTORY=25 -DNMM_NEST=0 -DWRF_CHEM -DBUILD_CHEM=1 -I. -traditional-cpp  -I/gpfs/fs1/work/weisun/2019/github/WRFV4-myfork/inc gen_be_ep2.b > gen_be_ep2.f ; \
        fi
removing external declaration of iargc for gfortran
rm -f gen_be_ep2.b
gfortran -c -O2 -ftree-vectorize -funroll-loops -w -ffree-form -ffree-line-length-none -fconvert=big-endian -frecord-marker=4  -fdefault-real-8 gen_be_ep2.f
7.12user 0.34system 0:07.49elapsed 99%CPU (0avgtext+0avgdata 388288maxresident)k
0inputs+0outputs (0major+213834minor)pagefaults 0swaps
rm -f yy7.f90
gfortran -o gen_mbe_stage2.exe  -O2 -ftree-vectorize -funroll-loops -w -ffree-form -ffree-line-length-none -fconvert=big-endian -frecord-marker=4    da_etkf.o da_blas.o da_lapack.o da_gen_be.o da_control.o da_wavelet.o da_be_spectral.o module_wrf_error.o module_driver_constants.o module_domain_type.o module_streams.o module_symbols_util.o module_utility.o da_memory.o da_reporting.o da_tools_serial.o module_ffts.o  gen_mbe_stage2.o -L/gpfs/fs1/work/weisun/2019/github/WRFV4-myfork/external/io_netcdf -lwrfio_nf -L/glade/u/apps/ch/opt/netcdf/4.6.1/gnu/6.3.0//lib -lnetcdff -lnetcdf     -L/glade/u/apps/ch/modulefiles/default/intel/17.0.1/hdf5/1.8.18.lua/lib -lhdf5_fortran -lhdf5 -lm -lz -L/gpfs/fs1/work/weisun/2019/github/WRFV4-myfork/external/fftpack/fftpack5 -lfftpack   -L/gpfs/fs1/work/weisun/2019/github/WRFV4-myfork/external/esmf_time_f90 -lesmf_time
gfortran -o gen_be_etkf.exe  -O2 -ftree-vectorize -funroll-loops -w -ffree-form -ffree-line-length-none -fconvert=big-endian -frecord-marker=4    da_etkf.o da_blas.o da_lapack.o da_gen_be.o da_control.o da_wavelet.o da_be_spectral.o module_wrf_error.o module_driver_constants.o module_domain_type.o module_streams.o module_symbols_util.o module_utility.o da_memory.o da_reporting.o da_tools_serial.o module_ffts.o  gen_be_etkf.o -L/gpfs/fs1/work/weisun/2019/github/WRFV4-myfork/external/io_netcdf -lwrfio_nf -L/glade/u/apps/ch/opt/netcdf/4.6.1/gnu/6.3.0//lib -lnetcdff -lnetcdf     -L/glade/u/apps/ch/modulefiles/default/intel/17.0.1/hdf5/1.8.18.lua/lib -lhdf5_fortran -lhdf5 -lm -lz -L/gpfs/fs1/work/weisun/2019/github/WRFV4-myfork/external/fftpack/fftpack5 -lfftpack   -L/gpfs/fs1/work/weisun/2019/github/WRFV4-myfork/external/esmf_time_f90 -lesmf_time
rm -f module_domain.o
/lib/cpp -P -nostdinc -I/gpfs/fs1/work/weisun/2019/github/WRFV4-myfork/inc -DEM_CORE=1 -DNMM_CORE=0 -DNMM_MAX_DIM=2600 -DCOAMPS_CORE=0 -DDA_CORE=1 -DEXP_CORE=0 -DIWORDSIZE=4 -DDWORDSIZE=8 -DRWORDSIZE=8 -DLWORDSIZE=4 -DNONSTANDARD_SYSTEM_SUBR  -DWRF_USE_CLM -DBUFR   -DFFTPACK -DNORESHAPE -DDM_PARALLEL -DNETCDF -DCRTM -DHDF5 -DUSE_ALLOCATABLES -DGRIB1 -DINTIO -DKEEP_INT_AROUND -DLIMIT_ARGS -DCONFIG_BUF_LEN=65536 -DMAX_DOMAINS_F=21 -DMAX_HISTORY=25 -DNMM_NEST=0 -DWRF_CHEM -DBUILD_CHEM=1 -I. -traditional-cpp   module_domain.F  > module_domain.bb
/gpfs/fs1/work/weisun/2019/github/WRFV4-myfork/tools/standard.exe module_domain.bb | /lib/cpp -P -nostdinc -traditional-cpp > module_domain.f90
rm -f module_domain.b module_domain.bb
time mpif90 -f90=gfortran -c -fdefault-real-8  -O0 -w -ffree-form -ffree-line-length-none -fconvert=big-endian -frecord-marker=4   module_domain.f90
6.71user 0.26system 0:07.00elapsed 99%CPU (0avgtext+0avgdata 393248maxresident)k
0inputs+0outputs (0major+216523minor)pagefaults 0swaps
rm -f xx0.f90
rm -f module_io_wrf.o
/gpfs/fs1/work/weisun/2019/github/WRFV4-myfork/tools/standard.exe module_io_wrf.F > module_io_wrf.b 
/lib/cpp -P -nostdinc -I/gpfs/fs1/work/weisun/2019/github/WRFV4-myfork/inc -DEM_CORE=1 -DNMM_CORE=0 -DNMM_MAX_DIM=2600 -DCOAMPS_CORE=0 -DDA_CORE=1 -DEXP_CORE=0 -DIWORDSIZE=4 -DDWORDSIZE=8 -DRWORDSIZE=8 -DLWORDSIZE=4 -DNONSTANDARD_SYSTEM_SUBR  -DWRF_USE_CLM -DBUFR   -DFFTPACK -DNORESHAPE -DDM_PARALLEL -DNETCDF -DCRTM -DHDF5 -DUSE_ALLOCATABLES -DGRIB1 -DINTIO -DKEEP_INT_AROUND -DLIMIT_ARGS -DCONFIG_BUF_LEN=65536 -DMAX_DOMAINS_F=21 -DMAX_HISTORY=25 -DNMM_NEST=0 -DWRF_CHEM -DBUILD_CHEM=1 -I. -traditional-cpp   module_io_wrf.b  > module_io_wrf.f90
rm -f module_io_wrf.b
if fgrep -iq '!$OMP' module_io_wrf.f90 ; then \
          if [ -n "" ] ; then echo COMPILING module_io_wrf.F WITH OMP ; fi ; \
  time mpif90 -f90=gfortran -c -fdefault-real-8 -O0 -w -ffree-form -ffree-line-length-none -fconvert=big-endian -frecord-marker=4     module_io_wrf.f90 ; \
        else \
          if [ -n "" ] ; then echo COMPILING module_io_wrf.F WITHOUT OMP ; fi ; \
  time mpif90 -f90=gfortran -c -fdefault-real-8 -O0 -w -ffree-form -ffree-line-length-none -fconvert=big-endian -frecord-marker=4    module_io_wrf.f90 ; \
        fi

real	0m0.311s
user	0m0.236s
sys	0m0.048s
1.92user 0.06system 0:02.01elapsed 98%CPU (0avgtext+0avgdata 98008maxresident)k
0inputs+0outputs (0major+36534minor)pagefaults 0swaps
rm -f da_wrf_interfaces.o
rm -f da_define_structures.o
/gpfs/fs1/work/weisun/2019/github/WRFV4-myfork/tools/standard.exe da_wrf_interfaces.f90 > da_wrf_interfaces.b
/gpfs/fs1/work/weisun/2019/github/WRFV4-myfork/tools/standard.exe da_define_structures.f90 > da_define_structures.b
/lib/cpp -P -nostdinc -DEM_CORE=1 -DNMM_CORE=0 -DNMM_MAX_DIM=2600 -DCOAMPS_CORE=0 -DDA_CORE=1 -DEXP_CORE=0 -DIWORDSIZE=4 -DDWORDSIZE=8 -DRWORDSIZE=8 -DLWORDSIZE=4 -DNONSTANDARD_SYSTEM_SUBR  -DWRF_USE_CLM -DBUFR   -DFFTPACK -DNORESHAPE -DDM_PARALLEL -DNETCDF -DCRTM -DHDF5 -DUSE_ALLOCATABLES -DGRIB1 -DINTIO -DKEEP_INT_AROUND -DLIMIT_ARGS -DCONFIG_BUF_LEN=65536 -DMAX_DOMAINS_F=21 -DMAX_HISTORY=25 -DNMM_NEST=0 -DWRF_CHEM -DBUILD_CHEM=1 -I. -traditional-cpp   -I/gpfs/fs1/work/weisun/2019/github/WRFV4-myfork/inc da_define_structures.b  > da_define_structures.f
/lib/cpp -P -nostdinc -DEM_CORE=1 -DNMM_CORE=0 -DNMM_MAX_DIM=2600 -DCOAMPS_CORE=0 -DDA_CORE=1 -DEXP_CORE=0 -DIWORDSIZE=4 -DDWORDSIZE=8 -DRWORDSIZE=8 -DLWORDSIZE=4 -DNONSTANDARD_SYSTEM_SUBR  -DWRF_USE_CLM -DBUFR   -DFFTPACK -DNORESHAPE -DDM_PARALLEL -DNETCDF -DCRTM -DHDF5 -DUSE_ALLOCATABLES -DGRIB1 -DINTIO -DKEEP_INT_AROUND -DLIMIT_ARGS -DCONFIG_BUF_LEN=65536 -DMAX_DOMAINS_F=21 -DMAX_HISTORY=25 -DNMM_NEST=0 -DWRF_CHEM -DBUILD_CHEM=1 -I. -traditional-cpp   -I/gpfs/fs1/work/weisun/2019/github/WRFV4-myfork/inc da_wrf_interfaces.b  > da_wrf_interfaces.f
rm -f da_wrf_interfaces.b
rm -f da_define_structures.b
if fgrep -iq '!$OMP' da_wrf_interfaces.f ; then \
          if [ -n "" ] ; then echo COMPILING da_wrf_interfaces.f90 WITH OMP ; fi ; \
  time mpif90 -f90=gfortran -o da_wrf_interfaces.o -c -O2 -ftree-vectorize -funroll-loops -w -ffree-form -ffree-line-length-none -fconvert=big-endian -frecord-marker=4   -fdefault-real-8 da_wrf_interfaces.f ; \
        else \
          if [ -n "" ] ; then echo COMPILING da_wrf_interfaces.f90 WITHOUT OMP ; fi ; \
  time mpif90 -f90=gfortran -o da_wrf_interfaces.o -c -O2 -ftree-vectorize -funroll-loops -w -ffree-form -ffree-line-length-none -fconvert=big-endian -frecord-marker=4  -fdefault-real-8 da_wrf_interfaces.f ; \
        fi
if fgrep -iq '!$OMP' da_define_structures.f ; then \
          if [ -n "" ] ; then echo COMPILING da_define_structures.f90 WITH OMP ; fi ; \
  time mpif90 -f90=gfortran -o da_define_structures.o -c -O2 -ftree-vectorize -funroll-loops -w -ffree-form -ffree-line-length-none -fconvert=big-endian -frecord-marker=4   -fdefault-real-8 da_define_structures.f ; \
        else \
          if [ -n "" ] ; then echo COMPILING da_define_structures.f90 WITHOUT OMP ; fi ; \
  time mpif90 -f90=gfortran -o da_define_structures.o -c -O2 -ftree-vectorize -funroll-loops -w -ffree-form -ffree-line-length-none -fconvert=big-endian -frecord-marker=4  -fdefault-real-8 da_define_structures.f ; \
        fi

real	0m0.241s
user	0m0.180s
sys	0m0.036s
rm -f module_comm_dm_4.o
sed -e "s/grid%mu/gridmu/g" -e "s/grid%Mu/gridMu/g" -e "s/^\!.*'.*//" -e "s/^ *\!.*'.*//" module_comm_dm_4.F > module_comm_dm_4.G
/lib/cpp -P -nostdinc -I/gpfs/fs1/work/weisun/2019/github/WRFV4-myfork/inc -DEM_CORE=1 -DNMM_CORE=0 -DNMM_MAX_DIM=2600 -DCOAMPS_CORE=0 -DDA_CORE=1 -DEXP_CORE=0 -DIWORDSIZE=4 -DDWORDSIZE=8 -DRWORDSIZE=8 -DLWORDSIZE=4 -DNONSTANDARD_SYSTEM_SUBR  -DWRF_USE_CLM -DBUFR   -DFFTPACK -DNORESHAPE -DDM_PARALLEL -DNETCDF -DCRTM -DHDF5 -DUSE_ALLOCATABLES -DGRIB1 -DINTIO -DKEEP_INT_AROUND -DLIMIT_ARGS -DCONFIG_BUF_LEN=65536 -DMAX_DOMAINS_F=21 -DMAX_HISTORY=25 -DNMM_NEST=0 -DWRF_CHEM -DBUILD_CHEM=1 -I. -traditional-cpp   module_comm_dm_4.G  > module_comm_dm_4.H
sed -e "s/gridmu/grid%mu/g" -e "s/gridMu/grid%Mu/g" module_comm_dm_4.H > module_comm_dm_4.bb
/gpfs/fs1/work/weisun/2019/github/WRFV4-myfork/tools/standard.exe module_comm_dm_4.bb | /lib/cpp -P -nostdinc -traditional-cpp > module_comm_dm_4.f90
rm -f module_comm_dm_4.G module_comm_dm_4.H module_comm_dm_4.bb
time mpif90 -f90=gfortran -o module_comm_dm_4.o -c -O2 -ftree-vectorize -funroll-loops -w -ffree-form -ffree-line-length-none -fconvert=big-endian -frecord-marker=4    -fdefault-real-8  module_comm_dm_4.f90
0.10user 0.02system 0:00.15elapsed 84%CPU (0avgtext+0avgdata 16620maxresident)k
0inputs+0outputs (0major+13572minor)pagefaults 0swaps
rm -f module_comm_dm_3.o
/lib/cpp -P -nostdinc -I/gpfs/fs1/work/weisun/2019/github/WRFV4-myfork/inc -DEM_CORE=1 -DNMM_CORE=0 -DNMM_MAX_DIM=2600 -DCOAMPS_CORE=0 -DDA_CORE=1 -DEXP_CORE=0 -DIWORDSIZE=4 -DDWORDSIZE=8 -DRWORDSIZE=8 -DLWORDSIZE=4 -DNONSTANDARD_SYSTEM_SUBR  -DWRF_USE_CLM -DBUFR   -DFFTPACK -DNORESHAPE -DDM_PARALLEL -DNETCDF -DCRTM -DHDF5 -DUSE_ALLOCATABLES -DGRIB1 -DINTIO -DKEEP_INT_AROUND -DLIMIT_ARGS -DCONFIG_BUF_LEN=65536 -DMAX_DOMAINS_F=21 -DMAX_HISTORY=25 -DNMM_NEST=0 -DWRF_CHEM -DBUILD_CHEM=1 -I. -traditional-cpp   module_comm_dm_3.F  > module_comm_dm_3.bb
/gpfs/fs1/work/weisun/2019/github/WRFV4-myfork/tools/standard.exe module_comm_dm_3.bb | /lib/cpp -P -nostdinc -traditional-cpp > module_comm_dm_3.f90
rm -f module_comm_dm_3.b module_comm_dm_3.bb
time mpif90 -f90=gfortran -c -fdefault-real-8  -O0 -w -ffree-form -ffree-line-length-none -fconvert=big-endian -frecord-marker=4   module_comm_dm_3.f90
7.07user 0.36system 0:07.46elapsed 99%CPU (0avgtext+0avgdata 392500maxresident)k
0inputs+0outputs (0major+216352minor)pagefaults 0swaps
rm -f xx1.f90
rm -f module_comm_dm_2.o
/lib/cpp -P -nostdinc -I/gpfs/fs1/work/weisun/2019/github/WRFV4-myfork/inc -DEM_CORE=1 -DNMM_CORE=0 -DNMM_MAX_DIM=2600 -DCOAMPS_CORE=0 -DDA_CORE=1 -DEXP_CORE=0 -DIWORDSIZE=4 -DDWORDSIZE=8 -DRWORDSIZE=8 -DLWORDSIZE=4 -DNONSTANDARD_SYSTEM_SUBR  -DWRF_USE_CLM -DBUFR   -DFFTPACK -DNORESHAPE -DDM_PARALLEL -DNETCDF -DCRTM -DHDF5 -DUSE_ALLOCATABLES -DGRIB1 -DINTIO -DKEEP_INT_AROUND -DLIMIT_ARGS -DCONFIG_BUF_LEN=65536 -DMAX_DOMAINS_F=21 -DMAX_HISTORY=25 -DNMM_NEST=0 -DWRF_CHEM -DBUILD_CHEM=1 -I. -traditional-cpp   module_comm_dm_2.F  > module_comm_dm_2.bb
/gpfs/fs1/work/weisun/2019/github/WRFV4-myfork/tools/standard.exe module_comm_dm_2.bb | /lib/cpp -P -nostdinc -traditional-cpp > module_comm_dm_2.f90
rm -f module_comm_dm_2.b module_comm_dm_2.bb
time mpif90 -f90=gfortran -c -fdefault-real-8  -O0 -w -ffree-form -ffree-line-length-none -fconvert=big-endian -frecord-marker=4   module_comm_dm_2.f90
0.44user 0.03system 0:00.49elapsed 95%CPU (0avgtext+0avgdata 27976maxresident)k
0inputs+0outputs (0major+16745minor)pagefaults 0swaps
rm -f module_comm_dm_1.o
/lib/cpp -P -nostdinc -I/gpfs/fs1/work/weisun/2019/github/WRFV4-myfork/inc -DEM_CORE=1 -DNMM_CORE=0 -DNMM_MAX_DIM=2600 -DCOAMPS_CORE=0 -DDA_CORE=1 -DEXP_CORE=0 -DIWORDSIZE=4 -DDWORDSIZE=8 -DRWORDSIZE=8 -DLWORDSIZE=4 -DNONSTANDARD_SYSTEM_SUBR  -DWRF_USE_CLM -DBUFR   -DFFTPACK -DNORESHAPE -DDM_PARALLEL -DNETCDF -DCRTM -DHDF5 -DUSE_ALLOCATABLES -DGRIB1 -DINTIO -DKEEP_INT_AROUND -DLIMIT_ARGS -DCONFIG_BUF_LEN=65536 -DMAX_DOMAINS_F=21 -DMAX_HISTORY=25 -DNMM_NEST=0 -DWRF_CHEM -DBUILD_CHEM=1 -I. -traditional-cpp   module_comm_dm_1.F  > module_comm_dm_1.bb
/gpfs/fs1/work/weisun/2019/github/WRFV4-myfork/tools/standard.exe module_comm_dm_1.bb | /lib/cpp -P -nostdinc -traditional-cpp > module_comm_dm_1.f90
rm -f module_comm_dm_1.b module_comm_dm_1.bb
time mpif90 -f90=gfortran -c -fdefault-real-8  -O0 -w -ffree-form -ffree-line-length-none -fconvert=big-endian -frecord-marker=4   module_comm_dm_1.f90
gfortran -o gen_be_ep2.exe  -O2 -ftree-vectorize -funroll-loops -w -ffree-form -ffree-line-length-none -fconvert=big-endian -frecord-marker=4    da_etkf.o da_blas.o da_lapack.o da_gen_be.o da_control.o da_wavelet.o da_be_spectral.o module_wrf_error.o module_driver_constants.o module_domain_type.o module_streams.o module_symbols_util.o module_utility.o da_memory.o da_reporting.o da_tools_serial.o module_ffts.o   gen_be_ep2.o -L/gpfs/fs1/work/weisun/2019/github/WRFV4-myfork/external/io_netcdf -lwrfio_nf -L/glade/u/apps/ch/opt/netcdf/4.6.1/gnu/6.3.0//lib -lnetcdff -lnetcdf     -L/glade/u/apps/ch/modulefiles/default/intel/17.0.1/hdf5/1.8.18.lua/lib -lhdf5_fortran -lhdf5 -lm -lz -L/gpfs/fs1/work/weisun/2019/github/WRFV4-myfork/external/fftpack/fftpack5 -lfftpack   -L/gpfs/fs1/work/weisun/2019/github/WRFV4-myfork/external/esmf_time_f90 -lesmf_time
0.92user 0.05system 0:01.00elapsed 98%CPU (0avgtext+0avgdata 41732maxresident)k
0inputs+0outputs (0major+20353minor)pagefaults 0swaps
rm -f module_comm_dm_0.o
/lib/cpp -P -nostdinc -I/gpfs/fs1/work/weisun/2019/github/WRFV4-myfork/inc -DEM_CORE=1 -DNMM_CORE=0 -DNMM_MAX_DIM=2600 -DCOAMPS_CORE=0 -DDA_CORE=1 -DEXP_CORE=0 -DIWORDSIZE=4 -DDWORDSIZE=8 -DRWORDSIZE=8 -DLWORDSIZE=4 -DNONSTANDARD_SYSTEM_SUBR  -DWRF_USE_CLM -DBUFR   -DFFTPACK -DNORESHAPE -DDM_PARALLEL -DNETCDF -DCRTM -DHDF5 -DUSE_ALLOCATABLES -DGRIB1 -DINTIO -DKEEP_INT_AROUND -DLIMIT_ARGS -DCONFIG_BUF_LEN=65536 -DMAX_DOMAINS_F=21 -DMAX_HISTORY=25 -DNMM_NEST=0 -DWRF_CHEM -DBUILD_CHEM=1 -I. -traditional-cpp   module_comm_dm_0.F  > module_comm_dm_0.bb
/gpfs/fs1/work/weisun/2019/github/WRFV4-myfork/tools/standard.exe module_comm_dm_0.bb | /lib/cpp -P -nostdinc -traditional-cpp > module_comm_dm_0.f90
rm -f module_comm_dm_0.b module_comm_dm_0.bb
time mpif90 -f90=gfortran -c -fdefault-real-8  -O0 -w -ffree-form -ffree-line-length-none -fconvert=big-endian -frecord-marker=4   module_comm_dm_0.f90
rm -f module_comm_nesting_dm.o
/lib/cpp -P -nostdinc -I/gpfs/fs1/work/weisun/2019/github/WRFV4-myfork/inc -DEM_CORE=1 -DNMM_CORE=0 -DNMM_MAX_DIM=2600 -DCOAMPS_CORE=0 -DDA_CORE=1 -DEXP_CORE=0 -DIWORDSIZE=4 -DDWORDSIZE=8 -DRWORDSIZE=8 -DLWORDSIZE=4 -DNONSTANDARD_SYSTEM_SUBR  -DWRF_USE_CLM -DBUFR   -DFFTPACK -DNORESHAPE -DDM_PARALLEL -DNETCDF -DCRTM -DHDF5 -DUSE_ALLOCATABLES -DGRIB1 -DINTIO -DKEEP_INT_AROUND -DLIMIT_ARGS -DCONFIG_BUF_LEN=65536 -DMAX_DOMAINS_F=21 -DMAX_HISTORY=25 -DNMM_NEST=0 -DWRF_CHEM -DBUILD_CHEM=1 -I. -traditional-cpp   module_comm_nesting_dm.F  > module_comm_nesting_dm.bb
/gpfs/fs1/work/weisun/2019/github/WRFV4-myfork/tools/standard.exe module_comm_nesting_dm.bb | /lib/cpp -P -nostdinc -traditional-cpp > module_comm_nesting_dm.f90
rm -f module_comm_nesting_dm.b module_comm_nesting_dm.bb
time mpif90 -f90=gfortran -c -fdefault-real-8  -O0 -w -ffree-form -ffree-line-length-none -fconvert=big-endian -frecord-marker=4   module_comm_nesting_dm.f90
7.30user 0.37system 0:07.70elapsed 99%CPU (0avgtext+0avgdata 394188maxresident)k
0inputs+0outputs (0major+216830minor)pagefaults 0swaps
rm -f xx2.f90
rm -f module_tiles.o
/gpfs/fs1/work/weisun/2019/github/WRFV4-myfork/tools/standard.exe module_tiles.F > module_tiles.b 
/lib/cpp -P -nostdinc -I/gpfs/fs1/work/weisun/2019/github/WRFV4-myfork/inc -DEM_CORE=1 -DNMM_CORE=0 -DNMM_MAX_DIM=2600 -DCOAMPS_CORE=0 -DDA_CORE=1 -DEXP_CORE=0 -DIWORDSIZE=4 -DDWORDSIZE=8 -DRWORDSIZE=8 -DLWORDSIZE=4 -DNONSTANDARD_SYSTEM_SUBR  -DWRF_USE_CLM -DBUFR   -DFFTPACK -DNORESHAPE -DDM_PARALLEL -DNETCDF -DCRTM -DHDF5 -DUSE_ALLOCATABLES -DGRIB1 -DINTIO -DKEEP_INT_AROUND -DLIMIT_ARGS -DCONFIG_BUF_LEN=65536 -DMAX_DOMAINS_F=21 -DMAX_HISTORY=25 -DNMM_NEST=0 -DWRF_CHEM -DBUILD_CHEM=1 -I. -traditional-cpp   module_tiles.b  > module_tiles.f90
rm -f module_tiles.b
if fgrep -iq '!$OMP' module_tiles.f90 ; then \
          if [ -n "" ] ; then echo COMPILING module_tiles.F WITH OMP ; fi ; \
  time mpif90 -f90=gfortran -c -fdefault-real-8 -O0 -w -ffree-form -ffree-line-length-none -fconvert=big-endian -frecord-marker=4     module_tiles.f90 ; \
        else \
          if [ -n "" ] ; then echo COMPILING module_tiles.F WITHOUT OMP ; fi ; \
  time mpif90 -f90=gfortran -c -fdefault-real-8 -O0 -w -ffree-form -ffree-line-length-none -fconvert=big-endian -frecord-marker=4    module_tiles.f90 ; \
        fi
1.08user 0.04system 0:01.14elapsed 98%CPU (0avgtext+0avgdata 58972maxresident)k
0inputs+0outputs (0major+25545minor)pagefaults 0swaps
rm -f module_nesting.o
sed -e "s/grid%mu/gridmu/g" -e "s/grid%Mu/gridMu/g" -e "s/^\!.*'.*//" -e "s/^ *\!.*'.*//" module_nesting.F > module_nesting.G
/lib/cpp -P -nostdinc -I/gpfs/fs1/work/weisun/2019/github/WRFV4-myfork/inc -DEM_CORE=1 -DNMM_CORE=0 -DNMM_MAX_DIM=2600 -DCOAMPS_CORE=0 -DDA_CORE=1 -DEXP_CORE=0 -DIWORDSIZE=4 -DDWORDSIZE=8 -DRWORDSIZE=8 -DLWORDSIZE=4 -DNONSTANDARD_SYSTEM_SUBR  -DWRF_USE_CLM -DBUFR   -DFFTPACK -DNORESHAPE -DDM_PARALLEL -DNETCDF -DCRTM -DHDF5 -DUSE_ALLOCATABLES -DGRIB1 -DINTIO -DKEEP_INT_AROUND -DLIMIT_ARGS -DCONFIG_BUF_LEN=65536 -DMAX_DOMAINS_F=21 -DMAX_HISTORY=25 -DNMM_NEST=0 -DWRF_CHEM -DBUILD_CHEM=1 -I. -traditional-cpp   module_nesting.G  > module_nesting.H
sed -e "s/gridmu/grid%mu/g" -e "s/gridMu/grid%Mu/g" module_nesting.H > module_nesting.bb
/gpfs/fs1/work/weisun/2019/github/WRFV4-myfork/tools/standard.exe module_nesting.bb | /lib/cpp -P -nostdinc -traditional-cpp > module_nesting.f90
rm -f module_nesting.G module_nesting.H module_nesting.bb
time mpif90 -f90=gfortran -o module_nesting.o -c -O2 -ftree-vectorize -funroll-loops -w -ffree-form -ffree-line-length-none -fconvert=big-endian -frecord-marker=4    -fdefault-real-8  module_nesting.f90
7.30user 0.35system 0:07.68elapsed 99%CPU (0avgtext+0avgdata 394428maxresident)k
0inputs+0outputs (0major+216883minor)pagefaults 0swaps
rm -f xx3.f90
rm -f set_timekeeping.o
sed -e "s/grid%mu/gridmu/g" -e "s/grid%Mu/gridMu/g" -e "s/^\!.*'.*//" -e "s/^ *\!.*'.*//" set_timekeeping.F > set_timekeeping.G
/lib/cpp -P -nostdinc -I/gpfs/fs1/work/weisun/2019/github/WRFV4-myfork/inc -DEM_CORE=1 -DNMM_CORE=0 -DNMM_MAX_DIM=2600 -DCOAMPS_CORE=0 -DDA_CORE=1 -DEXP_CORE=0 -DIWORDSIZE=4 -DDWORDSIZE=8 -DRWORDSIZE=8 -DLWORDSIZE=4 -DNONSTANDARD_SYSTEM_SUBR  -DWRF_USE_CLM -DBUFR   -DFFTPACK -DNORESHAPE -DDM_PARALLEL -DNETCDF -DCRTM -DHDF5 -DUSE_ALLOCATABLES -DGRIB1 -DINTIO -DKEEP_INT_AROUND -DLIMIT_ARGS -DCONFIG_BUF_LEN=65536 -DMAX_DOMAINS_F=21 -DMAX_HISTORY=25 -DNMM_NEST=0 -DWRF_CHEM -DBUILD_CHEM=1 -I. -traditional-cpp   set_timekeeping.G  > set_timekeeping.H
sed -e "s/gridmu/grid%mu/g" -e "s/gridMu/grid%Mu/g" set_timekeeping.H > set_timekeeping.bb
/gpfs/fs1/work/weisun/2019/github/WRFV4-myfork/tools/standard.exe set_timekeeping.bb | /lib/cpp -P -nostdinc -traditional-cpp > set_timekeeping.f90

real	0m0.701s
user	0m0.496s
sys	0m0.036s
rm -f start_domain.o
/gpfs/fs1/work/weisun/2019/github/WRFV4-myfork/tools/standard.exe start_domain.F > start_domain.b 
/lib/cpp -P -nostdinc -I/gpfs/fs1/work/weisun/2019/github/WRFV4-myfork/inc -DEM_CORE=1 -DNMM_CORE=0 -DNMM_MAX_DIM=2600 -DCOAMPS_CORE=0 -DDA_CORE=1 -DEXP_CORE=0 -DIWORDSIZE=4 -DDWORDSIZE=8 -DRWORDSIZE=8 -DLWORDSIZE=4 -DNONSTANDARD_SYSTEM_SUBR  -DWRF_USE_CLM -DBUFR   -DFFTPACK -DNORESHAPE -DDM_PARALLEL -DNETCDF -DCRTM -DHDF5 -DUSE_ALLOCATABLES -DGRIB1 -DINTIO -DKEEP_INT_AROUND -DLIMIT_ARGS -DCONFIG_BUF_LEN=65536 -DMAX_DOMAINS_F=21 -DMAX_HISTORY=25 -DNMM_NEST=0 -DWRF_CHEM -DBUILD_CHEM=1 -I. -traditional-cpp   start_domain.b  > start_domain.f90
rm -f set_timekeeping.G set_timekeeping.H set_timekeeping.bb
time mpif90 -f90=gfortran -o set_timekeeping.o -c -O2 -ftree-vectorize -funroll-loops -w -ffree-form -ffree-line-length-none -fconvert=big-endian -frecord-marker=4    -fdefault-real-8  set_timekeeping.f90
rm -f start_domain.b
if fgrep -iq '!$OMP' start_domain.f90 ; then \
          if [ -n "" ] ; then echo COMPILING start_domain.F WITH OMP ; fi ; \
  time mpif90 -f90=gfortran -c -fdefault-real-8 -O0 -w -ffree-form -ffree-line-length-none -fconvert=big-endian -frecord-marker=4     start_domain.f90 ; \
        else \
          if [ -n "" ] ; then echo COMPILING start_domain.F WITHOUT OMP ; fi ; \
  time mpif90 -f90=gfortran -c -fdefault-real-8 -O0 -w -ffree-form -ffree-line-length-none -fconvert=big-endian -frecord-marker=4    start_domain.f90 ; \
        fi
7.20user 0.47system 0:07.71elapsed 99%CPU (0avgtext+0avgdata 394216maxresident)k
0inputs+0outputs (0major+216822minor)pagefaults 0swaps
rm -f xx5.f90
0.98user 0.06system 0:01.16elapsed 90%CPU (0avgtext+0avgdata 60000maxresident)k
0inputs+0outputs (0major+25777minor)pagefaults 0swaps
rm -f module_comm_dm.o
/lib/cpp -P -nostdinc -I/gpfs/fs1/work/weisun/2019/github/WRFV4-myfork/inc -DEM_CORE=1 -DNMM_CORE=0 -DNMM_MAX_DIM=2600 -DCOAMPS_CORE=0 -DDA_CORE=1 -DEXP_CORE=0 -DIWORDSIZE=4 -DDWORDSIZE=8 -DRWORDSIZE=8 -DLWORDSIZE=4 -DNONSTANDARD_SYSTEM_SUBR  -DWRF_USE_CLM -DBUFR   -DFFTPACK -DNORESHAPE -DDM_PARALLEL -DNETCDF -DCRTM -DHDF5 -DUSE_ALLOCATABLES -DGRIB1 -DINTIO -DKEEP_INT_AROUND -DLIMIT_ARGS -DCONFIG_BUF_LEN=65536 -DMAX_DOMAINS_F=21 -DMAX_HISTORY=25 -DNMM_NEST=0 -DWRF_CHEM -DBUILD_CHEM=1 -I. -traditional-cpp   module_comm_dm.F  > module_comm_dm.bb
/gpfs/fs1/work/weisun/2019/github/WRFV4-myfork/tools/standard.exe module_comm_dm.bb | /lib/cpp -P -nostdinc -traditional-cpp > module_comm_dm.f90
rm -f module_comm_dm.b module_comm_dm.bb
time mpif90 -f90=gfortran -c -fdefault-real-8  -O0 -w -ffree-form -ffree-line-length-none -fconvert=big-endian -frecord-marker=4   module_comm_dm.f90
7.53user 0.54system 0:08.11elapsed 99%CPU (0avgtext+0avgdata 394468maxresident)k
0inputs+0outputs (0major+216872minor)pagefaults 0swaps
rm -f xx4.f90
0.75user 0.02system 0:00.81elapsed 96%CPU (0avgtext+0avgdata 28356maxresident)k
0inputs+0outputs (0major+16599minor)pagefaults 0swaps
7.29user 0.38system 0:07.71elapsed 99%CPU (0avgtext+0avgdata 392756maxresident)k
0inputs+0outputs (0major+216400minor)pagefaults 0swaps
rm -f xx6.f90
7.26user 0.33system 0:07.63elapsed 99%CPU (0avgtext+0avgdata 388248maxresident)k
0inputs+0outputs (0major+213845minor)pagefaults 0swaps
rm -f xx7.f90

real	0m0.650s
user	0m0.584s
sys	0m0.040s
1.92user 0.07system 0:02.02elapsed 98%CPU (0avgtext+0avgdata 110076maxresident)k
0inputs+0outputs (0major+38450minor)pagefaults 0swaps
0.88user 0.06system 0:00.97elapsed 96%CPU (0avgtext+0avgdata 45220maxresident)k
0inputs+0outputs (0major+23311minor)pagefaults 0swaps
rm -f module_dm.o
sed -e "s/grid%mu/gridmu/g" -e "s/grid%Mu/gridMu/g" -e "s/^\!.*'.*//" -e "s/^ *\!.*'.*//" module_dm.F > module_dm.G
/lib/cpp -P -nostdinc -I/gpfs/fs1/work/weisun/2019/github/WRFV4-myfork/inc -DEM_CORE=1 -DNMM_CORE=0 -DNMM_MAX_DIM=2600 -DCOAMPS_CORE=0 -DDA_CORE=1 -DEXP_CORE=0 -DIWORDSIZE=4 -DDWORDSIZE=8 -DRWORDSIZE=8 -DLWORDSIZE=4 -DNONSTANDARD_SYSTEM_SUBR  -DWRF_USE_CLM -DBUFR   -DFFTPACK -DNORESHAPE -DDM_PARALLEL -DNETCDF -DCRTM -DHDF5 -DUSE_ALLOCATABLES -DGRIB1 -DINTIO -DKEEP_INT_AROUND -DLIMIT_ARGS -DCONFIG_BUF_LEN=65536 -DMAX_DOMAINS_F=21 -DMAX_HISTORY=25 -DNMM_NEST=0 -DWRF_CHEM -DBUILD_CHEM=1 -I. -traditional-cpp   module_dm.G  > module_dm.H
sed -e "s/gridmu/grid%mu/g" -e "s/gridMu/grid%Mu/g" module_dm.H > module_dm.bb
/gpfs/fs1/work/weisun/2019/github/WRFV4-myfork/tools/standard.exe module_dm.bb | /lib/cpp -P -nostdinc -traditional-cpp > module_dm.f90
rm -f module_dm.G module_dm.H module_dm.bb
time mpif90 -f90=gfortran -o module_dm.o -c -O2 -ftree-vectorize -funroll-loops -w -ffree-form -ffree-line-length-none -fconvert=big-endian -frecord-marker=4    -fdefault-real-8  module_dm.f90

real	0m4.025s
user	0m3.880s
sys	0m0.112s
rm -f da_spectral.o
/gpfs/fs1/work/weisun/2019/github/WRFV4-myfork/tools/standard.exe da_spectral.f90 > da_spectral.b
/lib/cpp -P -nostdinc -DEM_CORE=1 -DNMM_CORE=0 -DNMM_MAX_DIM=2600 -DCOAMPS_CORE=0 -DDA_CORE=1 -DEXP_CORE=0 -DIWORDSIZE=4 -DDWORDSIZE=8 -DRWORDSIZE=8 -DLWORDSIZE=4 -DNONSTANDARD_SYSTEM_SUBR  -DWRF_USE_CLM -DBUFR   -DFFTPACK -DNORESHAPE -DDM_PARALLEL -DNETCDF -DCRTM -DHDF5 -DUSE_ALLOCATABLES -DGRIB1 -DINTIO -DKEEP_INT_AROUND -DLIMIT_ARGS -DCONFIG_BUF_LEN=65536 -DMAX_DOMAINS_F=21 -DMAX_HISTORY=25 -DNMM_NEST=0 -DWRF_CHEM -DBUILD_CHEM=1 -I. -traditional-cpp   -I/gpfs/fs1/work/weisun/2019/github/WRFV4-myfork/inc da_spectral.b  > da_spectral.f
rm -f da_spectral.b
time mpif90 -f90=gfortran -c -O2 -ftree-vectorize -funroll-loops -w -ffree-form -ffree-line-length-none -fconvert=big-endian -frecord-marker=4  -fdefault-real-8 -I../../external/fftpack/fftpack5  da_spectral.f
2.29user 0.08system 0:02.40elapsed 98%CPU (0avgtext+0avgdata 110700maxresident)k
0inputs+0outputs (0major+39054minor)pagefaults 0swaps
1.13user 0.15system 0:01.30elapsed 98%CPU (0avgtext+0avgdata 52804maxresident)k
0inputs+0outputs (0major+23179minor)pagefaults 0swaps
2.82user 0.13system 0:02.98elapsed 98%CPU (0avgtext+0avgdata 105132maxresident)k
0inputs+0outputs (0major+38041minor)pagefaults 0swaps
rm -f da_par_util.o
rm -f da_tools.o
rm -f interp_fcn.o
rm -f module_io.o
/gpfs/fs1/work/weisun/2019/github/WRFV4-myfork/tools/standard.exe da_par_util.f90 > da_par_util.b
/gpfs/fs1/work/weisun/2019/github/WRFV4-myfork/tools/standard.exe da_tools.f90 > da_tools.b
rm -f module_io_quilt.o
sed -e "s/grid%mu/gridmu/g" -e "s/grid%Mu/gridMu/g" -e "s/^\!.*'.*//" -e "s/^ *\!.*'.*//" interp_fcn.F > interp_fcn.G
/lib/cpp -P -nostdinc -I/gpfs/fs1/work/weisun/2019/github/WRFV4-myfork/inc -DEM_CORE=1 -DNMM_CORE=0 -DNMM_MAX_DIM=2600 -DCOAMPS_CORE=0 -DDA_CORE=1 -DEXP_CORE=0 -DIWORDSIZE=4 -DDWORDSIZE=8 -DRWORDSIZE=8 -DLWORDSIZE=4 -DNONSTANDARD_SYSTEM_SUBR  -DWRF_USE_CLM -DBUFR   -DFFTPACK -DNORESHAPE -DDM_PARALLEL -DNETCDF -DCRTM -DHDF5 -DUSE_ALLOCATABLES -DGRIB1 -DINTIO -DKEEP_INT_AROUND -DLIMIT_ARGS -DCONFIG_BUF_LEN=65536 -DMAX_DOMAINS_F=21 -DMAX_HISTORY=25 -DNMM_NEST=0 -DWRF_CHEM -DBUILD_CHEM=1 -I. -traditional-cpp   module_io.F  > module_io.bb
/lib/cpp -P -nostdinc -DEM_CORE=1 -DNMM_CORE=0 -DNMM_MAX_DIM=2600 -DCOAMPS_CORE=0 -DDA_CORE=1 -DEXP_CORE=0 -DIWORDSIZE=4 -DDWORDSIZE=8 -DRWORDSIZE=8 -DLWORDSIZE=4 -DNONSTANDARD_SYSTEM_SUBR  -DWRF_USE_CLM -DBUFR   -DFFTPACK -DNORESHAPE -DDM_PARALLEL -DNETCDF -DCRTM -DHDF5 -DUSE_ALLOCATABLES -DGRIB1 -DINTIO -DKEEP_INT_AROUND -DLIMIT_ARGS -DCONFIG_BUF_LEN=65536 -DMAX_DOMAINS_F=21 -DMAX_HISTORY=25 -DNMM_NEST=0 -DWRF_CHEM -DBUILD_CHEM=1 -I. -traditional-cpp   -I/gpfs/fs1/work/weisun/2019/github/WRFV4-myfork/inc da_par_util.b  > da_par_util.f
/lib/cpp -P -nostdinc -DEM_CORE=1 -DNMM_CORE=0 -DNMM_MAX_DIM=2600 -DCOAMPS_CORE=0 -DDA_CORE=1 -DEXP_CORE=0 -DIWORDSIZE=4 -DDWORDSIZE=8 -DRWORDSIZE=8 -DLWORDSIZE=4 -DNONSTANDARD_SYSTEM_SUBR  -DWRF_USE_CLM -DBUFR   -DFFTPACK -DNORESHAPE -DDM_PARALLEL -DNETCDF -DCRTM -DHDF5 -DUSE_ALLOCATABLES -DGRIB1 -DINTIO -DKEEP_INT_AROUND -DLIMIT_ARGS -DCONFIG_BUF_LEN=65536 -DMAX_DOMAINS_F=21 -DMAX_HISTORY=25 -DNMM_NEST=0 -DWRF_CHEM -DBUILD_CHEM=1 -I. -traditional-cpp   -I/gpfs/fs1/work/weisun/2019/github/WRFV4-myfork/inc da_tools.b  > da_tools.f
sed -e "s/grid%mu/gridmu/g" -e "s/grid%Mu/gridMu/g" -e "s/^\!.*'.*//" -e "s/^ *\!.*'.*//" module_io_quilt.F > module_io_quilt.G
/lib/cpp -P -nostdinc -I/gpfs/fs1/work/weisun/2019/github/WRFV4-myfork/inc -DEM_CORE=1 -DNMM_CORE=0 -DNMM_MAX_DIM=2600 -DCOAMPS_CORE=0 -DDA_CORE=1 -DEXP_CORE=0 -DIWORDSIZE=4 -DDWORDSIZE=8 -DRWORDSIZE=8 -DLWORDSIZE=4 -DNONSTANDARD_SYSTEM_SUBR  -DWRF_USE_CLM -DBUFR   -DFFTPACK -DNORESHAPE -DDM_PARALLEL -DNETCDF -DCRTM -DHDF5 -DUSE_ALLOCATABLES -DGRIB1 -DINTIO -DKEEP_INT_AROUND -DLIMIT_ARGS -DCONFIG_BUF_LEN=65536 -DMAX_DOMAINS_F=21 -DMAX_HISTORY=25 -DNMM_NEST=0 -DWRF_CHEM -DBUILD_CHEM=1 -I. -traditional-cpp   module_io_quilt.G  > module_io_quilt.H
/lib/cpp -P -nostdinc -I/gpfs/fs1/work/weisun/2019/github/WRFV4-myfork/inc -DEM_CORE=1 -DNMM_CORE=0 -DNMM_MAX_DIM=2600 -DCOAMPS_CORE=0 -DDA_CORE=1 -DEXP_CORE=0 -DIWORDSIZE=4 -DDWORDSIZE=8 -DRWORDSIZE=8 -DLWORDSIZE=4 -DNONSTANDARD_SYSTEM_SUBR  -DWRF_USE_CLM -DBUFR   -DFFTPACK -DNORESHAPE -DDM_PARALLEL -DNETCDF -DCRTM -DHDF5 -DUSE_ALLOCATABLES -DGRIB1 -DINTIO -DKEEP_INT_AROUND -DLIMIT_ARGS -DCONFIG_BUF_LEN=65536 -DMAX_DOMAINS_F=21 -DMAX_HISTORY=25 -DNMM_NEST=0 -DWRF_CHEM -DBUILD_CHEM=1 -I. -traditional-cpp   interp_fcn.G  > interp_fcn.H
rm -f da_tools.b
rm -f da_par_util.b
time mpif90 -f90=gfortran -c -O2 -ftree-vectorize -funroll-loops -w -ffree-form -ffree-line-length-none -fconvert=big-endian -frecord-marker=4  -fdefault-real-8 da_tools.f
if fgrep -iq '!$OMP' da_par_util.f ; then \
          if [ -n "" ] ; then echo COMPILING da_par_util.f90 WITH OMP ; fi ; \
  time mpif90 -f90=gfortran -o da_par_util.o -c -O2 -ftree-vectorize -funroll-loops -w -ffree-form -ffree-line-length-none -fconvert=big-endian -frecord-marker=4   -fdefault-real-8 da_par_util.f ; \
        else \
          if [ -n "" ] ; then echo COMPILING da_par_util.f90 WITHOUT OMP ; fi ; \
  time mpif90 -f90=gfortran -o da_par_util.o -c -O2 -ftree-vectorize -funroll-loops -w -ffree-form -ffree-line-length-none -fconvert=big-endian -frecord-marker=4  -fdefault-real-8 da_par_util.f ; \
        fi
sed -e "s/gridmu/grid%mu/g" -e "s/gridMu/grid%Mu/g" interp_fcn.H > interp_fcn.bb
/gpfs/fs1/work/weisun/2019/github/WRFV4-myfork/tools/standard.exe interp_fcn.bb | /lib/cpp -P -nostdinc -traditional-cpp > interp_fcn.f90
sed -e "s/gridmu/grid%mu/g" -e "s/gridMu/grid%Mu/g" module_io_quilt.H > module_io_quilt.bb
/gpfs/fs1/work/weisun/2019/github/WRFV4-myfork/tools/standard.exe module_io.bb | /lib/cpp -P -nostdinc -traditional-cpp > module_io.f90
rm -f interp_fcn.G interp_fcn.H interp_fcn.bb
/gpfs/fs1/work/weisun/2019/github/WRFV4-myfork/tools/standard.exe module_io_quilt.bb | /lib/cpp -P -nostdinc -traditional-cpp > module_io_quilt.f90
time mpif90 -f90=gfortran -o interp_fcn.o -c -O2 -ftree-vectorize -funroll-loops -w -ffree-form -ffree-line-length-none -fconvert=big-endian -frecord-marker=4    -fdefault-real-8  interp_fcn.f90
rm -f module_io_quilt.G module_io_quilt.H module_io_quilt.bb
time mpif90 -f90=gfortran -o module_io_quilt.o -c -O2 -ftree-vectorize -funroll-loops -w -ffree-form -ffree-line-length-none -fconvert=big-endian -frecord-marker=4    -fdefault-real-8  module_io_quilt.f90
rm -f module_io.b module_io.bb
time mpif90 -f90=gfortran -c -fdefault-real-8  -O0 -w -ffree-form -ffree-line-length-none -fconvert=big-endian -frecord-marker=4   module_io.f90

real	0m2.275s
user	0m2.180s
sys	0m0.064s
rm -f da_statistics.o
rm -f da_recursive_filter.o
rm -f da_ffts.o
/gpfs/fs1/work/weisun/2019/github/WRFV4-myfork/tools/standard.exe da_statistics.f90 > da_statistics.b
/gpfs/fs1/work/weisun/2019/github/WRFV4-myfork/tools/standard.exe da_recursive_filter.f90 > da_recursive_filter.b
/gpfs/fs1/work/weisun/2019/github/WRFV4-myfork/tools/standard.exe da_ffts.f90 > da_ffts.b
/lib/cpp -P -nostdinc -DEM_CORE=1 -DNMM_CORE=0 -DNMM_MAX_DIM=2600 -DCOAMPS_CORE=0 -DDA_CORE=1 -DEXP_CORE=0 -DIWORDSIZE=4 -DDWORDSIZE=8 -DRWORDSIZE=8 -DLWORDSIZE=4 -DNONSTANDARD_SYSTEM_SUBR  -DWRF_USE_CLM -DBUFR   -DFFTPACK -DNORESHAPE -DDM_PARALLEL -DNETCDF -DCRTM -DHDF5 -DUSE_ALLOCATABLES -DGRIB1 -DINTIO -DKEEP_INT_AROUND -DLIMIT_ARGS -DCONFIG_BUF_LEN=65536 -DMAX_DOMAINS_F=21 -DMAX_HISTORY=25 -DNMM_NEST=0 -DWRF_CHEM -DBUILD_CHEM=1 -I. -traditional-cpp   -I/gpfs/fs1/work/weisun/2019/github/WRFV4-myfork/inc da_statistics.b  > da_statistics.f
/lib/cpp -P -nostdinc -DEM_CORE=1 -DNMM_CORE=0 -DNMM_MAX_DIM=2600 -DCOAMPS_CORE=0 -DDA_CORE=1 -DEXP_CORE=0 -DIWORDSIZE=4 -DDWORDSIZE=8 -DRWORDSIZE=8 -DLWORDSIZE=4 -DNONSTANDARD_SYSTEM_SUBR  -DWRF_USE_CLM -DBUFR   -DFFTPACK -DNORESHAPE -DDM_PARALLEL -DNETCDF -DCRTM -DHDF5 -DUSE_ALLOCATABLES -DGRIB1 -DINTIO -DKEEP_INT_AROUND -DLIMIT_ARGS -DCONFIG_BUF_LEN=65536 -DMAX_DOMAINS_F=21 -DMAX_HISTORY=25 -DNMM_NEST=0 -DWRF_CHEM -DBUILD_CHEM=1 -I. -traditional-cpp   -I/gpfs/fs1/work/weisun/2019/github/WRFV4-myfork/inc da_ffts.b  > da_ffts.f
/lib/cpp -P -nostdinc -DEM_CORE=1 -DNMM_CORE=0 -DNMM_MAX_DIM=2600 -DCOAMPS_CORE=0 -DDA_CORE=1 -DEXP_CORE=0 -DIWORDSIZE=4 -DDWORDSIZE=8 -DRWORDSIZE=8 -DLWORDSIZE=4 -DNONSTANDARD_SYSTEM_SUBR  -DWRF_USE_CLM -DBUFR   -DFFTPACK -DNORESHAPE -DDM_PARALLEL -DNETCDF -DCRTM -DHDF5 -DUSE_ALLOCATABLES -DGRIB1 -DINTIO -DKEEP_INT_AROUND -DLIMIT_ARGS -DCONFIG_BUF_LEN=65536 -DMAX_DOMAINS_F=21 -DMAX_HISTORY=25 -DNMM_NEST=0 -DWRF_CHEM -DBUILD_CHEM=1 -I. -traditional-cpp   -I/gpfs/fs1/work/weisun/2019/github/WRFV4-myfork/inc da_recursive_filter.b  > da_recursive_filter.f
rm -f da_statistics.b
rm -f da_ffts.b
rm -f da_recursive_filter.b
if fgrep -iq '!$OMP' da_ffts.f ; then \
          if [ -n "" ] ; then echo COMPILING da_ffts.f90 WITH OMP ; fi ; \
  time mpif90 -f90=gfortran -o da_ffts.o -c -O2 -ftree-vectorize -funroll-loops -w -ffree-form -ffree-line-length-none -fconvert=big-endian -frecord-marker=4   -fdefault-real-8 da_ffts.f ; \
        else \
          if [ -n "" ] ; then echo COMPILING da_ffts.f90 WITHOUT OMP ; fi ; \
  time mpif90 -f90=gfortran -o da_ffts.o -c -O2 -ftree-vectorize -funroll-loops -w -ffree-form -ffree-line-length-none -fconvert=big-endian -frecord-marker=4  -fdefault-real-8 da_ffts.f ; \
        fi
if fgrep -iq '!$OMP' da_statistics.f ; then \
          if [ -n "" ] ; then echo COMPILING da_statistics.f90 WITH OMP ; fi ; \
  time mpif90 -f90=gfortran -o da_statistics.o -c -O2 -ftree-vectorize -funroll-loops -w -ffree-form -ffree-line-length-none -fconvert=big-endian -frecord-marker=4   -fdefault-real-8 da_statistics.f ; \
        else \
          if [ -n "" ] ; then echo COMPILING da_statistics.f90 WITHOUT OMP ; fi ; \
  time mpif90 -f90=gfortran -o da_statistics.o -c -O2 -ftree-vectorize -funroll-loops -w -ffree-form -ffree-line-length-none -fconvert=big-endian -frecord-marker=4  -fdefault-real-8 da_statistics.f ; \
        fi
if fgrep -iq '!$OMP' da_recursive_filter.f ; then \
          if [ -n "" ] ; then echo COMPILING da_recursive_filter.f90 WITH OMP ; fi ; \
  time mpif90 -f90=gfortran -o da_recursive_filter.o -c -O2 -ftree-vectorize -funroll-loops -w -ffree-form -ffree-line-length-none -fconvert=big-endian -frecord-marker=4   -fdefault-real-8 da_recursive_filter.f ; \
        else \
          if [ -n "" ] ; then echo COMPILING da_recursive_filter.f90 WITHOUT OMP ; fi ; \
  time mpif90 -f90=gfortran -o da_recursive_filter.o -c -O2 -ftree-vectorize -funroll-loops -w -ffree-form -ffree-line-length-none -fconvert=big-endian -frecord-marker=4  -fdefault-real-8 da_recursive_filter.f ; \
        fi
2.17user 0.15system 0:02.39elapsed 97%CPU (0avgtext+0avgdata 71728maxresident)k
0inputs+0outputs (0major+28391minor)pagefaults 0swaps
2.75user 0.09system 0:02.87elapsed 99%CPU (0avgtext+0avgdata 100196maxresident)k
0inputs+0outputs (0major+36394minor)pagefaults 0swaps
rm -f da_interpolation.o
/gpfs/fs1/work/weisun/2019/github/WRFV4-myfork/tools/standard.exe da_interpolation.f90 > da_interpolation.b
/lib/cpp -P -nostdinc -DEM_CORE=1 -DNMM_CORE=0 -DNMM_MAX_DIM=2600 -DCOAMPS_CORE=0 -DDA_CORE=1 -DEXP_CORE=0 -DIWORDSIZE=4 -DDWORDSIZE=8 -DRWORDSIZE=8 -DLWORDSIZE=4 -DNONSTANDARD_SYSTEM_SUBR  -DWRF_USE_CLM -DBUFR   -DFFTPACK -DNORESHAPE -DDM_PARALLEL -DNETCDF -DCRTM -DHDF5 -DUSE_ALLOCATABLES -DGRIB1 -DINTIO -DKEEP_INT_AROUND -DLIMIT_ARGS -DCONFIG_BUF_LEN=65536 -DMAX_DOMAINS_F=21 -DMAX_HISTORY=25 -DNMM_NEST=0 -DWRF_CHEM -DBUILD_CHEM=1 -I. -traditional-cpp   -I/gpfs/fs1/work/weisun/2019/github/WRFV4-myfork/inc da_interpolation.b  > da_interpolation.f
rm -f da_interpolation.b
if fgrep -iq '!$OMP' da_interpolation.f ; then \
          if [ -n "" ] ; then echo COMPILING da_interpolation.f90 WITH OMP ; fi ; \
  time mpif90 -f90=gfortran -o da_interpolation.o -c -O2 -ftree-vectorize -funroll-loops -w -ffree-form -ffree-line-length-none -fconvert=big-endian -frecord-marker=4   -fdefault-real-8 da_interpolation.f ; \
        else \
          if [ -n "" ] ; then echo COMPILING da_interpolation.f90 WITHOUT OMP ; fi ; \
  time mpif90 -f90=gfortran -o da_interpolation.o -c -O2 -ftree-vectorize -funroll-loops -w -ffree-form -ffree-line-length-none -fconvert=big-endian -frecord-marker=4  -fdefault-real-8 da_interpolation.f ; \
        fi

real	0m0.599s
user	0m0.536s
sys	0m0.044s

real	0m1.321s
user	0m1.264s
sys	0m0.036s

real	0m1.502s
user	0m1.440s
sys	0m0.036s
rm -f da_dynamics.o
/gpfs/fs1/work/weisun/2019/github/WRFV4-myfork/tools/standard.exe da_dynamics.f90 > da_dynamics.b
/lib/cpp -P -nostdinc -DEM_CORE=1 -DNMM_CORE=0 -DNMM_MAX_DIM=2600 -DCOAMPS_CORE=0 -DDA_CORE=1 -DEXP_CORE=0 -DIWORDSIZE=4 -DDWORDSIZE=8 -DRWORDSIZE=8 -DLWORDSIZE=4 -DNONSTANDARD_SYSTEM_SUBR  -DWRF_USE_CLM -DBUFR   -DFFTPACK -DNORESHAPE -DDM_PARALLEL -DNETCDF -DCRTM -DHDF5 -DUSE_ALLOCATABLES -DGRIB1 -DINTIO -DKEEP_INT_AROUND -DLIMIT_ARGS -DCONFIG_BUF_LEN=65536 -DMAX_DOMAINS_F=21 -DMAX_HISTORY=25 -DNMM_NEST=0 -DWRF_CHEM -DBUILD_CHEM=1 -I. -traditional-cpp   -I/gpfs/fs1/work/weisun/2019/github/WRFV4-myfork/inc da_dynamics.b  > da_dynamics.f
rm -f da_dynamics.b
if fgrep -iq '!$OMP' da_dynamics.f ; then \
          if [ -n "" ] ; then echo COMPILING da_dynamics.f90 WITH OMP ; fi ; \
  time mpif90 -f90=gfortran -o da_dynamics.o -c -O2 -ftree-vectorize -funroll-loops -w -ffree-form -ffree-line-length-none -fconvert=big-endian -frecord-marker=4   -fdefault-real-8 da_dynamics.f ; \
        else \
          if [ -n "" ] ; then echo COMPILING da_dynamics.f90 WITHOUT OMP ; fi ; \
  time mpif90 -f90=gfortran -o da_dynamics.o -c -O2 -ftree-vectorize -funroll-loops -w -ffree-form -ffree-line-length-none -fconvert=big-endian -frecord-marker=4  -fdefault-real-8 da_dynamics.f ; \
        fi

real	0m1.768s
user	0m1.680s
sys	0m0.060s
rm -f da_ssmi.o
rm -f da_radiance1.o
rm -f da_rain.o
rm -f da_radar.o
rm -f da_pseudo.o
/gpfs/fs1/work/weisun/2019/github/WRFV4-myfork/tools/standard.exe da_ssmi.f90 > da_ssmi.b
/gpfs/fs1/work/weisun/2019/github/WRFV4-myfork/tools/standard.exe da_radiance1.f90 > da_radiance1.b
rm -f da_gpsref.o
/gpfs/fs1/work/weisun/2019/github/WRFV4-myfork/tools/standard.exe da_rain.f90 > da_rain.b
/gpfs/fs1/work/weisun/2019/github/WRFV4-myfork/tools/standard.exe da_radar.f90 > da_radar.b
/gpfs/fs1/work/weisun/2019/github/WRFV4-myfork/tools/standard.exe da_pseudo.f90 > da_pseudo.b
/lib/cpp -P -nostdinc -DEM_CORE=1 -DNMM_CORE=0 -DNMM_MAX_DIM=2600 -DCOAMPS_CORE=0 -DDA_CORE=1 -DEXP_CORE=0 -DIWORDSIZE=4 -DDWORDSIZE=8 -DRWORDSIZE=8 -DLWORDSIZE=4 -DNONSTANDARD_SYSTEM_SUBR  -DWRF_USE_CLM -DBUFR   -DFFTPACK -DNORESHAPE -DDM_PARALLEL -DNETCDF -DCRTM -DHDF5 -DUSE_ALLOCATABLES -DGRIB1 -DINTIO -DKEEP_INT_AROUND -DLIMIT_ARGS -DCONFIG_BUF_LEN=65536 -DMAX_DOMAINS_F=21 -DMAX_HISTORY=25 -DNMM_NEST=0 -DWRF_CHEM -DBUILD_CHEM=1 -I. -traditional-cpp   -I/gpfs/fs1/work/weisun/2019/github/WRFV4-myfork/inc da_ssmi.b  > da_ssmi.f
/lib/cpp -P -nostdinc -DEM_CORE=1 -DNMM_CORE=0 -DNMM_MAX_DIM=2600 -DCOAMPS_CORE=0 -DDA_CORE=1 -DEXP_CORE=0 -DIWORDSIZE=4 -DDWORDSIZE=8 -DRWORDSIZE=8 -DLWORDSIZE=4 -DNONSTANDARD_SYSTEM_SUBR  -DWRF_USE_CLM -DBUFR   -DFFTPACK -DNORESHAPE -DDM_PARALLEL -DNETCDF -DCRTM -DHDF5 -DUSE_ALLOCATABLES -DGRIB1 -DINTIO -DKEEP_INT_AROUND -DLIMIT_ARGS -DCONFIG_BUF_LEN=65536 -DMAX_DOMAINS_F=21 -DMAX_HISTORY=25 -DNMM_NEST=0 -DWRF_CHEM -DBUILD_CHEM=1 -I. -traditional-cpp   -I/gpfs/fs1/work/weisun/2019/github/WRFV4-myfork/inc   da_radiance1.b  > da_radiance1.f
/gpfs/fs1/work/weisun/2019/github/WRFV4-myfork/tools/standard.exe da_gpsref.f90 > da_gpsref.b
/lib/cpp -P -nostdinc -DEM_CORE=1 -DNMM_CORE=0 -DNMM_MAX_DIM=2600 -DCOAMPS_CORE=0 -DDA_CORE=1 -DEXP_CORE=0 -DIWORDSIZE=4 -DDWORDSIZE=8 -DRWORDSIZE=8 -DLWORDSIZE=4 -DNONSTANDARD_SYSTEM_SUBR  -DWRF_USE_CLM -DBUFR   -DFFTPACK -DNORESHAPE -DDM_PARALLEL -DNETCDF -DCRTM -DHDF5 -DUSE_ALLOCATABLES -DGRIB1 -DINTIO -DKEEP_INT_AROUND -DLIMIT_ARGS -DCONFIG_BUF_LEN=65536 -DMAX_DOMAINS_F=21 -DMAX_HISTORY=25 -DNMM_NEST=0 -DWRF_CHEM -DBUILD_CHEM=1 -I. -traditional-cpp   -I/gpfs/fs1/work/weisun/2019/github/WRFV4-myfork/inc da_rain.b  > da_rain.f
/lib/cpp -P -nostdinc -DEM_CORE=1 -DNMM_CORE=0 -DNMM_MAX_DIM=2600 -DCOAMPS_CORE=0 -DDA_CORE=1 -DEXP_CORE=0 -DIWORDSIZE=4 -DDWORDSIZE=8 -DRWORDSIZE=8 -DLWORDSIZE=4 -DNONSTANDARD_SYSTEM_SUBR  -DWRF_USE_CLM -DBUFR   -DFFTPACK -DNORESHAPE -DDM_PARALLEL -DNETCDF -DCRTM -DHDF5 -DUSE_ALLOCATABLES -DGRIB1 -DINTIO -DKEEP_INT_AROUND -DLIMIT_ARGS -DCONFIG_BUF_LEN=65536 -DMAX_DOMAINS_F=21 -DMAX_HISTORY=25 -DNMM_NEST=0 -DWRF_CHEM -DBUILD_CHEM=1 -I. -traditional-cpp   -I/gpfs/fs1/work/weisun/2019/github/WRFV4-myfork/inc da_radar.b  > da_radar.f
rm -f da_gpspw.o
/gpfs/fs1/work/weisun/2019/github/WRFV4-myfork/tools/standard.exe da_gpspw.f90 > da_gpspw.b
/lib/cpp -P -nostdinc -DEM_CORE=1 -DNMM_CORE=0 -DNMM_MAX_DIM=2600 -DCOAMPS_CORE=0 -DDA_CORE=1 -DEXP_CORE=0 -DIWORDSIZE=4 -DDWORDSIZE=8 -DRWORDSIZE=8 -DLWORDSIZE=4 -DNONSTANDARD_SYSTEM_SUBR  -DWRF_USE_CLM -DBUFR   -DFFTPACK -DNORESHAPE -DDM_PARALLEL -DNETCDF -DCRTM -DHDF5 -DUSE_ALLOCATABLES -DGRIB1 -DINTIO -DKEEP_INT_AROUND -DLIMIT_ARGS -DCONFIG_BUF_LEN=65536 -DMAX_DOMAINS_F=21 -DMAX_HISTORY=25 -DNMM_NEST=0 -DWRF_CHEM -DBUILD_CHEM=1 -I. -traditional-cpp   -I/gpfs/fs1/work/weisun/2019/github/WRFV4-myfork/inc da_gpsref.b  > da_gpsref.f
/lib/cpp -P -nostdinc -DEM_CORE=1 -DNMM_CORE=0 -DNMM_MAX_DIM=2600 -DCOAMPS_CORE=0 -DDA_CORE=1 -DEXP_CORE=0 -DIWORDSIZE=4 -DDWORDSIZE=8 -DRWORDSIZE=8 -DLWORDSIZE=4 -DNONSTANDARD_SYSTEM_SUBR  -DWRF_USE_CLM -DBUFR   -DFFTPACK -DNORESHAPE -DDM_PARALLEL -DNETCDF -DCRTM -DHDF5 -DUSE_ALLOCATABLES -DGRIB1 -DINTIO -DKEEP_INT_AROUND -DLIMIT_ARGS -DCONFIG_BUF_LEN=65536 -DMAX_DOMAINS_F=21 -DMAX_HISTORY=25 -DNMM_NEST=0 -DWRF_CHEM -DBUILD_CHEM=1 -I. -traditional-cpp   -I/gpfs/fs1/work/weisun/2019/github/WRFV4-myfork/inc da_pseudo.b  > da_pseudo.f
rm -f da_radar.b
/lib/cpp -P -nostdinc -DEM_CORE=1 -DNMM_CORE=0 -DNMM_MAX_DIM=2600 -DCOAMPS_CORE=0 -DDA_CORE=1 -DEXP_CORE=0 -DIWORDSIZE=4 -DDWORDSIZE=8 -DRWORDSIZE=8 -DLWORDSIZE=4 -DNONSTANDARD_SYSTEM_SUBR  -DWRF_USE_CLM -DBUFR   -DFFTPACK -DNORESHAPE -DDM_PARALLEL -DNETCDF -DCRTM -DHDF5 -DUSE_ALLOCATABLES -DGRIB1 -DINTIO -DKEEP_INT_AROUND -DLIMIT_ARGS -DCONFIG_BUF_LEN=65536 -DMAX_DOMAINS_F=21 -DMAX_HISTORY=25 -DNMM_NEST=0 -DWRF_CHEM -DBUILD_CHEM=1 -I. -traditional-cpp   -I/gpfs/fs1/work/weisun/2019/github/WRFV4-myfork/inc da_gpspw.b  > da_gpspw.f
rm -f da_ssmi.b
rm -f da_rain.b
rm -f da_radiance1.b
if fgrep -iq '!$OMP' da_radar.f ; then \
          if [ -n "" ] ; then echo COMPILING da_radar.f90 WITH OMP ; fi ; \
  time mpif90 -f90=gfortran -o da_radar.o -c -O2 -ftree-vectorize -funroll-loops -w -ffree-form -ffree-line-length-none -fconvert=big-endian -frecord-marker=4   -fdefault-real-8 da_radar.f ; \
        else \
          if [ -n "" ] ; then echo COMPILING da_radar.f90 WITHOUT OMP ; fi ; \
  time mpif90 -f90=gfortran -o da_radar.o -c -O2 -ftree-vectorize -funroll-loops -w -ffree-form -ffree-line-length-none -fconvert=big-endian -frecord-marker=4  -fdefault-real-8 da_radar.f ; \
        fi
if fgrep -iq '!$OMP' da_ssmi.f ; then \
          if [ -n "" ] ; then echo COMPILING da_ssmi.f90 WITH OMP ; fi ; \
  time mpif90 -f90=gfortran -o da_ssmi.o -c -O2 -ftree-vectorize -funroll-loops -w -ffree-form -ffree-line-length-none -fconvert=big-endian -frecord-marker=4   -fdefault-real-8 da_ssmi.f ; \
        else \
          if [ -n "" ] ; then echo COMPILING da_ssmi.f90 WITHOUT OMP ; fi ; \
  time mpif90 -f90=gfortran -o da_ssmi.o -c -O2 -ftree-vectorize -funroll-loops -w -ffree-form -ffree-line-length-none -fconvert=big-endian -frecord-marker=4  -fdefault-real-8 da_ssmi.f ; \
        fi
if fgrep -iq '!$OMP' da_rain.f ; then \
          if [ -n "" ] ; then echo COMPILING da_rain.f90 WITH OMP ; fi ; \
  time mpif90 -f90=gfortran -o da_rain.o -c -O2 -ftree-vectorize -funroll-loops -w -ffree-form -ffree-line-length-none -fconvert=big-endian -frecord-marker=4   -fdefault-real-8 da_rain.f ; \
        else \
          if [ -n "" ] ; then echo COMPILING da_rain.f90 WITHOUT OMP ; fi ; \
  time mpif90 -f90=gfortran -o da_rain.o -c -O2 -ftree-vectorize -funroll-loops -w -ffree-form -ffree-line-length-none -fconvert=big-endian -frecord-marker=4  -fdefault-real-8 da_rain.f ; \
        fi
rm -f da_gpsref.b
rm -f da_gpspw.b
if fgrep -iq '!$OMP' da_radiance1.f ; then \
          if [ -n "" ] ; then echo COMPILING da_radiance1.f90 WITH OMP ; fi ; \
  time mpif90 -f90=gfortran -c -O2 -ftree-vectorize -funroll-loops -w -ffree-form -ffree-line-length-none -fconvert=big-endian -frecord-marker=4   -fdefault-real-8 -I../external/crtm_2.2.3/libsrc   -I/glade/u/apps/ch/modulefiles/default/intel/17.0.1/hdf5/1.8.18.lua/include da_radiance1.f ; \
        else \
if [ -n "" ] ; then echo COMPILING da_radiance1.f90 WITHOUT OMP ; fi ; \
  time mpif90 -f90=gfortran -c -O2 -ftree-vectorize -funroll-loops -w -ffree-form -ffree-line-length-none -fconvert=big-endian -frecord-marker=4  -fdefault-real-8 -I../external/crtm_2.2.3/libsrc   -I/glade/u/apps/ch/modulefiles/default/intel/17.0.1/hdf5/1.8.18.lua/include da_radiance1.f ; \
        fi
rm -f da_pseudo.b
if fgrep -iq '!$OMP' da_gpspw.f ; then \
          if [ -n "" ] ; then echo COMPILING da_gpspw.f90 WITH OMP ; fi ; \
  time mpif90 -f90=gfortran -o da_gpspw.o -c -O2 -ftree-vectorize -funroll-loops -w -ffree-form -ffree-line-length-none -fconvert=big-endian -frecord-marker=4   -fdefault-real-8 da_gpspw.f ; \
        else \
          if [ -n "" ] ; then echo COMPILING da_gpspw.f90 WITHOUT OMP ; fi ; \
  time mpif90 -f90=gfortran -o da_gpspw.o -c -O2 -ftree-vectorize -funroll-loops -w -ffree-form -ffree-line-length-none -fconvert=big-endian -frecord-marker=4  -fdefault-real-8 da_gpspw.f ; \
        fi
if fgrep -iq '!$OMP' da_gpsref.f ; then \
          if [ -n "" ] ; then echo COMPILING da_gpsref.f90 WITH OMP ; fi ; \
  time mpif90 -f90=gfortran -o da_gpsref.o -c -O2 -ftree-vectorize -funroll-loops -w -ffree-form -ffree-line-length-none -fconvert=big-endian -frecord-marker=4   -fdefault-real-8 da_gpsref.f ; \
        else \
          if [ -n "" ] ; then echo COMPILING da_gpsref.f90 WITHOUT OMP ; fi ; \
  time mpif90 -f90=gfortran -o da_gpsref.o -c -O2 -ftree-vectorize -funroll-loops -w -ffree-form -ffree-line-length-none -fconvert=big-endian -frecord-marker=4  -fdefault-real-8 da_gpsref.f ; \
        fi
if fgrep -iq '!$OMP' da_pseudo.f ; then \
          if [ -n "" ] ; then echo COMPILING da_pseudo.f90 WITH OMP ; fi ; \
  time mpif90 -f90=gfortran -o da_pseudo.o -c -O2 -ftree-vectorize -funroll-loops -w -ffree-form -ffree-line-length-none -fconvert=big-endian -frecord-marker=4   -fdefault-real-8 da_pseudo.f ; \
        else \
          if [ -n "" ] ; then echo COMPILING da_pseudo.f90 WITHOUT OMP ; fi ; \
  time mpif90 -f90=gfortran -o da_pseudo.o -c -O2 -ftree-vectorize -funroll-loops -w -ffree-form -ffree-line-length-none -fconvert=big-endian -frecord-marker=4  -fdefault-real-8 da_pseudo.f ; \
        fi
f951: Warning: Include directory ‘/glade/u/apps/ch/modulefiles/default/intel/17.0.1/hdf5/1.8.18.lua/include’: Not a directory

real	0m0.559s
user	0m0.504s
sys	0m0.036s
rm -f da_airsr.o
/gpfs/fs1/work/weisun/2019/github/WRFV4-myfork/tools/standard.exe da_airsr.f90 > da_airsr.b
/lib/cpp -P -nostdinc -DEM_CORE=1 -DNMM_CORE=0 -DNMM_MAX_DIM=2600 -DCOAMPS_CORE=0 -DDA_CORE=1 -DEXP_CORE=0 -DIWORDSIZE=4 -DDWORDSIZE=8 -DRWORDSIZE=8 -DLWORDSIZE=4 -DNONSTANDARD_SYSTEM_SUBR  -DWRF_USE_CLM -DBUFR   -DFFTPACK -DNORESHAPE -DDM_PARALLEL -DNETCDF -DCRTM -DHDF5 -DUSE_ALLOCATABLES -DGRIB1 -DINTIO -DKEEP_INT_AROUND -DLIMIT_ARGS -DCONFIG_BUF_LEN=65536 -DMAX_DOMAINS_F=21 -DMAX_HISTORY=25 -DNMM_NEST=0 -DWRF_CHEM -DBUILD_CHEM=1 -I. -traditional-cpp   -I/gpfs/fs1/work/weisun/2019/github/WRFV4-myfork/inc da_airsr.b  > da_airsr.f
rm -f da_airsr.b
if fgrep -iq '!$OMP' da_airsr.f ; then \
          if [ -n "" ] ; then echo COMPILING da_airsr.f90 WITH OMP ; fi ; \
  time mpif90 -f90=gfortran -o da_airsr.o -c -O2 -ftree-vectorize -funroll-loops -w -ffree-form -ffree-line-length-none -fconvert=big-endian -frecord-marker=4   -fdefault-real-8 da_airsr.f ; \
        else \
          if [ -n "" ] ; then echo COMPILING da_airsr.f90 WITHOUT OMP ; fi ; \
  time mpif90 -f90=gfortran -o da_airsr.o -c -O2 -ftree-vectorize -funroll-loops -w -ffree-form -ffree-line-length-none -fconvert=big-endian -frecord-marker=4  -fdefault-real-8 da_airsr.f ; \
        fi

real	0m0.765s
user	0m0.692s
sys	0m0.040s

real	0m0.857s
user	0m0.792s
sys	0m0.040s

real	0m1.259s
user	0m1.168s
sys	0m0.068s

real	0m0.703s
user	0m0.624s
sys	0m0.056s
5.69user 0.11system 0:05.95elapsed 97%CPU (0avgtext+0avgdata 153784maxresident)k
0inputs+0outputs (0major+55769minor)pagefaults 0swaps

real	0m2.187s
user	0m2.048s
sys	0m0.104s

real	0m3.515s
user	0m3.428s
sys	0m0.060s

real	0m4.342s
user	0m4.204s
sys	0m0.108s
rm -f da_physics.o
/gpfs/fs1/work/weisun/2019/github/WRFV4-myfork/tools/standard.exe da_physics.f90 > da_physics.b
/lib/cpp -P -nostdinc -DEM_CORE=1 -DNMM_CORE=0 -DNMM_MAX_DIM=2600 -DCOAMPS_CORE=0 -DDA_CORE=1 -DEXP_CORE=0 -DIWORDSIZE=4 -DDWORDSIZE=8 -DRWORDSIZE=8 -DLWORDSIZE=4 -DNONSTANDARD_SYSTEM_SUBR  -DWRF_USE_CLM -DBUFR   -DFFTPACK -DNORESHAPE -DDM_PARALLEL -DNETCDF -DCRTM -DHDF5 -DUSE_ALLOCATABLES -DGRIB1 -DINTIO -DKEEP_INT_AROUND -DLIMIT_ARGS -DCONFIG_BUF_LEN=65536 -DMAX_DOMAINS_F=21 -DMAX_HISTORY=25 -DNMM_NEST=0 -DWRF_CHEM -DBUILD_CHEM=1 -I. -traditional-cpp   -I/gpfs/fs1/work/weisun/2019/github/WRFV4-myfork/inc da_physics.b  > da_physics.f
rm -f da_physics.b
if fgrep -iq '!$OMP' da_physics.f ; then \
          if [ -n "" ] ; then echo COMPILING da_physics.f90 WITH OMP ; fi ; \
  time mpif90 -f90=gfortran -o da_physics.o -c -O2 -ftree-vectorize -funroll-loops -w -ffree-form -ffree-line-length-none -fconvert=big-endian -frecord-marker=4   -fdefault-real-8 da_physics.f ; \
        else \
          if [ -n "" ] ; then echo COMPILING da_physics.f90 WITHOUT OMP ; fi ; \
  time mpif90 -f90=gfortran -o da_physics.o -c -O2 -ftree-vectorize -funroll-loops -w -ffree-form -ffree-line-length-none -fconvert=big-endian -frecord-marker=4  -fdefault-real-8 da_physics.f ; \
        fi

real	0m6.381s
user	0m6.216s
sys	0m0.132s
rm -f da_varbc.o
rm -f da_rttov.o
rm -f da_crtm.o
/gpfs/fs1/work/weisun/2019/github/WRFV4-myfork/tools/standard.exe da_varbc.f90 > da_varbc.b
/gpfs/fs1/work/weisun/2019/github/WRFV4-myfork/tools/standard.exe da_rttov.f90 > da_rttov.b
/gpfs/fs1/work/weisun/2019/github/WRFV4-myfork/tools/standard.exe da_crtm.f90 > da_crtm.b
/lib/cpp -P -nostdinc -DEM_CORE=1 -DNMM_CORE=0 -DNMM_MAX_DIM=2600 -DCOAMPS_CORE=0 -DDA_CORE=1 -DEXP_CORE=0 -DIWORDSIZE=4 -DDWORDSIZE=8 -DRWORDSIZE=8 -DLWORDSIZE=4 -DNONSTANDARD_SYSTEM_SUBR  -DWRF_USE_CLM -DBUFR   -DFFTPACK -DNORESHAPE -DDM_PARALLEL -DNETCDF -DCRTM -DHDF5 -DUSE_ALLOCATABLES -DGRIB1 -DINTIO -DKEEP_INT_AROUND -DLIMIT_ARGS -DCONFIG_BUF_LEN=65536 -DMAX_DOMAINS_F=21 -DMAX_HISTORY=25 -DNMM_NEST=0 -DWRF_CHEM -DBUILD_CHEM=1 -I. -traditional-cpp   -I/gpfs/fs1/work/weisun/2019/github/WRFV4-myfork/inc   da_varbc.b  > da_varbc.f
/lib/cpp -P -nostdinc -DEM_CORE=1 -DNMM_CORE=0 -DNMM_MAX_DIM=2600 -DCOAMPS_CORE=0 -DDA_CORE=1 -DEXP_CORE=0 -DIWORDSIZE=4 -DDWORDSIZE=8 -DRWORDSIZE=8 -DLWORDSIZE=4 -DNONSTANDARD_SYSTEM_SUBR  -DWRF_USE_CLM -DBUFR   -DFFTPACK -DNORESHAPE -DDM_PARALLEL -DNETCDF -DCRTM -DHDF5 -DUSE_ALLOCATABLES -DGRIB1 -DINTIO -DKEEP_INT_AROUND -DLIMIT_ARGS -DCONFIG_BUF_LEN=65536 -DMAX_DOMAINS_F=21 -DMAX_HISTORY=25 -DNMM_NEST=0 -DWRF_CHEM -DBUILD_CHEM=1 -I. -traditional-cpp   -I/gpfs/fs1/work/weisun/2019/github/WRFV4-myfork/inc   da_rttov.b  > da_rttov.f
/lib/cpp -P -nostdinc -DEM_CORE=1 -DNMM_CORE=0 -DNMM_MAX_DIM=2600 -DCOAMPS_CORE=0 -DDA_CORE=1 -DEXP_CORE=0 -DIWORDSIZE=4 -DDWORDSIZE=8 -DRWORDSIZE=8 -DLWORDSIZE=4 -DNONSTANDARD_SYSTEM_SUBR  -DWRF_USE_CLM -DBUFR   -DFFTPACK -DNORESHAPE -DDM_PARALLEL -DNETCDF -DCRTM -DHDF5 -DUSE_ALLOCATABLES -DGRIB1 -DINTIO -DKEEP_INT_AROUND -DLIMIT_ARGS -DCONFIG_BUF_LEN=65536 -DMAX_DOMAINS_F=21 -DMAX_HISTORY=25 -DNMM_NEST=0 -DWRF_CHEM -DBUILD_CHEM=1 -I. -traditional-cpp   -I/gpfs/fs1/work/weisun/2019/github/WRFV4-myfork/inc   da_crtm.b  > da_crtm.f
rm -f da_varbc.b
rm -f da_rttov.b
rm -f da_crtm.b
if fgrep -iq '!$OMP' da_varbc.f ; then \
          if [ -n "" ] ; then echo COMPILING da_varbc.f90 WITH OMP ; fi ; \
  time mpif90 -f90=gfortran -c -O2 -ftree-vectorize -funroll-loops -w -ffree-form -ffree-line-length-none -fconvert=big-endian -frecord-marker=4   -fdefault-real-8 -I../external/crtm_2.2.3/libsrc    da_varbc.f ; \
        else \
          if [ -n "" ] ; then echo COMPILING da_varbc.f90 WITHOUT OMP ; fi ; \
  time mpif90 -f90=gfortran -c -O2 -ftree-vectorize -funroll-loops -w -ffree-form -ffree-line-length-none -fconvert=big-endian -frecord-marker=4  -fdefault-real-8 -I../external/crtm_2.2.3/libsrc   da_varbc.f ; \
        fi
if fgrep -iq '!$OMP' da_rttov.f ; then \
          if [ -n "" ] ; then echo COMPILING da_rttov.f90 WITH OMP ; fi ; \
  time mpif90 -f90=gfortran -c -O2 -ftree-vectorize -funroll-loops -w -ffree-form -ffree-line-length-none -fconvert=big-endian -frecord-marker=4   -fdefault-real-8 -I../external/crtm_2.2.3/libsrc    da_rttov.f ; \
        else \
          if [ -n "" ] ; then echo COMPILING da_rttov.f90 WITHOUT OMP ; fi ; \
  time mpif90 -f90=gfortran -c -O2 -ftree-vectorize -funroll-loops -w -ffree-form -ffree-line-length-none -fconvert=big-endian -frecord-marker=4  -fdefault-real-8 -I../external/crtm_2.2.3/libsrc   da_rttov.f ; \
        fi
if fgrep -iq '!$OMP' da_crtm.f ; then \
          if [ -n "" ] ; then echo COMPILING da_crtm.f90 WITH OMP ; fi ; \
  time mpif90 -f90=gfortran -c -O2 -ftree-vectorize -funroll-loops -w -ffree-form -ffree-line-length-none -fconvert=big-endian -frecord-marker=4   -fdefault-real-8 -I../external/crtm_2.2.3/libsrc    da_crtm.f ; \
        else \
          if [ -n "" ] ; then echo COMPILING da_crtm.f90 WITHOUT OMP ; fi ; \
  time mpif90 -f90=gfortran -c -O2 -ftree-vectorize -funroll-loops -w -ffree-form -ffree-line-length-none -fconvert=big-endian -frecord-marker=4  -fdefault-real-8 -I../external/crtm_2.2.3/libsrc   da_crtm.f ; \
        fi

real	0m0.085s
user	0m0.036s
sys	0m0.028s

real	0m1.705s
user	0m1.608s
sys	0m0.068s

real	0m5.604s
user	0m5.468s
sys	0m0.108s
rm -f da_vtox_transforms.o
rm -f da_synop.o
rm -f da_tamdar.o
rm -f da_mtgirs.o
rm -f da_sound.o
rm -f da_ships.o
rm -f da_satem.o
/gpfs/fs1/work/weisun/2019/github/WRFV4-myfork/tools/standard.exe da_vtox_transforms.f90 > da_vtox_transforms.b
rm -f da_qscat.o
/gpfs/fs1/work/weisun/2019/github/WRFV4-myfork/tools/standard.exe da_synop.f90 > da_synop.b
/gpfs/fs1/work/weisun/2019/github/WRFV4-myfork/tools/standard.exe da_tamdar.f90 > da_tamdar.b
/gpfs/fs1/work/weisun/2019/github/WRFV4-myfork/tools/standard.exe da_mtgirs.f90 > da_mtgirs.b
/gpfs/fs1/work/weisun/2019/github/WRFV4-myfork/tools/standard.exe da_sound.f90 > da_sound.b
/gpfs/fs1/work/weisun/2019/github/WRFV4-myfork/tools/standard.exe da_ships.f90 > da_ships.b
/gpfs/fs1/work/weisun/2019/github/WRFV4-myfork/tools/standard.exe da_satem.f90 > da_satem.b
/lib/cpp -P -nostdinc -DEM_CORE=1 -DNMM_CORE=0 -DNMM_MAX_DIM=2600 -DCOAMPS_CORE=0 -DDA_CORE=1 -DEXP_CORE=0 -DIWORDSIZE=4 -DDWORDSIZE=8 -DRWORDSIZE=8 -DLWORDSIZE=4 -DNONSTANDARD_SYSTEM_SUBR  -DWRF_USE_CLM -DBUFR   -DFFTPACK -DNORESHAPE -DDM_PARALLEL -DNETCDF -DCRTM -DHDF5 -DUSE_ALLOCATABLES -DGRIB1 -DINTIO -DKEEP_INT_AROUND -DLIMIT_ARGS -DCONFIG_BUF_LEN=65536 -DMAX_DOMAINS_F=21 -DMAX_HISTORY=25 -DNMM_NEST=0 -DWRF_CHEM -DBUILD_CHEM=1 -I. -traditional-cpp   -I/gpfs/fs1/work/weisun/2019/github/WRFV4-myfork/inc da_vtox_transforms.b  > da_vtox_transforms.f
/gpfs/fs1/work/weisun/2019/github/WRFV4-myfork/tools/standard.exe da_qscat.f90 > da_qscat.b
/lib/cpp -P -nostdinc -DEM_CORE=1 -DNMM_CORE=0 -DNMM_MAX_DIM=2600 -DCOAMPS_CORE=0 -DDA_CORE=1 -DEXP_CORE=0 -DIWORDSIZE=4 -DDWORDSIZE=8 -DRWORDSIZE=8 -DLWORDSIZE=4 -DNONSTANDARD_SYSTEM_SUBR  -DWRF_USE_CLM -DBUFR   -DFFTPACK -DNORESHAPE -DDM_PARALLEL -DNETCDF -DCRTM -DHDF5 -DUSE_ALLOCATABLES -DGRIB1 -DINTIO -DKEEP_INT_AROUND -DLIMIT_ARGS -DCONFIG_BUF_LEN=65536 -DMAX_DOMAINS_F=21 -DMAX_HISTORY=25 -DNMM_NEST=0 -DWRF_CHEM -DBUILD_CHEM=1 -I. -traditional-cpp   -I/gpfs/fs1/work/weisun/2019/github/WRFV4-myfork/inc da_synop.b  > da_synop.f
/lib/cpp -P -nostdinc -DEM_CORE=1 -DNMM_CORE=0 -DNMM_MAX_DIM=2600 -DCOAMPS_CORE=0 -DDA_CORE=1 -DEXP_CORE=0 -DIWORDSIZE=4 -DDWORDSIZE=8 -DRWORDSIZE=8 -DLWORDSIZE=4 -DNONSTANDARD_SYSTEM_SUBR  -DWRF_USE_CLM -DBUFR   -DFFTPACK -DNORESHAPE -DDM_PARALLEL -DNETCDF -DCRTM -DHDF5 -DUSE_ALLOCATABLES -DGRIB1 -DINTIO -DKEEP_INT_AROUND -DLIMIT_ARGS -DCONFIG_BUF_LEN=65536 -DMAX_DOMAINS_F=21 -DMAX_HISTORY=25 -DNMM_NEST=0 -DWRF_CHEM -DBUILD_CHEM=1 -I. -traditional-cpp   -I/gpfs/fs1/work/weisun/2019/github/WRFV4-myfork/inc da_tamdar.b  > da_tamdar.f
/lib/cpp -P -nostdinc -DEM_CORE=1 -DNMM_CORE=0 -DNMM_MAX_DIM=2600 -DCOAMPS_CORE=0 -DDA_CORE=1 -DEXP_CORE=0 -DIWORDSIZE=4 -DDWORDSIZE=8 -DRWORDSIZE=8 -DLWORDSIZE=4 -DNONSTANDARD_SYSTEM_SUBR  -DWRF_USE_CLM -DBUFR   -DFFTPACK -DNORESHAPE -DDM_PARALLEL -DNETCDF -DCRTM -DHDF5 -DUSE_ALLOCATABLES -DGRIB1 -DINTIO -DKEEP_INT_AROUND -DLIMIT_ARGS -DCONFIG_BUF_LEN=65536 -DMAX_DOMAINS_F=21 -DMAX_HISTORY=25 -DNMM_NEST=0 -DWRF_CHEM -DBUILD_CHEM=1 -I. -traditional-cpp   -I/gpfs/fs1/work/weisun/2019/github/WRFV4-myfork/inc da_mtgirs.b  > da_mtgirs.f
/lib/cpp -P -nostdinc -DEM_CORE=1 -DNMM_CORE=0 -DNMM_MAX_DIM=2600 -DCOAMPS_CORE=0 -DDA_CORE=1 -DEXP_CORE=0 -DIWORDSIZE=4 -DDWORDSIZE=8 -DRWORDSIZE=8 -DLWORDSIZE=4 -DNONSTANDARD_SYSTEM_SUBR  -DWRF_USE_CLM -DBUFR   -DFFTPACK -DNORESHAPE -DDM_PARALLEL -DNETCDF -DCRTM -DHDF5 -DUSE_ALLOCATABLES -DGRIB1 -DINTIO -DKEEP_INT_AROUND -DLIMIT_ARGS -DCONFIG_BUF_LEN=65536 -DMAX_DOMAINS_F=21 -DMAX_HISTORY=25 -DNMM_NEST=0 -DWRF_CHEM -DBUILD_CHEM=1 -I. -traditional-cpp   -I/gpfs/fs1/work/weisun/2019/github/WRFV4-myfork/inc da_satem.b  > da_satem.f
/lib/cpp -P -nostdinc -DEM_CORE=1 -DNMM_CORE=0 -DNMM_MAX_DIM=2600 -DCOAMPS_CORE=0 -DDA_CORE=1 -DEXP_CORE=0 -DIWORDSIZE=4 -DDWORDSIZE=8 -DRWORDSIZE=8 -DLWORDSIZE=4 -DNONSTANDARD_SYSTEM_SUBR  -DWRF_USE_CLM -DBUFR   -DFFTPACK -DNORESHAPE -DDM_PARALLEL -DNETCDF -DCRTM -DHDF5 -DUSE_ALLOCATABLES -DGRIB1 -DINTIO -DKEEP_INT_AROUND -DLIMIT_ARGS -DCONFIG_BUF_LEN=65536 -DMAX_DOMAINS_F=21 -DMAX_HISTORY=25 -DNMM_NEST=0 -DWRF_CHEM -DBUILD_CHEM=1 -I. -traditional-cpp   -I/gpfs/fs1/work/weisun/2019/github/WRFV4-myfork/inc da_sound.b  > da_sound.f
/lib/cpp -P -nostdinc -DEM_CORE=1 -DNMM_CORE=0 -DNMM_MAX_DIM=2600 -DCOAMPS_CORE=0 -DDA_CORE=1 -DEXP_CORE=0 -DIWORDSIZE=4 -DDWORDSIZE=8 -DRWORDSIZE=8 -DLWORDSIZE=4 -DNONSTANDARD_SYSTEM_SUBR  -DWRF_USE_CLM -DBUFR   -DFFTPACK -DNORESHAPE -DDM_PARALLEL -DNETCDF -DCRTM -DHDF5 -DUSE_ALLOCATABLES -DGRIB1 -DINTIO -DKEEP_INT_AROUND -DLIMIT_ARGS -DCONFIG_BUF_LEN=65536 -DMAX_DOMAINS_F=21 -DMAX_HISTORY=25 -DNMM_NEST=0 -DWRF_CHEM -DBUILD_CHEM=1 -I. -traditional-cpp   -I/gpfs/fs1/work/weisun/2019/github/WRFV4-myfork/inc da_ships.b  > da_ships.f
/lib/cpp -P -nostdinc -DEM_CORE=1 -DNMM_CORE=0 -DNMM_MAX_DIM=2600 -DCOAMPS_CORE=0 -DDA_CORE=1 -DEXP_CORE=0 -DIWORDSIZE=4 -DDWORDSIZE=8 -DRWORDSIZE=8 -DLWORDSIZE=4 -DNONSTANDARD_SYSTEM_SUBR  -DWRF_USE_CLM -DBUFR   -DFFTPACK -DNORESHAPE -DDM_PARALLEL -DNETCDF -DCRTM -DHDF5 -DUSE_ALLOCATABLES -DGRIB1 -DINTIO -DKEEP_INT_AROUND -DLIMIT_ARGS -DCONFIG_BUF_LEN=65536 -DMAX_DOMAINS_F=21 -DMAX_HISTORY=25 -DNMM_NEST=0 -DWRF_CHEM -DBUILD_CHEM=1 -I. -traditional-cpp   -I/gpfs/fs1/work/weisun/2019/github/WRFV4-myfork/inc da_qscat.b  > da_qscat.f
rm -f da_synop.b
rm -f da_tamdar.b
rm -f da_mtgirs.b
if fgrep -iq '!$OMP' da_synop.f ; then \
          if [ -n "" ] ; then echo COMPILING da_synop.f90 WITH OMP ; fi ; \
  time mpif90 -f90=gfortran -o da_synop.o -c -O2 -ftree-vectorize -funroll-loops -w -ffree-form -ffree-line-length-none -fconvert=big-endian -frecord-marker=4   -fdefault-real-8 da_synop.f ; \
        else \
          if [ -n "" ] ; then echo COMPILING da_synop.f90 WITHOUT OMP ; fi ; \
  time mpif90 -f90=gfortran -o da_synop.o -c -O2 -ftree-vectorize -funroll-loops -w -ffree-form -ffree-line-length-none -fconvert=big-endian -frecord-marker=4  -fdefault-real-8 da_synop.f ; \
        fi
rm -f da_sound.b
rm -f da_satem.b
if fgrep -iq '!$OMP' da_mtgirs.f ; then \
          if [ -n "" ] ; then echo COMPILING da_mtgirs.f90 WITH OMP ; fi ; \
  time mpif90 -f90=gfortran -o da_mtgirs.o -c -O2 -ftree-vectorize -funroll-loops -w -ffree-form -ffree-line-length-none -fconvert=big-endian -frecord-marker=4   -fdefault-real-8 da_mtgirs.f ; \
        else \
          if [ -n "" ] ; then echo COMPILING da_mtgirs.f90 WITHOUT OMP ; fi ; \
  time mpif90 -f90=gfortran -o da_mtgirs.o -c -O2 -ftree-vectorize -funroll-loops -w -ffree-form -ffree-line-length-none -fconvert=big-endian -frecord-marker=4  -fdefault-real-8 da_mtgirs.f ; \
        fi
if fgrep -iq '!$OMP' da_tamdar.f ; then \
          if [ -n "" ] ; then echo COMPILING da_tamdar.f90 WITH OMP ; fi ; \
  time mpif90 -f90=gfortran -o da_tamdar.o -c -O2 -ftree-vectorize -funroll-loops -w -ffree-form -ffree-line-length-none -fconvert=big-endian -frecord-marker=4   -fdefault-real-8 da_tamdar.f ; \
        else \
          if [ -n "" ] ; then echo COMPILING da_tamdar.f90 WITHOUT OMP ; fi ; \
  time mpif90 -f90=gfortran -o da_tamdar.o -c -O2 -ftree-vectorize -funroll-loops -w -ffree-form -ffree-line-length-none -fconvert=big-endian -frecord-marker=4  -fdefault-real-8 da_tamdar.f ; \
        fi
rm -f da_qscat.b
rm -f da_ships.b
if fgrep -iq '!$OMP' da_sound.f ; then \
          if [ -n "" ] ; then echo COMPILING da_sound.f90 WITH OMP ; fi ; \
  time mpif90 -f90=gfortran -o da_sound.o -c -O2 -ftree-vectorize -funroll-loops -w -ffree-form -ffree-line-length-none -fconvert=big-endian -frecord-marker=4   -fdefault-real-8 da_sound.f ; \
        else \
          if [ -n "" ] ; then echo COMPILING da_sound.f90 WITHOUT OMP ; fi ; \
  time mpif90 -f90=gfortran -o da_sound.o -c -O2 -ftree-vectorize -funroll-loops -w -ffree-form -ffree-line-length-none -fconvert=big-endian -frecord-marker=4  -fdefault-real-8 da_sound.f ; \
        fi
rm -f da_vtox_transforms.b
if fgrep -iq '!$OMP' da_satem.f ; then \
          if [ -n "" ] ; then echo COMPILING da_satem.f90 WITH OMP ; fi ; \
  time mpif90 -f90=gfortran -o da_satem.o -c -O2 -ftree-vectorize -funroll-loops -w -ffree-form -ffree-line-length-none -fconvert=big-endian -frecord-marker=4   -fdefault-real-8 da_satem.f ; \
        else \
          if [ -n "" ] ; then echo COMPILING da_satem.f90 WITHOUT OMP ; fi ; \
  time mpif90 -f90=gfortran -o da_satem.o -c -O2 -ftree-vectorize -funroll-loops -w -ffree-form -ffree-line-length-none -fconvert=big-endian -frecord-marker=4  -fdefault-real-8 da_satem.f ; \
        fi
if fgrep -iq '!$OMP' da_qscat.f ; then \
          if [ -n "" ] ; then echo COMPILING da_qscat.f90 WITH OMP ; fi ; \
  time mpif90 -f90=gfortran -o da_qscat.o -c -O2 -ftree-vectorize -funroll-loops -w -ffree-form -ffree-line-length-none -fconvert=big-endian -frecord-marker=4   -fdefault-real-8 da_qscat.f ; \
        else \
          if [ -n "" ] ; then echo COMPILING da_qscat.f90 WITHOUT OMP ; fi ; \
  time mpif90 -f90=gfortran -o da_qscat.o -c -O2 -ftree-vectorize -funroll-loops -w -ffree-form -ffree-line-length-none -fconvert=big-endian -frecord-marker=4  -fdefault-real-8 da_qscat.f ; \
        fi
if fgrep -iq '!$OMP' da_ships.f ; then \
          if [ -n "" ] ; then echo COMPILING da_ships.f90 WITH OMP ; fi ; \
  time mpif90 -f90=gfortran -o da_ships.o -c -O2 -ftree-vectorize -funroll-loops -w -ffree-form -ffree-line-length-none -fconvert=big-endian -frecord-marker=4   -fdefault-real-8 da_ships.f ; \
        else \
          if [ -n "" ] ; then echo COMPILING da_ships.f90 WITHOUT OMP ; fi ; \
  time mpif90 -f90=gfortran -o da_ships.o -c -O2 -ftree-vectorize -funroll-loops -w -ffree-form -ffree-line-length-none -fconvert=big-endian -frecord-marker=4  -fdefault-real-8 da_ships.f ; \
        fi
if fgrep -iq '!$OMP' da_vtox_transforms.f ; then \
          if [ -n "" ] ; then echo COMPILING da_vtox_transforms.f90 WITH OMP ; fi ; \
  time mpif90 -f90=gfortran -o da_vtox_transforms.o -c -O2 -ftree-vectorize -funroll-loops -w -ffree-form -ffree-line-length-none -fconvert=big-endian -frecord-marker=4   -fdefault-real-8 da_vtox_transforms.f ; \
        else \
          if [ -n "" ] ; then echo COMPILING da_vtox_transforms.f90 WITHOUT OMP ; fi ; \
  time mpif90 -f90=gfortran -o da_vtox_transforms.o -c -O2 -ftree-vectorize -funroll-loops -w -ffree-form -ffree-line-length-none -fconvert=big-endian -frecord-marker=4  -fdefault-real-8 da_vtox_transforms.f ; \
        fi

real	0m0.590s
user	0m0.508s
sys	0m0.060s
rm -f da_profiler.o
/gpfs/fs1/work/weisun/2019/github/WRFV4-myfork/tools/standard.exe da_profiler.f90 > da_profiler.b
/lib/cpp -P -nostdinc -DEM_CORE=1 -DNMM_CORE=0 -DNMM_MAX_DIM=2600 -DCOAMPS_CORE=0 -DDA_CORE=1 -DEXP_CORE=0 -DIWORDSIZE=4 -DDWORDSIZE=8 -DRWORDSIZE=8 -DLWORDSIZE=4 -DNONSTANDARD_SYSTEM_SUBR  -DWRF_USE_CLM -DBUFR   -DFFTPACK -DNORESHAPE -DDM_PARALLEL -DNETCDF -DCRTM -DHDF5 -DUSE_ALLOCATABLES -DGRIB1 -DINTIO -DKEEP_INT_AROUND -DLIMIT_ARGS -DCONFIG_BUF_LEN=65536 -DMAX_DOMAINS_F=21 -DMAX_HISTORY=25 -DNMM_NEST=0 -DWRF_CHEM -DBUILD_CHEM=1 -I. -traditional-cpp   -I/gpfs/fs1/work/weisun/2019/github/WRFV4-myfork/inc da_profiler.b  > da_profiler.f

real	0m0.621s
user	0m0.576s
sys	0m0.024s
rm -f da_polaramv.o
/gpfs/fs1/work/weisun/2019/github/WRFV4-myfork/tools/standard.exe da_polaramv.f90 > da_polaramv.b
rm -f da_profiler.b
if fgrep -iq '!$OMP' da_profiler.f ; then \
          if [ -n "" ] ; then echo COMPILING da_profiler.f90 WITH OMP ; fi ; \
  time mpif90 -f90=gfortran -o da_profiler.o -c -O2 -ftree-vectorize -funroll-loops -w -ffree-form -ffree-line-length-none -fconvert=big-endian -frecord-marker=4   -fdefault-real-8 da_profiler.f ; \
        else \
          if [ -n "" ] ; then echo COMPILING da_profiler.f90 WITHOUT OMP ; fi ; \
  time mpif90 -f90=gfortran -o da_profiler.o -c -O2 -ftree-vectorize -funroll-loops -w -ffree-form -ffree-line-length-none -fconvert=big-endian -frecord-marker=4  -fdefault-real-8 da_profiler.f ; \
        fi
/lib/cpp -P -nostdinc -DEM_CORE=1 -DNMM_CORE=0 -DNMM_MAX_DIM=2600 -DCOAMPS_CORE=0 -DDA_CORE=1 -DEXP_CORE=0 -DIWORDSIZE=4 -DDWORDSIZE=8 -DRWORDSIZE=8 -DLWORDSIZE=4 -DNONSTANDARD_SYSTEM_SUBR  -DWRF_USE_CLM -DBUFR   -DFFTPACK -DNORESHAPE -DDM_PARALLEL -DNETCDF -DCRTM -DHDF5 -DUSE_ALLOCATABLES -DGRIB1 -DINTIO -DKEEP_INT_AROUND -DLIMIT_ARGS -DCONFIG_BUF_LEN=65536 -DMAX_DOMAINS_F=21 -DMAX_HISTORY=25 -DNMM_NEST=0 -DWRF_CHEM -DBUILD_CHEM=1 -I. -traditional-cpp   -I/gpfs/fs1/work/weisun/2019/github/WRFV4-myfork/inc da_polaramv.b  > da_polaramv.f
rm -f da_polaramv.b
if fgrep -iq '!$OMP' da_polaramv.f ; then \
          if [ -n "" ] ; then echo COMPILING da_polaramv.f90 WITH OMP ; fi ; \
  time mpif90 -f90=gfortran -o da_polaramv.o -c -O2 -ftree-vectorize -funroll-loops -w -ffree-form -ffree-line-length-none -fconvert=big-endian -frecord-marker=4   -fdefault-real-8 da_polaramv.f ; \
        else \
          if [ -n "" ] ; then echo COMPILING da_polaramv.f90 WITHOUT OMP ; fi ; \
  time mpif90 -f90=gfortran -o da_polaramv.o -c -O2 -ftree-vectorize -funroll-loops -w -ffree-form -ffree-line-length-none -fconvert=big-endian -frecord-marker=4  -fdefault-real-8 da_polaramv.f ; \
        fi

real	0m0.875s
user	0m0.816s
sys	0m0.032s
rm -f da_pilot.o
/gpfs/fs1/work/weisun/2019/github/WRFV4-myfork/tools/standard.exe da_pilot.f90 > da_pilot.b
/lib/cpp -P -nostdinc -DEM_CORE=1 -DNMM_CORE=0 -DNMM_MAX_DIM=2600 -DCOAMPS_CORE=0 -DDA_CORE=1 -DEXP_CORE=0 -DIWORDSIZE=4 -DDWORDSIZE=8 -DRWORDSIZE=8 -DLWORDSIZE=4 -DNONSTANDARD_SYSTEM_SUBR  -DWRF_USE_CLM -DBUFR   -DFFTPACK -DNORESHAPE -DDM_PARALLEL -DNETCDF -DCRTM -DHDF5 -DUSE_ALLOCATABLES -DGRIB1 -DINTIO -DKEEP_INT_AROUND -DLIMIT_ARGS -DCONFIG_BUF_LEN=65536 -DMAX_DOMAINS_F=21 -DMAX_HISTORY=25 -DNMM_NEST=0 -DWRF_CHEM -DBUILD_CHEM=1 -I. -traditional-cpp   -I/gpfs/fs1/work/weisun/2019/github/WRFV4-myfork/inc da_pilot.b  > da_pilot.f
rm -f da_pilot.b
if fgrep -iq '!$OMP' da_pilot.f ; then \
          if [ -n "" ] ; then echo COMPILING da_pilot.f90 WITH OMP ; fi ; \
  time mpif90 -f90=gfortran -o da_pilot.o -c -O2 -ftree-vectorize -funroll-loops -w -ffree-form -ffree-line-length-none -fconvert=big-endian -frecord-marker=4   -fdefault-real-8 da_pilot.f ; \
        else \
          if [ -n "" ] ; then echo COMPILING da_pilot.f90 WITHOUT OMP ; fi ; \
  time mpif90 -f90=gfortran -o da_pilot.o -c -O2 -ftree-vectorize -funroll-loops -w -ffree-form -ffree-line-length-none -fconvert=big-endian -frecord-marker=4  -fdefault-real-8 da_pilot.f ; \
        fi

real	0m1.182s
user	0m1.124s
sys	0m0.032s
rm -f da_metar.o
/gpfs/fs1/work/weisun/2019/github/WRFV4-myfork/tools/standard.exe da_metar.f90 > da_metar.b
/lib/cpp -P -nostdinc -DEM_CORE=1 -DNMM_CORE=0 -DNMM_MAX_DIM=2600 -DCOAMPS_CORE=0 -DDA_CORE=1 -DEXP_CORE=0 -DIWORDSIZE=4 -DDWORDSIZE=8 -DRWORDSIZE=8 -DLWORDSIZE=4 -DNONSTANDARD_SYSTEM_SUBR  -DWRF_USE_CLM -DBUFR   -DFFTPACK -DNORESHAPE -DDM_PARALLEL -DNETCDF -DCRTM -DHDF5 -DUSE_ALLOCATABLES -DGRIB1 -DINTIO -DKEEP_INT_AROUND -DLIMIT_ARGS -DCONFIG_BUF_LEN=65536 -DMAX_DOMAINS_F=21 -DMAX_HISTORY=25 -DNMM_NEST=0 -DWRF_CHEM -DBUILD_CHEM=1 -I. -traditional-cpp   -I/gpfs/fs1/work/weisun/2019/github/WRFV4-myfork/inc da_metar.b  > da_metar.f
rm -f da_metar.b
if fgrep -iq '!$OMP' da_metar.f ; then \
          if [ -n "" ] ; then echo COMPILING da_metar.f90 WITH OMP ; fi ; \
  time mpif90 -f90=gfortran -o da_metar.o -c -O2 -ftree-vectorize -funroll-loops -w -ffree-form -ffree-line-length-none -fconvert=big-endian -frecord-marker=4   -fdefault-real-8 da_metar.f ; \
        else \
          if [ -n "" ] ; then echo COMPILING da_metar.f90 WITHOUT OMP ; fi ; \
  time mpif90 -f90=gfortran -o da_metar.o -c -O2 -ftree-vectorize -funroll-loops -w -ffree-form -ffree-line-length-none -fconvert=big-endian -frecord-marker=4  -fdefault-real-8 da_metar.f ; \
        fi

real	0m1.302s
user	0m1.224s
sys	0m0.056s
rm -f da_geoamv.o
/gpfs/fs1/work/weisun/2019/github/WRFV4-myfork/tools/standard.exe da_geoamv.f90 > da_geoamv.b
/lib/cpp -P -nostdinc -DEM_CORE=1 -DNMM_CORE=0 -DNMM_MAX_DIM=2600 -DCOAMPS_CORE=0 -DDA_CORE=1 -DEXP_CORE=0 -DIWORDSIZE=4 -DDWORDSIZE=8 -DRWORDSIZE=8 -DLWORDSIZE=4 -DNONSTANDARD_SYSTEM_SUBR  -DWRF_USE_CLM -DBUFR   -DFFTPACK -DNORESHAPE -DDM_PARALLEL -DNETCDF -DCRTM -DHDF5 -DUSE_ALLOCATABLES -DGRIB1 -DINTIO -DKEEP_INT_AROUND -DLIMIT_ARGS -DCONFIG_BUF_LEN=65536 -DMAX_DOMAINS_F=21 -DMAX_HISTORY=25 -DNMM_NEST=0 -DWRF_CHEM -DBUILD_CHEM=1 -I. -traditional-cpp   -I/gpfs/fs1/work/weisun/2019/github/WRFV4-myfork/inc da_geoamv.b  > da_geoamv.f
rm -f da_geoamv.b
if fgrep -iq '!$OMP' da_geoamv.f ; then \
          if [ -n "" ] ; then echo COMPILING da_geoamv.f90 WITH OMP ; fi ; \
  time mpif90 -f90=gfortran -o da_geoamv.o -c -O2 -ftree-vectorize -funroll-loops -w -ffree-form -ffree-line-length-none -fconvert=big-endian -frecord-marker=4   -fdefault-real-8 da_geoamv.f ; \
        else \
          if [ -n "" ] ; then echo COMPILING da_geoamv.f90 WITHOUT OMP ; fi ; \
  time mpif90 -f90=gfortran -o da_geoamv.o -c -O2 -ftree-vectorize -funroll-loops -w -ffree-form -ffree-line-length-none -fconvert=big-endian -frecord-marker=4  -fdefault-real-8 da_geoamv.f ; \
        fi

real	0m0.868s
user	0m0.788s
sys	0m0.052s
rm -f da_buoy.o
/gpfs/fs1/work/weisun/2019/github/WRFV4-myfork/tools/standard.exe da_buoy.f90 > da_buoy.b
/lib/cpp -P -nostdinc -DEM_CORE=1 -DNMM_CORE=0 -DNMM_MAX_DIM=2600 -DCOAMPS_CORE=0 -DDA_CORE=1 -DEXP_CORE=0 -DIWORDSIZE=4 -DDWORDSIZE=8 -DRWORDSIZE=8 -DLWORDSIZE=4 -DNONSTANDARD_SYSTEM_SUBR  -DWRF_USE_CLM -DBUFR   -DFFTPACK -DNORESHAPE -DDM_PARALLEL -DNETCDF -DCRTM -DHDF5 -DUSE_ALLOCATABLES -DGRIB1 -DINTIO -DKEEP_INT_AROUND -DLIMIT_ARGS -DCONFIG_BUF_LEN=65536 -DMAX_DOMAINS_F=21 -DMAX_HISTORY=25 -DNMM_NEST=0 -DWRF_CHEM -DBUILD_CHEM=1 -I. -traditional-cpp   -I/gpfs/fs1/work/weisun/2019/github/WRFV4-myfork/inc da_buoy.b  > da_buoy.f
rm -f da_buoy.b
if fgrep -iq '!$OMP' da_buoy.f ; then \
          if [ -n "" ] ; then echo COMPILING da_buoy.f90 WITH OMP ; fi ; \
  time mpif90 -f90=gfortran -o da_buoy.o -c -O2 -ftree-vectorize -funroll-loops -w -ffree-form -ffree-line-length-none -fconvert=big-endian -frecord-marker=4   -fdefault-real-8 da_buoy.f ; \
        else \
          if [ -n "" ] ; then echo COMPILING da_buoy.f90 WITHOUT OMP ; fi ; \
  time mpif90 -f90=gfortran -o da_buoy.o -c -O2 -ftree-vectorize -funroll-loops -w -ffree-form -ffree-line-length-none -fconvert=big-endian -frecord-marker=4  -fdefault-real-8 da_buoy.f ; \
        fi

real	0m0.957s
user	0m0.880s
sys	0m0.052s
rm -f da_bogus.o
/gpfs/fs1/work/weisun/2019/github/WRFV4-myfork/tools/standard.exe da_bogus.f90 > da_bogus.b
/lib/cpp -P -nostdinc -DEM_CORE=1 -DNMM_CORE=0 -DNMM_MAX_DIM=2600 -DCOAMPS_CORE=0 -DDA_CORE=1 -DEXP_CORE=0 -DIWORDSIZE=4 -DDWORDSIZE=8 -DRWORDSIZE=8 -DLWORDSIZE=4 -DNONSTANDARD_SYSTEM_SUBR  -DWRF_USE_CLM -DBUFR   -DFFTPACK -DNORESHAPE -DDM_PARALLEL -DNETCDF -DCRTM -DHDF5 -DUSE_ALLOCATABLES -DGRIB1 -DINTIO -DKEEP_INT_AROUND -DLIMIT_ARGS -DCONFIG_BUF_LEN=65536 -DMAX_DOMAINS_F=21 -DMAX_HISTORY=25 -DNMM_NEST=0 -DWRF_CHEM -DBUILD_CHEM=1 -I. -traditional-cpp   -I/gpfs/fs1/work/weisun/2019/github/WRFV4-myfork/inc da_bogus.b  > da_bogus.f
rm -f da_bogus.b
if fgrep -iq '!$OMP' da_bogus.f ; then \
          if [ -n "" ] ; then echo COMPILING da_bogus.f90 WITH OMP ; fi ; \
  time mpif90 -f90=gfortran -o da_bogus.o -c -O2 -ftree-vectorize -funroll-loops -w -ffree-form -ffree-line-length-none -fconvert=big-endian -frecord-marker=4   -fdefault-real-8 da_bogus.f ; \
        else \
          if [ -n "" ] ; then echo COMPILING da_bogus.f90 WITHOUT OMP ; fi ; \
  time mpif90 -f90=gfortran -o da_bogus.o -c -O2 -ftree-vectorize -funroll-loops -w -ffree-form -ffree-line-length-none -fconvert=big-endian -frecord-marker=4  -fdefault-real-8 da_bogus.f ; \
        fi

real	0m0.862s
user	0m0.780s
sys	0m0.052s
rm -f da_airep.o
/gpfs/fs1/work/weisun/2019/github/WRFV4-myfork/tools/standard.exe da_airep.f90 > da_airep.b
/lib/cpp -P -nostdinc -DEM_CORE=1 -DNMM_CORE=0 -DNMM_MAX_DIM=2600 -DCOAMPS_CORE=0 -DDA_CORE=1 -DEXP_CORE=0 -DIWORDSIZE=4 -DDWORDSIZE=8 -DRWORDSIZE=8 -DLWORDSIZE=4 -DNONSTANDARD_SYSTEM_SUBR  -DWRF_USE_CLM -DBUFR   -DFFTPACK -DNORESHAPE -DDM_PARALLEL -DNETCDF -DCRTM -DHDF5 -DUSE_ALLOCATABLES -DGRIB1 -DINTIO -DKEEP_INT_AROUND -DLIMIT_ARGS -DCONFIG_BUF_LEN=65536 -DMAX_DOMAINS_F=21 -DMAX_HISTORY=25 -DNMM_NEST=0 -DWRF_CHEM -DBUILD_CHEM=1 -I. -traditional-cpp   -I/gpfs/fs1/work/weisun/2019/github/WRFV4-myfork/inc da_airep.b  > da_airep.f
rm -f da_airep.b
if fgrep -iq '!$OMP' da_airep.f ; then \
          if [ -n "" ] ; then echo COMPILING da_airep.f90 WITH OMP ; fi ; \
  time mpif90 -f90=gfortran -o da_airep.o -c -O2 -ftree-vectorize -funroll-loops -w -ffree-form -ffree-line-length-none -fconvert=big-endian -frecord-marker=4   -fdefault-real-8 da_airep.f ; \
        else \
          if [ -n "" ] ; then echo COMPILING da_airep.f90 WITHOUT OMP ; fi ; \
  time mpif90 -f90=gfortran -o da_airep.o -c -O2 -ftree-vectorize -funroll-loops -w -ffree-form -ffree-line-length-none -fconvert=big-endian -frecord-marker=4  -fdefault-real-8 da_airep.f ; \
        fi

real	0m1.935s
user	0m1.836s
sys	0m0.068s

real	0m0.952s
user	0m0.880s
sys	0m0.040s

real	0m0.859s
user	0m0.792s
sys	0m0.040s

real	0m2.340s
user	0m2.244s
sys	0m0.068s

real	0m0.948s
user	0m0.888s
sys	0m0.032s

real	0m1.173s
user	0m1.092s
sys	0m0.060s

real	0m1.391s
user	0m1.300s
sys	0m0.064s
17.38user 0.17system 0:17.60elapsed 99%CPU (0avgtext+0avgdata 246488maxresident)k
0inputs+0outputs (0major+74313minor)pagefaults 0swaps
rm -f module_io_domain.o
rm -f init_modules.o
rm -f input_wrf.o
rm -f wrf_bdyin.o
rm -f wrf_bdyout.o
sed -e "s/grid%mu/gridmu/g" -e "s/grid%Mu/gridMu/g" -e "s/^\!.*'.*//" -e "s/^ *\!.*'.*//" module_io_domain.F > module_io_domain.G
/gpfs/fs1/work/weisun/2019/github/WRFV4-myfork/tools/standard.exe init_modules.F > init_modules.b
rm -f output_wrf.o
/lib/cpp -P -nostdinc -I/gpfs/fs1/work/weisun/2019/github/WRFV4-myfork/inc -DEM_CORE=1 -DNMM_CORE=0 -DNMM_MAX_DIM=2600 -DCOAMPS_CORE=0 -DDA_CORE=1 -DEXP_CORE=0 -DIWORDSIZE=4 -DDWORDSIZE=8 -DRWORDSIZE=8 -DLWORDSIZE=4 -DNONSTANDARD_SYSTEM_SUBR  -DWRF_USE_CLM -DBUFR   -DFFTPACK -DNORESHAPE -DDM_PARALLEL -DNETCDF -DCRTM -DHDF5 -DUSE_ALLOCATABLES -DGRIB1 -DINTIO -DKEEP_INT_AROUND -DLIMIT_ARGS -DCONFIG_BUF_LEN=65536 -DMAX_DOMAINS_F=21 -DMAX_HISTORY=25 -DNMM_NEST=0 -DWRF_CHEM -DBUILD_CHEM=1 -I. -traditional-cpp   input_wrf.F  > input_wrf.bb
/lib/cpp -P -nostdinc -I/gpfs/fs1/work/weisun/2019/github/WRFV4-myfork/inc -DEM_CORE=1 -DNMM_CORE=0 -DNMM_MAX_DIM=2600 -DCOAMPS_CORE=0 -DDA_CORE=1 -DEXP_CORE=0 -DIWORDSIZE=4 -DDWORDSIZE=8 -DRWORDSIZE=8 -DLWORDSIZE=4 -DNONSTANDARD_SYSTEM_SUBR  -DWRF_USE_CLM -DBUFR   -DFFTPACK -DNORESHAPE -DDM_PARALLEL -DNETCDF -DCRTM -DHDF5 -DUSE_ALLOCATABLES -DGRIB1 -DINTIO -DKEEP_INT_AROUND -DLIMIT_ARGS -DCONFIG_BUF_LEN=65536 -DMAX_DOMAINS_F=21 -DMAX_HISTORY=25 -DNMM_NEST=0 -DWRF_CHEM -DBUILD_CHEM=1 -I. -traditional-cpp   wrf_bdyin.F  > wrf_bdyin.bb
/lib/cpp -P -nostdinc -I/gpfs/fs1/work/weisun/2019/github/WRFV4-myfork/inc -DEM_CORE=1 -DNMM_CORE=0 -DNMM_MAX_DIM=2600 -DCOAMPS_CORE=0 -DDA_CORE=1 -DEXP_CORE=0 -DIWORDSIZE=4 -DDWORDSIZE=8 -DRWORDSIZE=8 -DLWORDSIZE=4 -DNONSTANDARD_SYSTEM_SUBR  -DWRF_USE_CLM -DBUFR   -DFFTPACK -DNORESHAPE -DDM_PARALLEL -DNETCDF -DCRTM -DHDF5 -DUSE_ALLOCATABLES -DGRIB1 -DINTIO -DKEEP_INT_AROUND -DLIMIT_ARGS -DCONFIG_BUF_LEN=65536 -DMAX_DOMAINS_F=21 -DMAX_HISTORY=25 -DNMM_NEST=0 -DWRF_CHEM -DBUILD_CHEM=1 -I. -traditional-cpp   wrf_bdyout.F  > wrf_bdyout.bb
rm -f wrf_ext_read_field.o
rm -f wrf_ext_write_field.o
/gpfs/fs1/work/weisun/2019/github/WRFV4-myfork/tools/standard.exe output_wrf.F > output_wrf.b 
/lib/cpp -P -nostdinc -I/gpfs/fs1/work/weisun/2019/github/WRFV4-myfork/inc -DEM_CORE=1 -DNMM_CORE=0 -DNMM_MAX_DIM=2600 -DCOAMPS_CORE=0 -DDA_CORE=1 -DEXP_CORE=0 -DIWORDSIZE=4 -DDWORDSIZE=8 -DRWORDSIZE=8 -DLWORDSIZE=4 -DNONSTANDARD_SYSTEM_SUBR  -DWRF_USE_CLM -DBUFR   -DFFTPACK -DNORESHAPE -DDM_PARALLEL -DNETCDF -DCRTM -DHDF5 -DUSE_ALLOCATABLES -DGRIB1 -DINTIO -DKEEP_INT_AROUND -DLIMIT_ARGS -DCONFIG_BUF_LEN=65536 -DMAX_DOMAINS_F=21 -DMAX_HISTORY=25 -DNMM_NEST=0 -DWRF_CHEM -DBUILD_CHEM=1 -I. -traditional-cpp   wrf_ext_read_field.F  > wrf_ext_read_field.bb
/lib/cpp -P -nostdinc -I/gpfs/fs1/work/weisun/2019/github/WRFV4-myfork/inc -DEM_CORE=1 -DNMM_CORE=0 -DNMM_MAX_DIM=2600 -DCOAMPS_CORE=0 -DDA_CORE=1 -DEXP_CORE=0 -DIWORDSIZE=4 -DDWORDSIZE=8 -DRWORDSIZE=8 -DLWORDSIZE=4 -DNONSTANDARD_SYSTEM_SUBR  -DWRF_USE_CLM -DBUFR   -DFFTPACK -DNORESHAPE -DDM_PARALLEL -DNETCDF -DCRTM -DHDF5 -DUSE_ALLOCATABLES -DGRIB1 -DINTIO -DKEEP_INT_AROUND -DLIMIT_ARGS -DCONFIG_BUF_LEN=65536 -DMAX_DOMAINS_F=21 -DMAX_HISTORY=25 -DNMM_NEST=0 -DWRF_CHEM -DBUILD_CHEM=1 -I. -traditional-cpp   wrf_ext_write_field.F  > wrf_ext_write_field.bb
/lib/cpp -P -nostdinc -I/gpfs/fs1/work/weisun/2019/github/WRFV4-myfork/inc -DEM_CORE=1 -DNMM_CORE=0 -DNMM_MAX_DIM=2600 -DCOAMPS_CORE=0 -DDA_CORE=1 -DEXP_CORE=0 -DIWORDSIZE=4 -DDWORDSIZE=8 -DRWORDSIZE=8 -DLWORDSIZE=4 -DNONSTANDARD_SYSTEM_SUBR  -DWRF_USE_CLM -DBUFR   -DFFTPACK -DNORESHAPE -DDM_PARALLEL -DNETCDF -DCRTM -DHDF5 -DUSE_ALLOCATABLES -DGRIB1 -DINTIO -DKEEP_INT_AROUND -DLIMIT_ARGS -DCONFIG_BUF_LEN=65536 -DMAX_DOMAINS_F=21 -DMAX_HISTORY=25 -DNMM_NEST=0 -DWRF_CHEM -DBUILD_CHEM=1 -I. -traditional-cpp   module_io_domain.G  > module_io_domain.H
/lib/cpp -P -nostdinc -DEM_CORE=1 -DNMM_CORE=0 -DNMM_MAX_DIM=2600 -DCOAMPS_CORE=0 -DDA_CORE=1 -DEXP_CORE=0 -DIWORDSIZE=4 -DDWORDSIZE=8 -DRWORDSIZE=8 -DLWORDSIZE=4 -DNONSTANDARD_SYSTEM_SUBR  -DWRF_USE_CLM -DBUFR   -DFFTPACK -DNORESHAPE -DDM_PARALLEL -DNETCDF -DCRTM -DHDF5 -DUSE_ALLOCATABLES -DGRIB1 -DINTIO -DKEEP_INT_AROUND -DLIMIT_ARGS -DCONFIG_BUF_LEN=65536 -DMAX_DOMAINS_F=21 -DMAX_HISTORY=25 -DNMM_NEST=0 -DWRF_CHEM -DBUILD_CHEM=1 -I. -traditional-cpp   -I/gpfs/fs1/work/weisun/2019/github/WRFV4-myfork/inc init_modules.b  > init_modules.f90
/gpfs/fs1/work/weisun/2019/github/WRFV4-myfork/tools/standard.exe input_wrf.bb | /lib/cpp -P -nostdinc -traditional-cpp > input_wrf.f90
/gpfs/fs1/work/weisun/2019/github/WRFV4-myfork/tools/standard.exe wrf_bdyin.bb | /lib/cpp -P -nostdinc -traditional-cpp > wrf_bdyin.f90
/gpfs/fs1/work/weisun/2019/github/WRFV4-myfork/tools/standard.exe wrf_bdyout.bb | /lib/cpp -P -nostdinc -traditional-cpp > wrf_bdyout.f90
/lib/cpp -P -nostdinc -I/gpfs/fs1/work/weisun/2019/github/WRFV4-myfork/inc -DEM_CORE=1 -DNMM_CORE=0 -DNMM_MAX_DIM=2600 -DCOAMPS_CORE=0 -DDA_CORE=1 -DEXP_CORE=0 -DIWORDSIZE=4 -DDWORDSIZE=8 -DRWORDSIZE=8 -DLWORDSIZE=4 -DNONSTANDARD_SYSTEM_SUBR  -DWRF_USE_CLM -DBUFR   -DFFTPACK -DNORESHAPE -DDM_PARALLEL -DNETCDF -DCRTM -DHDF5 -DUSE_ALLOCATABLES -DGRIB1 -DINTIO -DKEEP_INT_AROUND -DLIMIT_ARGS -DCONFIG_BUF_LEN=65536 -DMAX_DOMAINS_F=21 -DMAX_HISTORY=25 -DNMM_NEST=0 -DWRF_CHEM -DBUILD_CHEM=1 -I. -traditional-cpp   output_wrf.b  > output_wrf.f90
/gpfs/fs1/work/weisun/2019/github/WRFV4-myfork/tools/standard.exe wrf_ext_read_field.bb | /lib/cpp -P -nostdinc -traditional-cpp > wrf_ext_read_field.f90
/gpfs/fs1/work/weisun/2019/github/WRFV4-myfork/tools/standard.exe wrf_ext_write_field.bb | /lib/cpp -P -nostdinc -traditional-cpp > wrf_ext_write_field.f90
sed -e "s/gridmu/grid%mu/g" -e "s/gridMu/grid%Mu/g" module_io_domain.H > module_io_domain.bb
/gpfs/fs1/work/weisun/2019/github/WRFV4-myfork/tools/standard.exe module_io_domain.bb | /lib/cpp -P -nostdinc -traditional-cpp > module_io_domain.f90
rm -f output_wrf.b
rm -f init_modules.b
rm -f wrf_ext_write_field.b wrf_ext_write_field.bb
time mpif90 -f90=gfortran -c -fdefault-real-8  -O0 -w -ffree-form -ffree-line-length-none -fconvert=big-endian -frecord-marker=4   wrf_ext_write_field.f90
if fgrep -iq '!$OMP' output_wrf.f90 ; then \
          if [ -n "" ] ; then echo COMPILING output_wrf.F WITH OMP ; fi ; \
  time mpif90 -f90=gfortran -c -fdefault-real-8 -O0 -w -ffree-form -ffree-line-length-none -fconvert=big-endian -frecord-marker=4     output_wrf.f90 ; \
        else \
          if [ -n "" ] ; then echo COMPILING output_wrf.F WITHOUT OMP ; fi ; \
  time mpif90 -f90=gfortran -c -fdefault-real-8 -O0 -w -ffree-form -ffree-line-length-none -fconvert=big-endian -frecord-marker=4    output_wrf.f90 ; \
        fi
rm -f input_wrf.b input_wrf.bb
rm -f wrf_bdyin.b wrf_bdyin.bb
rm -f wrf_ext_read_field.b wrf_ext_read_field.bb
time mpif90 -f90=gfortran -c -fdefault-real-8  -O0 -w -ffree-form -ffree-line-length-none -fconvert=big-endian -frecord-marker=4   input_wrf.f90
time mpif90 -f90=gfortran -c -fdefault-real-8  -O0 -w -ffree-form -ffree-line-length-none -fconvert=big-endian -frecord-marker=4   wrf_bdyin.f90
time mpif90 -f90=gfortran -c -fdefault-real-8  -O0 -w -ffree-form -ffree-line-length-none -fconvert=big-endian -frecord-marker=4   wrf_ext_read_field.f90
rm -f wrf_bdyout.b wrf_bdyout.bb
gfortran -c -O2 -ftree-vectorize -funroll-loops -w -ffree-form -ffree-line-length-none -fconvert=big-endian -frecord-marker=4  -fdefault-real-8 -I../../external/io_int init_modules.f90
rm -f module_io_domain.G module_io_domain.H module_io_domain.bb
time mpif90 -f90=gfortran -c -fdefault-real-8  -O0 -w -ffree-form -ffree-line-length-none -fconvert=big-endian -frecord-marker=4   wrf_bdyout.f90
time mpif90 -f90=gfortran -o module_io_domain.o -c -O2 -ftree-vectorize -funroll-loops -w -ffree-form -ffree-line-length-none -fconvert=big-endian -frecord-marker=4    -fdefault-real-8  module_io_domain.f90

real	0m8.093s
user	0m7.908s
sys	0m0.148s
rm -f da_radiance.o
rm -f da_obs.o
/gpfs/fs1/work/weisun/2019/github/WRFV4-myfork/tools/standard.exe da_radiance.f90 > da_radiance.b
/gpfs/fs1/work/weisun/2019/github/WRFV4-myfork/tools/standard.exe da_obs.f90 > da_obs.b
/lib/cpp -P -nostdinc -DEM_CORE=1 -DNMM_CORE=0 -DNMM_MAX_DIM=2600 -DCOAMPS_CORE=0 -DDA_CORE=1 -DEXP_CORE=0 -DIWORDSIZE=4 -DDWORDSIZE=8 -DRWORDSIZE=8 -DLWORDSIZE=4 -DNONSTANDARD_SYSTEM_SUBR  -DWRF_USE_CLM -DBUFR   -DFFTPACK -DNORESHAPE -DDM_PARALLEL -DNETCDF -DCRTM -DHDF5 -DUSE_ALLOCATABLES -DGRIB1 -DINTIO -DKEEP_INT_AROUND -DLIMIT_ARGS -DCONFIG_BUF_LEN=65536 -DMAX_DOMAINS_F=21 -DMAX_HISTORY=25 -DNMM_NEST=0 -DWRF_CHEM -DBUILD_CHEM=1 -I. -traditional-cpp   -I/gpfs/fs1/work/weisun/2019/github/WRFV4-myfork/inc   da_radiance.b  > da_radiance.f
/lib/cpp -P -nostdinc -DEM_CORE=1 -DNMM_CORE=0 -DNMM_MAX_DIM=2600 -DCOAMPS_CORE=0 -DDA_CORE=1 -DEXP_CORE=0 -DIWORDSIZE=4 -DDWORDSIZE=8 -DRWORDSIZE=8 -DLWORDSIZE=4 -DNONSTANDARD_SYSTEM_SUBR  -DWRF_USE_CLM -DBUFR   -DFFTPACK -DNORESHAPE -DDM_PARALLEL -DNETCDF -DCRTM -DHDF5 -DUSE_ALLOCATABLES -DGRIB1 -DINTIO -DKEEP_INT_AROUND -DLIMIT_ARGS -DCONFIG_BUF_LEN=65536 -DMAX_DOMAINS_F=21 -DMAX_HISTORY=25 -DNMM_NEST=0 -DWRF_CHEM -DBUILD_CHEM=1 -I. -traditional-cpp   -I/gpfs/fs1/work/weisun/2019/github/WRFV4-myfork/inc   da_obs.b  > da_obs.f
rm -f da_obs.b
rm -f da_radiance.b
if fgrep -iq '!$OMP' da_obs.f ; then \
          if [ -n "" ] ; then echo COMPILING da_obs.f90 WITH OMP ; fi ; \
  time mpif90 -f90=gfortran -c -O2 -ftree-vectorize -funroll-loops -w -ffree-form -ffree-line-length-none -fconvert=big-endian -frecord-marker=4   -fdefault-real-8 -I../external/crtm_2.2.3/libsrc    da_obs.f ; \
        else \
          if [ -n "" ] ; then echo COMPILING da_obs.f90 WITHOUT OMP ; fi ; \
  time mpif90 -f90=gfortran -c -O2 -ftree-vectorize -funroll-loops -w -ffree-form -ffree-line-length-none -fconvert=big-endian -frecord-marker=4  -fdefault-real-8 -I../external/crtm_2.2.3/libsrc   da_obs.f ; \
        fi
if fgrep -iq '!$OMP' da_radiance.f ; then \
          if [ -n "" ] ; then echo COMPILING da_radiance.f90 WITH OMP ; fi ; \
  time mpif90 -f90=gfortran -c -O2 -ftree-vectorize -funroll-loops -w -ffree-form -ffree-line-length-none -fconvert=big-endian -frecord-marker=4   -fdefault-real-8 -I../external/crtm_2.2.3/libsrc   -I/glade/u/apps/ch/modulefiles/default/intel/17.0.1/hdf5/1.8.18.lua/include da_radiance.f ; \
        else \
if [ -n "" ] ; then echo COMPILING da_radiance.f90 WITHOUT OMP ; fi ; \
  time mpif90 -f90=gfortran -c -O2 -ftree-vectorize -funroll-loops -w -ffree-form -ffree-line-length-none -fconvert=big-endian -frecord-marker=4  -fdefault-real-8 -I../external/crtm_2.2.3/libsrc   -I/glade/u/apps/ch/modulefiles/default/intel/17.0.1/hdf5/1.8.18.lua/include da_radiance.f ; \
        fi
f951: Warning: Include directory ‘/glade/u/apps/ch/modulefiles/default/intel/17.0.1/hdf5/1.8.18.lua/include’: Not a directory
1.45user 0.02system 0:01.50elapsed 98%CPU (0avgtext+0avgdata 36372maxresident)k
0inputs+0outputs (0major+19835minor)pagefaults 0swaps
1.60user 0.02system 0:01.65elapsed 98%CPU (0avgtext+0avgdata 37212maxresident)k
0inputs+0outputs (0major+20033minor)pagefaults 0swaps
1.79user 0.04system 0:01.86elapsed 98%CPU (0avgtext+0avgdata 44368maxresident)k
0inputs+0outputs (0major+21880minor)pagefaults 0swaps
rm -f mediation_wrfmain.o
rm -f mediation_integrate.o
sed -e "s/grid%mu/gridmu/g" -e "s/grid%Mu/gridMu/g" -e "s/^\!.*'.*//" -e "s/^ *\!.*'.*//" mediation_wrfmain.F > mediation_wrfmain.G
sed -e "s/grid%mu/gridmu/g" -e "s/grid%Mu/gridMu/g" -e "s/^\!.*'.*//" -e "s/^ *\!.*'.*//" mediation_integrate.F > mediation_integrate.G
/lib/cpp -P -nostdinc -I/gpfs/fs1/work/weisun/2019/github/WRFV4-myfork/inc -DEM_CORE=1 -DNMM_CORE=0 -DNMM_MAX_DIM=2600 -DCOAMPS_CORE=0 -DDA_CORE=1 -DEXP_CORE=0 -DIWORDSIZE=4 -DDWORDSIZE=8 -DRWORDSIZE=8 -DLWORDSIZE=4 -DNONSTANDARD_SYSTEM_SUBR  -DWRF_USE_CLM -DBUFR   -DFFTPACK -DNORESHAPE -DDM_PARALLEL -DNETCDF -DCRTM -DHDF5 -DUSE_ALLOCATABLES -DGRIB1 -DINTIO -DKEEP_INT_AROUND -DLIMIT_ARGS -DCONFIG_BUF_LEN=65536 -DMAX_DOMAINS_F=21 -DMAX_HISTORY=25 -DNMM_NEST=0 -DWRF_CHEM -DBUILD_CHEM=1 -I. -traditional-cpp   mediation_wrfmain.G  > mediation_wrfmain.H
/lib/cpp -P -nostdinc -I/gpfs/fs1/work/weisun/2019/github/WRFV4-myfork/inc -DEM_CORE=1 -DNMM_CORE=0 -DNMM_MAX_DIM=2600 -DCOAMPS_CORE=0 -DDA_CORE=1 -DEXP_CORE=0 -DIWORDSIZE=4 -DDWORDSIZE=8 -DRWORDSIZE=8 -DLWORDSIZE=4 -DNONSTANDARD_SYSTEM_SUBR  -DWRF_USE_CLM -DBUFR   -DFFTPACK -DNORESHAPE -DDM_PARALLEL -DNETCDF -DCRTM -DHDF5 -DUSE_ALLOCATABLES -DGRIB1 -DINTIO -DKEEP_INT_AROUND -DLIMIT_ARGS -DCONFIG_BUF_LEN=65536 -DMAX_DOMAINS_F=21 -DMAX_HISTORY=25 -DNMM_NEST=0 -DWRF_CHEM -DBUILD_CHEM=1 -I. -traditional-cpp   mediation_integrate.G  > mediation_integrate.H
sed -e "s/gridmu/grid%mu/g" -e "s/gridMu/grid%Mu/g" mediation_wrfmain.H > mediation_wrfmain.bb
sed -e "s/gridmu/grid%mu/g" -e "s/gridMu/grid%Mu/g" mediation_integrate.H > mediation_integrate.bb
/gpfs/fs1/work/weisun/2019/github/WRFV4-myfork/tools/standard.exe mediation_integrate.bb | /lib/cpp -P -nostdinc -traditional-cpp > mediation_integrate.f90
/gpfs/fs1/work/weisun/2019/github/WRFV4-myfork/tools/standard.exe mediation_wrfmain.bb | /lib/cpp -P -nostdinc -traditional-cpp > mediation_wrfmain.f90
rm -f mediation_integrate.G mediation_integrate.H mediation_integrate.bb
rm -f mediation_wrfmain.G mediation_wrfmain.H mediation_wrfmain.bb
time mpif90 -f90=gfortran -o mediation_integrate.o -c -O2 -ftree-vectorize -funroll-loops -w -ffree-form -ffree-line-length-none -fconvert=big-endian -frecord-marker=4    -fdefault-real-8  mediation_integrate.f90
time mpif90 -f90=gfortran -o mediation_wrfmain.o -c -O2 -ftree-vectorize -funroll-loops -w -ffree-form -ffree-line-length-none -fconvert=big-endian -frecord-marker=4    -fdefault-real-8  mediation_wrfmain.f90

real	0m2.114s
user	0m2.052s
sys	0m0.036s
2.14user 0.06system 0:02.23elapsed 98%CPU (0avgtext+0avgdata 42332maxresident)k
0inputs+0outputs (0major+20565minor)pagefaults 0swaps
2.32user 0.04system 0:02.40elapsed 98%CPU (0avgtext+0avgdata 55880maxresident)k
0inputs+0outputs (0major+23996minor)pagefaults 0swaps
2.54user 0.04system 0:02.61elapsed 98%CPU (0avgtext+0avgdata 55348maxresident)k
0inputs+0outputs (0major+23493minor)pagefaults 0swaps
3.24user 0.08system 0:03.35elapsed 99%CPU (0avgtext+0avgdata 76308maxresident)k
0inputs+0outputs (0major+32418minor)pagefaults 0swaps

real	0m4.631s
user	0m4.516s
sys	0m0.092s
rm -f da_obs_io.o
/gpfs/fs1/work/weisun/2019/github/WRFV4-myfork/tools/standard.exe da_obs_io.f90 > da_obs_io.b
rm -f da_chem.o
/gpfs/fs1/work/weisun/2019/github/WRFV4-myfork/tools/standard.exe da_chem.f90 > da_chem.b
/lib/cpp -P -nostdinc -DEM_CORE=1 -DNMM_CORE=0 -DNMM_MAX_DIM=2600 -DCOAMPS_CORE=0 -DDA_CORE=1 -DEXP_CORE=0 -DIWORDSIZE=4 -DDWORDSIZE=8 -DRWORDSIZE=8 -DLWORDSIZE=4 -DNONSTANDARD_SYSTEM_SUBR  -DWRF_USE_CLM -DBUFR   -DFFTPACK -DNORESHAPE -DDM_PARALLEL -DNETCDF -DCRTM -DHDF5 -DUSE_ALLOCATABLES -DGRIB1 -DINTIO -DKEEP_INT_AROUND -DLIMIT_ARGS -DCONFIG_BUF_LEN=65536 -DMAX_DOMAINS_F=21 -DMAX_HISTORY=25 -DNMM_NEST=0 -DWRF_CHEM -DBUILD_CHEM=1 -I. -traditional-cpp   -I/gpfs/fs1/work/weisun/2019/github/WRFV4-myfork/inc   da_obs_io.b  > da_obs_io.f
/lib/cpp -P -nostdinc -DEM_CORE=1 -DNMM_CORE=0 -DNMM_MAX_DIM=2600 -DCOAMPS_CORE=0 -DDA_CORE=1 -DEXP_CORE=0 -DIWORDSIZE=4 -DDWORDSIZE=8 -DRWORDSIZE=8 -DLWORDSIZE=4 -DNONSTANDARD_SYSTEM_SUBR  -DWRF_USE_CLM -DBUFR   -DFFTPACK -DNORESHAPE -DDM_PARALLEL -DNETCDF -DCRTM -DHDF5 -DUSE_ALLOCATABLES -DGRIB1 -DINTIO -DKEEP_INT_AROUND -DLIMIT_ARGS -DCONFIG_BUF_LEN=65536 -DMAX_DOMAINS_F=21 -DMAX_HISTORY=25 -DNMM_NEST=0 -DWRF_CHEM -DBUILD_CHEM=1 -I. -traditional-cpp   -I/gpfs/fs1/work/weisun/2019/github/WRFV4-myfork/inc da_chem.b  > da_chem.f

real	0m9.471s
user	0m9.248s
sys	0m0.188s
rm -f da_chem.b
rm -f da_obs_io.b
time mpif90 -f90=gfortran -c -O2 -ftree-vectorize -funroll-loops -w -ffree-form -ffree-line-length-none -fconvert=big-endian -frecord-marker=4  -fdefault-real-8 -I/main -I/frame -I/share da_chem.f
if fgrep -iq '!$OMP' da_obs_io.f ; then \
          if [ -n "" ] ; then echo COMPILING da_obs_io.f90 WITH OMP ; fi ; \
  time mpif90 -f90=gfortran -c -O2 -ftree-vectorize -funroll-loops -w -ffree-form -ffree-line-length-none -fconvert=big-endian -frecord-marker=4   -fdefault-real-8 -I../external/crtm_2.2.3/libsrc    da_obs_io.f ; \
        else \
          if [ -n "" ] ; then echo COMPILING da_obs_io.f90 WITHOUT OMP ; fi ; \
  time mpif90 -f90=gfortran -c -O2 -ftree-vectorize -funroll-loops -w -ffree-form -ffree-line-length-none -fconvert=big-endian -frecord-marker=4  -fdefault-real-8 -I../external/crtm_2.2.3/libsrc   da_obs_io.f ; \
        fi
f951: Warning: Nonexistent include directory ‘/main’ [-Wmissing-include-dirs]
f951: Warning: Nonexistent include directory ‘/frame’ [-Wmissing-include-dirs]
f951: Warning: Nonexistent include directory ‘/share’ [-Wmissing-include-dirs]
1.01user 0.06system 0:01.09elapsed 97%CPU (0avgtext+0avgdata 47452maxresident)k
0inputs+0outputs (0major+22123minor)pagefaults 0swaps
rm -f da_4dvar.o
/gpfs/fs1/work/weisun/2019/github/WRFV4-myfork/tools/standard.exe da_4dvar.f90 > da_4dvar.b
/lib/cpp -P -nostdinc -DEM_CORE=1 -DNMM_CORE=0 -DNMM_MAX_DIM=2600 -DCOAMPS_CORE=0 -DDA_CORE=1 -DEXP_CORE=0 -DIWORDSIZE=4 -DDWORDSIZE=8 -DRWORDSIZE=8 -DLWORDSIZE=4 -DNONSTANDARD_SYSTEM_SUBR  -DWRF_USE_CLM -DBUFR   -DFFTPACK -DNORESHAPE -DDM_PARALLEL -DNETCDF -DCRTM -DHDF5 -DUSE_ALLOCATABLES -DGRIB1 -DINTIO -DKEEP_INT_AROUND -DLIMIT_ARGS -DCONFIG_BUF_LEN=65536 -DMAX_DOMAINS_F=21 -DMAX_HISTORY=25 -DNMM_NEST=0 -DWRF_CHEM -DBUILD_CHEM=1 -I. -traditional-cpp   -I/gpfs/fs1/work/weisun/2019/github/WRFV4-myfork/inc da_4dvar.b  > da_4dvar.f
rm -f da_4dvar.b
time mpif90 -f90=gfortran -c -O2 -ftree-vectorize -funroll-loops -w -ffree-form -ffree-line-length-none -fconvert=big-endian -frecord-marker=4  -fdefault-real-8   da_4dvar.f
0.16user 0.03system 0:00.22elapsed 89%CPU (0avgtext+0avgdata 19352maxresident)k
0inputs+0outputs (0major+14440minor)pagefaults 0swaps
rm -f da_wrfvar_io.o
/gpfs/fs1/work/weisun/2019/github/WRFV4-myfork/tools/standard.exe da_wrfvar_io.f90 > da_wrfvar_io.b
/lib/cpp -P -nostdinc -DEM_CORE=1 -DNMM_CORE=0 -DNMM_MAX_DIM=2600 -DCOAMPS_CORE=0 -DDA_CORE=1 -DEXP_CORE=0 -DIWORDSIZE=4 -DDWORDSIZE=8 -DRWORDSIZE=8 -DLWORDSIZE=4 -DNONSTANDARD_SYSTEM_SUBR  -DWRF_USE_CLM -DBUFR   -DFFTPACK -DNORESHAPE -DDM_PARALLEL -DNETCDF -DCRTM -DHDF5 -DUSE_ALLOCATABLES -DGRIB1 -DINTIO -DKEEP_INT_AROUND -DLIMIT_ARGS -DCONFIG_BUF_LEN=65536 -DMAX_DOMAINS_F=21 -DMAX_HISTORY=25 -DNMM_NEST=0 -DWRF_CHEM -DBUILD_CHEM=1 -I. -traditional-cpp   -I/gpfs/fs1/work/weisun/2019/github/WRFV4-myfork/inc   da_wrfvar_io.b  > da_wrfvar_io.f
rm -f da_wrfvar_io.b
if fgrep -iq '!$OMP' da_wrfvar_io.f ; then \
          if [ -n "" ] ; then echo COMPILING da_wrfvar_io.f90 WITH OMP ; fi ; \
  time mpif90 -f90=gfortran -c -O2 -ftree-vectorize -funroll-loops -w -ffree-form -ffree-line-length-none -fconvert=big-endian -frecord-marker=4   -fdefault-real-8 -I../external/crtm_2.2.3/libsrc     -I/glade/u/apps/ch/modulefiles/default/intel/17.0.1/hdf5/1.8.18.lua/include -I/glade/u/apps/ch/opt/netcdf/4.6.1/gnu/6.3.0//include da_wrfvar_io.f ; \
        else \
          if [ -n "" ] ; then echo COMPILING da_wrfvar_io.f90 WITHOUT OMP ; fi ; \
  time mpif90 -f90=gfortran -c -O2 -ftree-vectorize -funroll-loops -w -ffree-form -ffree-line-length-none -fconvert=big-endian -frecord-marker=4  -fdefault-real-8 -I../external/crtm_2.2.3/libsrc     -I/glade/u/apps/ch/modulefiles/default/intel/17.0.1/hdf5/1.8.18.lua/include -I/glade/u/apps/ch/opt/netcdf/4.6.1/gnu/6.3.0//include da_wrfvar_io.f ; \
        fi
f951: Warning: Include directory ‘/glade/u/apps/ch/modulefiles/default/intel/17.0.1/hdf5/1.8.18.lua/include’: Not a directory

real	0m2.185s
user	0m1.856s
sys	0m0.084s

real	0m10.742s
user	0m10.552s
sys	0m0.156s
9.86user 0.08system 0:09.98elapsed 99%CPU (0avgtext+0avgdata 106368maxresident)k
0inputs+0outputs (0major+38680minor)pagefaults 0swaps

real	0m19.605s
user	0m19.320s
sys	0m0.240s
rm -f da_setup_structures.o
/gpfs/fs1/work/weisun/2019/github/WRFV4-myfork/tools/standard.exe da_setup_structures.f90 > da_setup_structures.b
/lib/cpp -P -nostdinc -DEM_CORE=1 -DNMM_CORE=0 -DNMM_MAX_DIM=2600 -DCOAMPS_CORE=0 -DDA_CORE=1 -DEXP_CORE=0 -DIWORDSIZE=4 -DDWORDSIZE=8 -DRWORDSIZE=8 -DLWORDSIZE=4 -DNONSTANDARD_SYSTEM_SUBR  -DWRF_USE_CLM -DBUFR   -DFFTPACK -DNORESHAPE -DDM_PARALLEL -DNETCDF -DCRTM -DHDF5 -DUSE_ALLOCATABLES -DGRIB1 -DINTIO -DKEEP_INT_AROUND -DLIMIT_ARGS -DCONFIG_BUF_LEN=65536 -DMAX_DOMAINS_F=21 -DMAX_HISTORY=25 -DNMM_NEST=0 -DWRF_CHEM -DBUILD_CHEM=1 -I. -traditional-cpp   -I/gpfs/fs1/work/weisun/2019/github/WRFV4-myfork/inc   da_setup_structures.b  > da_setup_structures.f
rm -f da_setup_structures.b
if fgrep -iq '!$OMP' da_setup_structures.f ; then \
          if [ -n "" ] ; then echo COMPILING da_setup_structures.f90 WITH OMP ; fi ; \
  time mpif90 -f90=gfortran -c -O2 -ftree-vectorize -funroll-loops -w -ffree-form -ffree-line-length-none -fconvert=big-endian -frecord-marker=4   -fdefault-real-8 -I../external/crtm_2.2.3/libsrc   -I/glade/u/apps/ch/modulefiles/default/intel/17.0.1/hdf5/1.8.18.lua/include da_setup_structures.f ; \
        else \
if [ -n "" ] ; then echo COMPILING da_setup_structures.f90 WITHOUT OMP ; fi ; \
  time mpif90 -f90=gfortran -c -O2 -ftree-vectorize -funroll-loops -w -ffree-form -ffree-line-length-none -fconvert=big-endian -frecord-marker=4  -fdefault-real-8 -I../external/crtm_2.2.3/libsrc   -I/glade/u/apps/ch/modulefiles/default/intel/17.0.1/hdf5/1.8.18.lua/include da_setup_structures.f ; \
        fi
f951: Warning: Include directory ‘/glade/u/apps/ch/modulefiles/default/intel/17.0.1/hdf5/1.8.18.lua/include’: Not a directory

real	0m15.553s
user	0m14.992s
sys	0m0.488s
rm -f da_transfer_model.o
/gpfs/fs1/work/weisun/2019/github/WRFV4-myfork/tools/standard.exe da_transfer_model.f90 > da_transfer_model.b
/lib/cpp -P -nostdinc -DEM_CORE=1 -DNMM_CORE=0 -DNMM_MAX_DIM=2600 -DCOAMPS_CORE=0 -DDA_CORE=1 -DEXP_CORE=0 -DIWORDSIZE=4 -DDWORDSIZE=8 -DRWORDSIZE=8 -DLWORDSIZE=4 -DNONSTANDARD_SYSTEM_SUBR  -DWRF_USE_CLM -DBUFR   -DFFTPACK -DNORESHAPE -DDM_PARALLEL -DNETCDF -DCRTM -DHDF5 -DUSE_ALLOCATABLES -DGRIB1 -DINTIO -DKEEP_INT_AROUND -DLIMIT_ARGS -DCONFIG_BUF_LEN=65536 -DMAX_DOMAINS_F=21 -DMAX_HISTORY=25 -DNMM_NEST=0 -DWRF_CHEM -DBUILD_CHEM=1 -I. -traditional-cpp   -I/gpfs/fs1/work/weisun/2019/github/WRFV4-myfork/inc   da_transfer_model.b  > da_transfer_model.f
rm -f da_transfer_model.b
if fgrep -iq '!$OMP' da_transfer_model.f ; then \
          if [ -n "" ] ; then echo COMPILING da_transfer_model.f90 WITH OMP ; fi ; \
  time mpif90 -f90=gfortran -c -O2 -ftree-vectorize -funroll-loops -w -ffree-form -ffree-line-length-none -fconvert=big-endian -frecord-marker=4   -fdefault-real-8 -I../external/crtm_2.2.3/libsrc     -I/glade/u/apps/ch/modulefiles/default/intel/17.0.1/hdf5/1.8.18.lua/include da_transfer_model.f ; \
        else \
          if [ -n "" ] ; then echo COMPILING da_transfer_model.f90 WITHOUT OMP ; fi ; \
  time mpif90 -f90=gfortran -c -O2 -ftree-vectorize -funroll-loops -w -ffree-form -ffree-line-length-none -fconvert=big-endian -frecord-marker=4  -fdefault-real-8 -I../external/crtm_2.2.3/libsrc     -I/glade/u/apps/ch/modulefiles/default/intel/17.0.1/hdf5/1.8.18.lua/include da_transfer_model.f ; \
        fi
f951: Warning: Include directory ‘/glade/u/apps/ch/modulefiles/default/intel/17.0.1/hdf5/1.8.18.lua/include’: Not a directory

real	0m8.234s
user	0m8.056s
sys	0m0.148s
rm -f da_minimisation.o
/gpfs/fs1/work/weisun/2019/github/WRFV4-myfork/tools/standard.exe da_minimisation.f90 > da_minimisation.b
/lib/cpp -P -nostdinc -DEM_CORE=1 -DNMM_CORE=0 -DNMM_MAX_DIM=2600 -DCOAMPS_CORE=0 -DDA_CORE=1 -DEXP_CORE=0 -DIWORDSIZE=4 -DDWORDSIZE=8 -DRWORDSIZE=8 -DLWORDSIZE=4 -DNONSTANDARD_SYSTEM_SUBR  -DWRF_USE_CLM -DBUFR   -DFFTPACK -DNORESHAPE -DDM_PARALLEL -DNETCDF -DCRTM -DHDF5 -DUSE_ALLOCATABLES -DGRIB1 -DINTIO -DKEEP_INT_AROUND -DLIMIT_ARGS -DCONFIG_BUF_LEN=65536 -DMAX_DOMAINS_F=21 -DMAX_HISTORY=25 -DNMM_NEST=0 -DWRF_CHEM -DBUILD_CHEM=1 -I. -traditional-cpp   -I/gpfs/fs1/work/weisun/2019/github/WRFV4-myfork/inc   da_minimisation.b  > da_minimisation.f
rm -f da_minimisation.b
if fgrep -iq '!$OMP' da_minimisation.f ; then \
          if [ -n "" ] ; then echo COMPILING da_minimisation.f90 WITH OMP ; fi ; \
  time mpif90 -f90=gfortran -c -O2 -ftree-vectorize -funroll-loops -w -ffree-form -ffree-line-length-none -fconvert=big-endian -frecord-marker=4   -fdefault-real-8 -I../external/crtm_2.2.3/libsrc     -I/glade/u/apps/ch/modulefiles/default/intel/17.0.1/hdf5/1.8.18.lua/include da_minimisation.f ; \
        else \
          if [ -n "" ] ; then echo COMPILING da_minimisation.f90 WITHOUT OMP ; fi ; \
  time mpif90 -f90=gfortran -c -O2 -ftree-vectorize -funroll-loops -w -ffree-form -ffree-line-length-none -fconvert=big-endian -frecord-marker=4  -fdefault-real-8 -I../external/crtm_2.2.3/libsrc     -I/glade/u/apps/ch/modulefiles/default/intel/17.0.1/hdf5/1.8.18.lua/include da_minimisation.f ; \
        fi
f951: Warning: Include directory ‘/glade/u/apps/ch/modulefiles/default/intel/17.0.1/hdf5/1.8.18.lua/include’: Not a directory

real	0m3.919s
user	0m3.812s
sys	0m0.076s
rm -f da_chem_tools.o
rm -f da_test.o
/gpfs/fs1/work/weisun/2019/github/WRFV4-myfork/tools/standard.exe da_chem_tools.f90 > da_chem_tools.b
/gpfs/fs1/work/weisun/2019/github/WRFV4-myfork/tools/standard.exe da_test.f90 > da_test.b
/lib/cpp -P -nostdinc -DEM_CORE=1 -DNMM_CORE=0 -DNMM_MAX_DIM=2600 -DCOAMPS_CORE=0 -DDA_CORE=1 -DEXP_CORE=0 -DIWORDSIZE=4 -DDWORDSIZE=8 -DRWORDSIZE=8 -DLWORDSIZE=4 -DNONSTANDARD_SYSTEM_SUBR  -DWRF_USE_CLM -DBUFR   -DFFTPACK -DNORESHAPE -DDM_PARALLEL -DNETCDF -DCRTM -DHDF5 -DUSE_ALLOCATABLES -DGRIB1 -DINTIO -DKEEP_INT_AROUND -DLIMIT_ARGS -DCONFIG_BUF_LEN=65536 -DMAX_DOMAINS_F=21 -DMAX_HISTORY=25 -DNMM_NEST=0 -DWRF_CHEM -DBUILD_CHEM=1 -I. -traditional-cpp   -I/gpfs/fs1/work/weisun/2019/github/WRFV4-myfork/inc   da_test.b  > da_test.f
/lib/cpp -P -nostdinc -DEM_CORE=1 -DNMM_CORE=0 -DNMM_MAX_DIM=2600 -DCOAMPS_CORE=0 -DDA_CORE=1 -DEXP_CORE=0 -DIWORDSIZE=4 -DDWORDSIZE=8 -DRWORDSIZE=8 -DLWORDSIZE=4 -DNONSTANDARD_SYSTEM_SUBR  -DWRF_USE_CLM -DBUFR   -DFFTPACK -DNORESHAPE -DDM_PARALLEL -DNETCDF -DCRTM -DHDF5 -DUSE_ALLOCATABLES -DGRIB1 -DINTIO -DKEEP_INT_AROUND -DLIMIT_ARGS -DCONFIG_BUF_LEN=65536 -DMAX_DOMAINS_F=21 -DMAX_HISTORY=25 -DNMM_NEST=0 -DWRF_CHEM -DBUILD_CHEM=1 -I. -traditional-cpp   -I/gpfs/fs1/work/weisun/2019/github/WRFV4-myfork/inc da_chem_tools.b  > da_chem_tools.f
da_chem_tools.b:57:0: warning: extra tokens at end of #include directive [enabled by default]
 #include "da_init_model_input.inc"  !!! add !!!
 ^
da_chem_tools.b:58:0: warning: extra tokens at end of #include directive [enabled by default]
 #include "kj_swap_test.inc"   !!! add !!!
 ^
rm -f da_chem_tools.b
rm -f da_test.b
time mpif90 -f90=gfortran -c -O2 -ftree-vectorize -funroll-loops -w -ffree-form -ffree-line-length-none -fconvert=big-endian -frecord-marker=4  -fdefault-real-8 da_chem_tools.f
if fgrep -iq '!$OMP' da_test.f ; then \
          if [ -n "" ] ; then echo COMPILING da_test.f90 WITH OMP ; fi ; \
  time mpif90 -f90=gfortran -c -O2 -ftree-vectorize -funroll-loops -w -ffree-form -ffree-line-length-none -fconvert=big-endian -frecord-marker=4   -fdefault-real-8 -I../external/crtm_2.2.3/libsrc     -I/glade/u/apps/ch/modulefiles/default/intel/17.0.1/hdf5/1.8.18.lua/include da_test.f ; \
        else \
          if [ -n "" ] ; then echo COMPILING da_test.f90 WITHOUT OMP ; fi ; \
  time mpif90 -f90=gfortran -c -O2 -ftree-vectorize -funroll-loops -w -ffree-form -ffree-line-length-none -fconvert=big-endian -frecord-marker=4  -fdefault-real-8 -I../external/crtm_2.2.3/libsrc     -I/glade/u/apps/ch/modulefiles/default/intel/17.0.1/hdf5/1.8.18.lua/include da_test.f ; \
        fi
f951: Warning: Include directory ‘/glade/u/apps/ch/modulefiles/default/intel/17.0.1/hdf5/1.8.18.lua/include’: Not a directory
0.72user 0.04system 0:00.79elapsed 96%CPU (0avgtext+0avgdata 40744maxresident)k
0inputs+0outputs (0major+20165minor)pagefaults 0swaps

real	0m7.752s
user	0m7.584s
sys	0m0.136s
rm -f da_wrfvar_top.o
/gpfs/fs1/work/weisun/2019/github/WRFV4-myfork/tools/standard.exe da_wrfvar_top.f90 > da_wrfvar_top.b
/lib/cpp -P -nostdinc -DEM_CORE=1 -DNMM_CORE=0 -DNMM_MAX_DIM=2600 -DCOAMPS_CORE=0 -DDA_CORE=1 -DEXP_CORE=0 -DIWORDSIZE=4 -DDWORDSIZE=8 -DRWORDSIZE=8 -DLWORDSIZE=4 -DNONSTANDARD_SYSTEM_SUBR  -DWRF_USE_CLM -DBUFR   -DFFTPACK -DNORESHAPE -DDM_PARALLEL -DNETCDF -DCRTM -DHDF5 -DUSE_ALLOCATABLES -DGRIB1 -DINTIO -DKEEP_INT_AROUND -DLIMIT_ARGS -DCONFIG_BUF_LEN=65536 -DMAX_DOMAINS_F=21 -DMAX_HISTORY=25 -DNMM_NEST=0 -DWRF_CHEM -DBUILD_CHEM=1 -I. -traditional-cpp   -I/gpfs/fs1/work/weisun/2019/github/WRFV4-myfork/inc   da_wrfvar_top.b  > da_wrfvar_top.f
rm -f da_wrfvar_top.b
if fgrep -iq '!$OMP' da_wrfvar_top.f ; then \
          if [ -n "" ] ; then echo COMPILING da_wrfvar_top.f90 WITH OMP ; fi ; \
  time mpif90 -f90=gfortran -c -O2 -ftree-vectorize -funroll-loops -w -ffree-form -ffree-line-length-none -fconvert=big-endian -frecord-marker=4   -fdefault-real-8 -I../external/crtm_2.2.3/libsrc     -I/glade/u/apps/ch/modulefiles/default/intel/17.0.1/hdf5/1.8.18.lua/include -I/glade/u/apps/ch/opt/netcdf/4.6.1/gnu/6.3.0//include da_wrfvar_top.f ; \
        else \
          if [ -n "" ] ; then echo COMPILING da_wrfvar_top.f90 WITHOUT OMP ; fi ; \
  time mpif90 -f90=gfortran -c -O2 -ftree-vectorize -funroll-loops -w -ffree-form -ffree-line-length-none -fconvert=big-endian -frecord-marker=4  -fdefault-real-8 -I../external/crtm_2.2.3/libsrc     -I/glade/u/apps/ch/modulefiles/default/intel/17.0.1/hdf5/1.8.18.lua/include -I/glade/u/apps/ch/opt/netcdf/4.6.1/gnu/6.3.0//include da_wrfvar_top.f ; \
        fi
f951: Warning: Include directory ‘/glade/u/apps/ch/modulefiles/default/intel/17.0.1/hdf5/1.8.18.lua/include’: Not a directory

real	0m22.252s
user	0m22.048s
sys	0m0.160s
rm -f libwrfvar.a
rm -f da_wrfvar_main.o
ar ru libwrfvar.a copyfile.o amsr2time_.o da_blas.o da_lapack.o da_par_util.o da_par_util1.o da_setup_structures.o da_transfer_model.o da_minimisation.o da_vtox_transforms.o da_obs.o da_chem.o da_chem_tools.o da_obs_io.o da_join_iv_for_multi_inc.o da_metar.o da_geoamv.o da_polaramv.o da_ships.o da_synop.o da_sound.o da_mtgirs.o da_tamdar.o da_bogus.o da_airep.o da_pilot.o da_radar.o da_rain.o da_gpspw.o da_gpsref.o da_ssmi.o module_ssmi.o da_satem.o da_qscat.o da_pseudo.o da_profiler.o da_buoy.o da_dynamics.o da_physics.o f_qv_from_rh.o da_ffts.o module_ffts.o da_test.o da_tools.o da_tools_serial.o da_wrf_interfaces.o da_rsl_interfaces.o da_mat_cv3.o da_rf_cv3.o da_rfz_cv3.o da_recursive_filter.o da_wavelet.o da_interpolation.o da_grid_definitions.o da_statistics.o da_define_structures.o gamma1.o da_spectral.o da_radiance.o da_radiance1.o da_rttov.o da_crtm.o da_varbc.o module_radiance.o da_tracing.o gsi_kinds.o gsi_constants.o gsi_thinning.o da_wrfvar_io.o da_airsr.o da_wrfvar_top.o da_reporting.o da_4dvar.o module_wrf_error.o module_configure.o module_state_description.o module_timing.o module_driver_constants.o module_domain.o module_machine.o module_symbols_util.o module_utility.o module_domain_type.o module_date_time.o module_io_wrf.o module_io.o module_io_domain.o module_io_quilt.o module_dm.o module_comm_dm.o module_bc.o module_model_constants.o module_nesting.o module_tiles.o module_get_file_names.o module_bc_time_utilities.o landread.o da_memory.o wrf_debug.o set_timekeeping.o wrf_shutdown.o init_modules.o mediation_wrfmain.o mediation_integrate.o wrf_num_bytes_between.o input_wrf.o wrf_bdyin.o wrf_bdyout.o output_wrf.o wrf_ext_read_field.o wrf_ext_write_field.o collect_on_comm.o start_domain.o hires_timer.o module_streams.o module_comm_dm.o module_comm_dm_0.o module_comm_dm_1.o module_comm_dm_2.o module_comm_dm_3.o module_comm_dm_4.o module_alloc_space_0.o module_alloc_space_1.o module_alloc_space_2.o module_alloc_space_3.o module_alloc_space_4.o module_alloc_space_5.o module_alloc_space_6.o module_alloc_space_7.o module_alloc_space_8.o module_alloc_space_9.o nl_get_0_routines.o nl_get_1_routines.o nl_get_2_routines.o nl_get_3_routines.o nl_get_4_routines.o nl_get_5_routines.o nl_get_6_routines.o nl_get_7_routines.o nl_set_0_routines.o nl_set_1_routines.o nl_set_2_routines.o nl_set_3_routines.o nl_set_4_routines.o nl_set_5_routines.o nl_set_6_routines.o nl_set_7_routines.o interp_fcn.o sint.o da_netcdf_interface.o
/gpfs/fs1/work/weisun/2019/github/WRFV4-myfork/tools/standard.exe da_wrfvar_main.f90 > da_wrfvar_main.b
ar: creating libwrfvar.a
/lib/cpp -P -nostdinc -DEM_CORE=1 -DNMM_CORE=0 -DNMM_MAX_DIM=2600 -DCOAMPS_CORE=0 -DDA_CORE=1 -DEXP_CORE=0 -DIWORDSIZE=4 -DDWORDSIZE=8 -DRWORDSIZE=8 -DLWORDSIZE=4 -DNONSTANDARD_SYSTEM_SUBR  -DWRF_USE_CLM -DBUFR   -DFFTPACK -DNORESHAPE -DDM_PARALLEL -DNETCDF -DCRTM -DHDF5 -DUSE_ALLOCATABLES -DGRIB1 -DINTIO -DKEEP_INT_AROUND -DLIMIT_ARGS -DCONFIG_BUF_LEN=65536 -DMAX_DOMAINS_F=21 -DMAX_HISTORY=25 -DNMM_NEST=0 -DWRF_CHEM -DBUILD_CHEM=1 -I. -traditional-cpp   -I/gpfs/fs1/work/weisun/2019/github/WRFV4-myfork/inc   da_wrfvar_main.b  > da_wrfvar_main.f
rm -f da_wrfvar_main.b
if fgrep -iq '!$OMP' da_wrfvar_main.f ; then \
          if [ -n "" ] ; then echo COMPILING da_wrfvar_main.f90 WITH OMP ; fi ; \
  time mpif90 -f90=gfortran -c -O2 -ftree-vectorize -funroll-loops -w -ffree-form -ffree-line-length-none -fconvert=big-endian -frecord-marker=4   -fdefault-real-8 -I../external/crtm_2.2.3/libsrc     -I/glade/u/apps/ch/modulefiles/default/intel/17.0.1/hdf5/1.8.18.lua/include -I/glade/u/apps/ch/opt/netcdf/4.6.1/gnu/6.3.0//include da_wrfvar_main.f ; \
        else \
          if [ -n "" ] ; then echo COMPILING da_wrfvar_main.f90 WITHOUT OMP ; fi ; \
  time mpif90 -f90=gfortran -c -O2 -ftree-vectorize -funroll-loops -w -ffree-form -ffree-line-length-none -fconvert=big-endian -frecord-marker=4  -fdefault-real-8 -I../external/crtm_2.2.3/libsrc     -I/glade/u/apps/ch/modulefiles/default/intel/17.0.1/hdf5/1.8.18.lua/include -I/glade/u/apps/ch/opt/netcdf/4.6.1/gnu/6.3.0//include da_wrfvar_main.f ; \
        fi
f951: Warning: Include directory ‘/glade/u/apps/ch/modulefiles/default/intel/17.0.1/hdf5/1.8.18.lua/include’: Not a directory

real	0m0.174s
user	0m0.116s
sys	0m0.024s
ranlib  libwrfvar.a
rm -f da_wrfvar.exe

real	0m1.049s
user	0m0.196s
sys	0m0.676s
make[1]: Leaving directory '/gpfs/fs1/work/weisun/2019/github/WRFV4-myfork/var/build'
( cd var/obsproc; make -i -r -j 10 BUFR_CPP="-DBUFR" )
make[1]: Entering directory '/gpfs/fs1/work/weisun/2019/github/WRFV4-myfork/var/obsproc'
( cd src ; make -f Makefile -j 10  obsproc.exe )
make[2]: Entering directory '/gpfs/fs1/work/weisun/2019/github/WRFV4-myfork/var/obsproc/src'
make[2]: warning: -jN forced in submake: disabling jobserver mode.
rm -f module_date.f
rm -f module_map_utils.f
rm -f module_mm5.f
rm -f module_namelist.f
rm -f module_map.f
rm -f module_intp.f
rm -f module_type.f
rm -f module_func.f
/lib/cpp -P -nostdinc -DEM_CORE=1 -DNMM_CORE=0 -DNMM_MAX_DIM=2600 -DCOAMPS_CORE=0 -DDA_CORE=1 -DEXP_CORE=0 -DIWORDSIZE=4 -DDWORDSIZE=8 -DRWORDSIZE=8 -DLWORDSIZE=4 -DNONSTANDARD_SYSTEM_SUBR  -DWRF_USE_CLM -DBUFR   -DFFTPACK -DNORESHAPE -DDM_PARALLEL -DNETCDF -DCRTM -DHDF5 -DUSE_ALLOCATABLES -DGRIB1 -DINTIO -DKEEP_INT_AROUND -DLIMIT_ARGS -DCONFIG_BUF_LEN=65536 -DMAX_DOMAINS_F=21 -DMAX_HISTORY=25 -DNMM_NEST=0 -DWRF_CHEM -DBUILD_CHEM=1 -I. -traditional-cpp  module_date.F90 > module_date.f
rm -f module_inside.f
/lib/cpp -P -nostdinc -DEM_CORE=1 -DNMM_CORE=0 -DNMM_MAX_DIM=2600 -DCOAMPS_CORE=0 -DDA_CORE=1 -DEXP_CORE=0 -DIWORDSIZE=4 -DDWORDSIZE=8 -DRWORDSIZE=8 -DLWORDSIZE=4 -DNONSTANDARD_SYSTEM_SUBR  -DWRF_USE_CLM -DBUFR   -DFFTPACK -DNORESHAPE -DDM_PARALLEL -DNETCDF -DCRTM -DHDF5 -DUSE_ALLOCATABLES -DGRIB1 -DINTIO -DKEEP_INT_AROUND -DLIMIT_ARGS -DCONFIG_BUF_LEN=65536 -DMAX_DOMAINS_F=21 -DMAX_HISTORY=25 -DNMM_NEST=0 -DWRF_CHEM -DBUILD_CHEM=1 -I. -traditional-cpp  module_map_utils.F90 > module_map_utils.f
rm -f module_obs_merge.f
/lib/cpp -P -nostdinc -DEM_CORE=1 -DNMM_CORE=0 -DNMM_MAX_DIM=2600 -DCOAMPS_CORE=0 -DDA_CORE=1 -DEXP_CORE=0 -DIWORDSIZE=4 -DDWORDSIZE=8 -DRWORDSIZE=8 -DLWORDSIZE=4 -DNONSTANDARD_SYSTEM_SUBR  -DWRF_USE_CLM -DBUFR   -DFFTPACK -DNORESHAPE -DDM_PARALLEL -DNETCDF -DCRTM -DHDF5 -DUSE_ALLOCATABLES -DGRIB1 -DINTIO -DKEEP_INT_AROUND -DLIMIT_ARGS -DCONFIG_BUF_LEN=65536 -DMAX_DOMAINS_F=21 -DMAX_HISTORY=25 -DNMM_NEST=0 -DWRF_CHEM -DBUILD_CHEM=1 -I. -traditional-cpp  module_mm5.F90 > module_mm5.f
/lib/cpp -P -nostdinc -DEM_CORE=1 -DNMM_CORE=0 -DNMM_MAX_DIM=2600 -DCOAMPS_CORE=0 -DDA_CORE=1 -DEXP_CORE=0 -DIWORDSIZE=4 -DDWORDSIZE=8 -DRWORDSIZE=8 -DLWORDSIZE=4 -DNONSTANDARD_SYSTEM_SUBR  -DWRF_USE_CLM -DBUFR   -DFFTPACK -DNORESHAPE -DDM_PARALLEL -DNETCDF -DCRTM -DHDF5 -DUSE_ALLOCATABLES -DGRIB1 -DINTIO -DKEEP_INT_AROUND -DLIMIT_ARGS -DCONFIG_BUF_LEN=65536 -DMAX_DOMAINS_F=21 -DMAX_HISTORY=25 -DNMM_NEST=0 -DWRF_CHEM -DBUILD_CHEM=1 -I. -traditional-cpp  module_namelist.F90 > module_namelist.f
/lib/cpp -P -nostdinc -DEM_CORE=1 -DNMM_CORE=0 -DNMM_MAX_DIM=2600 -DCOAMPS_CORE=0 -DDA_CORE=1 -DEXP_CORE=0 -DIWORDSIZE=4 -DDWORDSIZE=8 -DRWORDSIZE=8 -DLWORDSIZE=4 -DNONSTANDARD_SYSTEM_SUBR  -DWRF_USE_CLM -DBUFR   -DFFTPACK -DNORESHAPE -DDM_PARALLEL -DNETCDF -DCRTM -DHDF5 -DUSE_ALLOCATABLES -DGRIB1 -DINTIO -DKEEP_INT_AROUND -DLIMIT_ARGS -DCONFIG_BUF_LEN=65536 -DMAX_DOMAINS_F=21 -DMAX_HISTORY=25 -DNMM_NEST=0 -DWRF_CHEM -DBUILD_CHEM=1 -I. -traditional-cpp  module_map.F90 > module_map.f
/lib/cpp -P -nostdinc -DEM_CORE=1 -DNMM_CORE=0 -DNMM_MAX_DIM=2600 -DCOAMPS_CORE=0 -DDA_CORE=1 -DEXP_CORE=0 -DIWORDSIZE=4 -DDWORDSIZE=8 -DRWORDSIZE=8 -DLWORDSIZE=4 -DNONSTANDARD_SYSTEM_SUBR  -DWRF_USE_CLM -DBUFR   -DFFTPACK -DNORESHAPE -DDM_PARALLEL -DNETCDF -DCRTM -DHDF5 -DUSE_ALLOCATABLES -DGRIB1 -DINTIO -DKEEP_INT_AROUND -DLIMIT_ARGS -DCONFIG_BUF_LEN=65536 -DMAX_DOMAINS_F=21 -DMAX_HISTORY=25 -DNMM_NEST=0 -DWRF_CHEM -DBUILD_CHEM=1 -I. -traditional-cpp  module_intp.F90 > module_intp.f
/lib/cpp -P -nostdinc -DEM_CORE=1 -DNMM_CORE=0 -DNMM_MAX_DIM=2600 -DCOAMPS_CORE=0 -DDA_CORE=1 -DEXP_CORE=0 -DIWORDSIZE=4 -DDWORDSIZE=8 -DRWORDSIZE=8 -DLWORDSIZE=4 -DNONSTANDARD_SYSTEM_SUBR  -DWRF_USE_CLM -DBUFR   -DFFTPACK -DNORESHAPE -DDM_PARALLEL -DNETCDF -DCRTM -DHDF5 -DUSE_ALLOCATABLES -DGRIB1 -DINTIO -DKEEP_INT_AROUND -DLIMIT_ARGS -DCONFIG_BUF_LEN=65536 -DMAX_DOMAINS_F=21 -DMAX_HISTORY=25 -DNMM_NEST=0 -DWRF_CHEM -DBUILD_CHEM=1 -I. -traditional-cpp  module_type.F90 > module_type.f
/lib/cpp -P -nostdinc -DEM_CORE=1 -DNMM_CORE=0 -DNMM_MAX_DIM=2600 -DCOAMPS_CORE=0 -DDA_CORE=1 -DEXP_CORE=0 -DIWORDSIZE=4 -DDWORDSIZE=8 -DRWORDSIZE=8 -DLWORDSIZE=4 -DNONSTANDARD_SYSTEM_SUBR  -DWRF_USE_CLM -DBUFR   -DFFTPACK -DNORESHAPE -DDM_PARALLEL -DNETCDF -DCRTM -DHDF5 -DUSE_ALLOCATABLES -DGRIB1 -DINTIO -DKEEP_INT_AROUND -DLIMIT_ARGS -DCONFIG_BUF_LEN=65536 -DMAX_DOMAINS_F=21 -DMAX_HISTORY=25 -DNMM_NEST=0 -DWRF_CHEM -DBUILD_CHEM=1 -I. -traditional-cpp  module_func.F90 > module_func.f
/lib/cpp -P -nostdinc -DEM_CORE=1 -DNMM_CORE=0 -DNMM_MAX_DIM=2600 -DCOAMPS_CORE=0 -DDA_CORE=1 -DEXP_CORE=0 -DIWORDSIZE=4 -DDWORDSIZE=8 -DRWORDSIZE=8 -DLWORDSIZE=4 -DNONSTANDARD_SYSTEM_SUBR  -DWRF_USE_CLM -DBUFR   -DFFTPACK -DNORESHAPE -DDM_PARALLEL -DNETCDF -DCRTM -DHDF5 -DUSE_ALLOCATABLES -DGRIB1 -DINTIO -DKEEP_INT_AROUND -DLIMIT_ARGS -DCONFIG_BUF_LEN=65536 -DMAX_DOMAINS_F=21 -DMAX_HISTORY=25 -DNMM_NEST=0 -DWRF_CHEM -DBUILD_CHEM=1 -I. -traditional-cpp  module_inside.F90 > module_inside.f
/lib/cpp -P -nostdinc -DEM_CORE=1 -DNMM_CORE=0 -DNMM_MAX_DIM=2600 -DCOAMPS_CORE=0 -DDA_CORE=1 -DEXP_CORE=0 -DIWORDSIZE=4 -DDWORDSIZE=8 -DRWORDSIZE=8 -DLWORDSIZE=4 -DNONSTANDARD_SYSTEM_SUBR  -DWRF_USE_CLM -DBUFR   -DFFTPACK -DNORESHAPE -DDM_PARALLEL -DNETCDF -DCRTM -DHDF5 -DUSE_ALLOCATABLES -DGRIB1 -DINTIO -DKEEP_INT_AROUND -DLIMIT_ARGS -DCONFIG_BUF_LEN=65536 -DMAX_DOMAINS_F=21 -DMAX_HISTORY=25 -DNMM_NEST=0 -DWRF_CHEM -DBUILD_CHEM=1 -I. -traditional-cpp  module_obs_merge.F90 > module_obs_merge.f
rm -f module_per_type.f
/lib/cpp -P -nostdinc -DEM_CORE=1 -DNMM_CORE=0 -DNMM_MAX_DIM=2600 -DCOAMPS_CORE=0 -DDA_CORE=1 -DEXP_CORE=0 -DIWORDSIZE=4 -DDWORDSIZE=8 -DRWORDSIZE=8 -DLWORDSIZE=4 -DNONSTANDARD_SYSTEM_SUBR  -DWRF_USE_CLM -DBUFR   -DFFTPACK -DNORESHAPE -DDM_PARALLEL -DNETCDF -DCRTM -DHDF5 -DUSE_ALLOCATABLES -DGRIB1 -DINTIO -DKEEP_INT_AROUND -DLIMIT_ARGS -DCONFIG_BUF_LEN=65536 -DMAX_DOMAINS_F=21 -DMAX_HISTORY=25 -DNMM_NEST=0 -DWRF_CHEM -DBUILD_CHEM=1 -I. -traditional-cpp  module_per_type.F90 > module_per_type.f
rm -f module_duplicate.f
rm -f module_sort.f
rm -f module_icao.f
/lib/cpp -P -nostdinc -DEM_CORE=1 -DNMM_CORE=0 -DNMM_MAX_DIM=2600 -DCOAMPS_CORE=0 -DDA_CORE=1 -DEXP_CORE=0 -DIWORDSIZE=4 -DDWORDSIZE=8 -DRWORDSIZE=8 -DLWORDSIZE=4 -DNONSTANDARD_SYSTEM_SUBR  -DWRF_USE_CLM -DBUFR   -DFFTPACK -DNORESHAPE -DDM_PARALLEL -DNETCDF -DCRTM -DHDF5 -DUSE_ALLOCATABLES -DGRIB1 -DINTIO -DKEEP_INT_AROUND -DLIMIT_ARGS -DCONFIG_BUF_LEN=65536 -DMAX_DOMAINS_F=21 -DMAX_HISTORY=25 -DNMM_NEST=0 -DWRF_CHEM -DBUILD_CHEM=1 -I. -traditional-cpp  module_duplicate.F90 > module_duplicate.f
rm -f module_stntbl.f
/lib/cpp -P -nostdinc -DEM_CORE=1 -DNMM_CORE=0 -DNMM_MAX_DIM=2600 -DCOAMPS_CORE=0 -DDA_CORE=1 -DEXP_CORE=0 -DIWORDSIZE=4 -DDWORDSIZE=8 -DRWORDSIZE=8 -DLWORDSIZE=4 -DNONSTANDARD_SYSTEM_SUBR  -DWRF_USE_CLM -DBUFR   -DFFTPACK -DNORESHAPE -DDM_PARALLEL -DNETCDF -DCRTM -DHDF5 -DUSE_ALLOCATABLES -DGRIB1 -DINTIO -DKEEP_INT_AROUND -DLIMIT_ARGS -DCONFIG_BUF_LEN=65536 -DMAX_DOMAINS_F=21 -DMAX_HISTORY=25 -DNMM_NEST=0 -DWRF_CHEM -DBUILD_CHEM=1 -I. -traditional-cpp  module_sort.F90 > module_sort.f
/lib/cpp -P -nostdinc -DEM_CORE=1 -DNMM_CORE=0 -DNMM_MAX_DIM=2600 -DCOAMPS_CORE=0 -DDA_CORE=1 -DEXP_CORE=0 -DIWORDSIZE=4 -DDWORDSIZE=8 -DRWORDSIZE=8 -DLWORDSIZE=4 -DNONSTANDARD_SYSTEM_SUBR  -DWRF_USE_CLM -DBUFR   -DFFTPACK -DNORESHAPE -DDM_PARALLEL -DNETCDF -DCRTM -DHDF5 -DUSE_ALLOCATABLES -DGRIB1 -DINTIO -DKEEP_INT_AROUND -DLIMIT_ARGS -DCONFIG_BUF_LEN=65536 -DMAX_DOMAINS_F=21 -DMAX_HISTORY=25 -DNMM_NEST=0 -DWRF_CHEM -DBUILD_CHEM=1 -I. -traditional-cpp  module_icao.F90 > module_icao.f
rm -f module_decoded.f
rm -f module_write.f
rm -f module_complete.f
rm -f module_recoverp.f
/lib/cpp -P -nostdinc -DEM_CORE=1 -DNMM_CORE=0 -DNMM_MAX_DIM=2600 -DCOAMPS_CORE=0 -DDA_CORE=1 -DEXP_CORE=0 -DIWORDSIZE=4 -DDWORDSIZE=8 -DRWORDSIZE=8 -DLWORDSIZE=4 -DNONSTANDARD_SYSTEM_SUBR  -DWRF_USE_CLM -DBUFR   -DFFTPACK -DNORESHAPE -DDM_PARALLEL -DNETCDF -DCRTM -DHDF5 -DUSE_ALLOCATABLES -DGRIB1 -DINTIO -DKEEP_INT_AROUND -DLIMIT_ARGS -DCONFIG_BUF_LEN=65536 -DMAX_DOMAINS_F=21 -DMAX_HISTORY=25 -DNMM_NEST=0 -DWRF_CHEM -DBUILD_CHEM=1 -I. -traditional-cpp  module_stntbl.F90 > module_stntbl.f
rm -f module_diagnostics.f
/lib/cpp -P -nostdinc -DEM_CORE=1 -DNMM_CORE=0 -DNMM_MAX_DIM=2600 -DCOAMPS_CORE=0 -DDA_CORE=1 -DEXP_CORE=0 -DIWORDSIZE=4 -DDWORDSIZE=8 -DRWORDSIZE=8 -DLWORDSIZE=4 -DNONSTANDARD_SYSTEM_SUBR  -DWRF_USE_CLM -DBUFR   -DFFTPACK -DNORESHAPE -DDM_PARALLEL -DNETCDF -DCRTM -DHDF5 -DUSE_ALLOCATABLES -DGRIB1 -DINTIO -DKEEP_INT_AROUND -DLIMIT_ARGS -DCONFIG_BUF_LEN=65536 -DMAX_DOMAINS_F=21 -DMAX_HISTORY=25 -DNMM_NEST=0 -DWRF_CHEM -DBUILD_CHEM=1 -I. -traditional-cpp  module_decoded.F90 > module_decoded.f
/lib/cpp -P -nostdinc -DEM_CORE=1 -DNMM_CORE=0 -DNMM_MAX_DIM=2600 -DCOAMPS_CORE=0 -DDA_CORE=1 -DEXP_CORE=0 -DIWORDSIZE=4 -DDWORDSIZE=8 -DRWORDSIZE=8 -DLWORDSIZE=4 -DNONSTANDARD_SYSTEM_SUBR  -DWRF_USE_CLM -DBUFR   -DFFTPACK -DNORESHAPE -DDM_PARALLEL -DNETCDF -DCRTM -DHDF5 -DUSE_ALLOCATABLES -DGRIB1 -DINTIO -DKEEP_INT_AROUND -DLIMIT_ARGS -DCONFIG_BUF_LEN=65536 -DMAX_DOMAINS_F=21 -DMAX_HISTORY=25 -DNMM_NEST=0 -DWRF_CHEM -DBUILD_CHEM=1 -I. -traditional-cpp  module_write.F90 > module_write.f
/lib/cpp -P -nostdinc -DEM_CORE=1 -DNMM_CORE=0 -DNMM_MAX_DIM=2600 -DCOAMPS_CORE=0 -DDA_CORE=1 -DEXP_CORE=0 -DIWORDSIZE=4 -DDWORDSIZE=8 -DRWORDSIZE=8 -DLWORDSIZE=4 -DNONSTANDARD_SYSTEM_SUBR  -DWRF_USE_CLM -DBUFR   -DFFTPACK -DNORESHAPE -DDM_PARALLEL -DNETCDF -DCRTM -DHDF5 -DUSE_ALLOCATABLES -DGRIB1 -DINTIO -DKEEP_INT_AROUND -DLIMIT_ARGS -DCONFIG_BUF_LEN=65536 -DMAX_DOMAINS_F=21 -DMAX_HISTORY=25 -DNMM_NEST=0 -DWRF_CHEM -DBUILD_CHEM=1 -I. -traditional-cpp  module_recoverp.F90 > module_recoverp.f
/lib/cpp -P -nostdinc -DEM_CORE=1 -DNMM_CORE=0 -DNMM_MAX_DIM=2600 -DCOAMPS_CORE=0 -DDA_CORE=1 -DEXP_CORE=0 -DIWORDSIZE=4 -DDWORDSIZE=8 -DRWORDSIZE=8 -DLWORDSIZE=4 -DNONSTANDARD_SYSTEM_SUBR  -DWRF_USE_CLM -DBUFR   -DFFTPACK -DNORESHAPE -DDM_PARALLEL -DNETCDF -DCRTM -DHDF5 -DUSE_ALLOCATABLES -DGRIB1 -DINTIO -DKEEP_INT_AROUND -DLIMIT_ARGS -DCONFIG_BUF_LEN=65536 -DMAX_DOMAINS_F=21 -DMAX_HISTORY=25 -DNMM_NEST=0 -DWRF_CHEM -DBUILD_CHEM=1 -I. -traditional-cpp  module_complete.F90 > module_complete.f
/lib/cpp -P -nostdinc -DEM_CORE=1 -DNMM_CORE=0 -DNMM_MAX_DIM=2600 -DCOAMPS_CORE=0 -DDA_CORE=1 -DEXP_CORE=0 -DIWORDSIZE=4 -DDWORDSIZE=8 -DRWORDSIZE=8 -DLWORDSIZE=4 -DNONSTANDARD_SYSTEM_SUBR  -DWRF_USE_CLM -DBUFR   -DFFTPACK -DNORESHAPE -DDM_PARALLEL -DNETCDF -DCRTM -DHDF5 -DUSE_ALLOCATABLES -DGRIB1 -DINTIO -DKEEP_INT_AROUND -DLIMIT_ARGS -DCONFIG_BUF_LEN=65536 -DMAX_DOMAINS_F=21 -DMAX_HISTORY=25 -DNMM_NEST=0 -DWRF_CHEM -DBUILD_CHEM=1 -I. -traditional-cpp  module_diagnostics.F90 > module_diagnostics.f
rm -f module_recoverh.f
rm -f module_qc.f
/lib/cpp -P -nostdinc -DEM_CORE=1 -DNMM_CORE=0 -DNMM_MAX_DIM=2600 -DCOAMPS_CORE=0 -DDA_CORE=1 -DEXP_CORE=0 -DIWORDSIZE=4 -DDWORDSIZE=8 -DRWORDSIZE=8 -DLWORDSIZE=4 -DNONSTANDARD_SYSTEM_SUBR  -DWRF_USE_CLM -DBUFR   -DFFTPACK -DNORESHAPE -DDM_PARALLEL -DNETCDF -DCRTM -DHDF5 -DUSE_ALLOCATABLES -DGRIB1 -DINTIO -DKEEP_INT_AROUND -DLIMIT_ARGS -DCONFIG_BUF_LEN=65536 -DMAX_DOMAINS_F=21 -DMAX_HISTORY=25 -DNMM_NEST=0 -DWRF_CHEM -DBUILD_CHEM=1 -I. -traditional-cpp  module_recoverh.F90 > module_recoverh.f
rm -f module_err_ncep.f
rm -f module_err_afwa.f
/lib/cpp -P -nostdinc -DEM_CORE=1 -DNMM_CORE=0 -DNMM_MAX_DIM=2600 -DCOAMPS_CORE=0 -DDA_CORE=1 -DEXP_CORE=0 -DIWORDSIZE=4 -DDWORDSIZE=8 -DRWORDSIZE=8 -DLWORDSIZE=4 -DNONSTANDARD_SYSTEM_SUBR  -DWRF_USE_CLM -DBUFR   -DFFTPACK -DNORESHAPE -DDM_PARALLEL -DNETCDF -DCRTM -DHDF5 -DUSE_ALLOCATABLES -DGRIB1 -DINTIO -DKEEP_INT_AROUND -DLIMIT_ARGS -DCONFIG_BUF_LEN=65536 -DMAX_DOMAINS_F=21 -DMAX_HISTORY=25 -DNMM_NEST=0 -DWRF_CHEM -DBUILD_CHEM=1 -I. -traditional-cpp  module_qc.F90 > module_qc.f
rm -f module_thin_ob.f
/lib/cpp -P -nostdinc -DEM_CORE=1 -DNMM_CORE=0 -DNMM_MAX_DIM=2600 -DCOAMPS_CORE=0 -DDA_CORE=1 -DEXP_CORE=0 -DIWORDSIZE=4 -DDWORDSIZE=8 -DRWORDSIZE=8 -DLWORDSIZE=4 -DNONSTANDARD_SYSTEM_SUBR  -DWRF_USE_CLM -DBUFR   -DFFTPACK -DNORESHAPE -DDM_PARALLEL -DNETCDF -DCRTM -DHDF5 -DUSE_ALLOCATABLES -DGRIB1 -DINTIO -DKEEP_INT_AROUND -DLIMIT_ARGS -DCONFIG_BUF_LEN=65536 -DMAX_DOMAINS_F=21 -DMAX_HISTORY=25 -DNMM_NEST=0 -DWRF_CHEM -DBUILD_CHEM=1 -I. -traditional-cpp  module_err_ncep.F90 > module_err_ncep.f
/lib/cpp -P -nostdinc -DEM_CORE=1 -DNMM_CORE=0 -DNMM_MAX_DIM=2600 -DCOAMPS_CORE=0 -DDA_CORE=1 -DEXP_CORE=0 -DIWORDSIZE=4 -DDWORDSIZE=8 -DRWORDSIZE=8 -DLWORDSIZE=4 -DNONSTANDARD_SYSTEM_SUBR  -DWRF_USE_CLM -DBUFR   -DFFTPACK -DNORESHAPE -DDM_PARALLEL -DNETCDF -DCRTM -DHDF5 -DUSE_ALLOCATABLES -DGRIB1 -DINTIO -DKEEP_INT_AROUND -DLIMIT_ARGS -DCONFIG_BUF_LEN=65536 -DMAX_DOMAINS_F=21 -DMAX_HISTORY=25 -DNMM_NEST=0 -DWRF_CHEM -DBUILD_CHEM=1 -I. -traditional-cpp  module_err_afwa.F90 > module_err_afwa.f
rm -f error_handler.f
rm -f fm_decoder.f
/lib/cpp -P -nostdinc -DEM_CORE=1 -DNMM_CORE=0 -DNMM_MAX_DIM=2600 -DCOAMPS_CORE=0 -DDA_CORE=1 -DEXP_CORE=0 -DIWORDSIZE=4 -DDWORDSIZE=8 -DRWORDSIZE=8 -DLWORDSIZE=4 -DNONSTANDARD_SYSTEM_SUBR  -DWRF_USE_CLM -DBUFR   -DFFTPACK -DNORESHAPE -DDM_PARALLEL -DNETCDF -DCRTM -DHDF5 -DUSE_ALLOCATABLES -DGRIB1 -DINTIO -DKEEP_INT_AROUND -DLIMIT_ARGS -DCONFIG_BUF_LEN=65536 -DMAX_DOMAINS_F=21 -DMAX_HISTORY=25 -DNMM_NEST=0 -DWRF_CHEM -DBUILD_CHEM=1 -I. -traditional-cpp  module_thin_ob.F90 > module_thin_ob.f
rm -f sort_platform.f
rm -f qc_reduction.f
rm -f check_obs.f
/lib/cpp -P -nostdinc -DEM_CORE=1 -DNMM_CORE=0 -DNMM_MAX_DIM=2600 -DCOAMPS_CORE=0 -DDA_CORE=1 -DEXP_CORE=0 -DIWORDSIZE=4 -DDWORDSIZE=8 -DRWORDSIZE=8 -DLWORDSIZE=4 -DNONSTANDARD_SYSTEM_SUBR  -DWRF_USE_CLM -DBUFR   -DFFTPACK -DNORESHAPE -DDM_PARALLEL -DNETCDF -DCRTM -DHDF5 -DUSE_ALLOCATABLES -DGRIB1 -DINTIO -DKEEP_INT_AROUND -DLIMIT_ARGS -DCONFIG_BUF_LEN=65536 -DMAX_DOMAINS_F=21 -DMAX_HISTORY=25 -DNMM_NEST=0 -DWRF_CHEM -DBUILD_CHEM=1 -I. -traditional-cpp  sort_platform.F90 > sort_platform.f
/lib/cpp -P -nostdinc -DEM_CORE=1 -DNMM_CORE=0 -DNMM_MAX_DIM=2600 -DCOAMPS_CORE=0 -DDA_CORE=1 -DEXP_CORE=0 -DIWORDSIZE=4 -DDWORDSIZE=8 -DRWORDSIZE=8 -DLWORDSIZE=4 -DNONSTANDARD_SYSTEM_SUBR  -DWRF_USE_CLM -DBUFR   -DFFTPACK -DNORESHAPE -DDM_PARALLEL -DNETCDF -DCRTM -DHDF5 -DUSE_ALLOCATABLES -DGRIB1 -DINTIO -DKEEP_INT_AROUND -DLIMIT_ARGS -DCONFIG_BUF_LEN=65536 -DMAX_DOMAINS_F=21 -DMAX_HISTORY=25 -DNMM_NEST=0 -DWRF_CHEM -DBUILD_CHEM=1 -I. -traditional-cpp  error_handler.F90 > error_handler.f
/lib/cpp -P -nostdinc -DEM_CORE=1 -DNMM_CORE=0 -DNMM_MAX_DIM=2600 -DCOAMPS_CORE=0 -DDA_CORE=1 -DEXP_CORE=0 -DIWORDSIZE=4 -DDWORDSIZE=8 -DRWORDSIZE=8 -DLWORDSIZE=4 -DNONSTANDARD_SYSTEM_SUBR  -DWRF_USE_CLM -DBUFR   -DFFTPACK -DNORESHAPE -DDM_PARALLEL -DNETCDF -DCRTM -DHDF5 -DUSE_ALLOCATABLES -DGRIB1 -DINTIO -DKEEP_INT_AROUND -DLIMIT_ARGS -DCONFIG_BUF_LEN=65536 -DMAX_DOMAINS_F=21 -DMAX_HISTORY=25 -DNMM_NEST=0 -DWRF_CHEM -DBUILD_CHEM=1 -I. -traditional-cpp  fm_decoder.F90 > fm_decoder.f
/lib/cpp -P -nostdinc -DEM_CORE=1 -DNMM_CORE=0 -DNMM_MAX_DIM=2600 -DCOAMPS_CORE=0 -DDA_CORE=1 -DEXP_CORE=0 -DIWORDSIZE=4 -DDWORDSIZE=8 -DRWORDSIZE=8 -DLWORDSIZE=4 -DNONSTANDARD_SYSTEM_SUBR  -DWRF_USE_CLM -DBUFR   -DFFTPACK -DNORESHAPE -DDM_PARALLEL -DNETCDF -DCRTM -DHDF5 -DUSE_ALLOCATABLES -DGRIB1 -DINTIO -DKEEP_INT_AROUND -DLIMIT_ARGS -DCONFIG_BUF_LEN=65536 -DMAX_DOMAINS_F=21 -DMAX_HISTORY=25 -DNMM_NEST=0 -DWRF_CHEM -DBUILD_CHEM=1 -I. -traditional-cpp  qc_reduction.F90 > qc_reduction.f
/lib/cpp -P -nostdinc -DEM_CORE=1 -DNMM_CORE=0 -DNMM_MAX_DIM=2600 -DCOAMPS_CORE=0 -DDA_CORE=1 -DEXP_CORE=0 -DIWORDSIZE=4 -DDWORDSIZE=8 -DRWORDSIZE=8 -DLWORDSIZE=4 -DNONSTANDARD_SYSTEM_SUBR  -DWRF_USE_CLM -DBUFR   -DFFTPACK -DNORESHAPE -DDM_PARALLEL -DNETCDF -DCRTM -DHDF5 -DUSE_ALLOCATABLES -DGRIB1 -DINTIO -DKEEP_INT_AROUND -DLIMIT_ARGS -DCONFIG_BUF_LEN=65536 -DMAX_DOMAINS_F=21 -DMAX_HISTORY=25 -DNMM_NEST=0 -DWRF_CHEM -DBUILD_CHEM=1 -I. -traditional-cpp  check_obs.F90 > check_obs.f
rm -f setup.f
/lib/cpp -P -nostdinc -DEM_CORE=1 -DNMM_CORE=0 -DNMM_MAX_DIM=2600 -DCOAMPS_CORE=0 -DDA_CORE=1 -DEXP_CORE=0 -DIWORDSIZE=4 -DDWORDSIZE=8 -DRWORDSIZE=8 -DLWORDSIZE=4 -DNONSTANDARD_SYSTEM_SUBR  -DWRF_USE_CLM -DBUFR   -DFFTPACK -DNORESHAPE -DDM_PARALLEL -DNETCDF -DCRTM -DHDF5 -DUSE_ALLOCATABLES -DGRIB1 -DINTIO -DKEEP_INT_AROUND -DLIMIT_ARGS -DCONFIG_BUF_LEN=65536 -DMAX_DOMAINS_F=21 -DMAX_HISTORY=25 -DNMM_NEST=0 -DWRF_CHEM -DBUILD_CHEM=1 -I. -traditional-cpp  setup.F90 > setup.f
rm -f obsproc.f
rm -f module_date.o
rm -f module_map_utils.o
rm -f module_mm5.o
/lib/cpp -P -nostdinc -DEM_CORE=1 -DNMM_CORE=0 -DNMM_MAX_DIM=2600 -DCOAMPS_CORE=0 -DDA_CORE=1 -DEXP_CORE=0 -DIWORDSIZE=4 -DDWORDSIZE=8 -DRWORDSIZE=8 -DLWORDSIZE=4 -DNONSTANDARD_SYSTEM_SUBR  -DWRF_USE_CLM -DBUFR   -DFFTPACK -DNORESHAPE -DDM_PARALLEL -DNETCDF -DCRTM -DHDF5 -DUSE_ALLOCATABLES -DGRIB1 -DINTIO -DKEEP_INT_AROUND -DLIMIT_ARGS -DCONFIG_BUF_LEN=65536 -DMAX_DOMAINS_F=21 -DMAX_HISTORY=25 -DNMM_NEST=0 -DWRF_CHEM -DBUILD_CHEM=1 -I. -traditional-cpp  obsproc.F90 > obsproc.f
gfortran -c -O2 -ftree-vectorize -funroll-loops -w -ffree-form -ffree-line-length-none -fconvert=big-endian -frecord-marker=4  -I../../build  module_date.f
rm -f module_intp.o
rm -f module_type.o
gfortran -c -O2 -ftree-vectorize -funroll-loops -w -ffree-form -ffree-line-length-none -fconvert=big-endian -frecord-marker=4  -I../../build  module_map_utils.f
gfortran -c -O2 -ftree-vectorize -funroll-loops -w -ffree-form -ffree-line-length-none -fconvert=big-endian -frecord-marker=4  -I../../build  module_mm5.f
gfortran -c -O2 -ftree-vectorize -funroll-loops -w -ffree-form -ffree-line-length-none -fconvert=big-endian -frecord-marker=4  -I../../build  module_intp.f
rm -f module_per_type.o
gfortran -c -O2 -ftree-vectorize -funroll-loops -w -ffree-form -ffree-line-length-none -fconvert=big-endian -frecord-marker=4  -I../../build  module_type.f
rm -f module_icao.o
gfortran -c -O2 -ftree-vectorize -funroll-loops -w -ffree-form -ffree-line-length-none -fconvert=big-endian -frecord-marker=4  -I../../build  module_per_type.f
gfortran -c -O2 -ftree-vectorize -funroll-loops -w -ffree-form -ffree-line-length-none -fconvert=big-endian -frecord-marker=4  -I../../build  module_icao.f
rm -f module_stntbl.o
gfortran -c -O2 -ftree-vectorize -funroll-loops -w -ffree-form -ffree-line-length-none -fconvert=big-endian -frecord-marker=4  -I../../build  module_stntbl.f
rm -f error_handler.o
gfortran -c -O2 -ftree-vectorize -funroll-loops -w -ffree-form -ffree-line-length-none -fconvert=big-endian -frecord-marker=4  -I../../build  error_handler.f
rm -f fm_decoder.o
gfortran -c -O2 -ftree-vectorize -funroll-loops -w -ffree-form -ffree-line-length-none -fconvert=big-endian -frecord-marker=4  -I../../build  fm_decoder.f
rm -f module_type.f
rm -f setup.o
gfortran -c -O2 -ftree-vectorize -funroll-loops -w -ffree-form -ffree-line-length-none -fconvert=big-endian -frecord-marker=4  -I../../build  setup.f
rm -f module_icao.f
rm -f sort_platform.o
gfortran -c -O2 -ftree-vectorize -funroll-loops -w -ffree-form -ffree-line-length-none -fconvert=big-endian -frecord-marker=4  -I../../build  sort_platform.f
rm -f module_mm5.f
rm -f module_map.o
rm -f error_handler.f
gfortran -c -O2 -ftree-vectorize -funroll-loops -w -ffree-form -ffree-line-length-none -fconvert=big-endian -frecord-marker=4  -I../../build  module_map.f
rm -f module_stntbl.f
rm -f module_intp.f
rm -f fm_decoder.f
rm -f module_map_utils.f
rm -f sort_platform.f
rm -f setup.f
rm -f module_map.f
rm -f module_per_type.f
rm -f module_date.f
rm -f module_namelist.o
rm -f module_func.o
gfortran -c -O2 -ftree-vectorize -funroll-loops -w -ffree-form -ffree-line-length-none -fconvert=big-endian -frecord-marker=4  -I../../build  module_namelist.f
gfortran -c -O2 -ftree-vectorize -funroll-loops -w -ffree-form -ffree-line-length-none -fconvert=big-endian -frecord-marker=4  -I../../build  module_func.f
rm -f module_func.f
rm -f module_obs_merge.o
rm -f module_sort.o
rm -f module_complete.o
rm -f module_recoverp.o
rm -f module_diagnostics.o
rm -f module_recoverh.o
rm -f module_qc.o
rm -f module_err_ncep.o
rm -f qc_reduction.o
gfortran -c -O2 -ftree-vectorize -funroll-loops -w -ffree-form -ffree-line-length-none -fconvert=big-endian -frecord-marker=4  -I../../build  module_sort.f
gfortran -c -O2 -ftree-vectorize -funroll-loops -w -ffree-form -ffree-line-length-none -fconvert=big-endian -frecord-marker=4  -I../../build  module_recoverp.f
gfortran -c -O2 -ftree-vectorize -funroll-loops -w -ffree-form -ffree-line-length-none -fconvert=big-endian -frecord-marker=4  -I../../build  module_complete.f
gfortran -c -O2 -ftree-vectorize -funroll-loops -w -ffree-form -ffree-line-length-none -fconvert=big-endian -frecord-marker=4  -I../../build  module_obs_merge.f
gfortran -c -O2 -ftree-vectorize -funroll-loops -w -ffree-form -ffree-line-length-none -fconvert=big-endian -frecord-marker=4  -I../../build  module_recoverh.f
gfortran -c -O2 -ftree-vectorize -funroll-loops -w -ffree-form -ffree-line-length-none -fconvert=big-endian -frecord-marker=4  -I../../build  module_qc.f
gfortran -c -O2 -ftree-vectorize -funroll-loops -w -ffree-form -ffree-line-length-none -fconvert=big-endian -frecord-marker=4  -I../../build  module_err_ncep.f
gfortran -c -O2 -ftree-vectorize -funroll-loops -w -ffree-form -ffree-line-length-none -fconvert=big-endian -frecord-marker=4  -I../../build  qc_reduction.f
gfortran -c -O2 -ftree-vectorize -funroll-loops -w -ffree-form -ffree-line-length-none -fconvert=big-endian -frecord-marker=4  -I../../build  module_diagnostics.f
rm -f qc_reduction.f
rm -f check_obs.o
gfortran -c -O2 -ftree-vectorize -funroll-loops -w -ffree-form -ffree-line-length-none -fconvert=big-endian -frecord-marker=4  -I../../build  check_obs.f
rm -f module_sort.f
rm -f module_obs_merge.f
rm -f module_diagnostics.f
rm -f module_namelist.f
rm -f module_duplicate.o
gfortran -c -O2 -ftree-vectorize -funroll-loops -w -ffree-form -ffree-line-length-none -fconvert=big-endian -frecord-marker=4  -I../../build  module_duplicate.f
rm -f module_inside.o
rm -f module_thin_ob.o
gfortran -c -O2 -ftree-vectorize -funroll-loops -w -ffree-form -ffree-line-length-none -fconvert=big-endian -frecord-marker=4  -I../../build  module_inside.f
gfortran -c -O2 -ftree-vectorize -funroll-loops -w -ffree-form -ffree-line-length-none -fconvert=big-endian -frecord-marker=4  -I../../build  module_thin_ob.f
rm -f module_err_ncep.f
rm -f module_err_afwa.o
rm -f module_complete.f
gfortran -c -O2 -ftree-vectorize -funroll-loops -w -ffree-form -ffree-line-length-none -fconvert=big-endian -frecord-marker=4  -I../../build  module_err_afwa.f
rm -f check_obs.f
rm -f module_inside.f
rm -f module_decoded.o
gfortran -c -O2 -ftree-vectorize -funroll-loops -w -ffree-form -ffree-line-length-none -fconvert=big-endian -frecord-marker=4  -I../../build  module_decoded.f
rm -f module_recoverp.f
rm -f module_recoverh.f
rm -f module_thin_ob.f
rm -f module_duplicate.f
rm -f module_qc.f
rm -f module_decoded.f
rm -f module_write.o
gfortran -c -O2 -ftree-vectorize -funroll-loops -w -ffree-form -ffree-line-length-none -fconvert=big-endian -frecord-marker=4  -I../../build  module_write.f
rm -f module_write.f
rm -f module_err_afwa.f
rm -f obsproc.o
gfortran -c -O2 -ftree-vectorize -funroll-loops -w -ffree-form -ffree-line-length-none -fconvert=big-endian -frecord-marker=4  -I../../build  obsproc.f
rm -f obsproc.f
if [ "-DBUFR" = "-DBUFR" ] ; then \
		gfortran -o obsproc.exe \
		module_date.o module_namelist.o module_mm5.o module_map.o module_map_utils.o module_intp.o module_type.o module_func.o module_inside.o module_obs_merge.o module_per_type.o module_duplicate.o module_sort.o module_write.o module_complete.o module_recoverp.o module_diagnostics.o module_recoverh.o module_icao.o module_qc.o module_err_afwa.o module_err_ncep.o module_thin_ob.o \
		module_decoded.o module_stntbl.o \
		error_handler.o fm_decoder.o sort_platform.o qc_reduction.o check_obs.o setup.o \
		obsproc.o  -O2 -ftree-vectorize -funroll-loops -w -ffree-form -ffree-line-length-none -fconvert=big-endian -frecord-marker=4     ../../external/bufr/libbufr.a; \
		else \
		gfortran -o obsproc.exe \
		module_date.o module_namelist.o module_mm5.o module_map.o module_map_utils.o module_intp.o module_type.o module_func.o module_inside.o module_obs_merge.o module_per_type.o module_duplicate.o module_sort.o module_write.o module_complete.o module_recoverp.o module_diagnostics.o module_recoverh.o module_icao.o module_qc.o module_err_afwa.o module_err_ncep.o module_thin_ob.o \
		module_decoded.o module_stntbl.o \
		error_handler.o fm_decoder.o sort_platform.o qc_reduction.o check_obs.o setup.o \
		obsproc.o  -O2 -ftree-vectorize -funroll-loops -w -ffree-form -ffree-line-length-none -fconvert=big-endian -frecord-marker=4     ; \
		fi
make[2]: Leaving directory '/gpfs/fs1/work/weisun/2019/github/WRFV4-myfork/var/obsproc/src'
( /bin/rm -f obsproc.exe ;   ln -s src/obsproc.exe . )
make[1]: Leaving directory '/gpfs/fs1/work/weisun/2019/github/WRFV4-myfork/var/obsproc'
build started:   Tue Jan 29 12:20:33 MST 2019
build completed: Tue Jan 29 12:23:46 MST 2019
